[2022-09-21T08:54:51.351+0000][7][gc,heap] Heap region size: 1M
[2022-09-21T08:54:51.353+0000][7][gc,heap,coops] Heap address: 0x00000000e0000000, size: 512 MB, Compressed Oops mode: 32-bit
[2022-09-21T08:54:51.737+0000][7][gc           ] Using G1
[2022-09-21T08:54:51.760+0000][7][gc           ] Periodic GC disabled
[2022-09-21T08:54:52.023+0000][7][safepoint    ] Safepoint "ICBufferFull", Time since last: 273168709 ns, Reaching safepoint: 116166 ns, At safepoint: 1834 ns, Total: 118000 ns
[2022-09-21T08:54:52.198+0000][7][gc,start     ] GC(0) Pause Young (Normal) (G1 Evacuation Pause)
[2022-09-21T08:54:52.206+0000][7][gc,task      ] GC(0) Using 4 workers of 4 for evacuation
[2022-09-21T08:54:52.207+0000][7][gc,age       ] GC(0) Desired survivor size 2097152 bytes, new threshold 15 (max threshold 15)
[2022-09-21T08:54:52.219+0000][7][gc,age       ] GC(0) Age table with threshold 15 (max threshold 15)
[2022-09-21T08:54:52.220+0000][7][gc,age       ] GC(0) - age   1:    3330264 bytes,    3330264 total
[2022-09-21T08:54:52.221+0000][7][gc,phases    ] GC(0)   Pre Evacuate Collection Set: 0.5ms
[2022-09-21T08:54:52.221+0000][7][gc,phases    ] GC(0)   Merge Heap Roots: 0.0ms
[2022-09-21T08:54:52.223+0000][7][gc,phases    ] GC(0)   Evacuate Collection Set: 9.9ms
[2022-09-21T08:54:52.224+0000][7][gc,phases    ] GC(0)   Post Evacuate Collection Set: 0.5ms
[2022-09-21T08:54:52.224+0000][7][gc,phases    ] GC(0)   Other: 11.1ms
[2022-09-21T08:54:52.225+0000][7][gc,heap      ] GC(0) Eden regions: 25->0(27)
[2022-09-21T08:54:52.226+0000][7][gc,heap      ] GC(0) Survivor regions: 0->4(4)
[2022-09-21T08:54:52.227+0000][7][gc,heap      ] GC(0) Old regions: 0->0
[2022-09-21T08:54:52.227+0000][7][gc,heap      ] GC(0) Archive regions: 0->0
[2022-09-21T08:54:52.228+0000][7][gc,heap      ] GC(0) Humongous regions: 1->1
[2022-09-21T08:54:52.230+0000][7][gc,metaspace ] GC(0) Metaspace: 14222K(14976K)->14222K(14976K) NonClass: 12812K(13312K)->12812K(13312K) Class: 1409K(1664K)->1409K(1664K)
[2022-09-21T08:54:52.230+0000][7][gc           ] GC(0) Pause Young (Normal) (G1 Evacuation Pause) 26M->4M(512M) 31.589ms
[2022-09-21T08:54:52.231+0000][7][gc,cpu       ] GC(0) User=0.01s Sys=0.00s Real=0.04s
[2022-09-21T08:54:52.233+0000][7][safepoint    ] Safepoint "G1CollectForAllocation", Time since last: 172992000 ns, Reaching safepoint: 2049416 ns, At safepoint: 34180209 ns, Total: 36229625 ns
[2022-09-21T08:54:52.519+0000][7][safepoint    ] Safepoint "ICBufferFull", Time since last: 284411250 ns, Reaching safepoint: 2396416 ns, At safepoint: 10792 ns, Total: 2407208 ns
[2022-09-21T08:54:52.954+0000][7][gc,start     ] GC(1) Pause Young (Normal) (G1 Evacuation Pause)
[2022-09-21T08:54:52.960+0000][7][gc,task      ] GC(1) Using 4 workers of 4 for evacuation
[2022-09-21T08:54:52.962+0000][7][gc,age       ] GC(1) Desired survivor size 2097152 bytes, new threshold 1 (max threshold 15)
[2022-09-21T08:54:52.970+0000][7][gc,age       ] GC(1) Age table with threshold 1 (max threshold 15)
[2022-09-21T08:54:52.971+0000][7][gc,age       ] GC(1) - age   1:    1533560 bytes,    1533560 total
[2022-09-21T08:54:52.972+0000][7][gc,phases    ] GC(1)   Pre Evacuate Collection Set: 0.1ms
[2022-09-21T08:54:52.973+0000][7][gc,phases    ] GC(1)   Merge Heap Roots: 0.0ms
[2022-09-21T08:54:52.973+0000][7][gc,phases    ] GC(1)   Evacuate Collection Set: 6.7ms
[2022-09-21T08:54:52.974+0000][7][gc,phases    ] GC(1)   Post Evacuate Collection Set: 0.4ms
[2022-09-21T08:54:52.975+0000][7][gc,phases    ] GC(1)   Other: 10.5ms
[2022-09-21T08:54:52.976+0000][7][gc,heap      ] GC(1) Eden regions: 27->0(42)
[2022-09-21T08:54:52.977+0000][7][gc,heap      ] GC(1) Survivor regions: 4->2(4)
[2022-09-21T08:54:52.977+0000][7][gc,heap      ] GC(1) Old regions: 0->4
[2022-09-21T08:54:52.979+0000][7][gc,heap      ] GC(1) Archive regions: 0->0
[2022-09-21T08:54:52.979+0000][7][gc,heap      ] GC(1) Humongous regions: 1->1
[2022-09-21T08:54:52.980+0000][7][gc,metaspace ] GC(1) Metaspace: 19919K(20480K)->19919K(20480K) NonClass: 17765K(18176K)->17765K(18176K) Class: 2153K(2304K)->2153K(2304K)
[2022-09-21T08:54:52.980+0000][7][gc           ] GC(1) Pause Young (Normal) (G1 Evacuation Pause) 31M->5M(512M) 26.039ms
[2022-09-21T08:54:52.982+0000][7][gc,cpu       ] GC(1) User=0.01s Sys=0.00s Real=0.03s
[2022-09-21T08:54:52.982+0000][7][safepoint    ] Safepoint "G1CollectForAllocation", Time since last: 434730292 ns, Reaching safepoint: 120875 ns, At safepoint: 28160833 ns, Total: 28281708 ns
[2022-09-21T08:54:53.073+0000][7][gc,start     ] GC(2) Pause Young (Concurrent Start) (Metadata GC Threshold)
[2022-09-21T08:54:53.075+0000][7][gc,task      ] GC(2) Using 4 workers of 4 for evacuation
[2022-09-21T08:54:53.075+0000][7][gc,age       ] GC(2) Desired survivor size 3145728 bytes, new threshold 15 (max threshold 15)
[2022-09-21T08:54:53.089+0000][7][gc,age       ] GC(2) Age table with threshold 15 (max threshold 15)
[2022-09-21T08:54:53.090+0000][7][gc,age       ] GC(2) - age   1:    1076720 bytes,    1076720 total
[2022-09-21T08:54:53.091+0000][7][gc,age       ] GC(2) - age   2:    1494912 bytes,    2571632 total
[2022-09-21T08:54:53.092+0000][7][gc,phases    ] GC(2)   Pre Evacuate Collection Set: 0.2ms
[2022-09-21T08:54:53.092+0000][7][gc,phases    ] GC(2)   Merge Heap Roots: 0.1ms
[2022-09-21T08:54:53.094+0000][7][gc,phases    ] GC(2)   Evacuate Collection Set: 9.9ms
[2022-09-21T08:54:53.094+0000][7][gc,phases    ] GC(2)   Post Evacuate Collection Set: 1.2ms
[2022-09-21T08:54:53.096+0000][7][gc,phases    ] GC(2)   Other: 7.0ms
[2022-09-21T08:54:53.096+0000][7][gc,heap      ] GC(2) Eden regions: 10->0(50)
[2022-09-21T08:54:53.097+0000][7][gc,heap      ] GC(2) Survivor regions: 2->3(6)
[2022-09-21T08:54:53.098+0000][7][gc,heap      ] GC(2) Old regions: 4->4
[2022-09-21T08:54:53.099+0000][7][gc,heap      ] GC(2) Archive regions: 0->0
[2022-09-21T08:54:53.100+0000][7][gc,heap      ] GC(2) Humongous regions: 1->1
[2022-09-21T08:54:53.100+0000][7][gc,metaspace ] GC(2) Metaspace: 20668K(21296K)->20668K(21296K) NonClass: 18443K(18864K)->18443K(18864K) Class: 2224K(2432K)->2224K(2432K)
[2022-09-21T08:54:53.101+0000][7][gc           ] GC(2) Pause Young (Concurrent Start) (Metadata GC Threshold) 15M->6M(512M) 27.898ms
[2022-09-21T08:54:53.102+0000][7][gc,cpu       ] GC(2) User=0.00s Sys=0.00s Real=0.03s
[2022-09-21T08:54:53.105+0000][7][safepoint    ] Safepoint "CollectForMetadataAllocation", Time since last: 90615334 ns, Reaching safepoint: 62958 ns, At safepoint: 31925292 ns, Total: 31988250 ns
[2022-09-21T08:54:53.105+0000][7][gc           ] GC(3) Concurrent Cycle
[2022-09-21T08:54:53.107+0000][7][gc,marking   ] GC(3) Concurrent Clear Claimed Marks
[2022-09-21T08:54:53.117+0000][7][gc,marking   ] GC(3) Concurrent Clear Claimed Marks 10.194ms
[2022-09-21T08:54:53.119+0000][7][gc,marking   ] GC(3) Concurrent Scan Root Regions
[2022-09-21T08:54:53.122+0000][7][gc,marking   ] GC(3) Concurrent Scan Root Regions 2.824ms
[2022-09-21T08:54:53.123+0000][7][gc,marking   ] GC(3) Concurrent Mark (1.796s)
[2022-09-21T08:54:53.124+0000][7][gc,marking   ] GC(3) Concurrent Mark From Roots
[2022-09-21T08:54:53.125+0000][7][gc,task      ] GC(3) Using 1 workers of 1 for marking
[2022-09-21T08:54:53.128+0000][7][gc,marking   ] GC(3) Concurrent Mark From Roots 4.212ms
[2022-09-21T08:54:53.133+0000][7][gc,marking   ] GC(3) Concurrent Preclean
[2022-09-21T08:54:53.134+0000][7][gc,marking   ] GC(3) Concurrent Preclean 1.088ms
[2022-09-21T08:54:53.135+0000][7][gc,marking   ] GC(3) Concurrent Mark (1.796s, 1.808s) 11.959ms
[2022-09-21T08:54:53.136+0000][7][gc,start     ] GC(3) Pause Remark
[2022-09-21T08:54:53.141+0000][7][gc           ] GC(3) Pause Remark 8M->8M(512M) 4.705ms
[2022-09-21T08:54:53.142+0000][7][gc,cpu       ] GC(3) User=0.00s Sys=0.00s Real=0.01s
[2022-09-21T08:54:53.143+0000][7][safepoint    ] Safepoint "G1Concurrent", Time since last: 31111083 ns, Reaching safepoint: 315667 ns, At safepoint: 6408333 ns, Total: 6724000 ns
[2022-09-21T08:54:53.144+0000][7][gc,marking   ] GC(3) Concurrent Rebuild Remembered Sets
[2022-09-21T08:54:53.146+0000][7][gc,marking   ] GC(3) Concurrent Rebuild Remembered Sets 2.233ms
[2022-09-21T08:54:53.148+0000][7][gc,start     ] GC(3) Pause Cleanup
[2022-09-21T08:54:53.150+0000][7][gc           ] GC(3) Pause Cleanup 8M->8M(512M) 1.604ms
[2022-09-21T08:54:53.150+0000][7][gc,cpu       ] GC(3) User=0.00s Sys=0.00s Real=0.01s
[2022-09-21T08:54:53.151+0000][7][safepoint    ] Safepoint "G1Concurrent", Time since last: 4119583 ns, Reaching safepoint: 1081625 ns, At safepoint: 3151209 ns, Total: 4232834 ns
[2022-09-21T08:54:53.152+0000][7][gc,marking   ] GC(3) Concurrent Cleanup for Next Mark
[2022-09-21T08:54:53.154+0000][7][gc,marking   ] GC(3) Concurrent Cleanup for Next Mark 1.401ms
[2022-09-21T08:54:53.155+0000][7][gc           ] GC(3) Concurrent Cycle 49.328ms
[2022-09-21T08:54:53.660+0000][7][safepoint    ] Safepoint "ICBufferFull", Time since last: 508137542 ns, Reaching safepoint: 133125 ns, At safepoint: 8875 ns, Total: 142000 ns
[2022-09-21T08:54:53.680+0000][7][gc,start     ] GC(4) Pause Young (Normal) (G1 Evacuation Pause)
[2022-09-21T08:54:53.682+0000][7][gc,task      ] GC(4) Using 4 workers of 4 for evacuation
[2022-09-21T08:54:53.683+0000][7][gc,age       ] GC(4) Desired survivor size 4194304 bytes, new threshold 15 (max threshold 15)
[2022-09-21T08:54:53.695+0000][7][gc,age       ] GC(4) Age table with threshold 15 (max threshold 15)
[2022-09-21T08:54:53.696+0000][7][gc,age       ] GC(4) - age   1:    2340976 bytes,    2340976 total
[2022-09-21T08:54:53.697+0000][7][gc,age       ] GC(4) - age   2:    1065336 bytes,    3406312 total
[2022-09-21T08:54:53.698+0000][7][gc,age       ] GC(4) - age   3:    1467000 bytes,    4873312 total
[2022-09-21T08:54:53.698+0000][7][gc,phases    ] GC(4)   Pre Evacuate Collection Set: 0.1ms
[2022-09-21T08:54:53.699+0000][7][gc,phases    ] GC(4)   Merge Heap Roots: 0.3ms
[2022-09-21T08:54:53.700+0000][7][gc,phases    ] GC(4)   Evacuate Collection Set: 8.8ms
[2022-09-21T08:54:53.702+0000][7][gc,phases    ] GC(4)   Post Evacuate Collection Set: 1.2ms
[2022-09-21T08:54:53.703+0000][7][gc,phases    ] GC(4)   Other: 7.6ms
[2022-09-21T08:54:53.704+0000][7][gc,heap      ] GC(4) Eden regions: 54->0(302)
[2022-09-21T08:54:53.705+0000][7][gc,heap      ] GC(4) Survivor regions: 3->5(8)
[2022-09-21T08:54:53.706+0000][7][gc,heap      ] GC(4) Old regions: 4->4
[2022-09-21T08:54:53.707+0000][7][gc,heap      ] GC(4) Archive regions: 0->0
[2022-09-21T08:54:53.708+0000][7][gc,heap      ] GC(4) Humongous regions: 2->1
[2022-09-21T08:54:53.709+0000][7][gc,metaspace ] GC(4) Metaspace: 23630K(24240K)->23630K(24240K) NonClass: 21036K(21424K)->21036K(21424K) Class: 2594K(2816K)->2594K(2816K)
[2022-09-21T08:54:53.710+0000][7][gc           ] GC(4) Pause Young (Normal) (G1 Evacuation Pause) 61M->8M(512M) 29.326ms
[2022-09-21T08:54:53.711+0000][7][gc,cpu       ] GC(4) User=0.01s Sys=0.00s Real=0.03s
[2022-09-21T08:54:53.712+0000][7][safepoint    ] Safepoint "G1CollectForAllocation", Time since last: 20813708 ns, Reaching safepoint: 109333 ns, At safepoint: 31091709 ns, Total: 31201042 ns
[2022-09-21T08:54:53.713+0000][7][safepoint    ] Safepoint "BulkRevokeBias", Time since last: 1170250 ns, Reaching safepoint: 211708 ns, At safepoint: 27583 ns, Total: 239291 ns
[2022-09-21T08:54:53.757+0000][7][safepoint    ] Safepoint "BulkRevokeBias", Time since last: 44251792 ns, Reaching safepoint: 60375 ns, At safepoint: 35917 ns, Total: 96292 ns
[2022-09-21T08:54:53.760+0000][7][safepoint    ] Safepoint "BulkRevokeBias", Time since last: 1594958 ns, Reaching safepoint: 952833 ns, At safepoint: 32792 ns, Total: 985625 ns
[2022-09-21T08:54:54.033+0000][7][safepoint    ] Safepoint "ICBufferFull", Time since last: 272509167 ns, Reaching safepoint: 169458 ns, At safepoint: 3917 ns, Total: 173375 ns
[2022-09-21T08:54:54.450+0000][7][gc,start     ] GC(5) Pause Young (Normal) (G1 Evacuation Pause)
[2022-09-21T08:54:54.452+0000][7][gc,task      ] GC(5) Using 4 workers of 4 for evacuation
[2022-09-21T08:54:54.453+0000][7][gc,age       ] GC(5) Desired survivor size 20447232 bytes, new threshold 15 (max threshold 15)
[2022-09-21T08:54:54.459+0000][7][gc,age       ] GC(5) Age table with threshold 15 (max threshold 15)
[2022-09-21T08:54:54.461+0000][7][gc,age       ] GC(5) - age   1:    3419880 bytes,    3419880 total
[2022-09-21T08:54:54.463+0000][7][gc,age       ] GC(5) - age   2:    2304960 bytes,    5724840 total
[2022-09-21T08:54:54.464+0000][7][gc,age       ] GC(5) - age   3:    1065160 bytes,    6790000 total
[2022-09-21T08:54:54.467+0000][7][gc,age       ] GC(5) - age   4:    1464232 bytes,    8254232 total
[2022-09-21T08:54:54.468+0000][7][gc,phases    ] GC(5)   Pre Evacuate Collection Set: 0.3ms
[2022-09-21T08:54:54.469+0000][7][gc,phases    ] GC(5)   Merge Heap Roots: 0.1ms
[2022-09-21T08:54:54.470+0000][7][gc,phases    ] GC(5)   Evacuate Collection Set: 4.3ms
[2022-09-21T08:54:54.470+0000][7][gc,phases    ] GC(5)   Post Evacuate Collection Set: 0.6ms
[2022-09-21T08:54:54.471+0000][7][gc,phases    ] GC(5)   Other: 12.5ms
[2022-09-21T08:54:54.472+0000][7][gc,heap      ] GC(5) Eden regions: 302->0(298)
[2022-09-21T08:54:54.472+0000][7][gc,heap      ] GC(5) Survivor regions: 5->9(39)
[2022-09-21T08:54:54.473+0000][7][gc,heap      ] GC(5) Old regions: 4->4
[2022-09-21T08:54:54.474+0000][7][gc,heap      ] GC(5) Archive regions: 0->0
[2022-09-21T08:54:54.475+0000][7][gc,heap      ] GC(5) Humongous regions: 1->1
[2022-09-21T08:54:54.477+0000][7][gc,metaspace ] GC(5) Metaspace: 26491K(27568K)->26491K(27568K) NonClass: 23539K(24240K)->23539K(24240K) Class: 2952K(3328K)->2952K(3328K)
[2022-09-21T08:54:54.478+0000][7][gc           ] GC(5) Pause Young (Normal) (G1 Evacuation Pause) 310M->12M(512M) 27.479ms
[2022-09-21T08:54:54.479+0000][7][gc,cpu       ] GC(5) User=0.01s Sys=0.00s Real=0.03s
[2022-09-21T08:54:54.479+0000][7][safepoint    ] Safepoint "G1CollectForAllocation", Time since last: 417359208 ns, Reaching safepoint: 152125 ns, At safepoint: 29398834 ns, Total: 29550959 ns
[2022-09-21T08:54:54.484+0000][7][safepoint    ] Safepoint "BulkRevokeBias", Time since last: 1782541 ns, Reaching safepoint: 2545250 ns, At safepoint: 39084 ns, Total: 2584334 ns
[2022-09-21T08:54:54.486+0000][7][safepoint    ] Safepoint "BulkRevokeBias", Time since last: 1817625 ns, Reaching safepoint: 119291 ns, At safepoint: 21417 ns, Total: 140708 ns
[2022-09-21T08:54:54.488+0000][7][safepoint    ] Safepoint "BulkRevokeBias", Time since last: 2043250 ns, Reaching safepoint: 253208 ns, At safepoint: 76042 ns, Total: 329250 ns
[2022-09-21T08:54:54.866+0000][7][safepoint    ] Safepoint "ICBufferFull", Time since last: 377734834 ns, Reaching safepoint: 293875 ns, At safepoint: 9666 ns, Total: 303541 ns
[2022-09-21T08:54:54.874+0000][7][gc,start     ] GC(6) Pause Young (Normal) (G1 Evacuation Pause)
[2022-09-21T08:54:54.876+0000][7][gc,task      ] GC(6) Using 4 workers of 4 for evacuation
[2022-09-21T08:54:54.877+0000][7][gc,age       ] GC(6) Desired survivor size 20447232 bytes, new threshold 15 (max threshold 15)
[2022-09-21T08:54:54.900+0000][7][gc,age       ] GC(6) Age table with threshold 15 (max threshold 15)
[2022-09-21T08:54:54.903+0000][7][gc,age       ] GC(6) - age   1:    4926992 bytes,    4926992 total
[2022-09-21T08:54:54.904+0000][7][gc,age       ] GC(6) - age   2:    3336520 bytes,    8263512 total
[2022-09-21T08:54:54.905+0000][7][gc,age       ] GC(6) - age   3:    2304648 bytes,   10568160 total
[2022-09-21T08:54:54.906+0000][7][gc,age       ] GC(6) - age   4:    1065160 bytes,   11633320 total
[2022-09-21T08:54:54.907+0000][7][gc,age       ] GC(6) - age   5:    1464232 bytes,   13097552 total
[2022-09-21T08:54:54.908+0000][7][gc,phases    ] GC(6)   Pre Evacuate Collection Set: 0.1ms
[2022-09-21T08:54:54.910+0000][7][gc,phases    ] GC(6)   Merge Heap Roots: 0.1ms
[2022-09-21T08:54:54.912+0000][7][gc,phases    ] GC(6)   Evacuate Collection Set: 13.7ms
[2022-09-21T08:54:54.912+0000][7][gc,phases    ] GC(6)   Post Evacuate Collection Set: 7.2ms
[2022-09-21T08:54:54.918+0000][7][gc,phases    ] GC(6)   Other: 12.2ms
[2022-09-21T08:54:54.920+0000][7][gc,heap      ] GC(6) Eden regions: 298->0(294)
[2022-09-21T08:54:54.921+0000][7][gc,heap      ] GC(6) Survivor regions: 9->13(39)
[2022-09-21T08:54:54.923+0000][7][gc,heap      ] GC(6) Old regions: 4->4
[2022-09-21T08:54:54.924+0000][7][gc,heap      ] GC(6) Archive regions: 0->0
[2022-09-21T08:54:54.928+0000][7][gc,heap      ] GC(6) Humongous regions: 1->1
[2022-09-21T08:54:54.930+0000][7][gc,metaspace ] GC(6) Metaspace: 27280K(28720K)->27280K(28720K) NonClass: 24200K(25264K)->24200K(25264K) Class: 3080K(3456K)->3080K(3456K)
[2022-09-21T08:54:54.931+0000][7][gc           ] GC(6) Pause Young (Normal) (G1 Evacuation Pause) 310M->17M(512M) 56.550ms
[2022-09-21T08:54:54.932+0000][7][gc,cpu       ] GC(6) User=0.02s Sys=0.00s Real=0.06s
[2022-09-21T08:54:54.933+0000][7][safepoint    ] Safepoint "G1CollectForAllocation", Time since last: 5817584 ns, Reaching safepoint: 2353875 ns, At safepoint: 58481125 ns, Total: 60835000 ns
[2022-09-21T08:54:55.339+0000][7][gc,start     ] GC(7) Pause Young (Normal) (G1 Evacuation Pause)
[2022-09-21T08:54:55.344+0000][7][gc,task      ] GC(7) Using 4 workers of 4 for evacuation
[2022-09-21T08:54:55.347+0000][7][gc,age       ] GC(7) Desired survivor size 20447232 bytes, new threshold 15 (max threshold 15)
[2022-09-21T08:54:55.376+0000][7][gc,age       ] GC(7) Age table with threshold 15 (max threshold 15)
[2022-09-21T08:54:55.379+0000][7][gc,age       ] GC(7) - age   1:    2973320 bytes,    2973320 total
[2022-09-21T08:54:55.381+0000][7][gc,age       ] GC(7) - age   2:    3105776 bytes,    6079096 total
[2022-09-21T08:54:55.382+0000][7][gc,age       ] GC(7) - age   3:    3335480 bytes,    9414576 total
[2022-09-21T08:54:55.383+0000][7][gc,age       ] GC(7) - age   4:    2303544 bytes,   11718120 total
[2022-09-21T08:54:55.387+0000][7][gc,age       ] GC(7) - age   5:    1065160 bytes,   12783280 total
[2022-09-21T08:54:55.390+0000][7][gc,age       ] GC(7) - age   6:    1463976 bytes,   14247256 total
[2022-09-21T08:54:55.394+0000][7][gc,phases    ] GC(7)   Pre Evacuate Collection Set: 0.1ms
[2022-09-21T08:54:55.396+0000][7][gc,phases    ] GC(7)   Merge Heap Roots: 0.0ms
[2022-09-21T08:54:55.399+0000][7][gc,phases    ] GC(7)   Evacuate Collection Set: 19.6ms
[2022-09-21T08:54:55.401+0000][7][gc,phases    ] GC(7)   Post Evacuate Collection Set: 0.5ms
[2022-09-21T08:54:55.402+0000][7][gc,phases    ] GC(7)   Other: 34.0ms
[2022-09-21T08:54:55.403+0000][7][gc,heap      ] GC(7) Eden regions: 294->0(292)
[2022-09-21T08:54:55.404+0000][7][gc,heap      ] GC(7) Survivor regions: 13->15(39)
[2022-09-21T08:54:55.405+0000][7][gc,heap      ] GC(7) Old regions: 4->4
[2022-09-21T08:54:55.407+0000][7][gc,heap      ] GC(7) Archive regions: 0->0
[2022-09-21T08:54:55.410+0000][7][gc,heap      ] GC(7) Humongous regions: 1->1
[2022-09-21T08:54:55.416+0000][7][gc,metaspace ] GC(7) Metaspace: 28444K(29872K)->28444K(29872K) NonClass: 25246K(26288K)->25246K(26288K) Class: 3197K(3584K)->3197K(3584K)
[2022-09-21T08:54:55.419+0000][7][gc           ] GC(7) Pause Young (Normal) (G1 Evacuation Pause) 311M->19M(512M) 79.609ms
[2022-09-21T08:54:55.427+0000][7][gc,cpu       ] GC(7) User=0.08s Sys=0.00s Real=0.09s
[2022-09-21T08:54:55.433+0000][7][safepoint    ] Safepoint "G1CollectForAllocation", Time since last: 401623208 ns, Reaching safepoint: 4962500 ns, At safepoint: 93063667 ns, Total: 98026167 ns
[2022-09-21T08:54:55.807+0000][7][gc,start     ] GC(8) Pause Young (Normal) (G1 Evacuation Pause)
[2022-09-21T08:54:55.809+0000][7][gc,task      ] GC(8) Using 4 workers of 4 for evacuation
[2022-09-21T08:54:55.810+0000][7][gc,age       ] GC(8) Desired survivor size 20447232 bytes, new threshold 15 (max threshold 15)
[2022-09-21T08:54:55.829+0000][7][gc,age       ] GC(8) Age table with threshold 15 (max threshold 15)
[2022-09-21T08:54:55.830+0000][7][gc,age       ] GC(8) - age   1:    2233704 bytes,    2233704 total
[2022-09-21T08:54:55.831+0000][7][gc,age       ] GC(8) - age   2:    2305128 bytes,    4538832 total
[2022-09-21T08:54:55.834+0000][7][gc,age       ] GC(8) - age   3:    3105560 bytes,    7644392 total
[2022-09-21T08:54:55.836+0000][7][gc,age       ] GC(8) - age   4:    3334456 bytes,   10978848 total
[2022-09-21T08:54:55.838+0000][7][gc,age       ] GC(8) - age   5:    2303368 bytes,   13282216 total
[2022-09-21T08:54:55.839+0000][7][gc,age       ] GC(8) - age   6:    1065160 bytes,   14347376 total
[2022-09-21T08:54:55.840+0000][7][gc,age       ] GC(8) - age   7:    1463976 bytes,   15811352 total
[2022-09-21T08:54:55.840+0000][7][gc,phases    ] GC(8)   Pre Evacuate Collection Set: 0.3ms
[2022-09-21T08:54:55.842+0000][7][gc,phases    ] GC(8)   Merge Heap Roots: 0.1ms
[2022-09-21T08:54:55.844+0000][7][gc,phases    ] GC(8)   Evacuate Collection Set: 17.3ms
[2022-09-21T08:54:55.845+0000][7][gc,phases    ] GC(8)   Post Evacuate Collection Set: 1.0ms
[2022-09-21T08:54:55.846+0000][7][gc,phases    ] GC(8)   Other: 14.4ms
[2022-09-21T08:54:55.847+0000][7][gc,heap      ] GC(8) Eden regions: 292->0(290)
[2022-09-21T08:54:55.849+0000][7][gc,heap      ] GC(8) Survivor regions: 15->17(39)
[2022-09-21T08:54:55.852+0000][7][gc,heap      ] GC(8) Old regions: 4->4
[2022-09-21T08:54:55.853+0000][7][gc,heap      ] GC(8) Archive regions: 0->0
[2022-09-21T08:54:55.854+0000][7][gc,heap      ] GC(8) Humongous regions: 1->1
[2022-09-21T08:54:55.856+0000][7][gc,metaspace ] GC(8) Metaspace: 28855K(30512K)->28855K(30512K) NonClass: 25579K(26800K)->25579K(26800K) Class: 3276K(3712K)->3276K(3712K)
[2022-09-21T08:54:55.857+0000][7][gc           ] GC(8) Pause Young (Normal) (G1 Evacuation Pause) 311M->20M(512M) 49.451ms
[2022-09-21T08:54:55.861+0000][7][gc,cpu       ] GC(8) User=0.02s Sys=0.00s Real=0.06s
[2022-09-21T08:54:55.865+0000][7][safepoint    ] Safepoint "G1CollectForAllocation", Time since last: 371988542 ns, Reaching safepoint: 2839291 ns, At safepoint: 57650750 ns, Total: 60490041 ns
[2022-09-21T08:54:56.528+0000][7][safepoint    ] Safepoint "ICBufferFull", Time since last: 661709876 ns, Reaching safepoint: 1454291 ns, At safepoint: 8250 ns, Total: 1462541 ns
[2022-09-21T08:54:56.664+0000][7][gc,start     ] GC(9) Pause Young (Concurrent Start) (Metadata GC Threshold)
[2022-09-21T08:54:56.666+0000][7][gc,task      ] GC(9) Using 4 workers of 4 for evacuation
[2022-09-21T08:54:56.673+0000][7][gc,age       ] GC(9) Desired survivor size 20447232 bytes, new threshold 15 (max threshold 15)
[2022-09-21T08:54:56.704+0000][7][gc,age       ] GC(9) Age table with threshold 15 (max threshold 15)
[2022-09-21T08:54:56.706+0000][7][gc,age       ] GC(9) - age   1:    1506320 bytes,    1506320 total
[2022-09-21T08:54:56.707+0000][7][gc,age       ] GC(9) - age   2:     718976 bytes,    2225296 total
[2022-09-21T08:54:56.708+0000][7][gc,age       ] GC(9) - age   3:    2294360 bytes,    4519656 total
[2022-09-21T08:54:56.709+0000][7][gc,age       ] GC(9) - age   4:    3093272 bytes,    7612928 total
[2022-09-21T08:54:56.710+0000][7][gc,age       ] GC(9) - age   5:    3320296 bytes,   10933224 total
[2022-09-21T08:54:56.710+0000][7][gc,age       ] GC(9) - age   6:    2263856 bytes,   13197080 total
[2022-09-21T08:54:56.711+0000][7][gc,age       ] GC(9) - age   7:    1064968 bytes,   14262048 total
[2022-09-21T08:54:56.712+0000][7][gc,age       ] GC(9) - age   8:    1459264 bytes,   15721312 total
[2022-09-21T08:54:56.713+0000][7][gc,phases    ] GC(9)   Pre Evacuate Collection Set: 0.4ms
[2022-09-21T08:54:56.714+0000][7][gc,phases    ] GC(9)   Merge Heap Roots: 0.1ms
[2022-09-21T08:54:56.715+0000][7][gc,phases    ] GC(9)   Evacuate Collection Set: 19.2ms
[2022-09-21T08:54:56.716+0000][7][gc,phases    ] GC(9)   Post Evacuate Collection Set: 10.0ms
[2022-09-21T08:54:56.716+0000][7][gc,phases    ] GC(9)   Other: 19.4ms
[2022-09-21T08:54:56.717+0000][7][gc,heap      ] GC(9) Eden regions: 82->0(290)
[2022-09-21T08:54:56.718+0000][7][gc,heap      ] GC(9) Survivor regions: 17->17(39)
[2022-09-21T08:54:56.719+0000][7][gc,heap      ] GC(9) Old regions: 4->4
[2022-09-21T08:54:56.720+0000][7][gc,heap      ] GC(9) Archive regions: 0->0
[2022-09-21T08:54:56.721+0000][7][gc,heap      ] GC(9) Humongous regions: 1->1
[2022-09-21T08:54:56.721+0000][7][gc,metaspace ] GC(9) Metaspace: 33740K(35888K)->33740K(35888K) NonClass: 29873K(31408K)->29873K(31408K) Class: 3866K(4480K)->3866K(4480K)
[2022-09-21T08:54:56.722+0000][7][gc           ] GC(9) Pause Young (Concurrent Start) (Metadata GC Threshold) 102M->20M(512M) 57.811ms
[2022-09-21T08:54:56.724+0000][7][gc,cpu       ] GC(9) User=0.02s Sys=0.00s Real=0.06s
[2022-09-21T08:54:56.725+0000][7][safepoint    ] Safepoint "CollectForMetadataAllocation", Time since last: 135802834 ns, Reaching safepoint: 301375 ns, At safepoint: 60411666 ns, Total: 60713041 ns
[2022-09-21T08:54:56.725+0000][7][gc           ] GC(10) Concurrent Cycle
[2022-09-21T08:54:56.726+0000][7][gc,marking   ] GC(10) Concurrent Clear Claimed Marks
[2022-09-21T08:54:56.728+0000][7][gc,marking   ] GC(10) Concurrent Clear Claimed Marks 1.466ms
[2022-09-21T08:54:56.729+0000][7][gc,marking   ] GC(10) Concurrent Scan Root Regions
[2022-09-21T08:54:56.733+0000][7][gc,marking   ] GC(10) Concurrent Scan Root Regions 4.521ms
[2022-09-21T08:54:56.734+0000][7][gc,marking   ] GC(10) Concurrent Mark (5.407s)
[2022-09-21T08:54:56.735+0000][7][gc,marking   ] GC(10) Concurrent Mark From Roots
[2022-09-21T08:54:56.737+0000][7][gc,task      ] GC(10) Using 1 workers of 1 for marking
[2022-09-21T08:54:56.740+0000][7][gc,marking   ] GC(10) Concurrent Mark From Roots 4.994ms
[2022-09-21T08:54:56.741+0000][7][gc,marking   ] GC(10) Concurrent Preclean
[2022-09-21T08:54:56.746+0000][7][gc,marking   ] GC(10) Concurrent Preclean 4.711ms
[2022-09-21T08:54:56.747+0000][7][gc,marking   ] GC(10) Concurrent Mark (5.407s, 5.421s) 13.349ms
[2022-09-21T08:54:56.751+0000][7][gc,start     ] GC(10) Pause Remark
[2022-09-21T08:54:56.760+0000][7][gc           ] GC(10) Pause Remark 23M->23M(512M) 9.856ms
[2022-09-21T08:54:56.762+0000][7][gc,cpu       ] GC(10) User=0.01s Sys=0.00s Real=0.01s
[2022-09-21T08:54:56.763+0000][7][safepoint    ] Safepoint "G1Concurrent", Time since last: 23724459 ns, Reaching safepoint: 2203208 ns, At safepoint: 12015625 ns, Total: 14218833 ns
[2022-09-21T08:54:56.764+0000][7][gc,marking   ] GC(10) Concurrent Rebuild Remembered Sets
[2022-09-21T08:54:56.766+0000][7][gc,marking   ] GC(10) Concurrent Rebuild Remembered Sets 2.355ms
[2022-09-21T08:54:56.771+0000][7][gc,start     ] GC(10) Pause Cleanup
[2022-09-21T08:54:56.772+0000][7][gc           ] GC(10) Pause Cleanup 23M->23M(512M) 1.110ms
[2022-09-21T08:54:56.773+0000][7][gc,cpu       ] GC(10) User=0.00s Sys=0.00s Real=0.00s
[2022-09-21T08:54:56.773+0000][7][safepoint    ] Safepoint "G1Concurrent", Time since last: 4397208 ns, Reaching safepoint: 3551834 ns, At safepoint: 2824125 ns, Total: 6375959 ns
[2022-09-21T08:54:56.775+0000][7][gc,marking   ] GC(10) Concurrent Cleanup for Next Mark
[2022-09-21T08:54:56.776+0000][7][gc,marking   ] GC(10) Concurrent Cleanup for Next Mark 1.273ms
[2022-09-21T08:54:56.780+0000][7][gc           ] GC(10) Concurrent Cycle 55.617ms
[2022-09-21T08:54:57.433+0000][7][safepoint    ] Safepoint "ICBufferFull", Time since last: 659028958 ns, Reaching safepoint: 307250 ns, At safepoint: 9417 ns, Total: 316667 ns
[2022-09-21T08:54:58.082+0000][7][safepoint    ] Safepoint "ICBufferFull", Time since last: 644638750 ns, Reaching safepoint: 4453209 ns, At safepoint: 9208 ns, Total: 4462417 ns
[2022-09-21T08:54:58.296+0000][7][safepoint    ] Safepoint "ICBufferFull", Time since last: 214043417 ns, Reaching safepoint: 279833 ns, At safepoint: 4667 ns, Total: 284500 ns
[2022-09-21T08:54:58.433+0000][7][safepoint    ] Safepoint "ICBufferFull", Time since last: 136078667 ns, Reaching safepoint: 236833 ns, At safepoint: 11167 ns, Total: 248000 ns
[2022-09-21T08:54:58.481+0000][7][gc,start     ] GC(11) Pause Young (Normal) (G1 Evacuation Pause)
[2022-09-21T08:54:58.486+0000][7][gc,task      ] GC(11) Using 4 workers of 4 for evacuation
[2022-09-21T08:54:58.490+0000][7][gc,age       ] GC(11) Desired survivor size 20447232 bytes, new threshold 15 (max threshold 15)
[2022-09-21T08:54:58.569+0000][7][gc,age       ] GC(11) Age table with threshold 15 (max threshold 15)
[2022-09-21T08:54:58.570+0000][7][gc,age       ] GC(11) - age   1:   24949632 bytes,   24949632 total
[2022-09-21T08:54:58.572+0000][7][gc,age       ] GC(11) - age   2:    1435080 bytes,   26384712 total
[2022-09-21T08:54:58.572+0000][7][gc,age       ] GC(11) - age   3:     715712 bytes,   27100424 total
[2022-09-21T08:54:58.573+0000][7][gc,age       ] GC(11) - age   4:    2287488 bytes,   29387912 total
[2022-09-21T08:54:58.574+0000][7][gc,age       ] GC(11) - age   5:    3078560 bytes,   32466472 total
[2022-09-21T08:54:58.576+0000][7][gc,age       ] GC(11) - age   6:    3313632 bytes,   35780104 total
[2022-09-21T08:54:58.576+0000][7][gc,age       ] GC(11) - age   7:    2229592 bytes,   38009696 total
[2022-09-21T08:54:58.577+0000][7][gc,age       ] GC(11) - age   8:    1063976 bytes,   39073672 total
[2022-09-21T08:54:58.578+0000][7][gc,age       ] GC(11) - age   9:    1450176 bytes,   40523848 total
[2022-09-21T08:54:58.578+0000][7][gc,phases    ] GC(11)   Pre Evacuate Collection Set: 0.2ms
[2022-09-21T08:54:58.579+0000][7][gc,phases    ] GC(11)   Merge Heap Roots: 0.2ms
[2022-09-21T08:54:58.580+0000][7][gc,phases    ] GC(11)   Evacuate Collection Set: 68.9ms
[2022-09-21T08:54:58.580+0000][7][gc,phases    ] GC(11)   Post Evacuate Collection Set: 2.8ms
[2022-09-21T08:54:58.581+0000][7][gc,phases    ] GC(11)   Other: 25.5ms
[2022-09-21T08:54:58.581+0000][7][gc,heap      ] GC(11) Eden regions: 290->0(268)
[2022-09-21T08:54:58.582+0000][7][gc,heap      ] GC(11) Survivor regions: 17->39(39)
[2022-09-21T08:54:58.582+0000][7][gc,heap      ] GC(11) Old regions: 4->7
[2022-09-21T08:54:58.583+0000][7][gc,heap      ] GC(11) Archive regions: 0->0
[2022-09-21T08:54:58.584+0000][7][gc,heap      ] GC(11) Humongous regions: 1->1
[2022-09-21T08:54:58.585+0000][7][gc,metaspace ] GC(11) Metaspace: 43407K(46620K)->43407K(46620K) NonClass: 38138K(40368K)->38138K(40368K) Class: 5269K(6252K)->5269K(6252K)
[2022-09-21T08:54:58.585+0000][7][gc           ] GC(11) Pause Young (Normal) (G1 Evacuation Pause) 310M->46M(512M) 104.245ms
[2022-09-21T08:54:58.586+0000][7][gc,cpu       ] GC(11) User=0.12s Sys=0.00s Real=0.10s
[2022-09-21T08:54:58.586+0000][7][safepoint    ] Safepoint "G1CollectForAllocation", Time since last: 48077250 ns, Reaching safepoint: 301083 ns, At safepoint: 105526583 ns, Total: 105827666 ns
[2022-09-21T08:54:59.032+0000][7][safepoint    ] Safepoint "ICBufferFull", Time since last: 445734459 ns, Reaching safepoint: 331417 ns, At safepoint: 6041 ns, Total: 337458 ns
[2022-09-21T08:55:00.693+0000][7][safepoint    ] Safepoint "Cleanup", Time since last: 1659970209 ns, Reaching safepoint: 686417 ns, At safepoint: 19917 ns, Total: 706334 ns
[2022-09-21T08:55:01.437+0000][7][gc,start     ] GC(12) Pause Young (Concurrent Start) (Metadata GC Threshold)
[2022-09-21T08:55:01.450+0000][7][gc,task      ] GC(12) Using 4 workers of 4 for evacuation
[2022-09-21T08:55:01.455+0000][7][gc,age       ] GC(12) Desired survivor size 20447232 bytes, new threshold 1 (max threshold 15)
[2022-09-21T08:55:01.731+0000][7][gc,age       ] GC(12) Age table with threshold 1 (max threshold 15)
[2022-09-21T08:55:01.735+0000][7][gc,age       ] GC(12) - age   1:    4406776 bytes,    4406776 total
[2022-09-21T08:55:01.738+0000][7][gc,mmu       ] GC(12) MMU target violated: 201.0ms (200.0ms/201.0ms)
[2022-09-21T08:55:01.740+0000][7][gc,phases    ] GC(12)   Pre Evacuate Collection Set: 1.9ms
[2022-09-21T08:55:01.743+0000][7][gc,phases    ] GC(12)   Merge Heap Roots: 0.7ms
[2022-09-21T08:55:01.746+0000][7][gc,phases    ] GC(12)   Evacuate Collection Set: 254.5ms
[2022-09-21T08:55:01.748+0000][7][gc,phases    ] GC(12)   Post Evacuate Collection Set: 9.9ms
[2022-09-21T08:55:01.750+0000][7][gc,phases    ] GC(12)   Other: 36.0ms
[2022-09-21T08:55:01.751+0000][7][gc,heap      ] GC(12) Eden regions: 132->0(297)
[2022-09-21T08:55:01.752+0000][7][gc,heap      ] GC(12) Survivor regions: 39->6(39)
[2022-09-21T08:55:01.755+0000][7][gc,heap      ] GC(12) Old regions: 7->46
[2022-09-21T08:55:01.756+0000][7][gc,heap      ] GC(12) Archive regions: 0->0
[2022-09-21T08:55:01.758+0000][7][gc,heap      ] GC(12) Humongous regions: 1->1
[2022-09-21T08:55:01.761+0000][7][gc,metaspace ] GC(12) Metaspace: 55760K(60420K)->55760K(60420K) NonClass: 48555K(51480K)->48555K(51480K) Class: 7205K(8940K)->7205K(8940K)
[2022-09-21T08:55:01.765+0000][7][gc           ] GC(12) Pause Young (Concurrent Start) (Metadata GC Threshold) 178M->51M(512M) 327.504ms
[2022-09-21T08:55:01.771+0000][7][gc,cpu       ] GC(12) User=0.37s Sys=0.01s Real=0.34s
[2022-09-21T08:55:01.773+0000][7][safepoint    ] Safepoint "CollectForMetadataAllocation", Time since last: 743079375 ns, Reaching safepoint: 602000 ns, At safepoint: 336249250 ns, Total: 336851250 ns
[2022-09-21T08:55:01.773+0000][7][gc           ] GC(13) Concurrent Cycle
[2022-09-21T08:55:01.785+0000][7][gc,marking   ] GC(13) Concurrent Clear Claimed Marks
[2022-09-21T08:55:01.788+0000][7][gc,marking   ] GC(13) Concurrent Clear Claimed Marks 2.484ms
[2022-09-21T08:55:01.793+0000][7][gc,marking   ] GC(13) Concurrent Scan Root Regions
[2022-09-21T08:55:01.911+0000][7][gc,marking   ] GC(13) Concurrent Scan Root Regions 117.771ms
[2022-09-21T08:55:01.916+0000][7][gc,marking   ] GC(13) Concurrent Mark (10.589s)
[2022-09-21T08:55:01.919+0000][7][gc,marking   ] GC(13) Concurrent Mark From Roots
[2022-09-21T08:55:01.923+0000][7][gc,task      ] GC(13) Using 1 workers of 1 for marking
[2022-09-21T08:55:01.960+0000][7][gc,marking   ] GC(13) Concurrent Mark From Roots 40.611ms
[2022-09-21T08:55:01.963+0000][7][gc,marking   ] GC(13) Concurrent Preclean
[2022-09-21T08:55:01.967+0000][7][gc,marking   ] GC(13) Concurrent Preclean 4.409ms
[2022-09-21T08:55:01.969+0000][7][gc,marking   ] GC(13) Concurrent Mark (10.589s, 10.642s) 53.433ms
[2022-09-21T08:55:01.972+0000][7][gc,start     ] GC(13) Pause Remark
[2022-09-21T08:55:02.008+0000][7][gc           ] GC(13) Pause Remark 55M->55M(512M) 35.659ms
[2022-09-21T08:55:02.016+0000][7][gc,cpu       ] GC(13) User=0.03s Sys=0.00s Real=0.04s
[2022-09-21T08:55:02.018+0000][7][safepoint    ] Safepoint "G1Concurrent", Time since last: 198535792 ns, Reaching safepoint: 469792 ns, At safepoint: 45955666 ns, Total: 46425458 ns
[2022-09-21T08:55:02.021+0000][7][gc,marking   ] GC(13) Concurrent Rebuild Remembered Sets
[2022-09-21T08:55:02.115+0000][7][gc,marking   ] GC(13) Concurrent Rebuild Remembered Sets 94.230ms
[2022-09-21T08:55:02.129+0000][7][gc,start     ] GC(13) Pause Cleanup
[2022-09-21T08:55:02.136+0000][7][gc           ] GC(13) Pause Cleanup 56M->56M(512M) 7.223ms
[2022-09-21T08:55:02.140+0000][7][gc,cpu       ] GC(13) User=0.00s Sys=0.00s Real=0.01s
[2022-09-21T08:55:02.143+0000][7][safepoint    ] Safepoint "G1Concurrent", Time since last: 104254875 ns, Reaching safepoint: 6616209 ns, At safepoint: 14223541 ns, Total: 20839750 ns
[2022-09-21T08:55:02.147+0000][7][gc,marking   ] GC(13) Concurrent Cleanup for Next Mark
[2022-09-21T08:55:02.165+0000][7][gc,marking   ] GC(13) Concurrent Cleanup for Next Mark 18.156ms
[2022-09-21T08:55:02.173+0000][7][gc           ] GC(13) Concurrent Cycle 399.897ms
[2022-09-21T08:55:03.902+0000][7][safepoint    ] Safepoint "ICBufferFull", Time since last: 1758657293 ns, Reaching safepoint: 341375 ns, At safepoint: 3208 ns, Total: 344583 ns
[2022-09-21T08:55:04.966+0000][7][safepoint    ] Safepoint "Cleanup", Time since last: 1062853667 ns, Reaching safepoint: 1240250 ns, At safepoint: 3625 ns, Total: 1243875 ns
[2022-09-21T08:55:05.567+0000][7][safepoint    ] Safepoint "ICBufferFull", Time since last: 597667417 ns, Reaching safepoint: 2579084 ns, At safepoint: 20750 ns, Total: 2599834 ns
[2022-09-21T08:55:06.174+0000][7][safepoint    ] Safepoint "ICBufferFull", Time since last: 606791167 ns, Reaching safepoint: 905583 ns, At safepoint: 4708 ns, Total: 910291 ns
[2022-09-21T08:55:06.495+0000][7][safepoint    ] Safepoint "BulkRevokeBias", Time since last: 318341209 ns, Reaching safepoint: 2042583 ns, At safepoint: 82792 ns, Total: 2125375 ns
[2022-09-21T08:55:06.499+0000][7][safepoint    ] Safepoint "BulkRevokeBias", Time since last: 4016500 ns, Reaching safepoint: 211625 ns, At safepoint: 45708 ns, Total: 257333 ns
[2022-09-21T08:55:06.505+0000][7][safepoint    ] Safepoint "BulkRevokeBias", Time since last: 3199000 ns, Reaching safepoint: 2710708 ns, At safepoint: 36459 ns, Total: 2747167 ns
[2022-09-21T08:55:06.843+0000][7][safepoint    ] Safepoint "BulkRevokeBias", Time since last: 337241375 ns, Reaching safepoint: 905250 ns, At safepoint: 102917 ns, Total: 1008167 ns
[2022-09-21T08:55:07.832+0000][7][safepoint    ] Safepoint "ICBufferFull", Time since last: 985807500 ns, Reaching safepoint: 2781417 ns, At safepoint: 13291 ns, Total: 2794708 ns
[2022-09-21T08:55:07.842+0000][7][safepoint    ] Safepoint "ICBufferFull", Time since last: 9839542 ns, Reaching safepoint: 355167 ns, At safepoint: 9791 ns, Total: 364958 ns
[2022-09-21T08:55:08.073+0000][7][safepoint    ] Safepoint "ICBufferFull", Time since last: 225454459 ns, Reaching safepoint: 5117000 ns, At safepoint: 20875 ns, Total: 5137875 ns
[2022-09-21T08:55:09.011+0000][7][safepoint    ] Safepoint "ICBufferFull", Time since last: 937869167 ns, Reaching safepoint: 209458 ns, At safepoint: 2542 ns, Total: 212000 ns
[2022-09-21T08:55:09.080+0000][7][gc,start     ] GC(14) Pause Young (Normal) (G1 Evacuation Pause)
[2022-09-21T08:55:09.082+0000][7][gc,task      ] GC(14) Using 4 workers of 4 for evacuation
[2022-09-21T08:55:09.084+0000][7][gc,age       ] GC(14) Desired survivor size 19922944 bytes, new threshold 15 (max threshold 15)
[2022-09-21T08:55:09.156+0000][7][gc,age       ] GC(14) Age table with threshold 15 (max threshold 15)
[2022-09-21T08:55:09.157+0000][7][gc,age       ] GC(14) - age   1:   11069584 bytes,   11069584 total
[2022-09-21T08:55:09.159+0000][7][gc,age       ] GC(14) - age   2:    4197016 bytes,   15266600 total
[2022-09-21T08:55:09.160+0000][7][gc,phases    ] GC(14)   Pre Evacuate Collection Set: 0.7ms
[2022-09-21T08:55:09.162+0000][7][gc,phases    ] GC(14)   Merge Heap Roots: 0.2ms
[2022-09-21T08:55:09.165+0000][7][gc,phases    ] GC(14)   Evacuate Collection Set: 55.2ms
[2022-09-21T08:55:09.167+0000][7][gc,phases    ] GC(14)   Post Evacuate Collection Set: 14.1ms
[2022-09-21T08:55:09.168+0000][7][gc,phases    ] GC(14)   Other: 10.2ms
[2022-09-21T08:55:09.169+0000][7][gc,heap      ] GC(14) Eden regions: 297->0(288)
[2022-09-21T08:55:09.170+0000][7][gc,heap      ] GC(14) Survivor regions: 6->16(38)
[2022-09-21T08:55:09.171+0000][7][gc,heap      ] GC(14) Old regions: 46->46
[2022-09-21T08:55:09.172+0000][7][gc,heap      ] GC(14) Archive regions: 0->0
[2022-09-21T08:55:09.173+0000][7][gc,heap      ] GC(14) Humongous regions: 1->1
[2022-09-21T08:55:09.174+0000][7][gc,metaspace ] GC(14) Metaspace: 80130K(86044K)->80130K(86044K) NonClass: 69552K(72880K)->69552K(72880K) Class: 10577K(13164K)->10577K(13164K)
[2022-09-21T08:55:09.176+0000][7][gc           ] GC(14) Pause Young (Normal) (G1 Evacuation Pause) 348M->61M(512M) 95.868ms
[2022-09-21T08:55:09.178+0000][7][gc,cpu       ] GC(14) User=0.07s Sys=0.01s Real=0.10s
[2022-09-21T08:55:09.180+0000][7][safepoint    ] Safepoint "G1CollectForAllocation", Time since last: 69108292 ns, Reaching safepoint: 203291 ns, At safepoint: 99688875 ns, Total: 99892166 ns
[2022-09-21T08:55:09.228+0000][7][safepoint    ] Safepoint "BulkRevokeBias", Time since last: 44597667 ns, Reaching safepoint: 3735917 ns, At safepoint: 60791 ns, Total: 3796708 ns
[2022-09-21T08:55:10.138+0000][7][safepoint    ] Safepoint "ICBufferFull", Time since last: 909206876 ns, Reaching safepoint: 399958 ns, At safepoint: 9917 ns, Total: 409875 ns
[2022-09-21T08:55:10.696+0000][7][safepoint    ] Safepoint "ICBufferFull", Time since last: 553453917 ns, Reaching safepoint: 5321333 ns, At safepoint: 25917 ns, Total: 5347250 ns
[2022-09-21T08:55:10.727+0000][7][safepoint    ] Safepoint "ICBufferFull", Time since last: 27828750 ns, Reaching safepoint: 2638125 ns, At safepoint: 9291 ns, Total: 2647416 ns
[2022-09-21T08:55:11.033+0000][7][safepoint    ] Safepoint "ICBufferFull", Time since last: 302669042 ns, Reaching safepoint: 2970542 ns, At safepoint: 5583 ns, Total: 2976125 ns
[2022-09-21T08:55:11.295+0000][7][safepoint    ] Safepoint "BulkRevokeBias", Time since last: 261688459 ns, Reaching safepoint: 207708 ns, At safepoint: 85042 ns, Total: 292750 ns
[2022-09-21T08:55:11.681+0000][7][safepoint    ] Safepoint "ICBufferFull", Time since last: 385876250 ns, Reaching safepoint: 168083 ns, At safepoint: 3917 ns, Total: 172000 ns
[2022-09-21T08:55:11.934+0000][7][safepoint    ] Safepoint "BulkRevokeBias", Time since last: 249893458 ns, Reaching safepoint: 2945459 ns, At safepoint: 241125 ns, Total: 3186584 ns
[2022-09-21T08:55:12.702+0000][7][safepoint    ] Safepoint "BulkRevokeBias", Time since last: 767744833 ns, Reaching safepoint: 386167 ns, At safepoint: 88083 ns, Total: 474250 ns
[2022-09-21T08:55:13.297+0000][7][safepoint    ] Safepoint "ICBufferFull", Time since last: 593540167 ns, Reaching safepoint: 1400667 ns, At safepoint: 14750 ns, Total: 1415417 ns
[2022-09-21T08:55:13.758+0000][7][gc,start     ] GC(15) Pause Young (Concurrent Start) (Metadata GC Threshold)
[2022-09-21T08:55:13.761+0000][7][gc,task      ] GC(15) Using 4 workers of 4 for evacuation
[2022-09-21T08:55:13.763+0000][7][gc,age       ] GC(15) Desired survivor size 19922944 bytes, new threshold 15 (max threshold 15)
[2022-09-21T08:55:13.876+0000][7][gc,age       ] GC(15) Age table with threshold 15 (max threshold 15)
[2022-09-21T08:55:13.881+0000][7][gc,age       ] GC(15) - age   1:    6109248 bytes,    6109248 total
[2022-09-21T08:55:13.883+0000][7][gc,age       ] GC(15) - age   2:   10747456 bytes,   16856704 total
[2022-09-21T08:55:13.885+0000][7][gc,age       ] GC(15) - age   3:    4175256 bytes,   21031960 total
[2022-09-21T08:55:13.886+0000][7][gc,phases    ] GC(15)   Pre Evacuate Collection Set: 1.3ms
[2022-09-21T08:55:13.887+0000][7][gc,phases    ] GC(15)   Merge Heap Roots: 0.2ms
[2022-09-21T08:55:13.888+0000][7][gc,phases    ] GC(15)   Evacuate Collection Set: 93.7ms
[2022-09-21T08:55:13.889+0000][7][gc,phases    ] GC(15)   Post Evacuate Collection Set: 16.2ms
[2022-09-21T08:55:13.891+0000][7][gc,phases    ] GC(15)   Other: 17.1ms
[2022-09-21T08:55:13.897+0000][7][gc,heap      ] GC(15) Eden regions: 202->0(278)
[2022-09-21T08:55:13.898+0000][7][gc,heap      ] GC(15) Survivor regions: 16->21(38)
[2022-09-21T08:55:13.899+0000][7][gc,heap      ] GC(15) Old regions: 46->46
[2022-09-21T08:55:13.901+0000][7][gc,heap      ] GC(15) Archive regions: 0->0
[2022-09-21T08:55:13.902+0000][7][gc,heap      ] GC(15) Humongous regions: 7->7
[2022-09-21T08:55:13.903+0000][7][gc,metaspace ] GC(15) Metaspace: 94103K(101020K)->94103K(101020K) NonClass: 81656K(85680K)->81656K(85680K) Class: 12447K(15340K)->12447K(15340K)
[2022-09-21T08:55:13.904+0000][7][gc           ] GC(15) Pause Young (Concurrent Start) (Metadata GC Threshold) 269M->72M(512M) 146.298ms
[2022-09-21T08:55:13.905+0000][7][gc,cpu       ] GC(15) User=0.13s Sys=0.01s Real=0.15s
[2022-09-21T08:55:13.908+0000][7][gc           ] GC(16) Concurrent Cycle
[2022-09-21T08:55:13.909+0000][7][gc,marking   ] GC(16) Concurrent Clear Claimed Marks
[2022-09-21T08:55:13.914+0000][7][gc,marking   ] GC(16) Concurrent Clear Claimed Marks 4.568ms
[2022-09-21T08:55:13.915+0000][7][gc,marking   ] GC(16) Concurrent Scan Root Regions
[2022-09-21T08:55:13.908+0000][7][safepoint    ] Safepoint "CollectForMetadataAllocation", Time since last: 460388000 ns, Reaching safepoint: 189459 ns, At safepoint: 150605708 ns, Total: 150795167 ns
[2022-09-21T08:55:13.962+0000][7][gc,marking   ] GC(16) Concurrent Scan Root Regions 46.862ms
[2022-09-21T08:55:13.966+0000][7][gc,marking   ] GC(16) Concurrent Mark (22.639s)
[2022-09-21T08:55:13.968+0000][7][gc,marking   ] GC(16) Concurrent Mark From Roots
[2022-09-21T08:55:13.969+0000][7][gc,task      ] GC(16) Using 1 workers of 1 for marking
[2022-09-21T08:55:14.129+0000][7][gc,marking   ] GC(16) Concurrent Mark From Roots 161.313ms
[2022-09-21T08:55:14.130+0000][7][gc,marking   ] GC(16) Concurrent Preclean
[2022-09-21T08:55:14.132+0000][7][gc,marking   ] GC(16) Concurrent Preclean 1.504ms
[2022-09-21T08:55:14.133+0000][7][gc,marking   ] GC(16) Concurrent Mark (22.639s, 22.806s) 167.083ms
[2022-09-21T08:55:14.135+0000][7][gc,start     ] GC(16) Pause Remark
[2022-09-21T08:55:14.177+0000][7][gc           ] GC(16) Pause Remark 84M->84M(512M) 41.118ms
[2022-09-21T08:55:14.178+0000][7][gc,cpu       ] GC(16) User=0.04s Sys=0.00s Real=0.04s
[2022-09-21T08:55:14.180+0000][7][safepoint    ] Safepoint "G1Concurrent", Time since last: 226223750 ns, Reaching safepoint: 1146958 ns, At safepoint: 44315917 ns, Total: 45462875 ns
[2022-09-21T08:55:14.183+0000][7][gc,marking   ] GC(16) Concurrent Rebuild Remembered Sets
[2022-09-21T08:55:14.273+0000][7][gc,marking   ] GC(16) Concurrent Rebuild Remembered Sets 90.363ms
[2022-09-21T08:55:14.276+0000][7][gc,start     ] GC(16) Pause Cleanup
[2022-09-21T08:55:14.277+0000][7][gc           ] GC(16) Pause Cleanup 87M->87M(512M) 1.124ms
[2022-09-21T08:55:14.278+0000][7][gc,cpu       ] GC(16) User=0.00s Sys=0.00s Real=0.00s
[2022-09-21T08:55:14.279+0000][7][safepoint    ] Safepoint "G1Concurrent", Time since last: 94262375 ns, Reaching safepoint: 1702708 ns, At safepoint: 3167292 ns, Total: 4870000 ns
[2022-09-21T08:55:14.280+0000][7][gc,marking   ] GC(16) Concurrent Cleanup for Next Mark
[2022-09-21T08:55:14.287+0000][7][gc,marking   ] GC(16) Concurrent Cleanup for Next Mark 7.048ms
[2022-09-21T08:55:14.290+0000][7][gc           ] GC(16) Concurrent Cycle 382.320ms
[2022-09-21T08:55:15.132+0000][7][safepoint    ] Safepoint "ICBufferFull", Time since last: 854099041 ns, Reaching safepoint: 249500 ns, At safepoint: 2459 ns, Total: 251959 ns
[2022-09-21T08:55:15.551+0000][7][safepoint    ] Safepoint "ICBufferFull", Time since last: 418549666 ns, Reaching safepoint: 268500 ns, At safepoint: 6875 ns, Total: 275375 ns
[2022-09-21T08:55:16.147+0000][7][safepoint    ] Safepoint "BulkRevokeBias", Time since last: 595348167 ns, Reaching safepoint: 125417 ns, At safepoint: 69458 ns, Total: 194875 ns
[2022-09-21T08:55:18.095+0000][7][safepoint    ] Safepoint "Cleanup", Time since last: 1947939501 ns, Reaching safepoint: 765125 ns, At safepoint: 6292 ns, Total: 771417 ns
[2022-09-21T08:55:19.120+0000][7][safepoint    ] Safepoint "Cleanup", Time since last: 1024017750 ns, Reaching safepoint: 743417 ns, At safepoint: 5458 ns, Total: 748875 ns
[2022-09-21T08:55:20.140+0000][7][safepoint    ] Safepoint "Cleanup", Time since last: 1019018001 ns, Reaching safepoint: 662833 ns, At safepoint: 4584 ns, Total: 667417 ns
[2022-09-21T08:55:21.176+0000][7][safepoint    ] Safepoint "Cleanup", Time since last: 1035055208 ns, Reaching safepoint: 883459 ns, At safepoint: 7708 ns, Total: 891167 ns
[2022-09-21T08:55:22.185+0000][7][safepoint    ] Safepoint "Cleanup", Time since last: 1009078542 ns, Reaching safepoint: 188459 ns, At safepoint: 3750 ns, Total: 192209 ns
[2022-09-21T08:55:24.171+0000][7][safepoint    ] Safepoint "Cleanup", Time since last: 1985934001 ns, Reaching safepoint: 157833 ns, At safepoint: 3125 ns, Total: 160958 ns
[2022-09-21T08:55:25.176+0000][7][safepoint    ] Safepoint "Cleanup", Time since last: 1003067542 ns, Reaching safepoint: 1361583 ns, At safepoint: 4292 ns, Total: 1365875 ns
[2022-09-21T08:55:26.179+0000][7][safepoint    ] Safepoint "Cleanup", Time since last: 1002996501 ns, Reaching safepoint: 79625 ns, At safepoint: 2000 ns, Total: 81625 ns
[2022-09-21T08:55:27.180+0000][7][safepoint    ] Safepoint "Cleanup", Time since last: 1001331667 ns, Reaching safepoint: 203958 ns, At safepoint: 3292 ns, Total: 207250 ns
[2022-09-21T08:55:28.182+0000][7][safepoint    ] Safepoint "Cleanup", Time since last: 1001658083 ns, Reaching safepoint: 301459 ns, At safepoint: 3916 ns, Total: 305375 ns
[2022-09-21T08:55:29.185+0000][7][safepoint    ] Safepoint "Cleanup", Time since last: 1002440459 ns, Reaching safepoint: 189625 ns, At safepoint: 3834 ns, Total: 193459 ns
[2022-09-21T08:55:30.189+0000][7][safepoint    ] Safepoint "Cleanup", Time since last: 1004054250 ns, Reaching safepoint: 225542 ns, At safepoint: 4875 ns, Total: 230417 ns
[2022-09-21T08:55:31.195+0000][7][safepoint    ] Safepoint "Cleanup", Time since last: 1005639125 ns, Reaching safepoint: 194125 ns, At safepoint: 3375 ns, Total: 197500 ns
[2022-09-21T08:55:32.197+0000][7][safepoint    ] Safepoint "Cleanup", Time since last: 1001729626 ns, Reaching safepoint: 113500 ns, At safepoint: 3208 ns, Total: 116708 ns
[2022-09-21T08:55:33.198+0000][7][safepoint    ] Safepoint "Cleanup", Time since last: 1001367001 ns, Reaching safepoint: 127375 ns, At safepoint: 3000 ns, Total: 130375 ns
[2022-09-21T08:55:34.201+0000][7][safepoint    ] Safepoint "Cleanup", Time since last: 1002332542 ns, Reaching safepoint: 112375 ns, At safepoint: 2041 ns, Total: 114416 ns
[2022-09-21T08:55:35.203+0000][7][safepoint    ] Safepoint "Cleanup", Time since last: 1002292709 ns, Reaching safepoint: 118584 ns, At safepoint: 3125 ns, Total: 121709 ns
[2022-09-21T08:55:36.205+0000][7][safepoint    ] Safepoint "Cleanup", Time since last: 1001235083 ns, Reaching safepoint: 175875 ns, At safepoint: 2125 ns, Total: 178000 ns
[2022-09-21T08:55:37.206+0000][7][safepoint    ] Safepoint "Cleanup", Time since last: 1001074126 ns, Reaching safepoint: 95166 ns, At safepoint: 2125 ns, Total: 97291 ns
[2022-09-21T08:55:38.207+0000][7][safepoint    ] Safepoint "Cleanup", Time since last: 1001120418 ns, Reaching safepoint: 223625 ns, At safepoint: 3666 ns, Total: 227291 ns
[2022-09-21T08:55:39.209+0000][7][safepoint    ] Safepoint "Cleanup", Time since last: 1001453917 ns, Reaching safepoint: 116125 ns, At safepoint: 1584 ns, Total: 117709 ns
[2022-09-21T08:55:40.212+0000][7][safepoint    ] Safepoint "Cleanup", Time since last: 1003658334 ns, Reaching safepoint: 88833 ns, At safepoint: 1833 ns, Total: 90666 ns
[2022-09-21T08:55:41.214+0000][7][safepoint    ] Safepoint "Cleanup", Time since last: 1001436376 ns, Reaching safepoint: 117458 ns, At safepoint: 1917 ns, Total: 119375 ns
[2022-09-21T08:55:42.225+0000][7][safepoint    ] Safepoint "Cleanup", Time since last: 1010783000 ns, Reaching safepoint: 154542 ns, At safepoint: 2625 ns, Total: 157167 ns
[2022-09-21T08:55:44.064+0000][7][safepoint    ] Safepoint "Cleanup", Time since last: 1839413709 ns, Reaching safepoint: 185208 ns, At safepoint: 3000 ns, Total: 188208 ns
[2022-09-21T08:55:45.122+0000][7][safepoint    ] Safepoint "Cleanup", Time since last: 1057797167 ns, Reaching safepoint: 86000 ns, At safepoint: 1417 ns, Total: 87417 ns
[2022-09-21T08:55:46.166+0000][7][safepoint    ] Safepoint "Cleanup", Time since last: 1043852709 ns, Reaching safepoint: 115083 ns, At safepoint: 1625 ns, Total: 116708 ns
[2022-09-21T08:55:47.168+0000][7][safepoint    ] Safepoint "Cleanup", Time since last: 1001234334 ns, Reaching safepoint: 103583 ns, At safepoint: 1792 ns, Total: 105375 ns
[2022-09-21T08:55:48.174+0000][7][safepoint    ] Safepoint "Cleanup", Time since last: 1006037375 ns, Reaching safepoint: 101209 ns, At safepoint: 1541 ns, Total: 102750 ns
[2022-09-21T08:55:49.175+0000][7][safepoint    ] Safepoint "Cleanup", Time since last: 1001493793 ns, Reaching safepoint: 180708 ns, At safepoint: 3208 ns, Total: 183916 ns
[2022-09-21T08:55:50.178+0000][7][safepoint    ] Safepoint "Cleanup", Time since last: 1001969792 ns, Reaching safepoint: 184584 ns, At safepoint: 2291 ns, Total: 186875 ns
[2022-09-21T08:55:51.181+0000][7][safepoint    ] Safepoint "Cleanup", Time since last: 1003177292 ns, Reaching safepoint: 247250 ns, At safepoint: 8917 ns, Total: 256167 ns
[2022-09-21T08:55:52.182+0000][7][safepoint    ] Safepoint "Cleanup", Time since last: 1001136334 ns, Reaching safepoint: 193958 ns, At safepoint: 3125 ns, Total: 197083 ns
[2022-09-21T08:55:53.184+0000][7][safepoint    ] Safepoint "Cleanup", Time since last: 1001381751 ns, Reaching safepoint: 131291 ns, At safepoint: 5709 ns, Total: 137000 ns
[2022-09-21T08:55:54.200+0000][7][safepoint    ] Safepoint "Cleanup", Time since last: 1016051375 ns, Reaching safepoint: 166042 ns, At safepoint: 2458 ns, Total: 168500 ns
[2022-09-21T08:55:55.202+0000][7][safepoint    ] Safepoint "Cleanup", Time since last: 1001657667 ns, Reaching safepoint: 103709 ns, At safepoint: 2041 ns, Total: 105750 ns
[2022-09-21T08:55:56.204+0000][7][safepoint    ] Safepoint "Cleanup", Time since last: 1001750084 ns, Reaching safepoint: 316959 ns, At safepoint: 3250 ns, Total: 320209 ns
[2022-09-21T08:55:57.208+0000][7][safepoint    ] Safepoint "Cleanup", Time since last: 1003947833 ns, Reaching safepoint: 100959 ns, At safepoint: 2083 ns, Total: 103042 ns
[2022-09-21T08:55:58.210+0000][7][safepoint    ] Safepoint "Cleanup", Time since last: 1001481709 ns, Reaching safepoint: 643416 ns, At safepoint: 7625 ns, Total: 651041 ns
[2022-09-21T08:55:59.285+0000][7][safepoint    ] Safepoint "Cleanup", Time since last: 1056578293 ns, Reaching safepoint: 13641708 ns, At safepoint: 72917 ns, Total: 13714625 ns
[2022-09-21T08:56:00.301+0000][7][safepoint    ] Safepoint "Cleanup", Time since last: 1018900125 ns, Reaching safepoint: 923792 ns, At safepoint: 5958 ns, Total: 929750 ns
[2022-09-21T08:56:01.342+0000][7][safepoint    ] Safepoint "Cleanup", Time since last: 1037367834 ns, Reaching safepoint: 4463250 ns, At safepoint: 8208 ns, Total: 4471458 ns
[2022-09-21T08:56:02.364+0000][7][safepoint    ] Safepoint "Cleanup", Time since last: 1019674001 ns, Reaching safepoint: 1907000 ns, At safepoint: 15500 ns, Total: 1922500 ns
[2022-09-21T08:56:03.448+0000][7][safepoint    ] Safepoint "Cleanup", Time since last: 1037520250 ns, Reaching safepoint: 46688792 ns, At safepoint: 7625 ns, Total: 46696417 ns
[2022-09-21T08:56:04.495+0000][7][safepoint    ] Safepoint "Cleanup", Time since last: 1046785459 ns, Reaching safepoint: 152458 ns, At safepoint: 2875 ns, Total: 155333 ns
[2022-09-21T08:56:05.497+0000][7][safepoint    ] Safepoint "Cleanup", Time since last: 1001713167 ns, Reaching safepoint: 118459 ns, At safepoint: 2125 ns, Total: 120584 ns
[2022-09-21T08:56:06.498+0000][7][safepoint    ] Safepoint "Cleanup", Time since last: 1001431000 ns, Reaching safepoint: 81292 ns, At safepoint: 2625 ns, Total: 83917 ns
[2022-09-21T08:56:07.501+0000][7][safepoint    ] Safepoint "Cleanup", Time since last: 1003084875 ns, Reaching safepoint: 217084 ns, At safepoint: 3666 ns, Total: 220750 ns
[2022-09-21T08:56:08.504+0000][7][safepoint    ] Safepoint "Cleanup", Time since last: 1001748417 ns, Reaching safepoint: 481542 ns, At safepoint: 4875 ns, Total: 486417 ns
[2022-09-21T08:56:09.506+0000][7][safepoint    ] Safepoint "Cleanup", Time since last: 1002254667 ns, Reaching safepoint: 77875 ns, At safepoint: 2250 ns, Total: 80125 ns
[2022-09-21T08:56:10.510+0000][7][safepoint    ] Safepoint "Cleanup", Time since last: 1003828542 ns, Reaching safepoint: 92542 ns, At safepoint: 2542 ns, Total: 95084 ns
[2022-09-21T08:56:12.405+0000][7][safepoint    ] Safepoint "Cleanup", Time since last: 1894874334 ns, Reaching safepoint: 125292 ns, At safepoint: 2750 ns, Total: 128042 ns
[2022-09-21T08:56:13.407+0000][7][safepoint    ] Safepoint "Cleanup", Time since last: 1001633208 ns, Reaching safepoint: 121875 ns, At safepoint: 2792 ns, Total: 124667 ns
[2022-09-21T08:56:14.408+0000][7][safepoint    ] Safepoint "Cleanup", Time since last: 1001413251 ns, Reaching safepoint: 169000 ns, At safepoint: 6833 ns, Total: 175833 ns
[2022-09-21T08:56:16.126+0000][7][safepoint    ] Safepoint "Cleanup", Time since last: 1717492458 ns, Reaching safepoint: 174042 ns, At safepoint: 7250 ns, Total: 181292 ns
[2022-09-21T08:56:17.127+0000][7][safepoint    ] Safepoint "Cleanup", Time since last: 1001122376 ns, Reaching safepoint: 138875 ns, At safepoint: 7916 ns, Total: 146791 ns
[2022-09-21T08:56:18.129+0000][7][safepoint    ] Safepoint "Cleanup", Time since last: 1001415626 ns, Reaching safepoint: 103958 ns, At safepoint: 2292 ns, Total: 106250 ns
[2022-09-21T08:56:19.131+0000][7][safepoint    ] Safepoint "Cleanup", Time since last: 1001729125 ns, Reaching safepoint: 386584 ns, At safepoint: 3375 ns, Total: 389959 ns
[2022-09-21T08:56:20.134+0000][7][safepoint    ] Safepoint "Cleanup", Time since last: 1002968583 ns, Reaching safepoint: 88542 ns, At safepoint: 2292 ns, Total: 90834 ns
[2022-09-21T08:56:21.137+0000][7][safepoint    ] Safepoint "Cleanup", Time since last: 1003491417 ns, Reaching safepoint: 169500 ns, At safepoint: 2583 ns, Total: 172083 ns
[2022-09-21T08:56:22.141+0000][7][safepoint    ] Safepoint "Cleanup", Time since last: 1003118834 ns, Reaching safepoint: 107125 ns, At safepoint: 2042 ns, Total: 109167 ns
[2022-09-21T08:56:23.142+0000][7][safepoint    ] Safepoint "Cleanup", Time since last: 1001389500 ns, Reaching safepoint: 201542 ns, At safepoint: 3333 ns, Total: 204875 ns
[2022-09-21T08:56:24.144+0000][7][safepoint    ] Safepoint "Cleanup", Time since last: 1001953001 ns, Reaching safepoint: 88041 ns, At safepoint: 1792 ns, Total: 89833 ns
[2022-09-21T08:56:25.147+0000][7][safepoint    ] Safepoint "Cleanup", Time since last: 1002505750 ns, Reaching safepoint: 158959 ns, At safepoint: 5833 ns, Total: 164792 ns
[2022-09-21T08:56:26.149+0000][7][safepoint    ] Safepoint "Cleanup", Time since last: 1001935834 ns, Reaching safepoint: 84333 ns, At safepoint: 1417 ns, Total: 85750 ns
[2022-09-21T08:56:27.152+0000][7][safepoint    ] Safepoint "Cleanup", Time since last: 1002233959 ns, Reaching safepoint: 369833 ns, At safepoint: 3083 ns, Total: 372916 ns
[2022-09-21T08:56:28.154+0000][7][safepoint    ] Safepoint "Cleanup", Time since last: 1001942459 ns, Reaching safepoint: 99625 ns, At safepoint: 2708 ns, Total: 102333 ns
[2022-09-21T08:56:29.158+0000][7][safepoint    ] Safepoint "Cleanup", Time since last: 1004360959 ns, Reaching safepoint: 103834 ns, At safepoint: 2000 ns, Total: 105834 ns
[2022-09-21T08:56:30.160+0000][7][safepoint    ] Safepoint "Cleanup", Time since last: 1001606417 ns, Reaching safepoint: 97875 ns, At safepoint: 2500 ns, Total: 100375 ns
[2022-09-21T08:56:31.162+0000][7][safepoint    ] Safepoint "Cleanup", Time since last: 1001873709 ns, Reaching safepoint: 114791 ns, At safepoint: 2042 ns, Total: 116833 ns
[2022-09-21T08:56:32.306+0000][7][safepoint    ] Safepoint "Cleanup", Time since last: 1143826417 ns, Reaching safepoint: 155375 ns, At safepoint: 2583 ns, Total: 157958 ns
[2022-09-21T08:56:33.307+0000][7][safepoint    ] Safepoint "Cleanup", Time since last: 1001215376 ns, Reaching safepoint: 331667 ns, At safepoint: 6666 ns, Total: 338333 ns
[2022-09-21T08:56:34.309+0000][7][safepoint    ] Safepoint "Cleanup", Time since last: 1001711376 ns, Reaching safepoint: 262375 ns, At safepoint: 3583 ns, Total: 265958 ns
[2022-09-21T08:56:35.311+0000][7][safepoint    ] Safepoint "Cleanup", Time since last: 1001301042 ns, Reaching safepoint: 100959 ns, At safepoint: 2041 ns, Total: 103000 ns
[2022-09-21T08:56:35.856+0000][7][safepoint    ] Safepoint "BulkRevokeBias", Time since last: 544989959 ns, Reaching safepoint: 111208 ns, At safepoint: 92750 ns, Total: 203958 ns
[2022-09-21T08:56:36.871+0000][7][safepoint    ] Safepoint "Cleanup", Time since last: 1015124376 ns, Reaching safepoint: 385000 ns, At safepoint: 3708 ns, Total: 388708 ns
[2022-09-21T08:56:37.875+0000][7][safepoint    ] Safepoint "Cleanup", Time since last: 1003948709 ns, Reaching safepoint: 127541 ns, At safepoint: 2750 ns, Total: 130291 ns
[2022-09-21T08:56:38.878+0000][7][safepoint    ] Safepoint "Cleanup", Time since last: 1002016459 ns, Reaching safepoint: 89917 ns, At safepoint: 2125 ns, Total: 92042 ns
[2022-09-21T08:56:40.557+0000][7][safepoint    ] Safepoint "Cleanup", Time since last: 1678975917 ns, Reaching safepoint: 90750 ns, At safepoint: 7542 ns, Total: 98292 ns
[2022-09-21T08:56:41.563+0000][7][safepoint    ] Safepoint "Cleanup", Time since last: 1006317001 ns, Reaching safepoint: 109000 ns, At safepoint: 1333 ns, Total: 110333 ns
[2022-09-21T08:56:42.565+0000][7][safepoint    ] Safepoint "Cleanup", Time since last: 1001662334 ns, Reaching safepoint: 106666 ns, At safepoint: 1542 ns, Total: 108208 ns
[2022-09-21T08:56:43.566+0000][7][safepoint    ] Safepoint "Cleanup", Time since last: 1001225292 ns, Reaching safepoint: 167833 ns, At safepoint: 2667 ns, Total: 170500 ns
[2022-09-21T08:56:44.568+0000][7][safepoint    ] Safepoint "Cleanup", Time since last: 1001932376 ns, Reaching safepoint: 140916 ns, At safepoint: 2084 ns, Total: 143000 ns
[2022-09-21T08:56:45.570+0000][7][safepoint    ] Safepoint "Cleanup", Time since last: 1001484541 ns, Reaching safepoint: 134916 ns, At safepoint: 2875 ns, Total: 137791 ns
[2022-09-21T08:56:46.571+0000][7][safepoint    ] Safepoint "Cleanup", Time since last: 1001258376 ns, Reaching safepoint: 118000 ns, At safepoint: 2875 ns, Total: 120875 ns
[2022-09-21T08:56:47.572+0000][7][safepoint    ] Safepoint "Cleanup", Time since last: 1001326000 ns, Reaching safepoint: 209459 ns, At safepoint: 3625 ns, Total: 213084 ns
[2022-09-21T08:56:48.575+0000][7][safepoint    ] Safepoint "Cleanup", Time since last: 1002558334 ns, Reaching safepoint: 334500 ns, At safepoint: 3375 ns, Total: 337875 ns
[2022-09-21T08:56:49.580+0000][7][safepoint    ] Safepoint "Cleanup", Time since last: 1003986917 ns, Reaching safepoint: 142666 ns, At safepoint: 2292 ns, Total: 144958 ns
[2022-09-21T08:56:50.582+0000][7][safepoint    ] Safepoint "Cleanup", Time since last: 1002088792 ns, Reaching safepoint: 234417 ns, At safepoint: 4583 ns, Total: 239000 ns
[2022-09-21T08:56:51.584+0000][7][safepoint    ] Safepoint "Cleanup", Time since last: 1001594501 ns, Reaching safepoint: 90291 ns, At safepoint: 1459 ns, Total: 91750 ns
[2022-09-21T08:56:52.585+0000][7][safepoint    ] Safepoint "Cleanup", Time since last: 1001578917 ns, Reaching safepoint: 79083 ns, At safepoint: 2042 ns, Total: 81125 ns
[2022-09-21T08:56:53.588+0000][7][safepoint    ] Safepoint "Cleanup", Time since last: 1002355584 ns, Reaching safepoint: 107250 ns, At safepoint: 1625 ns, Total: 108875 ns
[2022-09-21T08:56:54.589+0000][7][safepoint    ] Safepoint "Cleanup", Time since last: 1001564250 ns, Reaching safepoint: 107708 ns, At safepoint: 2375 ns, Total: 110083 ns
[2022-09-21T08:56:55.592+0000][7][safepoint    ] Safepoint "Cleanup", Time since last: 1002806293 ns, Reaching safepoint: 106791 ns, At safepoint: 1375 ns, Total: 108166 ns
[2022-09-21T08:56:56.594+0000][7][safepoint    ] Safepoint "Cleanup", Time since last: 1001394042 ns, Reaching safepoint: 109167 ns, At safepoint: 1417 ns, Total: 110584 ns
[2022-09-21T08:56:57.595+0000][7][safepoint    ] Safepoint "Cleanup", Time since last: 1001290125 ns, Reaching safepoint: 106000 ns, At safepoint: 1250 ns, Total: 107250 ns
[2022-09-21T08:56:58.597+0000][7][safepoint    ] Safepoint "Cleanup", Time since last: 1001470667 ns, Reaching safepoint: 110834 ns, At safepoint: 3041 ns, Total: 113875 ns
[2022-09-21T08:56:59.601+0000][7][safepoint    ] Safepoint "Cleanup", Time since last: 1004457251 ns, Reaching safepoint: 98666 ns, At safepoint: 2125 ns, Total: 100791 ns
[2022-09-21T08:57:00.603+0000][7][safepoint    ] Safepoint "Cleanup", Time since last: 1002100501 ns, Reaching safepoint: 89500 ns, At safepoint: 1708 ns, Total: 91208 ns
[2022-09-21T08:57:01.605+0000][7][safepoint    ] Safepoint "Cleanup", Time since last: 1001540126 ns, Reaching safepoint: 307833 ns, At safepoint: 3417 ns, Total: 311250 ns
[2022-09-21T08:57:02.607+0000][7][safepoint    ] Safepoint "Cleanup", Time since last: 1001621959 ns, Reaching safepoint: 107583 ns, At safepoint: 2042 ns, Total: 109625 ns
[2022-09-21T08:57:03.609+0000][7][safepoint    ] Safepoint "Cleanup", Time since last: 1001304250 ns, Reaching safepoint: 569042 ns, At safepoint: 3458 ns, Total: 572500 ns
[2022-09-21T08:57:04.612+0000][7][safepoint    ] Safepoint "Cleanup", Time since last: 1002697501 ns, Reaching safepoint: 82000 ns, At safepoint: 2291 ns, Total: 84291 ns
[2022-09-21T08:57:05.613+0000][7][safepoint    ] Safepoint "Cleanup", Time since last: 1001537626 ns, Reaching safepoint: 109958 ns, At safepoint: 2500 ns, Total: 112458 ns
[2022-09-21T08:57:06.615+0000][7][safepoint    ] Safepoint "Cleanup", Time since last: 1001889126 ns, Reaching safepoint: 89541 ns, At safepoint: 1875 ns, Total: 91416 ns
[2022-09-21T08:57:07.617+0000][7][safepoint    ] Safepoint "Cleanup", Time since last: 1001516417 ns, Reaching safepoint: 194459 ns, At safepoint: 3791 ns, Total: 198250 ns
[2022-09-21T08:57:08.633+0000][7][safepoint    ] Safepoint "Cleanup", Time since last: 1015028084 ns, Reaching safepoint: 626125 ns, At safepoint: 5583 ns, Total: 631708 ns
[2022-09-21T08:57:09.639+0000][7][safepoint    ] Safepoint "Cleanup", Time since last: 1006294834 ns, Reaching safepoint: 116292 ns, At safepoint: 2250 ns, Total: 118542 ns
[2022-09-21T08:57:10.642+0000][7][safepoint    ] Safepoint "Cleanup", Time since last: 1002256959 ns, Reaching safepoint: 107708 ns, At safepoint: 7333 ns, Total: 115041 ns
[2022-09-21T08:57:11.643+0000][7][safepoint    ] Safepoint "Cleanup", Time since last: 1001665334 ns, Reaching safepoint: 185750 ns, At safepoint: 9917 ns, Total: 195667 ns
[2022-09-21T08:57:12.646+0000][7][safepoint    ] Safepoint "Cleanup", Time since last: 1002660834 ns, Reaching safepoint: 119000 ns, At safepoint: 1458 ns, Total: 120458 ns
[2022-09-21T08:57:13.647+0000][7][safepoint    ] Safepoint "Cleanup", Time since last: 1000976209 ns, Reaching safepoint: 331542 ns, At safepoint: 2625 ns, Total: 334167 ns
[2022-09-21T08:57:14.651+0000][7][safepoint    ] Safepoint "Cleanup", Time since last: 1003601500 ns, Reaching safepoint: 78417 ns, At safepoint: 2333 ns, Total: 80750 ns
[2022-09-21T08:57:15.652+0000][7][safepoint    ] Safepoint "Cleanup", Time since last: 1001509583 ns, Reaching safepoint: 90333 ns, At safepoint: 1875 ns, Total: 92208 ns
[2022-09-21T08:57:16.654+0000][7][safepoint    ] Safepoint "Cleanup", Time since last: 1001397834 ns, Reaching safepoint: 122292 ns, At safepoint: 2416 ns, Total: 124708 ns
[2022-09-21T08:57:17.657+0000][7][safepoint    ] Safepoint "Cleanup", Time since last: 1002779417 ns, Reaching safepoint: 129500 ns, At safepoint: 2125 ns, Total: 131625 ns
[2022-09-21T08:57:18.663+0000][7][safepoint    ] Safepoint "Cleanup", Time since last: 1005670251 ns, Reaching safepoint: 130417 ns, At safepoint: 2750 ns, Total: 133167 ns
[2022-09-21T08:57:19.665+0000][7][safepoint    ] Safepoint "Cleanup", Time since last: 1001986708 ns, Reaching safepoint: 201584 ns, At safepoint: 9458 ns, Total: 211042 ns
[2022-09-21T08:57:20.666+0000][7][safepoint    ] Safepoint "Cleanup", Time since last: 1001489709 ns, Reaching safepoint: 104042 ns, At safepoint: 2583 ns, Total: 106625 ns
[2022-09-21T08:57:21.668+0000][7][safepoint    ] Safepoint "Cleanup", Time since last: 1001417375 ns, Reaching safepoint: 97917 ns, At safepoint: 2208 ns, Total: 100125 ns
[2022-09-21T08:57:22.669+0000][7][safepoint    ] Safepoint "Cleanup", Time since last: 1001184293 ns, Reaching safepoint: 83708 ns, At safepoint: 1333 ns, Total: 85041 ns
[2022-09-21T08:57:23.671+0000][7][safepoint    ] Safepoint "Cleanup", Time since last: 1001446792 ns, Reaching safepoint: 80750 ns, At safepoint: 2292 ns, Total: 83042 ns
[2022-09-21T08:57:24.672+0000][7][safepoint    ] Safepoint "Cleanup", Time since last: 1001439834 ns, Reaching safepoint: 105708 ns, At safepoint: 2042 ns, Total: 107750 ns
[2022-09-21T08:57:25.674+0000][7][safepoint    ] Safepoint "Cleanup", Time since last: 1001797000 ns, Reaching safepoint: 267125 ns, At safepoint: 8209 ns, Total: 275334 ns
[2022-09-21T08:57:26.678+0000][7][safepoint    ] Safepoint "Cleanup", Time since last: 1001821083 ns, Reaching safepoint: 1521584 ns, At safepoint: 14541 ns, Total: 1536125 ns
[2022-09-21T08:57:27.691+0000][7][safepoint    ] Safepoint "Cleanup", Time since last: 1012731168 ns, Reaching safepoint: 165250 ns, At safepoint: 2625 ns, Total: 167875 ns
[2022-09-21T08:57:28.692+0000][7][safepoint    ] Safepoint "Cleanup", Time since last: 1001343542 ns, Reaching safepoint: 96041 ns, At safepoint: 1209 ns, Total: 97250 ns
[2022-09-21T08:57:29.698+0000][7][safepoint    ] Safepoint "Cleanup", Time since last: 1004914000 ns, Reaching safepoint: 738000 ns, At safepoint: 11084 ns, Total: 749084 ns
[2022-09-21T08:57:30.708+0000][7][safepoint    ] Safepoint "Cleanup", Time since last: 1010234375 ns, Reaching safepoint: 287542 ns, At safepoint: 4750 ns, Total: 292292 ns
[2022-09-21T08:57:31.710+0000][7][safepoint    ] Safepoint "Cleanup", Time since last: 1001704792 ns, Reaching safepoint: 215291 ns, At safepoint: 5750 ns, Total: 221041 ns
[2022-09-21T08:57:32.712+0000][7][safepoint    ] Safepoint "Cleanup", Time since last: 1001331376 ns, Reaching safepoint: 93375 ns, At safepoint: 1417 ns, Total: 94792 ns
[2022-09-21T08:57:33.713+0000][7][safepoint    ] Safepoint "Cleanup", Time since last: 1001412458 ns, Reaching safepoint: 148625 ns, At safepoint: 1459 ns, Total: 150084 ns
[2022-09-21T08:57:34.719+0000][7][safepoint    ] Safepoint "Cleanup", Time since last: 1005552542 ns, Reaching safepoint: 113917 ns, At safepoint: 2958 ns, Total: 116875 ns
[2022-09-21T08:57:35.722+0000][7][safepoint    ] Safepoint "Cleanup", Time since last: 1003042834 ns, Reaching safepoint: 186916 ns, At safepoint: 3334 ns, Total: 190250 ns
[2022-09-21T08:57:36.725+0000][7][safepoint    ] Safepoint "Cleanup", Time since last: 1002587167 ns, Reaching safepoint: 90750 ns, At safepoint: 1875 ns, Total: 92625 ns
[2022-09-21T08:57:37.726+0000][7][safepoint    ] Safepoint "Cleanup", Time since last: 1001325750 ns, Reaching safepoint: 108084 ns, At safepoint: 2000 ns, Total: 110084 ns
[2022-09-21T08:57:38.728+0000][7][safepoint    ] Safepoint "Cleanup", Time since last: 1001163209 ns, Reaching safepoint: 148333 ns, At safepoint: 2750 ns, Total: 151083 ns
[2022-09-21T08:57:39.732+0000][7][safepoint    ] Safepoint "Cleanup", Time since last: 1004422750 ns, Reaching safepoint: 108750 ns, At safepoint: 2584 ns, Total: 111334 ns
[2022-09-21T08:57:40.734+0000][7][safepoint    ] Safepoint "Cleanup", Time since last: 1001428208 ns, Reaching safepoint: 346667 ns, At safepoint: 3167 ns, Total: 349834 ns
[2022-09-21T08:57:41.736+0000][7][safepoint    ] Safepoint "Cleanup", Time since last: 1002468042 ns, Reaching safepoint: 113208 ns, At safepoint: 2792 ns, Total: 116000 ns
[2022-09-21T08:57:42.739+0000][7][safepoint    ] Safepoint "Cleanup", Time since last: 1002196084 ns, Reaching safepoint: 109333 ns, At safepoint: 2250 ns, Total: 111583 ns
[2022-09-21T08:57:43.740+0000][7][safepoint    ] Safepoint "Cleanup", Time since last: 1001282626 ns, Reaching safepoint: 179791 ns, At safepoint: 4125 ns, Total: 183916 ns
[2022-09-21T08:57:44.753+0000][7][safepoint    ] Safepoint "Cleanup", Time since last: 1012435167 ns, Reaching safepoint: 188167 ns, At safepoint: 3500 ns, Total: 191667 ns
[2022-09-21T08:57:45.754+0000][7][safepoint    ] Safepoint "Cleanup", Time since last: 1001697250 ns, Reaching safepoint: 116458 ns, At safepoint: 1250 ns, Total: 117708 ns
[2022-09-21T08:57:46.758+0000][7][safepoint    ] Safepoint "Cleanup", Time since last: 1003288626 ns, Reaching safepoint: 155708 ns, At safepoint: 2667 ns, Total: 158375 ns
[2022-09-21T08:57:47.760+0000][7][safepoint    ] Safepoint "Cleanup", Time since last: 1001526750 ns, Reaching safepoint: 191917 ns, At safepoint: 3083 ns, Total: 195000 ns
[2022-09-21T08:57:48.761+0000][7][safepoint    ] Safepoint "Cleanup", Time since last: 1001609459 ns, Reaching safepoint: 144250 ns, At safepoint: 1750 ns, Total: 146000 ns
[2022-09-21T08:57:49.763+0000][7][safepoint    ] Safepoint "Cleanup", Time since last: 1001458917 ns, Reaching safepoint: 373708 ns, At safepoint: 3334 ns, Total: 377042 ns
[2022-09-21T08:57:50.766+0000][7][safepoint    ] Safepoint "Cleanup", Time since last: 1002693875 ns, Reaching safepoint: 92542 ns, At safepoint: 2292 ns, Total: 94834 ns
[2022-09-21T08:57:51.772+0000][7][safepoint    ] Safepoint "Cleanup", Time since last: 1005835375 ns, Reaching safepoint: 119417 ns, At safepoint: 2750 ns, Total: 122167 ns
[2022-09-21T08:57:52.773+0000][7][safepoint    ] Safepoint "Cleanup", Time since last: 1001346875 ns, Reaching safepoint: 219167 ns, At safepoint: 4917 ns, Total: 224084 ns
[2022-09-21T08:57:53.777+0000][7][safepoint    ] Safepoint "Cleanup", Time since last: 1003086333 ns, Reaching safepoint: 100334 ns, At safepoint: 1791 ns, Total: 102125 ns
[2022-09-21T08:57:54.779+0000][7][safepoint    ] Safepoint "Cleanup", Time since last: 1002416043 ns, Reaching safepoint: 163375 ns, At safepoint: 2000 ns, Total: 165375 ns
[2022-09-21T08:57:55.781+0000][7][safepoint    ] Safepoint "Cleanup", Time since last: 1001603750 ns, Reaching safepoint: 173708 ns, At safepoint: 3334 ns, Total: 177042 ns
[2022-09-21T08:57:56.785+0000][7][safepoint    ] Safepoint "Cleanup", Time since last: 1003489125 ns, Reaching safepoint: 106750 ns, At safepoint: 2000 ns, Total: 108750 ns
[2022-09-21T08:57:57.788+0000][7][safepoint    ] Safepoint "Cleanup", Time since last: 1003650209 ns, Reaching safepoint: 182208 ns, At safepoint: 6209 ns, Total: 188417 ns
[2022-09-21T08:57:58.790+0000][7][safepoint    ] Safepoint "Cleanup", Time since last: 1001683250 ns, Reaching safepoint: 223958 ns, At safepoint: 2250 ns, Total: 226208 ns
[2022-09-21T08:57:59.793+0000][7][safepoint    ] Safepoint "Cleanup", Time since last: 1002292209 ns, Reaching safepoint: 110292 ns, At safepoint: 1958 ns, Total: 112250 ns
[2022-09-21T08:58:00.796+0000][7][safepoint    ] Safepoint "Cleanup", Time since last: 1002726251 ns, Reaching safepoint: 221416 ns, At safepoint: 6042 ns, Total: 227458 ns
[2022-09-21T08:58:01.807+0000][7][safepoint    ] Safepoint "Cleanup", Time since last: 1011129876 ns, Reaching safepoint: 109333 ns, At safepoint: 2333 ns, Total: 111666 ns
[2022-09-21T08:58:02.809+0000][7][safepoint    ] Safepoint "Cleanup", Time since last: 1002056376 ns, Reaching safepoint: 423541 ns, At safepoint: 3834 ns, Total: 427375 ns
[2022-09-21T08:58:03.812+0000][7][safepoint    ] Safepoint "Cleanup", Time since last: 1002497208 ns, Reaching safepoint: 144500 ns, At safepoint: 2417 ns, Total: 146917 ns
[2022-09-21T08:58:04.815+0000][7][safepoint    ] Safepoint "Cleanup", Time since last: 1002658709 ns, Reaching safepoint: 145792 ns, At safepoint: 2458 ns, Total: 148250 ns
[2022-09-21T08:58:05.816+0000][7][safepoint    ] Safepoint "Cleanup", Time since last: 1001342292 ns, Reaching safepoint: 87250 ns, At safepoint: 2250 ns, Total: 89500 ns
[2022-09-21T08:58:06.818+0000][7][safepoint    ] Safepoint "Cleanup", Time since last: 1001775001 ns, Reaching safepoint: 198625 ns, At safepoint: 3333 ns, Total: 201958 ns
[2022-09-21T08:58:07.820+0000][7][safepoint    ] Safepoint "Cleanup", Time since last: 1001481917 ns, Reaching safepoint: 181042 ns, At safepoint: 5750 ns, Total: 186792 ns
[2022-09-21T08:58:08.824+0000][7][safepoint    ] Safepoint "Cleanup", Time since last: 1003483459 ns, Reaching safepoint: 194250 ns, At safepoint: 4458 ns, Total: 198708 ns
[2022-09-21T08:58:09.831+0000][7][safepoint    ] Safepoint "Cleanup", Time since last: 1007403750 ns, Reaching safepoint: 159542 ns, At safepoint: 3083 ns, Total: 162625 ns
[2022-09-21T08:58:10.834+0000][7][safepoint    ] Safepoint "Cleanup", Time since last: 1002255126 ns, Reaching safepoint: 113167 ns, At safepoint: 2416 ns, Total: 115583 ns
[2022-09-21T08:58:11.835+0000][7][safepoint    ] Safepoint "Cleanup", Time since last: 1001420126 ns, Reaching safepoint: 384208 ns, At safepoint: 3417 ns, Total: 387625 ns
[2022-09-21T08:58:12.838+0000][7][safepoint    ] Safepoint "Cleanup", Time since last: 1002576375 ns, Reaching safepoint: 111750 ns, At safepoint: 2042 ns, Total: 113792 ns
[2022-09-21T08:58:13.840+0000][7][safepoint    ] Safepoint "Cleanup", Time since last: 1001707709 ns, Reaching safepoint: 140750 ns, At safepoint: 2708 ns, Total: 143458 ns
[2022-09-21T08:58:14.843+0000][7][safepoint    ] Safepoint "Cleanup", Time since last: 1002887042 ns, Reaching safepoint: 181875 ns, At safepoint: 3708 ns, Total: 185583 ns
[2022-09-21T08:58:15.844+0000][7][safepoint    ] Safepoint "Cleanup", Time since last: 1001571042 ns, Reaching safepoint: 109459 ns, At safepoint: 1625 ns, Total: 111084 ns
[2022-09-21T08:58:16.846+0000][7][safepoint    ] Safepoint "Cleanup", Time since last: 1001600708 ns, Reaching safepoint: 190292 ns, At safepoint: 5667 ns, Total: 195959 ns
[2022-09-21T08:58:17.848+0000][7][safepoint    ] Safepoint "Cleanup", Time since last: 1001366042 ns, Reaching safepoint: 143417 ns, At safepoint: 3291 ns, Total: 146708 ns
[2022-09-21T08:58:18.852+0000][7][safepoint    ] Safepoint "Cleanup", Time since last: 1004351251 ns, Reaching safepoint: 135541 ns, At safepoint: 3459 ns, Total: 139000 ns
[2022-09-21T08:58:19.855+0000][7][safepoint    ] Safepoint "Cleanup", Time since last: 1002109417 ns, Reaching safepoint: 364333 ns, At safepoint: 3500 ns, Total: 367833 ns
[2022-09-21T08:58:20.857+0000][7][safepoint    ] Safepoint "Cleanup", Time since last: 1002473292 ns, Reaching safepoint: 192000 ns, At safepoint: 3459 ns, Total: 195459 ns
[2022-09-21T08:58:21.859+0000][7][safepoint    ] Safepoint "Cleanup", Time since last: 1001770500 ns, Reaching safepoint: 114750 ns, At safepoint: 2250 ns, Total: 117000 ns
[2022-09-21T08:58:22.869+0000][7][safepoint    ] Safepoint "Cleanup", Time since last: 1002288084 ns, Reaching safepoint: 7043292 ns, At safepoint: 12791 ns, Total: 7056083 ns
[2022-09-21T08:58:23.897+0000][7][safepoint    ] Safepoint "Cleanup", Time since last: 1027477209 ns, Reaching safepoint: 412708 ns, At safepoint: 5500 ns, Total: 418208 ns
[2022-09-21T08:58:24.900+0000][7][safepoint    ] Safepoint "Cleanup", Time since last: 1002973626 ns, Reaching safepoint: 102125 ns, At safepoint: 2167 ns, Total: 104292 ns
[2022-09-21T08:58:25.904+0000][7][safepoint    ] Safepoint "Cleanup", Time since last: 1004430375 ns, Reaching safepoint: 107292 ns, At safepoint: 1625 ns, Total: 108917 ns
[2022-09-21T08:58:26.908+0000][7][safepoint    ] Safepoint "Cleanup", Time since last: 1003725542 ns, Reaching safepoint: 126333 ns, At safepoint: 7167 ns, Total: 133500 ns
[2022-09-21T08:58:27.910+0000][7][safepoint    ] Safepoint "Cleanup", Time since last: 1001413042 ns, Reaching safepoint: 120833 ns, At safepoint: 2375 ns, Total: 123208 ns
[2022-09-21T08:58:28.915+0000][7][safepoint    ] Safepoint "Cleanup", Time since last: 1005496542 ns, Reaching safepoint: 131167 ns, At safepoint: 3417 ns, Total: 134584 ns
[2022-09-21T08:58:29.917+0000][7][safepoint    ] Safepoint "Cleanup", Time since last: 1001508667 ns, Reaching safepoint: 166417 ns, At safepoint: 1916 ns, Total: 168333 ns
[2022-09-21T08:58:30.920+0000][7][safepoint    ] Safepoint "Cleanup", Time since last: 1002722376 ns, Reaching safepoint: 219416 ns, At safepoint: 6209 ns, Total: 225625 ns
[2022-09-21T08:58:32.285+0000][7][safepoint    ] Safepoint "Cleanup", Time since last: 1364879459 ns, Reaching safepoint: 157333 ns, At safepoint: 3417 ns, Total: 160750 ns
[2022-09-21T08:58:33.138+0000][7][safepoint    ] Safepoint "BulkRevokeBias", Time since last: 852382417 ns, Reaching safepoint: 365500 ns, At safepoint: 133458 ns, Total: 498958 ns
[2022-09-21T08:58:33.389+0000][7][safepoint    ] Safepoint "ICBufferFull", Time since last: 250537084 ns, Reaching safepoint: 239166 ns, At safepoint: 3959 ns, Total: 243125 ns
[2022-09-21T08:58:33.421+0000][7][safepoint    ] Safepoint "BulkRevokeBias", Time since last: 31972166 ns, Reaching safepoint: 106709 ns, At safepoint: 92041 ns, Total: 198750 ns
[2022-09-21T08:58:37.118+0000][7][safepoint    ] Safepoint "Cleanup", Time since last: 3696962335 ns, Reaching safepoint: 211667 ns, At safepoint: 7333 ns, Total: 219000 ns
[2022-09-21T08:58:37.297+0000][7][safepoint    ] Safepoint "BulkRevokeBias", Time since last: 179003834 ns, Reaching safepoint: 232791 ns, At safepoint: 102875 ns, Total: 335666 ns
[2022-09-21T08:58:38.337+0000][7][safepoint    ] Safepoint "Cleanup", Time since last: 1039100543 ns, Reaching safepoint: 385375 ns, At safepoint: 2458 ns, Total: 387833 ns
[2022-09-21T08:58:41.052+0000][7][safepoint    ] Safepoint "Cleanup", Time since last: 2715060501 ns, Reaching safepoint: 176417 ns, At safepoint: 3583 ns, Total: 180000 ns
[2022-09-21T08:58:42.055+0000][7][safepoint    ] Safepoint "Cleanup", Time since last: 1001831834 ns, Reaching safepoint: 903000 ns, At safepoint: 24708 ns, Total: 927708 ns
[2022-09-21T08:58:43.553+0000][7][safepoint    ] Safepoint "Cleanup", Time since last: 1497879168 ns, Reaching safepoint: 766291 ns, At safepoint: 5209 ns, Total: 771500 ns
[2022-09-21T08:58:44.559+0000][7][safepoint    ] Safepoint "Cleanup", Time since last: 1005911375 ns, Reaching safepoint: 183000 ns, At safepoint: 3000 ns, Total: 186000 ns
[2022-09-21T08:58:45.058+0000][7][gc,start     ] GC(17) Pause Young (Normal) (G1 Evacuation Pause)
[2022-09-21T08:58:45.059+0000][7][gc,task      ] GC(17) Using 4 workers of 4 for evacuation
[2022-09-21T08:58:45.060+0000][7][gc,age       ] GC(17) Desired survivor size 19922944 bytes, new threshold 3 (max threshold 15)
[2022-09-21T08:58:45.138+0000][7][gc,age       ] GC(17) Age table with threshold 3 (max threshold 15)
[2022-09-21T08:58:45.144+0000][7][gc,age       ] GC(17) - age   1:    5221376 bytes,    5221376 total
[2022-09-21T08:58:45.147+0000][7][gc,age       ] GC(17) - age   2:    5656560 bytes,   10877936 total
[2022-09-21T08:58:45.148+0000][7][gc,age       ] GC(17) - age   3:   10689440 bytes,   21567376 total
[2022-09-21T08:58:45.148+0000][7][gc,phases    ] GC(17)   Pre Evacuate Collection Set: 0.4ms
[2022-09-21T08:58:45.150+0000][7][gc,phases    ] GC(17)   Merge Heap Roots: 0.2ms
[2022-09-21T08:58:45.151+0000][7][gc,phases    ] GC(17)   Evacuate Collection Set: 67.5ms
[2022-09-21T08:58:45.151+0000][7][gc,phases    ] GC(17)   Post Evacuate Collection Set: 5.4ms
[2022-09-21T08:58:45.152+0000][7][gc,phases    ] GC(17)   Other: 17.4ms
[2022-09-21T08:58:45.152+0000][7][gc,heap      ] GC(17) Eden regions: 278->0(277)
[2022-09-21T08:58:45.153+0000][7][gc,heap      ] GC(17) Survivor regions: 21->22(38)
[2022-09-21T08:58:45.154+0000][7][gc,heap      ] GC(17) Old regions: 46->50
[2022-09-21T08:58:45.155+0000][7][gc,heap      ] GC(17) Archive regions: 0->0
[2022-09-21T08:58:45.156+0000][7][gc,heap      ] GC(17) Humongous regions: 7->7
[2022-09-21T08:58:45.158+0000][7][gc,metaspace ] GC(17) Metaspace: 100216K(107804K)->100216K(107804K) NonClass: 87001K(91568K)->87001K(91568K) Class: 13214K(16236K)->13214K(16236K)
[2022-09-21T08:58:45.159+0000][7][gc           ] GC(17) Pause Young (Normal) (G1 Evacuation Pause) 350M->77M(512M) 101.280ms
[2022-09-21T08:58:45.160+0000][7][gc,cpu       ] GC(17) User=0.22s Sys=0.00s Real=0.10s
[2022-09-21T08:58:45.161+0000][7][safepoint    ] Safepoint "G1CollectForAllocation", Time since last: 498348833 ns, Reaching safepoint: 120667 ns, At safepoint: 103562167 ns, Total: 103682834 ns
[2022-09-21T08:58:46.173+0000][7][safepoint    ] Safepoint "Cleanup", Time since last: 1011595833 ns, Reaching safepoint: 207709 ns, At safepoint: 4375 ns, Total: 212084 ns
[2022-09-21T08:58:46.753+0000][7][safepoint    ] Safepoint "BulkRevokeBias", Time since last: 579607042 ns, Reaching safepoint: 342166 ns, At safepoint: 130375 ns, Total: 472541 ns
[2022-09-21T08:58:47.755+0000][7][safepoint    ] Safepoint "Cleanup", Time since last: 1002034543 ns, Reaching safepoint: 130125 ns, At safepoint: 4541 ns, Total: 134666 ns
[2022-09-21T08:58:49.444+0000][7][safepoint    ] Safepoint "Cleanup", Time since last: 1688671626 ns, Reaching safepoint: 271708 ns, At safepoint: 3125 ns, Total: 274833 ns
[2022-09-21T08:58:49.653+0000][7][safepoint    ] Safepoint "BulkRevokeBias", Time since last: 208623584 ns, Reaching safepoint: 152125 ns, At safepoint: 335208 ns, Total: 487333 ns
[2022-09-21T08:58:50.735+0000][7][safepoint    ] Safepoint "Cleanup", Time since last: 1081933376 ns, Reaching safepoint: 244500 ns, At safepoint: 3000 ns, Total: 247500 ns
[2022-09-21T08:58:51.738+0000][7][safepoint    ] Safepoint "Cleanup", Time since last: 1001981708 ns, Reaching safepoint: 465625 ns, At safepoint: 5917 ns, Total: 471542 ns
[2022-09-21T08:58:52.947+0000][7][safepoint    ] Safepoint "Cleanup", Time since last: 1209289584 ns, Reaching safepoint: 146000 ns, At safepoint: 2958 ns, Total: 148958 ns
[2022-09-21T08:58:53.050+0000][7][safepoint    ] Safepoint "BulkRevokeBias", Time since last: 100849959 ns, Reaching safepoint: 2238250 ns, At safepoint: 122458 ns, Total: 2360708 ns
[2022-09-21T08:58:53.193+0000][7][safepoint    ] Safepoint "BulkRevokeBias", Time since last: 142003375 ns, Reaching safepoint: 278958 ns, At safepoint: 123209 ns, Total: 402167 ns
[2022-09-21T08:58:54.237+0000][7][safepoint    ] Safepoint "Cleanup", Time since last: 1044019625 ns, Reaching safepoint: 473334 ns, At safepoint: 7791 ns, Total: 481125 ns
[2022-09-21T08:58:54.424+0000][7][safepoint    ] Safepoint "BulkRevokeBias", Time since last: 185914417 ns, Reaching safepoint: 143708 ns, At safepoint: 187084 ns, Total: 330792 ns
[2022-09-21T08:58:55.429+0000][7][safepoint    ] Safepoint "Cleanup", Time since last: 1004462500 ns, Reaching safepoint: 774875 ns, At safepoint: 32625 ns, Total: 807500 ns
[2022-09-21T08:58:56.603+0000][7][safepoint    ] Safepoint "Cleanup", Time since last: 1173325959 ns, Reaching safepoint: 699292 ns, At safepoint: 9833 ns, Total: 709125 ns
[2022-09-21T08:58:57.607+0000][7][safepoint    ] Safepoint "Cleanup", Time since last: 1003921084 ns, Reaching safepoint: 417708 ns, At safepoint: 8917 ns, Total: 426625 ns
[2022-09-21T08:58:59.598+0000][7][safepoint    ] Safepoint "Cleanup", Time since last: 1989650876 ns, Reaching safepoint: 1102166 ns, At safepoint: 10709 ns, Total: 1112875 ns
[2022-09-21T08:59:00.607+0000][7][safepoint    ] Safepoint "Cleanup", Time since last: 1008241959 ns, Reaching safepoint: 631041 ns, At safepoint: 9042 ns, Total: 640083 ns
[2022-09-21T08:59:02.610+0000][7][safepoint    ] Safepoint "Cleanup", Time since last: 2003145334 ns, Reaching safepoint: 456334 ns, At safepoint: 7916 ns, Total: 464250 ns
[2022-09-21T08:59:03.614+0000][7][safepoint    ] Safepoint "Cleanup", Time since last: 1003439459 ns, Reaching safepoint: 227500 ns, At safepoint: 3417 ns, Total: 230917 ns
[2022-09-21T08:59:04.617+0000][7][safepoint    ] Safepoint "Cleanup", Time since last: 1002453084 ns, Reaching safepoint: 554958 ns, At safepoint: 15458 ns, Total: 570416 ns
[2022-09-21T08:59:05.637+0000][7][safepoint    ] Safepoint "Cleanup", Time since last: 1019424834 ns, Reaching safepoint: 405625 ns, At safepoint: 7417 ns, Total: 413042 ns
[2022-09-21T08:59:06.645+0000][7][safepoint    ] Safepoint "Cleanup", Time since last: 1006477959 ns, Reaching safepoint: 1130833 ns, At safepoint: 7917 ns, Total: 1138750 ns
[2022-09-21T08:59:08.617+0000][7][safepoint    ] Safepoint "Cleanup", Time since last: 1971931584 ns, Reaching safepoint: 706708 ns, At safepoint: 12333 ns, Total: 719041 ns
[2022-09-21T08:59:09.625+0000][7][safepoint    ] Safepoint "Cleanup", Time since last: 1007348709 ns, Reaching safepoint: 398042 ns, At safepoint: 7792 ns, Total: 405834 ns
[2022-09-21T08:59:11.617+0000][7][safepoint    ] Safepoint "Cleanup", Time since last: 1991881917 ns, Reaching safepoint: 523250 ns, At safepoint: 11084 ns, Total: 534334 ns
[2022-09-21T08:59:12.622+0000][7][safepoint    ] Safepoint "Cleanup", Time since last: 1003221292 ns, Reaching safepoint: 1128833 ns, At safepoint: 6583 ns, Total: 1135416 ns
[2022-09-21T08:59:13.612+0000][7][safepoint    ] Safepoint "BulkRevokeBias", Time since last: 989150751 ns, Reaching safepoint: 123292 ns, At safepoint: 709916 ns, Total: 833208 ns
[2022-09-21T08:59:14.615+0000][7][safepoint    ] Safepoint "Cleanup", Time since last: 1002886792 ns, Reaching safepoint: 419584 ns, At safepoint: 45333 ns, Total: 464917 ns
[2022-09-21T08:59:15.623+0000][7][safepoint    ] Safepoint "Cleanup", Time since last: 1006723125 ns, Reaching safepoint: 540083 ns, At safepoint: 9625 ns, Total: 549708 ns
[2022-09-21T08:59:16.626+0000][7][safepoint    ] Safepoint "Cleanup", Time since last: 1003073126 ns, Reaching safepoint: 193375 ns, At safepoint: 2833 ns, Total: 196208 ns
[2022-09-21T08:59:17.633+0000][7][safepoint    ] Safepoint "Cleanup", Time since last: 1006629125 ns, Reaching safepoint: 606792 ns, At safepoint: 8500 ns, Total: 615292 ns
[2022-09-21T08:59:18.648+0000][7][safepoint    ] Safepoint "Cleanup", Time since last: 1014295084 ns, Reaching safepoint: 175042 ns, At safepoint: 3041 ns, Total: 178083 ns
[2022-09-21T08:59:19.649+0000][7][safepoint    ] Safepoint "Cleanup", Time since last: 1001403167 ns, Reaching safepoint: 156750 ns, At safepoint: 3000 ns, Total: 159750 ns
[2022-09-21T08:59:20.657+0000][7][safepoint    ] Safepoint "Cleanup", Time since last: 1003876876 ns, Reaching safepoint: 3477583 ns, At safepoint: 582750 ns, Total: 4060333 ns
[2022-09-21T08:59:21.661+0000][7][safepoint    ] Safepoint "Cleanup", Time since last: 1003942376 ns, Reaching safepoint: 433625 ns, At safepoint: 6375 ns, Total: 440000 ns
[2022-09-21T08:59:22.665+0000][7][safepoint    ] Safepoint "Cleanup", Time since last: 1003065209 ns, Reaching safepoint: 115708 ns, At safepoint: 2417 ns, Total: 118125 ns
[2022-09-21T08:59:23.670+0000][7][safepoint    ] Safepoint "Cleanup", Time since last: 1004739667 ns, Reaching safepoint: 952583 ns, At safepoint: 7958 ns, Total: 960541 ns
[2022-09-21T08:59:24.676+0000][7][safepoint    ] Safepoint "Cleanup", Time since last: 1005476209 ns, Reaching safepoint: 254958 ns, At safepoint: 5042 ns, Total: 260000 ns
[2022-09-21T08:59:25.679+0000][7][safepoint    ] Safepoint "Cleanup", Time since last: 1002544834 ns, Reaching safepoint: 224333 ns, At safepoint: 2875 ns, Total: 227208 ns
[2022-09-21T08:59:26.681+0000][7][safepoint    ] Safepoint "Cleanup", Time since last: 1002006001 ns, Reaching safepoint: 287291 ns, At safepoint: 5500 ns, Total: 292791 ns
[2022-09-21T08:59:27.690+0000][7][safepoint    ] Safepoint "Cleanup", Time since last: 1008363168 ns, Reaching safepoint: 310541 ns, At safepoint: 4500 ns, Total: 315041 ns
[2022-09-21T08:59:28.693+0000][7][safepoint    ] Safepoint "Cleanup", Time since last: 1002431542 ns, Reaching safepoint: 869500 ns, At safepoint: 7584 ns, Total: 877084 ns
[2022-09-21T08:59:29.695+0000][7][safepoint    ] Safepoint "Cleanup", Time since last: 1001575459 ns, Reaching safepoint: 477083 ns, At safepoint: 6750 ns, Total: 483833 ns
[2022-09-21T08:59:30.700+0000][7][safepoint    ] Safepoint "Cleanup", Time since last: 1004827000 ns, Reaching safepoint: 299542 ns, At safepoint: 5000 ns, Total: 304542 ns
[2022-09-21T08:59:30.951+0000][7][safepoint    ] Safepoint "BulkRevokeBias", Time since last: 250695667 ns, Reaching safepoint: 172541 ns, At safepoint: 122500 ns, Total: 295041 ns
[2022-09-21T08:59:31.283+0000][7][safepoint    ] Safepoint "ICBufferFull", Time since last: 331828584 ns, Reaching safepoint: 214500 ns, At safepoint: 71125 ns, Total: 285625 ns
[2022-09-21T08:59:33.123+0000][7][safepoint    ] Safepoint "Cleanup", Time since last: 1838285126 ns, Reaching safepoint: 1308458 ns, At safepoint: 11333 ns, Total: 1319791 ns
[2022-09-21T08:59:34.130+0000][7][safepoint    ] Safepoint "Cleanup", Time since last: 1005509959 ns, Reaching safepoint: 964167 ns, At safepoint: 28833 ns, Total: 993000 ns
[2022-09-21T08:59:35.138+0000][7][safepoint    ] Safepoint "Cleanup", Time since last: 1008390667 ns, Reaching safepoint: 397375 ns, At safepoint: 6167 ns, Total: 403542 ns
[2022-09-21T08:59:36.143+0000][7][safepoint    ] Safepoint "Cleanup", Time since last: 1004122751 ns, Reaching safepoint: 847625 ns, At safepoint: 11375 ns, Total: 859000 ns
[2022-09-21T08:59:37.153+0000][7][safepoint    ] Safepoint "Cleanup", Time since last: 1009559000 ns, Reaching safepoint: 467542 ns, At safepoint: 9375 ns, Total: 476917 ns
[2022-09-21T08:59:37.784+0000][7][safepoint    ] Safepoint "BulkRevokeBias", Time since last: 630630458 ns, Reaching safepoint: 189084 ns, At safepoint: 159541 ns, Total: 348625 ns
[2022-09-21T08:59:37.833+0000][7][safepoint    ] Safepoint "BulkRevokeBias", Time since last: 48024917 ns, Reaching safepoint: 128208 ns, At safepoint: 132375 ns, Total: 260583 ns
[2022-09-21T08:59:38.894+0000][7][safepoint    ] Safepoint "Cleanup", Time since last: 1061424793 ns, Reaching safepoint: 164875 ns, At safepoint: 3166 ns, Total: 168041 ns
[2022-09-21T08:59:39.897+0000][7][safepoint    ] Safepoint "Cleanup", Time since last: 1002317459 ns, Reaching safepoint: 344542 ns, At safepoint: 5375 ns, Total: 349917 ns
[2022-09-21T08:59:40.901+0000][7][safepoint    ] Safepoint "Cleanup", Time since last: 1004049750 ns, Reaching safepoint: 188084 ns, At safepoint: 3000 ns, Total: 191084 ns
[2022-09-21T08:59:41.904+0000][7][safepoint    ] Safepoint "Cleanup", Time since last: 1002920917 ns, Reaching safepoint: 386500 ns, At safepoint: 6250 ns, Total: 392750 ns
[2022-09-21T08:59:42.912+0000][7][safepoint    ] Safepoint "Cleanup", Time since last: 1006999917 ns, Reaching safepoint: 556000 ns, At safepoint: 8750 ns, Total: 564750 ns
[2022-09-21T08:59:43.918+0000][7][safepoint    ] Safepoint "Cleanup", Time since last: 1005942542 ns, Reaching safepoint: 217708 ns, At safepoint: 3042 ns, Total: 220750 ns
[2022-09-21T08:59:44.921+0000][7][safepoint    ] Safepoint "Cleanup", Time since last: 1002720500 ns, Reaching safepoint: 426250 ns, At safepoint: 9750 ns, Total: 436000 ns
[2022-09-21T08:59:45.930+0000][7][safepoint    ] Safepoint "Cleanup", Time since last: 1007231375 ns, Reaching safepoint: 497917 ns, At safepoint: 6000 ns, Total: 503917 ns
[2022-09-21T08:59:46.944+0000][7][safepoint    ] Safepoint "Cleanup", Time since last: 1013418292 ns, Reaching safepoint: 545291 ns, At safepoint: 7334 ns, Total: 552625 ns
[2022-09-21T08:59:47.950+0000][7][safepoint    ] Safepoint "Cleanup", Time since last: 1005852125 ns, Reaching safepoint: 373459 ns, At safepoint: 4833 ns, Total: 378292 ns
[2022-09-21T08:59:48.964+0000][7][safepoint    ] Safepoint "Cleanup", Time since last: 1013118709 ns, Reaching safepoint: 267208 ns, At safepoint: 5208 ns, Total: 272416 ns
[2022-09-21T08:59:49.968+0000][7][safepoint    ] Safepoint "Cleanup", Time since last: 1003384501 ns, Reaching safepoint: 465458 ns, At safepoint: 6250 ns, Total: 471708 ns
[2022-09-21T08:59:50.981+0000][7][safepoint    ] Safepoint "Cleanup", Time since last: 1013138667 ns, Reaching safepoint: 452042 ns, At safepoint: 6750 ns, Total: 458792 ns
[2022-09-21T08:59:51.988+0000][7][safepoint    ] Safepoint "Cleanup", Time since last: 1006059251 ns, Reaching safepoint: 384541 ns, At safepoint: 6167 ns, Total: 390708 ns
[2022-09-21T08:59:52.993+0000][7][safepoint    ] Safepoint "Cleanup", Time since last: 1005251750 ns, Reaching safepoint: 546667 ns, At safepoint: 11833 ns, Total: 558500 ns
[2022-09-21T08:59:53.998+0000][7][safepoint    ] Safepoint "Cleanup", Time since last: 1004481292 ns, Reaching safepoint: 371042 ns, At safepoint: 6667 ns, Total: 377709 ns
[2022-09-21T08:59:55.004+0000][7][safepoint    ] Safepoint "Cleanup", Time since last: 1005268334 ns, Reaching safepoint: 557208 ns, At safepoint: 5792 ns, Total: 563000 ns
[2022-09-21T08:59:56.010+0000][7][safepoint    ] Safepoint "Cleanup", Time since last: 1004450042 ns, Reaching safepoint: 1799916 ns, At safepoint: 14667 ns, Total: 1814583 ns
[2022-09-21T08:59:57.019+0000][7][safepoint    ] Safepoint "Cleanup", Time since last: 1008199334 ns, Reaching safepoint: 540542 ns, At safepoint: 7083 ns, Total: 547625 ns
[2022-09-21T08:59:58.027+0000][7][safepoint    ] Safepoint "Cleanup", Time since last: 1007711542 ns, Reaching safepoint: 267417 ns, At safepoint: 4083 ns, Total: 271500 ns
[2022-09-21T08:59:59.032+0000][7][safepoint    ] Safepoint "Cleanup", Time since last: 1004190001 ns, Reaching safepoint: 377291 ns, At safepoint: 6042 ns, Total: 383333 ns
[2022-09-21T09:00:00.036+0000][7][safepoint    ] Safepoint "Cleanup", Time since last: 1004171834 ns, Reaching safepoint: 239708 ns, At safepoint: 4042 ns, Total: 243750 ns
[2022-09-21T09:00:01.961+0000][7][safepoint    ] Safepoint "Cleanup", Time since last: 1924474709 ns, Reaching safepoint: 591708 ns, At safepoint: 9667 ns, Total: 601375 ns
[2022-09-21T09:00:02.971+0000][7][safepoint    ] Safepoint "Cleanup", Time since last: 1005140000 ns, Reaching safepoint: 4274625 ns, At safepoint: 20750 ns, Total: 4295375 ns
[2022-09-21T09:00:03.978+0000][7][safepoint    ] Safepoint "Cleanup", Time since last: 1006302126 ns, Reaching safepoint: 655583 ns, At safepoint: 6542 ns, Total: 662125 ns
[2022-09-21T09:00:04.984+0000][7][safepoint    ] Safepoint "Cleanup", Time since last: 1005789417 ns, Reaching safepoint: 451667 ns, At safepoint: 6583 ns, Total: 458250 ns
[2022-09-21T09:00:06.028+0000][7][safepoint    ] Safepoint "Cleanup", Time since last: 1043383459 ns, Reaching safepoint: 330542 ns, At safepoint: 56833 ns, Total: 387375 ns
[2022-09-21T09:00:07.080+0000][7][safepoint    ] Safepoint "Cleanup", Time since last: 1051708500 ns, Reaching safepoint: 586834 ns, At safepoint: 8791 ns, Total: 595625 ns
[2022-09-21T09:00:08.818+0000][7][safepoint    ] Safepoint "Cleanup", Time since last: 1737178043 ns, Reaching safepoint: 571125 ns, At safepoint: 6917 ns, Total: 578042 ns
[2022-09-21T09:00:09.820+0000][7][safepoint    ] Safepoint "Cleanup", Time since last: 1002586583 ns, Reaching safepoint: 181292 ns, At safepoint: 3000 ns, Total: 184292 ns
[2022-09-21T09:00:10.823+0000][7][safepoint    ] Safepoint "Cleanup", Time since last: 1002301750 ns, Reaching safepoint: 610459 ns, At safepoint: 12000 ns, Total: 622459 ns
[2022-09-21T09:00:11.830+0000][7][safepoint    ] Safepoint "Cleanup", Time since last: 1005418667 ns, Reaching safepoint: 900792 ns, At safepoint: 25708 ns, Total: 926500 ns
[2022-09-21T09:00:12.834+0000][7][safepoint    ] Safepoint "Cleanup", Time since last: 1003691792 ns, Reaching safepoint: 658417 ns, At safepoint: 62333 ns, Total: 720750 ns
[2022-09-21T09:00:13.836+0000][7][safepoint    ] Safepoint "Cleanup", Time since last: 1001820751 ns, Reaching safepoint: 201833 ns, At safepoint: 3042 ns, Total: 204875 ns
[2022-09-21T09:00:14.840+0000][7][safepoint    ] Safepoint "Cleanup", Time since last: 1002723917 ns, Reaching safepoint: 612416 ns, At safepoint: 8792 ns, Total: 621208 ns
[2022-09-21T09:00:16.680+0000][7][safepoint    ] Safepoint "Cleanup", Time since last: 1842048167 ns, Reaching safepoint: 185917 ns, At safepoint: 64458 ns, Total: 250375 ns
[2022-09-21T09:00:17.683+0000][7][safepoint    ] Safepoint "Cleanup", Time since last: 1003026792 ns, Reaching safepoint: 246125 ns, At safepoint: 6208 ns, Total: 252333 ns
[2022-09-21T09:00:18.693+0000][7][safepoint    ] Safepoint "Cleanup", Time since last: 1009845626 ns, Reaching safepoint: 454625 ns, At safepoint: 6417 ns, Total: 461042 ns
[2022-09-21T09:00:19.697+0000][7][safepoint    ] Safepoint "Cleanup", Time since last: 1003122542 ns, Reaching safepoint: 125125 ns, At safepoint: 3250 ns, Total: 128375 ns
[2022-09-21T09:00:20.700+0000][7][safepoint    ] Safepoint "Cleanup", Time since last: 1001733417 ns, Reaching safepoint: 1375458 ns, At safepoint: 7709 ns, Total: 1383167 ns
[2022-09-21T09:00:21.726+0000][7][safepoint    ] Safepoint "Cleanup", Time since last: 1025194083 ns, Reaching safepoint: 457000 ns, At safepoint: 7709 ns, Total: 464709 ns
[2022-09-21T09:00:22.733+0000][7][safepoint    ] Safepoint "Cleanup", Time since last: 1006880625 ns, Reaching safepoint: 242875 ns, At safepoint: 2792 ns, Total: 245667 ns
[2022-09-21T09:00:24.468+0000][7][safepoint    ] Safepoint "Cleanup", Time since last: 1734698459 ns, Reaching safepoint: 599083 ns, At safepoint: 27167 ns, Total: 626250 ns
[2022-09-21T09:00:24.937+0000][7][safepoint    ] Safepoint "BulkRevokeBias", Time since last: 466728542 ns, Reaching safepoint: 305042 ns, At safepoint: 1553916 ns, Total: 1858958 ns
[2022-09-21T09:00:25.947+0000][7][safepoint    ] Safepoint "Cleanup", Time since last: 1009783876 ns, Reaching safepoint: 794541 ns, At safepoint: 7959 ns, Total: 802500 ns
[2022-09-21T09:00:26.952+0000][7][safepoint    ] Safepoint "Cleanup", Time since last: 1004611125 ns, Reaching safepoint: 382625 ns, At safepoint: 7417 ns, Total: 390042 ns
[2022-09-21T09:00:27.962+0000][7][safepoint    ] Safepoint "Cleanup", Time since last: 1007122250 ns, Reaching safepoint: 2928375 ns, At safepoint: 17250 ns, Total: 2945625 ns
[2022-09-21T09:00:28.970+0000][7][safepoint    ] Safepoint "Cleanup", Time since last: 1006938918 ns, Reaching safepoint: 471333 ns, At safepoint: 6542 ns, Total: 477875 ns
[2022-09-21T09:00:29.977+0000][7][safepoint    ] Safepoint "Cleanup", Time since last: 1007420958 ns, Reaching safepoint: 197375 ns, At safepoint: 3584 ns, Total: 200959 ns
[2022-09-21T09:00:30.979+0000][7][safepoint    ] Safepoint "Cleanup", Time since last: 1001371083 ns, Reaching safepoint: 124209 ns, At safepoint: 2333 ns, Total: 126542 ns
[2022-09-21T09:00:32.046+0000][7][safepoint    ] Safepoint "Cleanup", Time since last: 1067268626 ns, Reaching safepoint: 458208 ns, At safepoint: 7667 ns, Total: 465875 ns
[2022-09-21T09:00:33.050+0000][7][safepoint    ] Safepoint "Cleanup", Time since last: 1003161542 ns, Reaching safepoint: 86708 ns, At safepoint: 1583 ns, Total: 88291 ns
[2022-09-21T09:00:34.052+0000][7][safepoint    ] Safepoint "Cleanup", Time since last: 1001440584 ns, Reaching safepoint: 574667 ns, At safepoint: 6375 ns, Total: 581042 ns
[2022-09-21T09:00:35.058+0000][7][safepoint    ] Safepoint "Cleanup", Time since last: 1005602584 ns, Reaching safepoint: 432625 ns, At safepoint: 8125 ns, Total: 440750 ns
[2022-09-21T09:00:36.072+0000][7][safepoint    ] Safepoint "Cleanup", Time since last: 1013738917 ns, Reaching safepoint: 285083 ns, At safepoint: 4417 ns, Total: 289500 ns
[2022-09-21T09:00:37.075+0000][7][safepoint    ] Safepoint "Cleanup", Time since last: 1003156709 ns, Reaching safepoint: 446583 ns, At safepoint: 27125 ns, Total: 473708 ns
[2022-09-21T09:00:38.080+0000][7][safepoint    ] Safepoint "Cleanup", Time since last: 1004297834 ns, Reaching safepoint: 552958 ns, At safepoint: 6959 ns, Total: 559917 ns
[2022-09-21T09:00:39.094+0000][7][safepoint    ] Safepoint "Cleanup", Time since last: 1013096417 ns, Reaching safepoint: 197291 ns, At safepoint: 3584 ns, Total: 200875 ns
[2022-09-21T09:00:40.098+0000][7][safepoint    ] Safepoint "Cleanup", Time since last: 1003152333 ns, Reaching safepoint: 951500 ns, At safepoint: 12542 ns, Total: 964042 ns
[2022-09-21T09:00:41.105+0000][7][safepoint    ] Safepoint "Cleanup", Time since last: 1006523417 ns, Reaching safepoint: 264042 ns, At safepoint: 4958 ns, Total: 269000 ns
[2022-09-21T09:00:42.108+0000][7][safepoint    ] Safepoint "Cleanup", Time since last: 1003235209 ns, Reaching safepoint: 484500 ns, At safepoint: 6125 ns, Total: 490625 ns
[2022-09-21T09:00:43.113+0000][7][safepoint    ] Safepoint "Cleanup", Time since last: 1004096959 ns, Reaching safepoint: 219792 ns, At safepoint: 3166 ns, Total: 222958 ns
[2022-09-21T09:00:44.115+0000][7][safepoint    ] Safepoint "Cleanup", Time since last: 1001843792 ns, Reaching safepoint: 456834 ns, At safepoint: 5541 ns, Total: 462375 ns
[2022-09-21T09:00:45.120+0000][7][safepoint    ] Safepoint "Cleanup", Time since last: 1004373292 ns, Reaching safepoint: 375209 ns, At safepoint: 6291 ns, Total: 381500 ns
[2022-09-21T09:00:46.124+0000][7][safepoint    ] Safepoint "Cleanup", Time since last: 1004242584 ns, Reaching safepoint: 297583 ns, At safepoint: 4125 ns, Total: 301708 ns
[2022-09-21T09:00:47.127+0000][7][safepoint    ] Safepoint "Cleanup", Time since last: 1002470293 ns, Reaching safepoint: 425291 ns, At safepoint: 5584 ns, Total: 430875 ns
[2022-09-21T09:00:47.366+0000][7][gc,start     ] GC(18) Pause Young (Normal) (G1 Evacuation Pause)
[2022-09-21T09:00:47.368+0000][7][gc,task      ] GC(18) Using 4 workers of 4 for evacuation
[2022-09-21T09:00:47.372+0000][7][gc,age       ] GC(18) Desired survivor size 19922944 bytes, new threshold 3 (max threshold 15)
[2022-09-21T09:00:47.425+0000][7][gc,age       ] GC(18) Age table with threshold 3 (max threshold 15)
[2022-09-21T09:00:47.427+0000][7][gc,age       ] GC(18) - age   1:    2265504 bytes,    2265504 total
[2022-09-21T09:00:47.428+0000][7][gc,age       ] GC(18) - age   2:    4907216 bytes,    7172720 total
[2022-09-21T09:00:47.429+0000][7][gc,age       ] GC(18) - age   3:    5514496 bytes,   12687216 total
[2022-09-21T09:00:47.430+0000][7][gc,phases    ] GC(18)   Pre Evacuate Collection Set: 1.0ms
[2022-09-21T09:00:47.431+0000][7][gc,phases    ] GC(18)   Merge Heap Roots: 0.5ms
[2022-09-21T09:00:47.432+0000][7][gc,phases    ] GC(18)   Evacuate Collection Set: 45.4ms
[2022-09-21T09:00:47.432+0000][7][gc,phases    ] GC(18)   Post Evacuate Collection Set: 2.4ms
[2022-09-21T09:00:47.433+0000][7][gc,phases    ] GC(18)   Other: 14.3ms
[2022-09-21T09:00:47.434+0000][7][gc,heap      ] GC(18) Eden regions: 277->0(280)
[2022-09-21T09:00:47.434+0000][7][gc,heap      ] GC(18) Survivor regions: 22->13(38)
[2022-09-21T09:00:47.435+0000][7][gc,heap      ] GC(18) Old regions: 50->60
[2022-09-21T09:00:47.435+0000][7][gc,heap      ] GC(18) Archive regions: 0->0
[2022-09-21T09:00:47.436+0000][7][gc,heap      ] GC(18) Humongous regions: 7->7
[2022-09-21T09:00:47.436+0000][7][gc,metaspace ] GC(18) Metaspace: 103568K(111388K)->103568K(111388K) NonClass: 90007K(94640K)->90007K(94640K) Class: 13561K(16748K)->13561K(16748K)
[2022-09-21T09:00:47.437+0000][7][gc           ] GC(18) Pause Young (Normal) (G1 Evacuation Pause) 354M->79M(512M) 70.661ms
[2022-09-21T09:00:47.438+0000][7][gc,cpu       ] GC(18) User=0.18s Sys=0.01s Real=0.08s
[2022-09-21T09:00:47.438+0000][7][safepoint    ] Safepoint "G1CollectForAllocation", Time since last: 238643833 ns, Reaching safepoint: 284958 ns, At safepoint: 72140542 ns, Total: 72425500 ns
[2022-09-21T09:00:48.441+0000][7][safepoint    ] Safepoint "Cleanup", Time since last: 1000926584 ns, Reaching safepoint: 1989375 ns, At safepoint: 21291 ns, Total: 2010666 ns
[2022-09-21T09:00:49.447+0000][7][safepoint    ] Safepoint "Cleanup", Time since last: 1005514376 ns, Reaching safepoint: 607292 ns, At safepoint: 27666 ns, Total: 634958 ns
[2022-09-21T09:00:50.715+0000][7][safepoint    ] Safepoint "Cleanup", Time since last: 1266866876 ns, Reaching safepoint: 437625 ns, At safepoint: 7667 ns, Total: 445292 ns
[2022-09-21T09:00:51.719+0000][7][safepoint    ] Safepoint "Cleanup", Time since last: 1003835375 ns, Reaching safepoint: 561458 ns, At safepoint: 11667 ns, Total: 573125 ns
[2022-09-21T09:00:52.724+0000][7][safepoint    ] Safepoint "Cleanup", Time since last: 1004893876 ns, Reaching safepoint: 157916 ns, At safepoint: 3084 ns, Total: 161000 ns
[2022-09-21T09:00:53.728+0000][7][safepoint    ] Safepoint "Cleanup", Time since last: 1003716792 ns, Reaching safepoint: 410250 ns, At safepoint: 6625 ns, Total: 416875 ns
[2022-09-21T09:00:54.732+0000][7][safepoint    ] Safepoint "Cleanup", Time since last: 1003594417 ns, Reaching safepoint: 583291 ns, At safepoint: 6084 ns, Total: 589375 ns
[2022-09-21T09:00:55.740+0000][7][safepoint    ] Safepoint "Cleanup", Time since last: 1006192000 ns, Reaching safepoint: 1399000 ns, At safepoint: 9375 ns, Total: 1408375 ns
[2022-09-21T09:00:56.745+0000][7][safepoint    ] Safepoint "Cleanup", Time since last: 1004717751 ns, Reaching safepoint: 428625 ns, At safepoint: 5750 ns, Total: 434375 ns
[2022-09-21T09:00:57.748+0000][7][safepoint    ] Safepoint "Cleanup", Time since last: 1003025959 ns, Reaching safepoint: 335125 ns, At safepoint: 4750 ns, Total: 339875 ns
[2022-09-21T09:00:58.752+0000][7][safepoint    ] Safepoint "Cleanup", Time since last: 1003117250 ns, Reaching safepoint: 414292 ns, At safepoint: 6541 ns, Total: 420833 ns
[2022-09-21T09:00:59.757+0000][7][safepoint    ] Safepoint "Cleanup", Time since last: 1004058209 ns, Reaching safepoint: 465000 ns, At safepoint: 7084 ns, Total: 472084 ns
[2022-09-21T09:01:00.761+0000][7][safepoint    ] Safepoint "Cleanup", Time since last: 1004581083 ns, Reaching safepoint: 269084 ns, At safepoint: 5875 ns, Total: 274959 ns
[2022-09-21T09:01:01.766+0000][7][safepoint    ] Safepoint "Cleanup", Time since last: 1004570584 ns, Reaching safepoint: 121291 ns, At safepoint: 2542 ns, Total: 123833 ns
[2022-09-21T09:01:02.768+0000][7][safepoint    ] Safepoint "Cleanup", Time since last: 1001898125 ns, Reaching safepoint: 246750 ns, At safepoint: 4375 ns, Total: 251125 ns
[2022-09-21T09:01:03.784+0000][7][safepoint    ] Safepoint "Cleanup", Time since last: 1005663334 ns, Reaching safepoint: 10364417 ns, At safepoint: 30458 ns, Total: 10394875 ns
[2022-09-21T09:01:04.792+0000][7][safepoint    ] Safepoint "Cleanup", Time since last: 1006505876 ns, Reaching safepoint: 1082583 ns, At safepoint: 14792 ns, Total: 1097375 ns
[2022-09-21T09:01:05.799+0000][7][safepoint    ] Safepoint "Cleanup", Time since last: 1006729375 ns, Reaching safepoint: 604417 ns, At safepoint: 7583 ns, Total: 612000 ns
[2022-09-21T09:01:06.803+0000][7][safepoint    ] Safepoint "Cleanup", Time since last: 1003502917 ns, Reaching safepoint: 375375 ns, At safepoint: 6584 ns, Total: 381959 ns
[2022-09-21T09:01:07.809+0000][7][safepoint    ] Safepoint "Cleanup", Time since last: 1005155667 ns, Reaching safepoint: 408125 ns, At safepoint: 8041 ns, Total: 416166 ns
[2022-09-21T09:01:08.815+0000][7][safepoint    ] Safepoint "Cleanup", Time since last: 1006250209 ns, Reaching safepoint: 366250 ns, At safepoint: 4792 ns, Total: 371042 ns
[2022-09-21T09:01:09.823+0000][7][safepoint    ] Safepoint "Cleanup", Time since last: 1006126084 ns, Reaching safepoint: 1058083 ns, At safepoint: 10000 ns, Total: 1068083 ns
[2022-09-21T09:01:10.833+0000][7][safepoint    ] Safepoint "Cleanup", Time since last: 1009663834 ns, Reaching safepoint: 310083 ns, At safepoint: 5250 ns, Total: 315333 ns
[2022-09-21T09:01:11.837+0000][7][safepoint    ] Safepoint "Cleanup", Time since last: 1004193001 ns, Reaching safepoint: 746666 ns, At safepoint: 8292 ns, Total: 754958 ns
[2022-09-21T09:01:12.846+0000][7][safepoint    ] Safepoint "Cleanup", Time since last: 1007694167 ns, Reaching safepoint: 553958 ns, At safepoint: 6000 ns, Total: 559958 ns
[2022-09-21T09:01:13.854+0000][7][safepoint    ] Safepoint "Cleanup", Time since last: 1008398126 ns, Reaching safepoint: 215208 ns, At safepoint: 3125 ns, Total: 218333 ns
[2022-09-21T09:01:14.857+0000][7][safepoint    ] Safepoint "Cleanup", Time since last: 1002339792 ns, Reaching safepoint: 474250 ns, At safepoint: 6750 ns, Total: 481000 ns
[2022-09-21T09:01:15.862+0000][7][safepoint    ] Safepoint "Cleanup", Time since last: 1004808126 ns, Reaching safepoint: 361333 ns, At safepoint: 6292 ns, Total: 367625 ns
[2022-09-21T09:01:16.866+0000][7][safepoint    ] Safepoint "Cleanup", Time since last: 1004142542 ns, Reaching safepoint: 470541 ns, At safepoint: 8667 ns, Total: 479208 ns
[2022-09-21T09:01:17.875+0000][7][safepoint    ] Safepoint "Cleanup", Time since last: 1007897376 ns, Reaching safepoint: 681958 ns, At safepoint: 12292 ns, Total: 694250 ns
[2022-09-21T09:01:18.880+0000][7][safepoint    ] Safepoint "Cleanup", Time since last: 1004808417 ns, Reaching safepoint: 111625 ns, At safepoint: 2333 ns, Total: 113958 ns
[2022-09-21T09:01:19.884+0000][7][safepoint    ] Safepoint "Cleanup", Time since last: 1003644917 ns, Reaching safepoint: 421792 ns, At safepoint: 7333 ns, Total: 429125 ns
[2022-09-21T09:01:20.892+0000][7][safepoint    ] Safepoint "Cleanup", Time since last: 1005889084 ns, Reaching safepoint: 2024917 ns, At safepoint: 4333 ns, Total: 2029250 ns
[2022-09-21T09:01:21.896+0000][7][safepoint    ] Safepoint "Cleanup", Time since last: 1003579625 ns, Reaching safepoint: 339834 ns, At safepoint: 7375 ns, Total: 347209 ns
[2022-09-21T09:01:22.899+0000][7][safepoint    ] Safepoint "Cleanup", Time since last: 1002326667 ns, Reaching safepoint: 564750 ns, At safepoint: 8750 ns, Total: 573500 ns
[2022-09-21T09:01:23.902+0000][7][safepoint    ] Safepoint "Cleanup", Time since last: 1003019250 ns, Reaching safepoint: 152084 ns, At safepoint: 2583 ns, Total: 154667 ns
[2022-09-21T09:01:24.908+0000][7][safepoint    ] Safepoint "Cleanup", Time since last: 1005331501 ns, Reaching safepoint: 429875 ns, At safepoint: 7208 ns, Total: 437083 ns
[2022-09-21T09:01:25.914+0000][7][safepoint    ] Safepoint "Cleanup", Time since last: 1005397334 ns, Reaching safepoint: 551208 ns, At safepoint: 6833 ns, Total: 558041 ns
[2022-09-21T09:01:26.919+0000][7][safepoint    ] Safepoint "Cleanup", Time since last: 1004488793 ns, Reaching safepoint: 808958 ns, At safepoint: 10250 ns, Total: 819208 ns
[2022-09-21T09:01:27.927+0000][7][safepoint    ] Safepoint "Cleanup", Time since last: 1007604667 ns, Reaching safepoint: 746292 ns, At safepoint: 19125 ns, Total: 765417 ns
[2022-09-21T09:01:28.934+0000][7][safepoint    ] Safepoint "Cleanup", Time since last: 1006200625 ns, Reaching safepoint: 166250 ns, At safepoint: 3625 ns, Total: 169875 ns
[2022-09-21T09:01:29.940+0000][7][safepoint    ] Safepoint "Cleanup", Time since last: 1006215209 ns, Reaching safepoint: 336500 ns, At safepoint: 6125 ns, Total: 342625 ns
[2022-09-21T09:01:30.948+0000][7][safepoint    ] Safepoint "Cleanup", Time since last: 1006544125 ns, Reaching safepoint: 904542 ns, At safepoint: 12000 ns, Total: 916542 ns
[2022-09-21T09:01:31.961+0000][7][safepoint    ] Safepoint "Cleanup", Time since last: 1013141751 ns, Reaching safepoint: 426000 ns, At safepoint: 7375 ns, Total: 433375 ns
[2022-09-21T09:01:32.964+0000][7][safepoint    ] Safepoint "Cleanup", Time since last: 1002799833 ns, Reaching safepoint: 490917 ns, At safepoint: 9667 ns, Total: 500584 ns
[2022-09-21T09:01:33.969+0000][7][safepoint    ] Safepoint "Cleanup", Time since last: 1003820834 ns, Reaching safepoint: 204625 ns, At safepoint: 2541 ns, Total: 207166 ns
[2022-09-21T09:01:34.972+0000][7][safepoint    ] Safepoint "Cleanup", Time since last: 1003231959 ns, Reaching safepoint: 340458 ns, At safepoint: 6875 ns, Total: 347333 ns
[2022-09-21T09:01:35.975+0000][7][safepoint    ] Safepoint "Cleanup", Time since last: 1002603959 ns, Reaching safepoint: 348500 ns, At safepoint: 5042 ns, Total: 353542 ns
[2022-09-21T09:01:36.983+0000][7][safepoint    ] Safepoint "Cleanup", Time since last: 1006810209 ns, Reaching safepoint: 674750 ns, At safepoint: 11875 ns, Total: 686625 ns
[2022-09-21T09:01:38.438+0000][7][safepoint    ] Safepoint "Cleanup", Time since last: 1454357834 ns, Reaching safepoint: 910458 ns, At safepoint: 9792 ns, Total: 920250 ns
[2022-09-21T09:01:39.447+0000][7][safepoint    ] Safepoint "Cleanup", Time since last: 1008370042 ns, Reaching safepoint: 378125 ns, At safepoint: 4625 ns, Total: 382750 ns
[2022-09-21T09:01:40.449+0000][7][safepoint    ] Safepoint "Cleanup", Time since last: 1002120584 ns, Reaching safepoint: 267000 ns, At safepoint: 3833 ns, Total: 270833 ns
[2022-09-21T09:01:41.453+0000][7][safepoint    ] Safepoint "Cleanup", Time since last: 1003384209 ns, Reaching safepoint: 290458 ns, At safepoint: 4292 ns, Total: 294750 ns
[2022-09-21T09:01:42.460+0000][7][safepoint    ] Safepoint "Cleanup", Time since last: 1007032959 ns, Reaching safepoint: 356875 ns, At safepoint: 7083 ns, Total: 363958 ns
[2022-09-21T09:01:43.463+0000][7][safepoint    ] Safepoint "Cleanup", Time since last: 1002899500 ns, Reaching safepoint: 535917 ns, At safepoint: 9042 ns, Total: 544959 ns
[2022-09-21T09:01:44.469+0000][7][safepoint    ] Safepoint "Cleanup", Time since last: 1005055459 ns, Reaching safepoint: 858125 ns, At safepoint: 14291 ns, Total: 872416 ns
[2022-09-21T09:01:45.476+0000][7][safepoint    ] Safepoint "Cleanup", Time since last: 1007459417 ns, Reaching safepoint: 261375 ns, At safepoint: 5666 ns, Total: 267041 ns
[2022-09-21T09:01:46.479+0000][7][safepoint    ] Safepoint "Cleanup", Time since last: 1003107251 ns, Reaching safepoint: 404417 ns, At safepoint: 7125 ns, Total: 411542 ns
[2022-09-21T09:01:47.487+0000][7][safepoint    ] Safepoint "Cleanup", Time since last: 1007272125 ns, Reaching safepoint: 283000 ns, At safepoint: 3708 ns, Total: 286708 ns
[2022-09-21T09:01:48.493+0000][7][safepoint    ] Safepoint "Cleanup", Time since last: 1006031084 ns, Reaching safepoint: 429042 ns, At safepoint: 7458 ns, Total: 436500 ns
[2022-09-21T09:01:49.499+0000][7][safepoint    ] Safepoint "Cleanup", Time since last: 1004781626 ns, Reaching safepoint: 642000 ns, At safepoint: 7375 ns, Total: 649375 ns
[2022-09-21T09:01:50.509+0000][7][safepoint    ] Safepoint "Cleanup", Time since last: 1009594542 ns, Reaching safepoint: 529541 ns, At safepoint: 6959 ns, Total: 536500 ns
[2022-09-21T09:01:51.519+0000][7][safepoint    ] Safepoint "Cleanup", Time since last: 1010264667 ns, Reaching safepoint: 357917 ns, At safepoint: 5875 ns, Total: 363792 ns
[2022-09-21T09:01:52.523+0000][7][safepoint    ] Safepoint "Cleanup", Time since last: 1003283750 ns, Reaching safepoint: 410292 ns, At safepoint: 6708 ns, Total: 417000 ns
[2022-09-21T09:01:53.529+0000][7][safepoint    ] Safepoint "Cleanup", Time since last: 1005115709 ns, Reaching safepoint: 350667 ns, At safepoint: 6041 ns, Total: 356708 ns
[2022-09-21T09:01:54.533+0000][7][safepoint    ] Safepoint "Cleanup", Time since last: 1004401584 ns, Reaching safepoint: 454542 ns, At safepoint: 10666 ns, Total: 465208 ns
[2022-09-21T09:01:55.541+0000][7][safepoint    ] Safepoint "Cleanup", Time since last: 1006775918 ns, Reaching safepoint: 796875 ns, At safepoint: 8333 ns, Total: 805208 ns
[2022-09-21T09:01:56.545+0000][7][safepoint    ] Safepoint "Cleanup", Time since last: 1003356542 ns, Reaching safepoint: 710958 ns, At safepoint: 9875 ns, Total: 720833 ns
[2022-09-21T09:01:57.554+0000][7][safepoint    ] Safepoint "Cleanup", Time since last: 1008298501 ns, Reaching safepoint: 798916 ns, At safepoint: 10125 ns, Total: 809041 ns
[2022-09-21T09:01:58.561+0000][7][safepoint    ] Safepoint "Cleanup", Time since last: 1005947751 ns, Reaching safepoint: 536417 ns, At safepoint: 22875 ns, Total: 559292 ns
[2022-09-21T09:01:59.569+0000][7][safepoint    ] Safepoint "Cleanup", Time since last: 1007418167 ns, Reaching safepoint: 514666 ns, At safepoint: 9334 ns, Total: 524000 ns
[2022-09-21T09:02:00.577+0000][7][safepoint    ] Safepoint "Cleanup", Time since last: 1007904667 ns, Reaching safepoint: 541833 ns, At safepoint: 9542 ns, Total: 551375 ns
[2022-09-21T09:02:01.583+0000][7][safepoint    ] Safepoint "Cleanup", Time since last: 1004999917 ns, Reaching safepoint: 918583 ns, At safepoint: 43167 ns, Total: 961750 ns
[2022-09-21T09:02:02.595+0000][7][safepoint    ] Safepoint "Cleanup", Time since last: 1011624959 ns, Reaching safepoint: 527625 ns, At safepoint: 9375 ns, Total: 537000 ns
[2022-09-21T09:02:03.599+0000][7][safepoint    ] Safepoint "Cleanup", Time since last: 1003387792 ns, Reaching safepoint: 328333 ns, At safepoint: 4709 ns, Total: 333042 ns
[2022-09-21T09:02:04.602+0000][7][safepoint    ] Safepoint "Cleanup", Time since last: 1002674000 ns, Reaching safepoint: 600250 ns, At safepoint: 9834 ns, Total: 610084 ns
[2022-09-21T09:02:05.607+0000][7][safepoint    ] Safepoint "Cleanup", Time since last: 1004165875 ns, Reaching safepoint: 636083 ns, At safepoint: 8792 ns, Total: 644875 ns
[2022-09-21T09:02:06.612+0000][7][safepoint    ] Safepoint "Cleanup", Time since last: 1004018584 ns, Reaching safepoint: 673750 ns, At safepoint: 9458 ns, Total: 683208 ns
[2022-09-21T09:02:07.629+0000][7][safepoint    ] Safepoint "Cleanup", Time since last: 1016820751 ns, Reaching safepoint: 493833 ns, At safepoint: 5958 ns, Total: 499791 ns
[2022-09-21T09:02:08.636+0000][7][safepoint    ] Safepoint "Cleanup", Time since last: 1006298167 ns, Reaching safepoint: 159125 ns, At safepoint: 3500 ns, Total: 162625 ns
[2022-09-21T09:02:09.638+0000][7][safepoint    ] Safepoint "Cleanup", Time since last: 1002027751 ns, Reaching safepoint: 670750 ns, At safepoint: 8625 ns, Total: 679375 ns
[2022-09-21T09:02:10.648+0000][7][safepoint    ] Safepoint "Cleanup", Time since last: 1009190917 ns, Reaching safepoint: 585875 ns, At safepoint: 8750 ns, Total: 594625 ns
[2022-09-21T09:02:11.656+0000][7][safepoint    ] Safepoint "Cleanup", Time since last: 1007598334 ns, Reaching safepoint: 438958 ns, At safepoint: 6084 ns, Total: 445042 ns
[2022-09-21T09:02:12.661+0000][7][safepoint    ] Safepoint "Cleanup", Time since last: 1004050542 ns, Reaching safepoint: 476625 ns, At safepoint: 6750 ns, Total: 483375 ns
[2022-09-21T09:02:13.663+0000][7][safepoint    ] Safepoint "Cleanup", Time since last: 1002254084 ns, Reaching safepoint: 329250 ns, At safepoint: 8916 ns, Total: 338166 ns
[2022-09-21T09:02:14.677+0000][7][safepoint    ] Safepoint "Cleanup", Time since last: 1012815667 ns, Reaching safepoint: 631084 ns, At safepoint: 7666 ns, Total: 638750 ns
[2022-09-21T09:02:15.681+0000][7][safepoint    ] Safepoint "Cleanup", Time since last: 1002318583 ns, Reaching safepoint: 393667 ns, At safepoint: 6000 ns, Total: 399667 ns
[2022-09-21T09:02:16.690+0000][7][safepoint    ] Safepoint "Cleanup", Time since last: 1008264959 ns, Reaching safepoint: 392417 ns, At safepoint: 5750 ns, Total: 398167 ns
[2022-09-21T09:02:17.699+0000][7][safepoint    ] Safepoint "Cleanup", Time since last: 1009015750 ns, Reaching safepoint: 486375 ns, At safepoint: 9083 ns, Total: 495458 ns
[2022-09-21T09:02:18.706+0000][7][safepoint    ] Safepoint "Cleanup", Time since last: 1005545626 ns, Reaching safepoint: 558083 ns, At safepoint: 7250 ns, Total: 565333 ns
[2022-09-21T09:02:19.713+0000][7][safepoint    ] Safepoint "Cleanup", Time since last: 1007444084 ns, Reaching safepoint: 385042 ns, At safepoint: 5875 ns, Total: 390917 ns
[2022-09-21T09:02:20.724+0000][7][safepoint    ] Safepoint "Cleanup", Time since last: 1009648709 ns, Reaching safepoint: 623625 ns, At safepoint: 9958 ns, Total: 633583 ns
[2022-09-21T09:02:21.731+0000][7][safepoint    ] Safepoint "Cleanup", Time since last: 1006749334 ns, Reaching safepoint: 323750 ns, At safepoint: 6375 ns, Total: 330125 ns
[2022-09-21T09:02:22.735+0000][7][safepoint    ] Safepoint "Cleanup", Time since last: 1004263709 ns, Reaching safepoint: 461041 ns, At safepoint: 9917 ns, Total: 470958 ns
[2022-09-21T09:02:23.741+0000][7][safepoint    ] Safepoint "Cleanup", Time since last: 1005527042 ns, Reaching safepoint: 210167 ns, At safepoint: 2875 ns, Total: 213042 ns
[2022-09-21T09:02:24.745+0000][7][safepoint    ] Safepoint "Cleanup", Time since last: 1002944583 ns, Reaching safepoint: 431125 ns, At safepoint: 8667 ns, Total: 439792 ns
[2022-09-21T09:02:25.749+0000][7][safepoint    ] Safepoint "Cleanup", Time since last: 1003726376 ns, Reaching safepoint: 361125 ns, At safepoint: 7625 ns, Total: 368750 ns
[2022-09-21T09:02:26.756+0000][7][safepoint    ] Safepoint "Cleanup", Time since last: 1006722125 ns, Reaching safepoint: 581208 ns, At safepoint: 7834 ns, Total: 589042 ns
[2022-09-21T09:02:27.762+0000][7][safepoint    ] Safepoint "Cleanup", Time since last: 1005937459 ns, Reaching safepoint: 411333 ns, At safepoint: 5708 ns, Total: 417041 ns
[2022-09-21T09:02:28.768+0000][7][safepoint    ] Safepoint "Cleanup", Time since last: 1005118959 ns, Reaching safepoint: 553000 ns, At safepoint: 9708 ns, Total: 562708 ns
[2022-09-21T09:02:29.773+0000][7][safepoint    ] Safepoint "Cleanup", Time since last: 1004174584 ns, Reaching safepoint: 533959 ns, At safepoint: 9166 ns, Total: 543125 ns
[2022-09-21T09:02:30.783+0000][7][safepoint    ] Safepoint "Cleanup", Time since last: 1009526209 ns, Reaching safepoint: 673250 ns, At safepoint: 14375 ns, Total: 687625 ns
[2022-09-21T09:02:31.789+0000][7][safepoint    ] Safepoint "Cleanup", Time since last: 1005019084 ns, Reaching safepoint: 690250 ns, At safepoint: 7958 ns, Total: 698208 ns
[2022-09-21T09:02:32.795+0000][7][safepoint    ] Safepoint "Cleanup", Time since last: 1005626209 ns, Reaching safepoint: 414833 ns, At safepoint: 6417 ns, Total: 421250 ns
[2022-09-21T09:02:33.803+0000][7][safepoint    ] Safepoint "Cleanup", Time since last: 1007270417 ns, Reaching safepoint: 662458 ns, At safepoint: 9042 ns, Total: 671500 ns
[2022-09-21T09:02:34.809+0000][7][safepoint    ] Safepoint "Cleanup", Time since last: 1006049501 ns, Reaching safepoint: 203083 ns, At safepoint: 14958 ns, Total: 218041 ns
[2022-09-21T09:02:35.815+0000][7][safepoint    ] Safepoint "Cleanup", Time since last: 1005473084 ns, Reaching safepoint: 468833 ns, At safepoint: 7917 ns, Total: 476750 ns
[2022-09-21T09:02:36.823+0000][7][safepoint    ] Safepoint "Cleanup", Time since last: 1006410501 ns, Reaching safepoint: 1813500 ns, At safepoint: 44541 ns, Total: 1858041 ns
[2022-09-21T09:02:37.831+0000][7][safepoint    ] Safepoint "Cleanup", Time since last: 1007341626 ns, Reaching safepoint: 375166 ns, At safepoint: 6667 ns, Total: 381833 ns
[2022-09-21T09:02:38.838+0000][7][safepoint    ] Safepoint "Cleanup", Time since last: 1006658459 ns, Reaching safepoint: 361625 ns, At safepoint: 3500 ns, Total: 365125 ns
[2022-09-21T09:02:39.845+0000][7][safepoint    ] Safepoint "Cleanup", Time since last: 1006875500 ns, Reaching safepoint: 382459 ns, At safepoint: 6166 ns, Total: 388625 ns
[2022-09-21T09:02:40.851+0000][7][safepoint    ] Safepoint "Cleanup", Time since last: 1005739042 ns, Reaching safepoint: 160584 ns, At safepoint: 3083 ns, Total: 163667 ns
[2022-09-21T09:02:41.853+0000][7][safepoint    ] Safepoint "Cleanup", Time since last: 1001239667 ns, Reaching safepoint: 635709 ns, At safepoint: 7833 ns, Total: 643542 ns
[2022-09-21T09:02:42.902+0000][7][safepoint    ] Safepoint "Cleanup", Time since last: 1048474667 ns, Reaching safepoint: 175833 ns, At safepoint: 3167 ns, Total: 179000 ns
[2022-09-21T09:02:43.903+0000][7][safepoint    ] Safepoint "Cleanup", Time since last: 1001569959 ns, Reaching safepoint: 192708 ns, At safepoint: 3500 ns, Total: 196208 ns
[2022-09-21T09:02:44.905+0000][7][safepoint    ] Safepoint "Cleanup", Time since last: 1001381126 ns, Reaching safepoint: 319791 ns, At safepoint: 2667 ns, Total: 322458 ns
[2022-09-21T09:02:45.944+0000][7][safepoint    ] Safepoint "Cleanup", Time since last: 1040234500 ns, Reaching safepoint: 768000 ns, At safepoint: 3042 ns, Total: 771042 ns
[2022-09-21T09:02:47.342+0000][7][safepoint    ] Safepoint "Cleanup", Time since last: 1397264625 ns, Reaching safepoint: 118584 ns, At safepoint: 2750 ns, Total: 121334 ns
[2022-09-21T09:02:48.344+0000][7][safepoint    ] Safepoint "Cleanup", Time since last: 1001880250 ns, Reaching safepoint: 732167 ns, At safepoint: 11416 ns, Total: 743583 ns
[2022-09-21T09:02:49.352+0000][7][safepoint    ] Safepoint "Cleanup", Time since last: 1007354918 ns, Reaching safepoint: 662208 ns, At safepoint: 8042 ns, Total: 670250 ns
[2022-09-21T09:02:50.359+0000][7][safepoint    ] Safepoint "Cleanup", Time since last: 1006205250 ns, Reaching safepoint: 168500 ns, At safepoint: 2625 ns, Total: 171125 ns
[2022-09-21T09:02:50.467+0000][7][safepoint    ] Safepoint "BulkRevokeBias", Time since last: 107420250 ns, Reaching safepoint: 161917 ns, At safepoint: 657208 ns, Total: 819125 ns
[2022-09-21T09:02:52.022+0000][7][safepoint    ] Safepoint "Cleanup", Time since last: 1554817709 ns, Reaching safepoint: 543209 ns, At safepoint: 9208 ns, Total: 552417 ns
[2022-09-21T09:02:53.029+0000][7][safepoint    ] Safepoint "Cleanup", Time since last: 1005550917 ns, Reaching safepoint: 1233542 ns, At safepoint: 12000 ns, Total: 1245542 ns
[2022-09-21T09:02:54.040+0000][7][safepoint    ] Safepoint "Cleanup", Time since last: 1010264292 ns, Reaching safepoint: 395375 ns, At safepoint: 6375 ns, Total: 401750 ns
[2022-09-21T09:02:56.032+0000][7][safepoint    ] Safepoint "Cleanup", Time since last: 1991567376 ns, Reaching safepoint: 403750 ns, At safepoint: 21375 ns, Total: 425125 ns
[2022-09-21T09:02:57.034+0000][7][safepoint    ] Safepoint "Cleanup", Time since last: 1002040875 ns, Reaching safepoint: 197709 ns, At safepoint: 3125 ns, Total: 200834 ns
[2022-09-21T09:02:58.864+0000][7][safepoint    ] Safepoint "Cleanup", Time since last: 1829954292 ns, Reaching safepoint: 249750 ns, At safepoint: 3375 ns, Total: 253125 ns
[2022-09-21T09:02:59.868+0000][7][safepoint    ] Safepoint "Cleanup", Time since last: 1002794792 ns, Reaching safepoint: 470500 ns, At safepoint: 7584 ns, Total: 478084 ns
[2022-09-21T09:03:00.871+0000][7][safepoint    ] Safepoint "Cleanup", Time since last: 1003358458 ns, Reaching safepoint: 260625 ns, At safepoint: 4959 ns, Total: 265584 ns
[2022-09-21T09:03:01.877+0000][7][safepoint    ] Safepoint "Cleanup", Time since last: 1005027834 ns, Reaching safepoint: 336083 ns, At safepoint: 5708 ns, Total: 341791 ns
[2022-09-21T09:03:02.881+0000][7][safepoint    ] Safepoint "Cleanup", Time since last: 1003559584 ns, Reaching safepoint: 419125 ns, At safepoint: 7083 ns, Total: 426208 ns
[2022-09-21T09:03:03.888+0000][7][safepoint    ] Safepoint "Cleanup", Time since last: 1007041251 ns, Reaching safepoint: 123208 ns, At safepoint: 3375 ns, Total: 126583 ns
[2022-09-21T09:03:05.024+0000][7][safepoint    ] Safepoint "Cleanup", Time since last: 1136253417 ns, Reaching safepoint: 471625 ns, At safepoint: 9292 ns, Total: 480917 ns
[2022-09-21T09:03:06.030+0000][7][safepoint    ] Safepoint "Cleanup", Time since last: 1005322001 ns, Reaching safepoint: 680083 ns, At safepoint: 8583 ns, Total: 688666 ns
[2022-09-21T09:03:07.036+0000][7][safepoint    ] Safepoint "Cleanup", Time since last: 1005652751 ns, Reaching safepoint: 255583 ns, At safepoint: 4792 ns, Total: 260375 ns
[2022-09-21T09:03:08.043+0000][7][safepoint    ] Safepoint "Cleanup", Time since last: 1005679542 ns, Reaching safepoint: 482791 ns, At safepoint: 8584 ns, Total: 491375 ns
[2022-09-21T09:03:09.616+0000][7][safepoint    ] Safepoint "Cleanup", Time since last: 1572997084 ns, Reaching safepoint: 480625 ns, At safepoint: 6958 ns, Total: 487583 ns
[2022-09-21T09:03:10.621+0000][7][safepoint    ] Safepoint "Cleanup", Time since last: 1004603334 ns, Reaching safepoint: 779292 ns, At safepoint: 11708 ns, Total: 791000 ns
[2022-09-21T09:03:11.628+0000][7][safepoint    ] Safepoint "Cleanup", Time since last: 1006193251 ns, Reaching safepoint: 799750 ns, At safepoint: 9500 ns, Total: 809250 ns
[2022-09-21T09:03:12.633+0000][7][safepoint    ] Safepoint "Cleanup", Time since last: 1004681542 ns, Reaching safepoint: 350083 ns, At safepoint: 6500 ns, Total: 356583 ns
[2022-09-21T09:03:13.640+0000][7][safepoint    ] Safepoint "Cleanup", Time since last: 1006272125 ns, Reaching safepoint: 506000 ns, At safepoint: 8625 ns, Total: 514625 ns
[2022-09-21T09:03:14.646+0000][7][safepoint    ] Safepoint "Cleanup", Time since last: 1005039084 ns, Reaching safepoint: 485125 ns, At safepoint: 8542 ns, Total: 493667 ns
[2022-09-21T09:03:15.651+0000][7][safepoint    ] Safepoint "Cleanup", Time since last: 1004736917 ns, Reaching safepoint: 397833 ns, At safepoint: 6875 ns, Total: 404708 ns
[2022-09-21T09:03:16.662+0000][7][safepoint    ] Safepoint "Cleanup", Time since last: 1009972459 ns, Reaching safepoint: 610292 ns, At safepoint: 7166 ns, Total: 617458 ns
[2022-09-21T09:03:17.677+0000][7][safepoint    ] Safepoint "Cleanup", Time since last: 1013723292 ns, Reaching safepoint: 1019000 ns, At safepoint: 5250 ns, Total: 1024250 ns
[2022-09-21T09:03:18.678+0000][7][safepoint    ] Safepoint "Cleanup", Time since last: 1001250334 ns, Reaching safepoint: 450292 ns, At safepoint: 83583 ns, Total: 533875 ns
[2022-09-21T09:03:20.192+0000][7][safepoint    ] Safepoint "Cleanup", Time since last: 1513405876 ns, Reaching safepoint: 404042 ns, At safepoint: 6916 ns, Total: 410958 ns
[2022-09-21T09:03:21.196+0000][7][safepoint    ] Safepoint "Cleanup", Time since last: 1003503084 ns, Reaching safepoint: 285625 ns, At safepoint: 4417 ns, Total: 290042 ns
[2022-09-21T09:03:22.205+0000][7][safepoint    ] Safepoint "Cleanup", Time since last: 1008126584 ns, Reaching safepoint: 458000 ns, At safepoint: 7000 ns, Total: 465000 ns
[2022-09-21T09:03:23.209+0000][7][safepoint    ] Safepoint "Cleanup", Time since last: 1004014917 ns, Reaching safepoint: 462958 ns, At safepoint: 9958 ns, Total: 472916 ns
[2022-09-21T09:03:24.216+0000][7][safepoint    ] Safepoint "Cleanup", Time since last: 1006089376 ns, Reaching safepoint: 440542 ns, At safepoint: 6083 ns, Total: 446625 ns
[2022-09-21T09:03:25.220+0000][7][safepoint    ] Safepoint "Cleanup", Time since last: 1003497584 ns, Reaching safepoint: 697958 ns, At safepoint: 12208 ns, Total: 710166 ns
[2022-09-21T09:03:26.228+0000][7][safepoint    ] Safepoint "Cleanup", Time since last: 1007329293 ns, Reaching safepoint: 394291 ns, At safepoint: 4084 ns, Total: 398375 ns
[2022-09-21T09:03:27.233+0000][7][safepoint    ] Safepoint "Cleanup", Time since last: 1004260958 ns, Reaching safepoint: 1379334 ns, At safepoint: 17666 ns, Total: 1397000 ns
[2022-09-21T09:03:28.244+0000][7][safepoint    ] Safepoint "Cleanup", Time since last: 1010381501 ns, Reaching safepoint: 683708 ns, At safepoint: 8125 ns, Total: 691833 ns
[2022-09-21T09:03:29.251+0000][7][safepoint    ] Safepoint "Cleanup", Time since last: 1006344126 ns, Reaching safepoint: 395333 ns, At safepoint: 8667 ns, Total: 404000 ns
[2022-09-21T09:03:31.092+0000][7][safepoint    ] Safepoint "Cleanup", Time since last: 1837355334 ns, Reaching safepoint: 3442250 ns, At safepoint: 20041 ns, Total: 3462291 ns
[2022-09-21T09:03:32.096+0000][7][safepoint    ] Safepoint "Cleanup", Time since last: 1004072918 ns, Reaching safepoint: 310333 ns, At safepoint: 5958 ns, Total: 316291 ns
[2022-09-21T09:03:33.100+0000][7][safepoint    ] Safepoint "Cleanup", Time since last: 1003676751 ns, Reaching safepoint: 269458 ns, At safepoint: 8125 ns, Total: 277583 ns
[2022-09-21T09:03:34.106+0000][7][safepoint    ] Safepoint "Cleanup", Time since last: 1005098209 ns, Reaching safepoint: 583667 ns, At safepoint: 7750 ns, Total: 591417 ns
[2022-09-21T09:03:35.116+0000][7][safepoint    ] Safepoint "Cleanup", Time since last: 1009258708 ns, Reaching safepoint: 368959 ns, At safepoint: 6166 ns, Total: 375125 ns
[2022-09-21T09:03:36.120+0000][7][safepoint    ] Safepoint "Cleanup", Time since last: 1003525668 ns, Reaching safepoint: 580041 ns, At safepoint: 6792 ns, Total: 586833 ns
[2022-09-21T09:03:37.127+0000][7][safepoint    ] Safepoint "Cleanup", Time since last: 1006441292 ns, Reaching safepoint: 428500 ns, At safepoint: 7167 ns, Total: 435667 ns
[2022-09-21T09:03:39.116+0000][7][safepoint    ] Safepoint "Cleanup", Time since last: 1988374542 ns, Reaching safepoint: 582750 ns, At safepoint: 6125 ns, Total: 588875 ns
[2022-09-21T09:03:40.126+0000][7][safepoint    ] Safepoint "Cleanup", Time since last: 1010466167 ns, Reaching safepoint: 404542 ns, At safepoint: 6375 ns, Total: 410917 ns
[2022-09-21T09:03:41.130+0000][7][safepoint    ] Safepoint "Cleanup", Time since last: 1003198792 ns, Reaching safepoint: 478500 ns, At safepoint: 10250 ns, Total: 488750 ns
[2022-09-21T09:03:42.140+0000][7][safepoint    ] Safepoint "Cleanup", Time since last: 1008388542 ns, Reaching safepoint: 1215167 ns, At safepoint: 15667 ns, Total: 1230834 ns
[2022-09-21T09:03:43.158+0000][7][safepoint    ] Safepoint "Cleanup", Time since last: 1017160959 ns, Reaching safepoint: 761833 ns, At safepoint: 9958 ns, Total: 771791 ns
[2022-09-21T09:03:44.090+0000][7][safepoint    ] Safepoint "BulkRevokeBias", Time since last: 932175709 ns, Reaching safepoint: 148792 ns, At safepoint: 148125 ns, Total: 296917 ns
[2022-09-21T09:03:45.094+0000][7][safepoint    ] Safepoint "Cleanup", Time since last: 1004564291 ns, Reaching safepoint: 166167 ns, At safepoint: 3083 ns, Total: 169250 ns
[2022-09-21T09:03:45.113+0000][7][safepoint    ] Safepoint "BulkRevokeBias", Time since last: 18298375 ns, Reaching safepoint: 147708 ns, At safepoint: 190875 ns, Total: 338583 ns
[2022-09-21T09:03:46.283+0000][7][safepoint    ] Safepoint "Cleanup", Time since last: 1168925167 ns, Reaching safepoint: 862292 ns, At safepoint: 43042 ns, Total: 905334 ns
[2022-09-21T09:03:46.436+0000][7][safepoint    ] Safepoint "BulkRevokeBias", Time since last: 152525250 ns, Reaching safepoint: 124958 ns, At safepoint: 114125 ns, Total: 239083 ns
[2022-09-21T09:03:47.438+0000][7][safepoint    ] Safepoint "Cleanup", Time since last: 1001553834 ns, Reaching safepoint: 412792 ns, At safepoint: 33333 ns, Total: 446125 ns
[2022-09-21T09:03:48.440+0000][7][safepoint    ] Safepoint "Cleanup", Time since last: 1001380417 ns, Reaching safepoint: 580750 ns, At safepoint: 5333 ns, Total: 586083 ns
[2022-09-21T09:03:49.950+0000][7][safepoint    ] Safepoint "Cleanup", Time since last: 1509789876 ns, Reaching safepoint: 1012459 ns, At safepoint: 12125 ns, Total: 1024584 ns
[2022-09-21T09:03:50.957+0000][7][safepoint    ] Safepoint "Cleanup", Time since last: 1005953750 ns, Reaching safepoint: 158583 ns, At safepoint: 2792 ns, Total: 161375 ns
[2022-09-21T09:03:52.014+0000][7][safepoint    ] Safepoint "Cleanup", Time since last: 1056709709 ns, Reaching safepoint: 389791 ns, At safepoint: 21292 ns, Total: 411083 ns
[2022-09-21T09:03:53.020+0000][7][safepoint    ] Safepoint "Cleanup", Time since last: 1005700584 ns, Reaching safepoint: 382417 ns, At safepoint: 5458 ns, Total: 387875 ns
[2022-09-21T09:03:54.027+0000][7][safepoint    ] Safepoint "Cleanup", Time since last: 1006785625 ns, Reaching safepoint: 774375 ns, At safepoint: 8250 ns, Total: 782625 ns
[2022-09-21T09:03:55.032+0000][7][safepoint    ] Safepoint "Cleanup", Time since last: 1003896543 ns, Reaching safepoint: 485750 ns, At safepoint: 9041 ns, Total: 494791 ns
[2022-09-21T09:03:56.037+0000][7][safepoint    ] Safepoint "Cleanup", Time since last: 1004600667 ns, Reaching safepoint: 282375 ns, At safepoint: 4542 ns, Total: 286917 ns
[2022-09-21T09:03:57.043+0000][7][safepoint    ] Safepoint "Cleanup", Time since last: 1005527501 ns, Reaching safepoint: 329291 ns, At safepoint: 5959 ns, Total: 335250 ns
[2022-09-21T09:03:58.045+0000][7][safepoint    ] Safepoint "Cleanup", Time since last: 1002493875 ns, Reaching safepoint: 334958 ns, At safepoint: 5959 ns, Total: 340917 ns
[2022-09-21T09:03:59.052+0000][7][safepoint    ] Safepoint "Cleanup", Time since last: 1005387625 ns, Reaching safepoint: 1111834 ns, At safepoint: 9083 ns, Total: 1120917 ns
[2022-09-21T09:04:00.060+0000][7][safepoint    ] Safepoint "Cleanup", Time since last: 1006655792 ns, Reaching safepoint: 923417 ns, At safepoint: 16041 ns, Total: 939458 ns
[2022-09-21T09:04:01.067+0000][7][safepoint    ] Safepoint "Cleanup", Time since last: 1006756209 ns, Reaching safepoint: 495583 ns, At safepoint: 11834 ns, Total: 507417 ns
[2022-09-21T09:04:02.072+0000][7][safepoint    ] Safepoint "Cleanup", Time since last: 1004582625 ns, Reaching safepoint: 316667 ns, At safepoint: 7542 ns, Total: 324209 ns
[2022-09-21T09:04:03.077+0000][7][safepoint    ] Safepoint "Cleanup", Time since last: 1004574542 ns, Reaching safepoint: 454291 ns, At safepoint: 206542 ns, Total: 660833 ns
[2022-09-21T09:04:04.086+0000][7][safepoint    ] Safepoint "Cleanup", Time since last: 1006929876 ns, Reaching safepoint: 2104416 ns, At safepoint: 16917 ns, Total: 2121333 ns
[2022-09-21T09:04:05.101+0000][7][safepoint    ] Safepoint "Cleanup", Time since last: 1014725959 ns, Reaching safepoint: 490250 ns, At safepoint: 9000 ns, Total: 499250 ns
[2022-09-21T09:04:06.110+0000][7][safepoint    ] Safepoint "Cleanup", Time since last: 1005924000 ns, Reaching safepoint: 2443084 ns, At safepoint: 10875 ns, Total: 2453959 ns
[2022-09-21T09:04:07.113+0000][7][safepoint    ] Safepoint "Cleanup", Time since last: 1002935208 ns, Reaching safepoint: 244375 ns, At safepoint: 4292 ns, Total: 248667 ns
[2022-09-21T09:04:08.116+0000][7][safepoint    ] Safepoint "Cleanup", Time since last: 1002671042 ns, Reaching safepoint: 152584 ns, At safepoint: 2958 ns, Total: 155542 ns
[2022-09-21T09:04:09.547+0000][7][safepoint    ] Safepoint "Cleanup", Time since last: 1430747959 ns, Reaching safepoint: 764167 ns, At safepoint: 12083 ns, Total: 776250 ns
[2022-09-21T09:04:10.554+0000][7][safepoint    ] Safepoint "Cleanup", Time since last: 1006207250 ns, Reaching safepoint: 355042 ns, At safepoint: 4417 ns, Total: 359459 ns
[2022-09-21T09:04:11.559+0000][7][safepoint    ] Safepoint "Cleanup", Time since last: 1004629792 ns, Reaching safepoint: 715875 ns, At safepoint: 12541 ns, Total: 728416 ns
[2022-09-21T09:04:12.570+0000][7][safepoint    ] Safepoint "Cleanup", Time since last: 1009548043 ns, Reaching safepoint: 1774708 ns, At safepoint: 13500 ns, Total: 1788208 ns
[2022-09-21T09:04:13.579+0000][7][safepoint    ] Safepoint "Cleanup", Time since last: 1007909625 ns, Reaching safepoint: 393209 ns, At safepoint: 5458 ns, Total: 398667 ns
[2022-09-21T09:04:14.585+0000][7][safepoint    ] Safepoint "Cleanup", Time since last: 1005582251 ns, Reaching safepoint: 439458 ns, At safepoint: 5500 ns, Total: 444958 ns
[2022-09-21T09:04:15.590+0000][7][safepoint    ] Safepoint "Cleanup", Time since last: 1005553042 ns, Reaching safepoint: 372041 ns, At safepoint: 25375 ns, Total: 397416 ns
[2022-09-21T09:04:16.594+0000][7][safepoint    ] Safepoint "Cleanup", Time since last: 1004119751 ns, Reaching safepoint: 445792 ns, At safepoint: 6458 ns, Total: 452250 ns
[2022-09-21T09:04:17.598+0000][7][safepoint    ] Safepoint "Cleanup", Time since last: 1002635875 ns, Reaching safepoint: 571917 ns, At safepoint: 8708 ns, Total: 580625 ns
[2022-09-21T09:04:18.605+0000][7][safepoint    ] Safepoint "Cleanup", Time since last: 1007091584 ns, Reaching safepoint: 414000 ns, At safepoint: 7500 ns, Total: 421500 ns
[2022-09-21T09:04:19.609+0000][7][safepoint    ] Safepoint "Cleanup", Time since last: 1003506417 ns, Reaching safepoint: 464209 ns, At safepoint: 8333 ns, Total: 472542 ns
[2022-09-21T09:04:20.618+0000][7][safepoint    ] Safepoint "Cleanup", Time since last: 1007999209 ns, Reaching safepoint: 1035583 ns, At safepoint: 9750 ns, Total: 1045333 ns
[2022-09-21T09:04:21.623+0000][7][safepoint    ] Safepoint "Cleanup", Time since last: 1004342834 ns, Reaching safepoint: 371167 ns, At safepoint: 6583 ns, Total: 377750 ns
[2022-09-21T09:04:22.627+0000][7][safepoint    ] Safepoint "Cleanup", Time since last: 1002973042 ns, Reaching safepoint: 1298000 ns, At safepoint: 16542 ns, Total: 1314542 ns
[2022-09-21T09:04:23.635+0000][7][safepoint    ] Safepoint "Cleanup", Time since last: 1007216167 ns, Reaching safepoint: 472583 ns, At safepoint: 10709 ns, Total: 483292 ns
[2022-09-21T09:04:24.640+0000][7][safepoint    ] Safepoint "Cleanup", Time since last: 1005316583 ns, Reaching safepoint: 438584 ns, At safepoint: 5583 ns, Total: 444167 ns
[2022-09-21T09:04:25.646+0000][7][safepoint    ] Safepoint "Cleanup", Time since last: 1005117042 ns, Reaching safepoint: 808750 ns, At safepoint: 11084 ns, Total: 819834 ns
[2022-09-21T09:04:26.651+0000][7][safepoint    ] Safepoint "Cleanup", Time since last: 1004138417 ns, Reaching safepoint: 316625 ns, At safepoint: 4416 ns, Total: 321041 ns
[2022-09-21T09:04:27.656+0000][7][safepoint    ] Safepoint "Cleanup", Time since last: 1004863918 ns, Reaching safepoint: 224916 ns, At safepoint: 3750 ns, Total: 228666 ns
[2022-09-21T09:04:28.661+0000][7][safepoint    ] Safepoint "Cleanup", Time since last: 1004546709 ns, Reaching safepoint: 272583 ns, At safepoint: 5209 ns, Total: 277792 ns
[2022-09-21T09:04:29.668+0000][7][safepoint    ] Safepoint "Cleanup", Time since last: 1007013417 ns, Reaching safepoint: 536208 ns, At safepoint: 8000 ns, Total: 544208 ns
[2022-09-21T09:04:30.255+0000][7][gc,start     ] GC(19) Pause Young (Normal) (G1 Evacuation Pause)
[2022-09-21T09:04:30.258+0000][7][gc,task      ] GC(19) Using 4 workers of 4 for evacuation
[2022-09-21T09:04:30.259+0000][7][gc,age       ] GC(19) Desired survivor size 19398656 bytes, new threshold 15 (max threshold 15)
[2022-09-21T09:04:30.311+0000][7][gc,age       ] GC(19) Age table with threshold 15 (max threshold 15)
[2022-09-21T09:04:30.313+0000][7][gc,age       ] GC(19) - age   1:    1518968 bytes,    1518968 total
[2022-09-21T09:04:30.313+0000][7][gc,age       ] GC(19) - age   2:    1993864 bytes,    3512832 total
[2022-09-21T09:04:30.314+0000][7][gc,age       ] GC(19) - age   3:    4387024 bytes,    7899856 total
[2022-09-21T09:04:30.315+0000][7][gc,age       ] GC(19) - age   4:    5494736 bytes,   13394592 total
[2022-09-21T09:04:30.316+0000][7][gc,phases    ] GC(19)   Pre Evacuate Collection Set: 1.1ms
[2022-09-21T09:04:30.316+0000][7][gc,phases    ] GC(19)   Merge Heap Roots: 0.4ms
[2022-09-21T09:04:30.317+0000][7][gc,phases    ] GC(19)   Evacuate Collection Set: 44.9ms
[2022-09-21T09:04:30.318+0000][7][gc,phases    ] GC(19)   Post Evacuate Collection Set: 1.9ms
[2022-09-21T09:04:30.318+0000][7][gc,phases    ] GC(19)   Other: 13.4ms
[2022-09-21T09:04:30.319+0000][7][gc,heap      ] GC(19) Eden regions: 280->0(283)
[2022-09-21T09:04:30.320+0000][7][gc,heap      ] GC(19) Survivor regions: 13->14(37)
[2022-09-21T09:04:30.320+0000][7][gc,heap      ] GC(19) Old regions: 60->60
[2022-09-21T09:04:30.321+0000][7][gc,heap      ] GC(19) Archive regions: 0->0
[2022-09-21T09:04:30.322+0000][7][gc,heap      ] GC(19) Humongous regions: 7->7
[2022-09-21T09:04:30.322+0000][7][gc,metaspace ] GC(19) Metaspace: 105787K(113820K)->105787K(113820K) NonClass: 92058K(96944K)->92058K(96944K) Class: 13729K(16876K)->13729K(16876K)
[2022-09-21T09:04:30.323+0000][7][gc           ] GC(19) Pause Young (Normal) (G1 Evacuation Pause) 359M->80M(512M) 68.407ms
[2022-09-21T09:04:30.324+0000][7][gc,cpu       ] GC(19) User=0.19s Sys=0.01s Real=0.06s
[2022-09-21T09:04:30.324+0000][7][safepoint    ] Safepoint "G1CollectForAllocation", Time since last: 585280417 ns, Reaching safepoint: 277458 ns, At safepoint: 70371125 ns, Total: 70648583 ns
[2022-09-21T09:04:30.889+0000][7][safepoint    ] Safepoint "ICBufferFull", Time since last: 564383667 ns, Reaching safepoint: 269417 ns, At safepoint: 4167 ns, Total: 273584 ns
[2022-09-21T09:04:31.988+0000][7][safepoint    ] Safepoint "Cleanup", Time since last: 1098689625 ns, Reaching safepoint: 566334 ns, At safepoint: 11333 ns, Total: 577667 ns
[2022-09-21T09:04:33.739+0000][7][safepoint    ] Safepoint "Cleanup", Time since last: 1750581459 ns, Reaching safepoint: 641708 ns, At safepoint: 9209 ns, Total: 650917 ns
[2022-09-21T09:04:34.746+0000][7][safepoint    ] Safepoint "Cleanup", Time since last: 1005746584 ns, Reaching safepoint: 588958 ns, At safepoint: 21833 ns, Total: 610791 ns
[2022-09-21T09:04:35.752+0000][7][safepoint    ] Safepoint "Cleanup", Time since last: 1005750667 ns, Reaching safepoint: 459917 ns, At safepoint: 17833 ns, Total: 477750 ns
[2022-09-21T09:04:36.756+0000][7][safepoint    ] Safepoint "Cleanup", Time since last: 1003398168 ns, Reaching safepoint: 471916 ns, At safepoint: 9625 ns, Total: 481541 ns
[2022-09-21T09:04:37.765+0000][7][safepoint    ] Safepoint "Cleanup", Time since last: 1008355876 ns, Reaching safepoint: 471333 ns, At safepoint: 5583 ns, Total: 476916 ns
[2022-09-21T09:04:38.772+0000][7][safepoint    ] Safepoint "Cleanup", Time since last: 1007331417 ns, Reaching safepoint: 379709 ns, At safepoint: 5833 ns, Total: 385542 ns
[2022-09-21T09:04:39.777+0000][7][safepoint    ] Safepoint "Cleanup", Time since last: 1003613042 ns, Reaching safepoint: 624250 ns, At safepoint: 8959 ns, Total: 633209 ns
[2022-09-21T09:04:40.783+0000][7][safepoint    ] Safepoint "Cleanup", Time since last: 1006322583 ns, Reaching safepoint: 439709 ns, At safepoint: 5500 ns, Total: 445209 ns
[2022-09-21T09:04:41.793+0000][7][safepoint    ] Safepoint "Cleanup", Time since last: 1009302250 ns, Reaching safepoint: 656709 ns, At safepoint: 10083 ns, Total: 666792 ns
[2022-09-21T09:04:42.802+0000][7][safepoint    ] Safepoint "Cleanup", Time since last: 1007624917 ns, Reaching safepoint: 986833 ns, At safepoint: 10500 ns, Total: 997333 ns
[2022-09-21T09:04:43.806+0000][7][safepoint    ] Safepoint "Cleanup", Time since last: 1003485709 ns, Reaching safepoint: 147292 ns, At safepoint: 2500 ns, Total: 149792 ns
[2022-09-21T09:04:44.808+0000][7][safepoint    ] Safepoint "Cleanup", Time since last: 1001877125 ns, Reaching safepoint: 265125 ns, At safepoint: 4292 ns, Total: 269417 ns
[2022-09-21T09:04:45.811+0000][7][safepoint    ] Safepoint "Cleanup", Time since last: 1002695375 ns, Reaching safepoint: 486208 ns, At safepoint: 9709 ns, Total: 495917 ns
[2022-09-21T09:04:46.815+0000][7][safepoint    ] Safepoint "Cleanup", Time since last: 1003843542 ns, Reaching safepoint: 457208 ns, At safepoint: 4958 ns, Total: 462166 ns
[2022-09-21T09:04:47.818+0000][7][safepoint    ] Safepoint "Cleanup", Time since last: 1002948209 ns, Reaching safepoint: 392875 ns, At safepoint: 5833 ns, Total: 398708 ns
[2022-09-21T09:04:48.824+0000][7][safepoint    ] Safepoint "Cleanup", Time since last: 1004923959 ns, Reaching safepoint: 672375 ns, At safepoint: 656167 ns, Total: 1328542 ns
[2022-09-21T09:04:49.895+0000][7][safepoint    ] Safepoint "Cleanup", Time since last: 1070295417 ns, Reaching safepoint: 463875 ns, At safepoint: 6125 ns, Total: 470000 ns
[2022-09-21T09:04:51.173+0000][7][safepoint    ] Safepoint "Cleanup", Time since last: 1277628167 ns, Reaching safepoint: 311750 ns, At safepoint: 7250 ns, Total: 319000 ns
[2022-09-21T09:04:51.325+0000][7][safepoint    ] Safepoint "ICBufferFull", Time since last: 151753667 ns, Reaching safepoint: 205583 ns, At safepoint: 4084 ns, Total: 209667 ns
[2022-09-21T09:04:51.630+0000][7][safepoint    ] Safepoint "ICBufferFull", Time since last: 304615083 ns, Reaching safepoint: 191459 ns, At safepoint: 4125 ns, Total: 195584 ns
[2022-09-21T09:04:52.677+0000][7][safepoint    ] Safepoint "Cleanup", Time since last: 1047078708 ns, Reaching safepoint: 115625 ns, At safepoint: 2292 ns, Total: 117917 ns
[2022-09-21T09:04:53.730+0000][7][safepoint    ] Safepoint "Cleanup", Time since last: 1052165417 ns, Reaching safepoint: 451084 ns, At safepoint: 5333 ns, Total: 456417 ns
[2022-09-21T09:04:54.734+0000][7][safepoint    ] Safepoint "Cleanup", Time since last: 1003774750 ns, Reaching safepoint: 331000 ns, At safepoint: 5250 ns, Total: 336250 ns
[2022-09-21T09:04:56.046+0000][7][safepoint    ] Safepoint "Cleanup", Time since last: 1311965126 ns, Reaching safepoint: 540583 ns, At safepoint: 8959 ns, Total: 549542 ns
[2022-09-21T09:04:57.051+0000][7][safepoint    ] Safepoint "Cleanup", Time since last: 1003621542 ns, Reaching safepoint: 502250 ns, At safepoint: 6000 ns, Total: 508250 ns
[2022-09-21T09:04:58.059+0000][7][safepoint    ] Safepoint "Cleanup", Time since last: 1006893667 ns, Reaching safepoint: 1543375 ns, At safepoint: 17500 ns, Total: 1560875 ns
[2022-09-21T09:04:59.063+0000][7][safepoint    ] Safepoint "Cleanup", Time since last: 1004273959 ns, Reaching safepoint: 88958 ns, At safepoint: 1417 ns, Total: 90375 ns
[2022-09-21T09:05:00.067+0000][7][safepoint    ] Safepoint "Cleanup", Time since last: 1003246625 ns, Reaching safepoint: 683167 ns, At safepoint: 12333 ns, Total: 695500 ns
[2022-09-21T09:05:01.072+0000][7][safepoint    ] Safepoint "Cleanup", Time since last: 1004592667 ns, Reaching safepoint: 486334 ns, At safepoint: 6208 ns, Total: 492542 ns
[2022-09-21T09:05:02.092+0000][7][safepoint    ] Safepoint "Cleanup", Time since last: 1010428292 ns, Reaching safepoint: 8912584 ns, At safepoint: 20041 ns, Total: 8932625 ns
[2022-09-21T09:05:03.115+0000][7][safepoint    ] Safepoint "Cleanup", Time since last: 1022340834 ns, Reaching safepoint: 1234458 ns, At safepoint: 10584 ns, Total: 1245042 ns
[2022-09-21T09:05:04.139+0000][7][safepoint    ] Safepoint "Cleanup", Time since last: 1021384459 ns, Reaching safepoint: 2727375 ns, At safepoint: 10833 ns, Total: 2738208 ns
[2022-09-21T09:05:05.160+0000][7][safepoint    ] Safepoint "Cleanup", Time since last: 1019497167 ns, Reaching safepoint: 794042 ns, At safepoint: 12916 ns, Total: 806958 ns
[2022-09-21T09:05:06.171+0000][7][safepoint    ] Safepoint "Cleanup", Time since last: 1006817543 ns, Reaching safepoint: 3865833 ns, At safepoint: 26042 ns, Total: 3891875 ns
[2022-09-21T09:05:07.188+0000][7][safepoint    ] Safepoint "Cleanup", Time since last: 1017271500 ns, Reaching safepoint: 251542 ns, At safepoint: 3833 ns, Total: 255375 ns
[2022-09-21T09:05:08.193+0000][7][safepoint    ] Safepoint "Cleanup", Time since last: 1004494417 ns, Reaching safepoint: 305542 ns, At safepoint: 10292 ns, Total: 315834 ns
[2022-09-21T09:05:09.197+0000][7][safepoint    ] Safepoint "Cleanup", Time since last: 1003192875 ns, Reaching safepoint: 936208 ns, At safepoint: 9334 ns, Total: 945542 ns
[2022-09-21T09:05:10.203+0000][7][safepoint    ] Safepoint "Cleanup", Time since last: 1005488625 ns, Reaching safepoint: 689000 ns, At safepoint: 7917 ns, Total: 696917 ns
[2022-09-21T09:05:11.215+0000][7][safepoint    ] Safepoint "Cleanup", Time since last: 1005953334 ns, Reaching safepoint: 5980333 ns, At safepoint: 12750 ns, Total: 5993083 ns
[2022-09-21T09:05:12.222+0000][7][safepoint    ] Safepoint "Cleanup", Time since last: 1005728292 ns, Reaching safepoint: 1254167 ns, At safepoint: 8625 ns, Total: 1262792 ns
[2022-09-21T09:05:14.050+0000][7][safepoint    ] Safepoint "Cleanup", Time since last: 1827339751 ns, Reaching safepoint: 526916 ns, At safepoint: 7875 ns, Total: 534791 ns
[2022-09-21T09:05:15.114+0000][7][safepoint    ] Safepoint "Cleanup", Time since last: 1063719876 ns, Reaching safepoint: 236500 ns, At safepoint: 3958 ns, Total: 240458 ns
[2022-09-21T09:05:16.156+0000][7][safepoint    ] Safepoint "Cleanup", Time since last: 1041783459 ns, Reaching safepoint: 286500 ns, At safepoint: 3708 ns, Total: 290208 ns
[2022-09-21T09:05:17.163+0000][7][safepoint    ] Safepoint "Cleanup", Time since last: 1006065834 ns, Reaching safepoint: 979583 ns, At safepoint: 10250 ns, Total: 989833 ns
[2022-09-21T09:05:18.167+0000][7][safepoint    ] Safepoint "Cleanup", Time since last: 1004061709 ns, Reaching safepoint: 576500 ns, At safepoint: 10625 ns, Total: 587125 ns
[2022-09-21T09:05:19.183+0000][7][safepoint    ] Safepoint "Cleanup", Time since last: 1015215334 ns, Reaching safepoint: 460791 ns, At safepoint: 5084 ns, Total: 465875 ns
[2022-09-21T09:05:20.189+0000][7][safepoint    ] Safepoint "Cleanup", Time since last: 1004798500 ns, Reaching safepoint: 1309834 ns, At safepoint: 13708 ns, Total: 1323542 ns
[2022-09-21T09:05:20.806+0000][7][safepoint    ] Safepoint "BulkRevokeBias", Time since last: 616492209 ns, Reaching safepoint: 196333 ns, At safepoint: 182083 ns, Total: 378416 ns
[2022-09-21T09:05:21.903+0000][7][safepoint    ] Safepoint "Cleanup", Time since last: 1096226084 ns, Reaching safepoint: 772208 ns, At safepoint: 10292 ns, Total: 782500 ns
[2022-09-21T09:05:23.018+0000][7][safepoint    ] Safepoint "Cleanup", Time since last: 1114581334 ns, Reaching safepoint: 165208 ns, At safepoint: 3000 ns, Total: 168208 ns
[2022-09-21T09:05:24.040+0000][7][safepoint    ] Safepoint "Cleanup", Time since last: 1018779876 ns, Reaching safepoint: 2897458 ns, At safepoint: 6542 ns, Total: 2904000 ns
[2022-09-21T09:05:25.046+0000][7][safepoint    ] Safepoint "Cleanup", Time since last: 1004974917 ns, Reaching safepoint: 1018792 ns, At safepoint: 17125 ns, Total: 1035917 ns
[2022-09-21T09:05:26.058+0000][7][safepoint    ] Safepoint "Cleanup", Time since last: 1011217917 ns, Reaching safepoint: 758458 ns, At safepoint: 8583 ns, Total: 767041 ns
[2022-09-21T09:05:27.074+0000][7][safepoint    ] Safepoint "Cleanup", Time since last: 1013489584 ns, Reaching safepoint: 3112500 ns, At safepoint: 11834 ns, Total: 3124334 ns
[2022-09-21T09:05:28.085+0000][7][safepoint    ] Safepoint "Cleanup", Time since last: 1010162250 ns, Reaching safepoint: 344750 ns, At safepoint: 4458 ns, Total: 349208 ns
[2022-09-21T09:05:29.094+0000][7][safepoint    ] Safepoint "Cleanup", Time since last: 1005571543 ns, Reaching safepoint: 3818541 ns, At safepoint: 16292 ns, Total: 3834833 ns
[2022-09-21T09:05:30.101+0000][7][safepoint    ] Safepoint "Cleanup", Time since last: 1005358375 ns, Reaching safepoint: 1566959 ns, At safepoint: 8208 ns, Total: 1575167 ns
[2022-09-21T09:05:31.106+0000][7][safepoint    ] Safepoint "Cleanup", Time since last: 1004861875 ns, Reaching safepoint: 388459 ns, At safepoint: 7708 ns, Total: 396167 ns
[2022-09-21T09:05:32.111+0000][7][safepoint    ] Safepoint "Cleanup", Time since last: 1003964917 ns, Reaching safepoint: 495334 ns, At safepoint: 9833 ns, Total: 505167 ns
[2022-09-21T09:05:33.126+0000][7][safepoint    ] Safepoint "Cleanup", Time since last: 1014828667 ns, Reaching safepoint: 403292 ns, At safepoint: 6166 ns, Total: 409458 ns
[2022-09-21T09:05:34.131+0000][7][safepoint    ] Safepoint "Cleanup", Time since last: 1003665876 ns, Reaching safepoint: 1526583 ns, At safepoint: 10834 ns, Total: 1537417 ns
[2022-09-21T09:05:35.163+0000][7][safepoint    ] Safepoint "Cleanup", Time since last: 1022041125 ns, Reaching safepoint: 9936000 ns, At safepoint: 13708 ns, Total: 9949708 ns
[2022-09-21T09:05:36.168+0000][7][safepoint    ] Safepoint "Cleanup", Time since last: 1003632626 ns, Reaching safepoint: 1154167 ns, At safepoint: 19250 ns, Total: 1173417 ns
[2022-09-21T09:05:37.176+0000][7][safepoint    ] Safepoint "Cleanup", Time since last: 1006332875 ns, Reaching safepoint: 1745792 ns, At safepoint: 12875 ns, Total: 1758667 ns
[2022-09-21T09:05:38.200+0000][7][safepoint    ] Safepoint "Cleanup", Time since last: 1019641417 ns, Reaching safepoint: 4528167 ns, At safepoint: 30166 ns, Total: 4558333 ns
[2022-09-21T09:05:39.206+0000][7][safepoint    ] Safepoint "Cleanup", Time since last: 1005206459 ns, Reaching safepoint: 747250 ns, At safepoint: 10000 ns, Total: 757250 ns
[2022-09-21T09:05:40.213+0000][7][safepoint    ] Safepoint "Cleanup", Time since last: 1006715209 ns, Reaching safepoint: 258458 ns, At safepoint: 6417 ns, Total: 264875 ns
[2022-09-21T09:05:41.216+0000][7][safepoint    ] Safepoint "Cleanup", Time since last: 1001997917 ns, Reaching safepoint: 808417 ns, At safepoint: 20791 ns, Total: 829208 ns
[2022-09-21T09:05:42.713+0000][7][safepoint    ] Safepoint "Cleanup", Time since last: 1495118668 ns, Reaching safepoint: 1414916 ns, At safepoint: 9209 ns, Total: 1424125 ns
[2022-09-21T09:05:43.722+0000][7][safepoint    ] Safepoint "Cleanup", Time since last: 1006123084 ns, Reaching safepoint: 2945375 ns, At safepoint: 27041 ns, Total: 2972416 ns
[2022-09-21T09:05:44.733+0000][7][safepoint    ] Safepoint "Cleanup", Time since last: 1010129834 ns, Reaching safepoint: 806833 ns, At safepoint: 3209 ns, Total: 810042 ns
[2022-09-21T09:05:45.741+0000][7][safepoint    ] Safepoint "Cleanup", Time since last: 1007824333 ns, Reaching safepoint: 451042 ns, At safepoint: 6875 ns, Total: 457917 ns
[2022-09-21T09:05:46.746+0000][7][safepoint    ] Safepoint "Cleanup", Time since last: 1004822417 ns, Reaching safepoint: 596792 ns, At safepoint: 5666 ns, Total: 602458 ns
[2022-09-21T09:05:47.749+0000][7][safepoint    ] Safepoint "Cleanup", Time since last: 1002459209 ns, Reaching safepoint: 351250 ns, At safepoint: 5208 ns, Total: 356458 ns
[2022-09-21T09:05:48.752+0000][7][safepoint    ] Safepoint "Cleanup", Time since last: 1003140126 ns, Reaching safepoint: 366667 ns, At safepoint: 6666 ns, Total: 373333 ns
[2022-09-21T09:05:49.758+0000][7][safepoint    ] Safepoint "Cleanup", Time since last: 1005858792 ns, Reaching safepoint: 179750 ns, At safepoint: 5500 ns, Total: 185250 ns
[2022-09-21T09:05:50.768+0000][7][safepoint    ] Safepoint "Cleanup", Time since last: 1004068834 ns, Reaching safepoint: 5273750 ns, At safepoint: 40209 ns, Total: 5313959 ns
[2022-09-21T09:05:51.786+0000][7][safepoint    ] Safepoint "Cleanup", Time since last: 1016398625 ns, Reaching safepoint: 1889542 ns, At safepoint: 10333 ns, Total: 1899875 ns
[2022-09-21T09:05:52.799+0000][7][safepoint    ] Safepoint "Cleanup", Time since last: 1012400001 ns, Reaching safepoint: 248583 ns, At safepoint: 5542 ns, Total: 254125 ns
[2022-09-21T09:05:53.803+0000][7][safepoint    ] Safepoint "Cleanup", Time since last: 1003479958 ns, Reaching safepoint: 489917 ns, At safepoint: 9917 ns, Total: 499834 ns
[2022-09-21T09:05:55.268+0000][7][safepoint    ] Safepoint "Cleanup", Time since last: 1464997334 ns, Reaching safepoint: 313208 ns, At safepoint: 5000 ns, Total: 318208 ns
[2022-09-21T09:05:57.078+0000][7][safepoint    ] Safepoint "Cleanup", Time since last: 1809616501 ns, Reaching safepoint: 379875 ns, At safepoint: 31458 ns, Total: 411333 ns
[2022-09-21T09:05:58.802+0000][7][safepoint    ] Safepoint "Cleanup", Time since last: 1723379793 ns, Reaching safepoint: 193166 ns, At safepoint: 4959 ns, Total: 198125 ns
[2022-09-21T09:05:59.810+0000][7][safepoint    ] Safepoint "Cleanup", Time since last: 1004103625 ns, Reaching safepoint: 4098792 ns, At safepoint: 11833 ns, Total: 4110625 ns
[2022-09-21T09:06:00.857+0000][7][safepoint    ] Safepoint "Cleanup", Time since last: 1041900626 ns, Reaching safepoint: 4863291 ns, At safepoint: 27792 ns, Total: 4891083 ns
[2022-09-21T09:06:01.880+0000][7][safepoint    ] Safepoint "Cleanup", Time since last: 1020894042 ns, Reaching safepoint: 2419667 ns, At safepoint: 18375 ns, Total: 2438042 ns
[2022-09-21T09:06:02.898+0000][7][safepoint    ] Safepoint "Cleanup", Time since last: 1016007375 ns, Reaching safepoint: 2038875 ns, At safepoint: 13292 ns, Total: 2052167 ns
[2022-09-21T09:06:03.916+0000][7][safepoint    ] Safepoint "Cleanup", Time since last: 1015666875 ns, Reaching safepoint: 2628125 ns, At safepoint: 26292 ns, Total: 2654417 ns
[2022-09-21T09:06:04.932+0000][7][safepoint    ] Safepoint "Cleanup", Time since last: 1015710084 ns, Reaching safepoint: 479417 ns, At safepoint: 5541 ns, Total: 484958 ns
[2022-09-21T09:06:05.947+0000][7][safepoint    ] Safepoint "Cleanup", Time since last: 1012530292 ns, Reaching safepoint: 1705792 ns, At safepoint: 28125 ns, Total: 1733917 ns
[2022-09-21T09:06:06.970+0000][7][safepoint    ] Safepoint "Cleanup", Time since last: 1022740376 ns, Reaching safepoint: 519416 ns, At safepoint: 44542 ns, Total: 563958 ns
[2022-09-21T09:06:07.977+0000][7][safepoint    ] Safepoint "Cleanup", Time since last: 1005210959 ns, Reaching safepoint: 1953000 ns, At safepoint: 22500 ns, Total: 1975500 ns
[2022-09-21T09:06:09.003+0000][7][safepoint    ] Safepoint "Cleanup", Time since last: 1023433459 ns, Reaching safepoint: 1815083 ns, At safepoint: 11958 ns, Total: 1827041 ns
[2022-09-21T09:06:10.016+0000][7][safepoint    ] Safepoint "Cleanup", Time since last: 1010906626 ns, Reaching safepoint: 2039500 ns, At safepoint: 29458 ns, Total: 2068958 ns
[2022-09-21T09:06:11.032+0000][7][safepoint    ] Safepoint "Cleanup", Time since last: 1016195792 ns, Reaching safepoint: 383250 ns, At safepoint: 6417 ns, Total: 389667 ns
[2022-09-21T09:06:12.037+0000][7][safepoint    ] Safepoint "Cleanup", Time since last: 1003730500 ns, Reaching safepoint: 825917 ns, At safepoint: 11583 ns, Total: 837500 ns
[2022-09-21T09:06:13.043+0000][7][safepoint    ] Safepoint "Cleanup", Time since last: 1003440584 ns, Reaching safepoint: 2793667 ns, At safepoint: 13083 ns, Total: 2806750 ns
[2022-09-21T09:06:14.049+0000][7][safepoint    ] Safepoint "Cleanup", Time since last: 1006128209 ns, Reaching safepoint: 285542 ns, At safepoint: 3458 ns, Total: 289000 ns
[2022-09-21T09:06:15.052+0000][7][safepoint    ] Safepoint "Cleanup", Time since last: 1001997792 ns, Reaching safepoint: 419958 ns, At safepoint: 12000 ns, Total: 431958 ns
[2022-09-21T09:06:16.058+0000][7][safepoint    ] Safepoint "Cleanup", Time since last: 1006207084 ns, Reaching safepoint: 319750 ns, At safepoint: 5000 ns, Total: 324750 ns
[2022-09-21T09:06:17.061+0000][7][safepoint    ] Safepoint "Cleanup", Time since last: 1002494709 ns, Reaching safepoint: 525625 ns, At safepoint: 8125 ns, Total: 533750 ns
[2022-09-21T09:06:18.065+0000][7][safepoint    ] Safepoint "Cleanup", Time since last: 1003845625 ns, Reaching safepoint: 438375 ns, At safepoint: 8875 ns, Total: 447250 ns
[2022-09-21T09:06:19.079+0000][7][safepoint    ] Safepoint "Cleanup", Time since last: 1013047584 ns, Reaching safepoint: 524500 ns, At safepoint: 7167 ns, Total: 531667 ns
[2022-09-21T09:06:20.085+0000][7][safepoint    ] Safepoint "Cleanup", Time since last: 1005677209 ns, Reaching safepoint: 425041 ns, At safepoint: 8625 ns, Total: 433666 ns
[2022-09-21T09:06:21.092+0000][7][safepoint    ] Safepoint "Cleanup", Time since last: 1006695042 ns, Reaching safepoint: 536375 ns, At safepoint: 6834 ns, Total: 543209 ns
[2022-09-21T09:06:22.098+0000][7][safepoint    ] Safepoint "Cleanup", Time since last: 1004628334 ns, Reaching safepoint: 878583 ns, At safepoint: 52750 ns, Total: 931333 ns
[2022-09-21T09:06:23.101+0000][7][safepoint    ] Safepoint "Cleanup", Time since last: 1003548375 ns, Reaching safepoint: 298709 ns, At safepoint: 5250 ns, Total: 303959 ns
[2022-09-21T09:06:24.109+0000][7][safepoint    ] Safepoint "Cleanup", Time since last: 1005177333 ns, Reaching safepoint: 2737042 ns, At safepoint: 46917 ns, Total: 2783959 ns
[2022-09-21T09:06:25.115+0000][7][safepoint    ] Safepoint "Cleanup", Time since last: 1005330709 ns, Reaching safepoint: 406958 ns, At safepoint: 11625 ns, Total: 418583 ns
[2022-09-21T09:06:26.121+0000][7][safepoint    ] Safepoint "Cleanup", Time since last: 1005463209 ns, Reaching safepoint: 304875 ns, At safepoint: 6500 ns, Total: 311375 ns
[2022-09-21T09:06:27.386+0000][7][safepoint    ] Safepoint "Cleanup", Time since last: 1264652459 ns, Reaching safepoint: 343583 ns, At safepoint: 8083 ns, Total: 351666 ns
[2022-09-21T09:06:27.876+0000][7][safepoint    ] Safepoint "BulkRevokeBias", Time since last: 489266209 ns, Reaching safepoint: 165500 ns, At safepoint: 1087458 ns, Total: 1252958 ns
[2022-09-21T09:06:28.485+0000][7][safepoint    ] Safepoint "BulkRevokeBias", Time since last: 608276959 ns, Reaching safepoint: 208208 ns, At safepoint: 111834 ns, Total: 320042 ns
[2022-09-21T09:06:28.672+0000][7][safepoint    ] Safepoint "ICBufferFull", Time since last: 186600166 ns, Reaching safepoint: 403334 ns, At safepoint: 6500 ns, Total: 409834 ns
[2022-09-21T09:06:29.677+0000][7][safepoint    ] Safepoint "Cleanup", Time since last: 1003355917 ns, Reaching safepoint: 1877791 ns, At safepoint: 9917 ns, Total: 1887708 ns
[2022-09-21T09:06:30.690+0000][7][safepoint    ] Safepoint "Cleanup", Time since last: 1005336917 ns, Reaching safepoint: 7471334 ns, At safepoint: 24125 ns, Total: 7495459 ns
[2022-09-21T09:06:31.694+0000][7][safepoint    ] Safepoint "Cleanup", Time since last: 1003662917 ns, Reaching safepoint: 365750 ns, At safepoint: 21833 ns, Total: 387583 ns
[2022-09-21T09:06:32.699+0000][7][safepoint    ] Safepoint "Cleanup", Time since last: 1004319209 ns, Reaching safepoint: 885250 ns, At safepoint: 14208 ns, Total: 899458 ns
[2022-09-21T09:06:33.709+0000][7][safepoint    ] Safepoint "Cleanup", Time since last: 1008940626 ns, Reaching safepoint: 461500 ns, At safepoint: 7166 ns, Total: 468666 ns
[2022-09-21T09:06:34.719+0000][7][safepoint    ] Safepoint "Cleanup", Time since last: 1007275709 ns, Reaching safepoint: 2517917 ns, At safepoint: 5500 ns, Total: 2523417 ns
[2022-09-21T09:06:35.724+0000][7][safepoint    ] Safepoint "Cleanup", Time since last: 1004209834 ns, Reaching safepoint: 830750 ns, At safepoint: 6666 ns, Total: 837416 ns
[2022-09-21T09:06:36.729+0000][7][safepoint    ] Safepoint "Cleanup", Time since last: 1004963584 ns, Reaching safepoint: 270834 ns, At safepoint: 6083 ns, Total: 276917 ns
[2022-09-21T09:06:37.734+0000][7][safepoint    ] Safepoint "Cleanup", Time since last: 1004153792 ns, Reaching safepoint: 657750 ns, At safepoint: 23958 ns, Total: 681708 ns
[2022-09-21T09:06:38.746+0000][7][safepoint    ] Safepoint "Cleanup", Time since last: 1006932834 ns, Reaching safepoint: 3755833 ns, At safepoint: 10709 ns, Total: 3766542 ns
[2022-09-21T09:06:39.772+0000][7][safepoint    ] Safepoint "Cleanup", Time since last: 1024768542 ns, Reaching safepoint: 2655875 ns, At safepoint: 11458 ns, Total: 2667333 ns
[2022-09-21T09:06:40.786+0000][7][safepoint    ] Safepoint "Cleanup", Time since last: 1014053542 ns, Reaching safepoint: 263417 ns, At safepoint: 6250 ns, Total: 269667 ns
[2022-09-21T09:06:42.619+0000][7][safepoint    ] Safepoint "Cleanup", Time since last: 1832311918 ns, Reaching safepoint: 219708 ns, At safepoint: 3833 ns, Total: 223541 ns
[2022-09-21T09:06:43.624+0000][7][safepoint    ] Safepoint "Cleanup", Time since last: 1004932084 ns, Reaching safepoint: 473333 ns, At safepoint: 8209 ns, Total: 481542 ns
[2022-09-21T09:06:44.629+0000][7][safepoint    ] Safepoint "Cleanup", Time since last: 1004331125 ns, Reaching safepoint: 576000 ns, At safepoint: 6209 ns, Total: 582209 ns
[2022-09-21T09:06:45.643+0000][7][safepoint    ] Safepoint "Cleanup", Time since last: 1007313416 ns, Reaching safepoint: 6584541 ns, At safepoint: 11584 ns, Total: 6596125 ns
[2022-09-21T09:06:46.577+0000][7][gc,start     ] GC(20) Pause Young (Normal) (G1 Evacuation Pause)
[2022-09-21T09:06:46.585+0000][7][gc,task      ] GC(20) Using 4 workers of 4 for evacuation
[2022-09-21T09:06:46.590+0000][7][gc,age       ] GC(20) Desired survivor size 19922944 bytes, new threshold 15 (max threshold 15)
[2022-09-21T09:06:46.693+0000][7][gc,age       ] GC(20) Age table with threshold 15 (max threshold 15)
[2022-09-21T09:06:46.695+0000][7][gc,age       ] GC(20) - age   1:    3831104 bytes,    3831104 total
[2022-09-21T09:06:46.698+0000][7][gc,age       ] GC(20) - age   2:    1112728 bytes,    4943832 total
[2022-09-21T09:06:46.703+0000][7][gc,age       ] GC(20) - age   3:    1793528 bytes,    6737360 total
[2022-09-21T09:06:46.706+0000][7][gc,age       ] GC(20) - age   4:    4291616 bytes,   11028976 total
[2022-09-21T09:06:46.708+0000][7][gc,age       ] GC(20) - age   5:    5290240 bytes,   16319216 total
[2022-09-21T09:06:46.710+0000][7][gc,phases    ] GC(20)   Pre Evacuate Collection Set: 0.7ms
[2022-09-21T09:06:46.713+0000][7][gc,phases    ] GC(20)   Merge Heap Roots: 0.8ms
[2022-09-21T09:06:46.715+0000][7][gc,phases    ] GC(20)   Evacuate Collection Set: 92.7ms
[2022-09-21T09:06:46.720+0000][7][gc,phases    ] GC(20)   Post Evacuate Collection Set: 3.6ms
[2022-09-21T09:06:46.724+0000][7][gc,phases    ] GC(20)   Other: 36.5ms
[2022-09-21T09:06:46.725+0000][7][gc,heap      ] GC(20) Eden regions: 283->0(281)
[2022-09-21T09:06:46.727+0000][7][gc,heap      ] GC(20) Survivor regions: 14->17(38)
[2022-09-21T09:06:46.732+0000][7][gc,heap      ] GC(20) Old regions: 60->60
[2022-09-21T09:06:46.733+0000][7][gc,heap      ] GC(20) Archive regions: 0->0
[2022-09-21T09:06:46.735+0000][7][gc,heap      ] GC(20) Humongous regions: 7->7
[2022-09-21T09:06:46.738+0000][7][gc,metaspace ] GC(20) Metaspace: 107566K(115868K)->107566K(115868K) NonClass: 93670K(98736K)->93670K(98736K) Class: 13896K(17132K)->13896K(17132K)
[2022-09-21T09:06:46.742+0000][7][gc           ] GC(20) Pause Young (Normal) (G1 Evacuation Pause) 363M->83M(512M) 165.074ms
[2022-09-21T09:06:46.743+0000][7][gc,cpu       ] GC(20) User=0.36s Sys=0.01s Real=0.17s
[2022-09-21T09:06:46.746+0000][7][safepoint    ] Safepoint "G1CollectForAllocation", Time since last: 931236709 ns, Reaching safepoint: 2148250 ns, At safepoint: 170190666 ns, Total: 172338916 ns
[2022-09-21T09:06:47.750+0000][7][safepoint    ] Safepoint "Cleanup", Time since last: 1003196667 ns, Reaching safepoint: 524000 ns, At safepoint: 17292 ns, Total: 541292 ns
[2022-09-21T09:06:48.758+0000][7][safepoint    ] Safepoint "Cleanup", Time since last: 1005554917 ns, Reaching safepoint: 2495125 ns, At safepoint: 28375 ns, Total: 2523500 ns
[2022-09-21T09:06:49.776+0000][7][safepoint    ] Safepoint "Cleanup", Time since last: 1017413376 ns, Reaching safepoint: 257041 ns, At safepoint: 6334 ns, Total: 263375 ns
[2022-09-21T09:06:50.779+0000][7][safepoint    ] Safepoint "Cleanup", Time since last: 1003245709 ns, Reaching safepoint: 235750 ns, At safepoint: 4416 ns, Total: 240166 ns
[2022-09-21T09:06:51.789+0000][7][safepoint    ] Safepoint "Cleanup", Time since last: 1009772584 ns, Reaching safepoint: 383750 ns, At safepoint: 6125 ns, Total: 389875 ns
[2022-09-21T09:06:52.802+0000][7][safepoint    ] Safepoint "Cleanup", Time since last: 1011568251 ns, Reaching safepoint: 768791 ns, At safepoint: 8917 ns, Total: 777708 ns
[2022-09-21T09:06:53.809+0000][7][safepoint    ] Safepoint "Cleanup", Time since last: 1005839542 ns, Reaching safepoint: 1239875 ns, At safepoint: 7167 ns, Total: 1247042 ns
[2022-09-21T09:06:54.849+0000][7][safepoint    ] Safepoint "Cleanup", Time since last: 1037728417 ns, Reaching safepoint: 2756708 ns, At safepoint: 19542 ns, Total: 2776250 ns
[2022-09-21T09:06:55.862+0000][7][safepoint    ] Safepoint "Cleanup", Time since last: 1011353167 ns, Reaching safepoint: 890333 ns, At safepoint: 8042 ns, Total: 898375 ns
[2022-09-21T09:06:56.894+0000][7][safepoint    ] Safepoint "Cleanup", Time since last: 1024310500 ns, Reaching safepoint: 7931625 ns, At safepoint: 17250 ns, Total: 7948875 ns
[2022-09-21T09:06:57.907+0000][7][safepoint    ] Safepoint "Cleanup", Time since last: 1012568709 ns, Reaching safepoint: 660792 ns, At safepoint: 11708 ns, Total: 672500 ns
[2022-09-21T09:06:58.918+0000][7][safepoint    ] Safepoint "Cleanup", Time since last: 1004969042 ns, Reaching safepoint: 5825750 ns, At safepoint: 17584 ns, Total: 5843334 ns
[2022-09-21T09:06:59.939+0000][7][safepoint    ] Safepoint "Cleanup", Time since last: 1020452000 ns, Reaching safepoint: 833459 ns, At safepoint: 8458 ns, Total: 841917 ns
[2022-09-21T09:07:00.949+0000][7][safepoint    ] Safepoint "Cleanup", Time since last: 1009287000 ns, Reaching safepoint: 496584 ns, At safepoint: 10916 ns, Total: 507500 ns
[2022-09-21T09:07:01.956+0000][7][safepoint    ] Safepoint "Cleanup", Time since last: 1006345709 ns, Reaching safepoint: 623500 ns, At safepoint: 7167 ns, Total: 630667 ns
[2022-09-21T09:07:02.962+0000][7][safepoint    ] Safepoint "Cleanup", Time since last: 1005710042 ns, Reaching safepoint: 841750 ns, At safepoint: 8500 ns, Total: 850250 ns
[2022-09-21T09:07:03.968+0000][7][safepoint    ] Safepoint "Cleanup", Time since last: 1004669917 ns, Reaching safepoint: 368500 ns, At safepoint: 3250 ns, Total: 371750 ns
[2022-09-21T09:07:04.971+0000][7][safepoint    ] Safepoint "Cleanup", Time since last: 1003201959 ns, Reaching safepoint: 377667 ns, At safepoint: 5416 ns, Total: 383083 ns
[2022-09-21T09:07:05.975+0000][7][safepoint    ] Safepoint "Cleanup", Time since last: 1003267209 ns, Reaching safepoint: 327333 ns, At safepoint: 5417 ns, Total: 332750 ns
[2022-09-21T09:07:06.981+0000][7][safepoint    ] Safepoint "Cleanup", Time since last: 1005850001 ns, Reaching safepoint: 511250 ns, At safepoint: 9833 ns, Total: 521083 ns
[2022-09-21T09:07:07.989+0000][7][safepoint    ] Safepoint "Cleanup", Time since last: 1005883542 ns, Reaching safepoint: 1838833 ns, At safepoint: 12959 ns, Total: 1851792 ns
[2022-09-21T09:07:08.998+0000][7][safepoint    ] Safepoint "Cleanup", Time since last: 1008144625 ns, Reaching safepoint: 1079000 ns, At safepoint: 5709 ns, Total: 1084709 ns
[2022-09-21T09:07:10.005+0000][7][safepoint    ] Safepoint "Cleanup", Time since last: 1007109708 ns, Reaching safepoint: 324125 ns, At safepoint: 6167 ns, Total: 330292 ns
[2022-09-21T09:07:11.018+0000][7][safepoint    ] Safepoint "Cleanup", Time since last: 1011201417 ns, Reaching safepoint: 851459 ns, At safepoint: 11500 ns, Total: 862959 ns
[2022-09-21T09:07:12.025+0000][7][safepoint    ] Safepoint "Cleanup", Time since last: 1007446083 ns, Reaching safepoint: 177125 ns, At safepoint: 3209 ns, Total: 180334 ns
[2022-09-21T09:07:13.027+0000][7][safepoint    ] Safepoint "Cleanup", Time since last: 1001684167 ns, Reaching safepoint: 347583 ns, At safepoint: 5792 ns, Total: 353375 ns
[2022-09-21T09:07:14.036+0000][7][safepoint    ] Safepoint "Cleanup", Time since last: 1004393667 ns, Reaching safepoint: 4254250 ns, At safepoint: 6792 ns, Total: 4261042 ns
[2022-09-21T09:07:15.042+0000][7][safepoint    ] Safepoint "Cleanup", Time since last: 1005880583 ns, Reaching safepoint: 208000 ns, At safepoint: 4042 ns, Total: 212042 ns
[2022-09-21T09:07:16.046+0000][7][safepoint    ] Safepoint "Cleanup", Time since last: 1002625167 ns, Reaching safepoint: 524541 ns, At safepoint: 13292 ns, Total: 537833 ns
[2022-09-21T09:07:17.053+0000][7][safepoint    ] Safepoint "Cleanup", Time since last: 1006441917 ns, Reaching safepoint: 594542 ns, At safepoint: 9708 ns, Total: 604250 ns
[2022-09-21T09:07:18.058+0000][7][safepoint    ] Safepoint "Cleanup", Time since last: 1004400209 ns, Reaching safepoint: 549250 ns, At safepoint: 8083 ns, Total: 557333 ns
[2022-09-21T09:07:19.064+0000][7][safepoint    ] Safepoint "Cleanup", Time since last: 1005066167 ns, Reaching safepoint: 499334 ns, At safepoint: 5583 ns, Total: 504917 ns
[2022-09-21T09:07:20.071+0000][7][safepoint    ] Safepoint "Cleanup", Time since last: 1006444251 ns, Reaching safepoint: 342500 ns, At safepoint: 5875 ns, Total: 348375 ns
[2022-09-21T09:07:21.081+0000][7][safepoint    ] Safepoint "Cleanup", Time since last: 1004017792 ns, Reaching safepoint: 6545041 ns, At safepoint: 11250 ns, Total: 6556291 ns
[2022-09-21T09:07:22.086+0000][7][safepoint    ] Safepoint "Cleanup", Time since last: 1003114959 ns, Reaching safepoint: 1415417 ns, At safepoint: 14542 ns, Total: 1429959 ns
[2022-09-21T09:07:23.094+0000][7][safepoint    ] Safepoint "Cleanup", Time since last: 1007738000 ns, Reaching safepoint: 726458 ns, At safepoint: 6250 ns, Total: 732708 ns
[2022-09-21T09:07:24.098+0000][7][safepoint    ] Safepoint "Cleanup", Time since last: 1003778251 ns, Reaching safepoint: 332458 ns, At safepoint: 5292 ns, Total: 337750 ns
[2022-09-21T09:07:25.103+0000][7][safepoint    ] Safepoint "Cleanup", Time since last: 1003960459 ns, Reaching safepoint: 579416 ns, At safepoint: 9917 ns, Total: 589333 ns
[2022-09-21T09:07:26.111+0000][7][safepoint    ] Safepoint "Cleanup", Time since last: 1006885584 ns, Reaching safepoint: 861000 ns, At safepoint: 10666 ns, Total: 871666 ns
[2022-09-21T09:07:27.115+0000][7][safepoint    ] Safepoint "Cleanup", Time since last: 1004119543 ns, Reaching safepoint: 429208 ns, At safepoint: 9000 ns, Total: 438208 ns
[2022-09-21T09:07:28.126+0000][7][safepoint    ] Safepoint "Cleanup", Time since last: 1009846209 ns, Reaching safepoint: 531083 ns, At safepoint: 6833 ns, Total: 537916 ns
[2022-09-21T09:07:29.134+0000][7][safepoint    ] Safepoint "Cleanup", Time since last: 1007646376 ns, Reaching safepoint: 430208 ns, At safepoint: 4334 ns, Total: 434542 ns
[2022-09-21T09:07:30.140+0000][7][safepoint    ] Safepoint "Cleanup", Time since last: 1005562875 ns, Reaching safepoint: 467167 ns, At safepoint: 7458 ns, Total: 474625 ns
[2022-09-21T09:07:31.145+0000][7][safepoint    ] Safepoint "Cleanup", Time since last: 1004590125 ns, Reaching safepoint: 421334 ns, At safepoint: 4541 ns, Total: 425875 ns
[2022-09-21T09:07:32.153+0000][7][safepoint    ] Safepoint "Cleanup", Time since last: 1007746251 ns, Reaching safepoint: 409792 ns, At safepoint: 5375 ns, Total: 415167 ns
[2022-09-21T09:07:33.159+0000][7][safepoint    ] Safepoint "Cleanup", Time since last: 1006080125 ns, Reaching safepoint: 332875 ns, At safepoint: 5958 ns, Total: 338833 ns
[2022-09-21T09:07:34.165+0000][7][safepoint    ] Safepoint "Cleanup", Time since last: 1005371959 ns, Reaching safepoint: 349667 ns, At safepoint: 6375 ns, Total: 356042 ns
[2022-09-21T09:07:35.171+0000][7][safepoint    ] Safepoint "Cleanup", Time since last: 1005043042 ns, Reaching safepoint: 626000 ns, At safepoint: 7083 ns, Total: 633083 ns
[2022-09-21T09:07:36.178+0000][7][safepoint    ] Safepoint "Cleanup", Time since last: 1006467168 ns, Reaching safepoint: 895625 ns, At safepoint: 11750 ns, Total: 907375 ns
[2022-09-21T09:07:37.184+0000][7][safepoint    ] Safepoint "Cleanup", Time since last: 1005193625 ns, Reaching safepoint: 453000 ns, At safepoint: 6083 ns, Total: 459083 ns
[2022-09-21T09:07:38.187+0000][7][safepoint    ] Safepoint "Cleanup", Time since last: 1002996751 ns, Reaching safepoint: 371125 ns, At safepoint: 4750 ns, Total: 375875 ns
[2022-09-21T09:07:39.195+0000][7][safepoint    ] Safepoint "Cleanup", Time since last: 1006938959 ns, Reaching safepoint: 574041 ns, At safepoint: 8334 ns, Total: 582375 ns
[2022-09-21T09:07:40.205+0000][7][safepoint    ] Safepoint "Cleanup", Time since last: 1007457708 ns, Reaching safepoint: 3054584 ns, At safepoint: 33666 ns, Total: 3088250 ns
[2022-09-21T09:07:41.214+0000][7][safepoint    ] Safepoint "Cleanup", Time since last: 1007507251 ns, Reaching safepoint: 1063958 ns, At safepoint: 7417 ns, Total: 1071375 ns
[2022-09-21T09:07:42.220+0000][7][safepoint    ] Safepoint "Cleanup", Time since last: 1005941334 ns, Reaching safepoint: 512541 ns, At safepoint: 8125 ns, Total: 520666 ns
[2022-09-21T09:07:43.225+0000][7][safepoint    ] Safepoint "Cleanup", Time since last: 1004476834 ns, Reaching safepoint: 118334 ns, At safepoint: 2541 ns, Total: 120875 ns
[2022-09-21T09:07:44.227+0000][7][safepoint    ] Safepoint "Cleanup", Time since last: 1002092917 ns, Reaching safepoint: 404167 ns, At safepoint: 5583 ns, Total: 409750 ns
[2022-09-21T09:07:45.230+0000][7][safepoint    ] Safepoint "Cleanup", Time since last: 1003094000 ns, Reaching safepoint: 346167 ns, At safepoint: 5875 ns, Total: 352042 ns
[2022-09-21T09:07:46.237+0000][7][safepoint    ] Safepoint "Cleanup", Time since last: 1006323667 ns, Reaching safepoint: 729833 ns, At safepoint: 9125 ns, Total: 738958 ns
[2022-09-21T09:07:47.242+0000][7][safepoint    ] Safepoint "Cleanup", Time since last: 1004056918 ns, Reaching safepoint: 711125 ns, At safepoint: 8416 ns, Total: 719541 ns
[2022-09-21T09:07:48.249+0000][7][safepoint    ] Safepoint "Cleanup", Time since last: 1006132084 ns, Reaching safepoint: 1221708 ns, At safepoint: 12542 ns, Total: 1234250 ns
[2022-09-21T09:07:49.268+0000][7][safepoint    ] Safepoint "Cleanup", Time since last: 1018742292 ns, Reaching safepoint: 425708 ns, At safepoint: 8375 ns, Total: 434083 ns
[2022-09-21T09:07:50.281+0000][7][safepoint    ] Safepoint "Cleanup", Time since last: 1012445584 ns, Reaching safepoint: 431875 ns, At safepoint: 8959 ns, Total: 440834 ns
[2022-09-21T09:07:51.285+0000][7][safepoint    ] Safepoint "Cleanup", Time since last: 1003848458 ns, Reaching safepoint: 336917 ns, At safepoint: 4542 ns, Total: 341459 ns
[2022-09-21T09:07:52.293+0000][7][safepoint    ] Safepoint "Cleanup", Time since last: 1007091792 ns, Reaching safepoint: 466708 ns, At safepoint: 7875 ns, Total: 474583 ns
[2022-09-21T09:07:53.298+0000][7][safepoint    ] Safepoint "Cleanup", Time since last: 1004667042 ns, Reaching safepoint: 415834 ns, At safepoint: 9125 ns, Total: 424959 ns
[2022-09-21T09:07:54.305+0000][7][safepoint    ] Safepoint "Cleanup", Time since last: 1006572792 ns, Reaching safepoint: 560000 ns, At safepoint: 6292 ns, Total: 566292 ns
[2022-09-21T09:07:55.314+0000][7][safepoint    ] Safepoint "Cleanup", Time since last: 1008123583 ns, Reaching safepoint: 787667 ns, At safepoint: 12667 ns, Total: 800334 ns
[2022-09-21T09:07:56.321+0000][7][safepoint    ] Safepoint "Cleanup", Time since last: 1006526584 ns, Reaching safepoint: 236625 ns, At safepoint: 4166 ns, Total: 240791 ns
[2022-09-21T09:07:57.329+0000][7][safepoint    ] Safepoint "Cleanup", Time since last: 1007736834 ns, Reaching safepoint: 361000 ns, At safepoint: 6333 ns, Total: 367333 ns
[2022-09-21T09:07:58.334+0000][7][safepoint    ] Safepoint "Cleanup", Time since last: 1004758376 ns, Reaching safepoint: 381083 ns, At safepoint: 7958 ns, Total: 389041 ns
[2022-09-21T09:07:59.342+0000][7][safepoint    ] Safepoint "Cleanup", Time since last: 1006996876 ns, Reaching safepoint: 676667 ns, At safepoint: 9791 ns, Total: 686458 ns
[2022-09-21T09:08:00.347+0000][7][safepoint    ] Safepoint "Cleanup", Time since last: 1004774334 ns, Reaching safepoint: 329125 ns, At safepoint: 8708 ns, Total: 337833 ns
[2022-09-21T09:08:01.350+0000][7][safepoint    ] Safepoint "Cleanup", Time since last: 1003158376 ns, Reaching safepoint: 228042 ns, At safepoint: 4083 ns, Total: 232125 ns
[2022-09-21T09:08:02.354+0000][7][safepoint    ] Safepoint "Cleanup", Time since last: 1003095417 ns, Reaching safepoint: 547958 ns, At safepoint: 8917 ns, Total: 556875 ns
[2022-09-21T09:08:03.359+0000][7][safepoint    ] Safepoint "Cleanup", Time since last: 1004667084 ns, Reaching safepoint: 309375 ns, At safepoint: 4458 ns, Total: 313833 ns
[2022-09-21T09:08:04.371+0000][7][safepoint    ] Safepoint "Cleanup", Time since last: 1011419042 ns, Reaching safepoint: 474667 ns, At safepoint: 6583 ns, Total: 481250 ns
[2022-09-21T09:08:05.379+0000][7][safepoint    ] Safepoint "Cleanup", Time since last: 1007865293 ns, Reaching safepoint: 283500 ns, At safepoint: 6166 ns, Total: 289666 ns
[2022-09-21T09:08:06.383+0000][7][safepoint    ] Safepoint "Cleanup", Time since last: 1004126167 ns, Reaching safepoint: 312167 ns, At safepoint: 6000 ns, Total: 318167 ns
[2022-09-21T09:08:07.387+0000][7][safepoint    ] Safepoint "Cleanup", Time since last: 1003116917 ns, Reaching safepoint: 333958 ns, At safepoint: 8834 ns, Total: 342792 ns
[2022-09-21T09:08:08.391+0000][7][safepoint    ] Safepoint "Cleanup", Time since last: 1003694792 ns, Reaching safepoint: 424542 ns, At safepoint: 34708 ns, Total: 459250 ns
[2022-09-21T09:08:09.394+0000][7][safepoint    ] Safepoint "Cleanup", Time since last: 1002779542 ns, Reaching safepoint: 245417 ns, At safepoint: 4000 ns, Total: 249417 ns
[2022-09-21T09:08:10.398+0000][7][safepoint    ] Safepoint "Cleanup", Time since last: 1003886500 ns, Reaching safepoint: 364625 ns, At safepoint: 6584 ns, Total: 371209 ns
[2022-09-21T09:08:11.405+0000][7][safepoint    ] Safepoint "Cleanup", Time since last: 1005604958 ns, Reaching safepoint: 868750 ns, At safepoint: 8250 ns, Total: 877000 ns
[2022-09-21T09:08:12.413+0000][7][safepoint    ] Safepoint "Cleanup", Time since last: 1007519709 ns, Reaching safepoint: 416042 ns, At safepoint: 6250 ns, Total: 422292 ns
[2022-09-21T09:08:13.415+0000][7][safepoint    ] Safepoint "Cleanup", Time since last: 1001812292 ns, Reaching safepoint: 419292 ns, At safepoint: 9000 ns, Total: 428292 ns
[2022-09-21T09:08:15.438+0000][7][safepoint    ] Safepoint "Cleanup", Time since last: 2011406000 ns, Reaching safepoint: 16639708 ns, At safepoint: 37000 ns, Total: 16676708 ns
[2022-09-21T09:08:16.760+0000][7][safepoint    ] Safepoint "Cleanup", Time since last: 1304393293 ns, Reaching safepoint: 5408791 ns, At safepoint: 10789625 ns, Total: 16198416 ns
[2022-09-21T09:08:17.781+0000][7][safepoint    ] Safepoint "Cleanup", Time since last: 1021252584 ns, Reaching safepoint: 315000 ns, At safepoint: 12667 ns, Total: 327667 ns
[2022-09-21T09:08:20.803+0000][7][safepoint    ] Safepoint "Cleanup", Time since last: 3009398960 ns, Reaching safepoint: 13311458 ns, At safepoint: 8208 ns, Total: 13319666 ns
[2022-09-21T09:08:21.806+0000][7][safepoint    ] Safepoint "Cleanup", Time since last: 1002204876 ns, Reaching safepoint: 533458 ns, At safepoint: 8125 ns, Total: 541583 ns
[2022-09-21T09:08:23.812+0000][7][safepoint    ] Safepoint "Cleanup", Time since last: 2006179001 ns, Reaching safepoint: 166208 ns, At safepoint: 1792 ns, Total: 168000 ns
[2022-09-21T09:08:26.833+0000][7][safepoint    ] Safepoint "Cleanup", Time since last: 3018018126 ns, Reaching safepoint: 2124917 ns, At safepoint: 17458 ns, Total: 2142375 ns
[2022-09-21T09:08:29.850+0000][7][safepoint    ] Safepoint "Cleanup", Time since last: 3016988960 ns, Reaching safepoint: 496042 ns, At safepoint: 5833 ns, Total: 501875 ns
[2022-09-21T09:08:32.860+0000][7][safepoint    ] Safepoint "Cleanup", Time since last: 3009461543 ns, Reaching safepoint: 374084 ns, At safepoint: 5916 ns, Total: 380000 ns
[2022-09-21T09:08:37.871+0000][7][safepoint    ] Safepoint "Cleanup", Time since last: 5009953253 ns, Reaching safepoint: 1308666 ns, At safepoint: 6084 ns, Total: 1314750 ns
[2022-09-21T09:08:42.894+0000][7][safepoint    ] Safepoint "Cleanup", Time since last: 5016490210 ns, Reaching safepoint: 6103375 ns, At safepoint: 19709 ns, Total: 6123084 ns
[2022-09-21T09:08:44.905+0000][7][safepoint    ] Safepoint "Cleanup", Time since last: 2010427626 ns, Reaching safepoint: 537416 ns, At safepoint: 8667 ns, Total: 546083 ns
[2022-09-21T09:08:45.900+0000][7][safepoint    ] Safepoint "BulkRevokeBias", Time since last: 990299000 ns, Reaching safepoint: 201542 ns, At safepoint: 149875 ns, Total: 351417 ns
[2022-09-21T09:08:46.355+0000][7][safepoint    ] Safepoint "BulkRevokeBias", Time since last: 454261083 ns, Reaching safepoint: 372583 ns, At safepoint: 126209 ns, Total: 498792 ns
[2022-09-21T09:08:47.425+0000][7][safepoint    ] Safepoint "Cleanup", Time since last: 1069511042 ns, Reaching safepoint: 507833 ns, At safepoint: 7167 ns, Total: 515000 ns
[2022-09-21T09:08:48.430+0000][7][safepoint    ] Safepoint "Cleanup", Time since last: 1004727334 ns, Reaching safepoint: 533416 ns, At safepoint: 11250 ns, Total: 544666 ns
[2022-09-21T09:08:49.373+0000][7][safepoint    ] Safepoint "BulkRevokeBias", Time since last: 941704251 ns, Reaching safepoint: 376000 ns, At safepoint: 1407125 ns, Total: 1783125 ns
[2022-09-21T09:09:00.394+0000][7][safepoint    ] Safepoint "Cleanup", Time since last: 11018717797 ns, Reaching safepoint: 1596500 ns, At safepoint: 9166 ns, Total: 1605666 ns
[2022-09-21T09:09:03.411+0000][7][safepoint    ] Safepoint "Cleanup", Time since last: 3016576502 ns, Reaching safepoint: 962000 ns, At safepoint: 6083 ns, Total: 968083 ns
[2022-09-21T09:09:08.429+0000][7][safepoint    ] Safepoint "Cleanup", Time since last: 5016488544 ns, Reaching safepoint: 1233459 ns, At safepoint: 9416 ns, Total: 1242875 ns
[2022-09-21T09:09:16.883+0000][7][safepoint    ] Safepoint "Cleanup", Time since last: 8449697420 ns, Reaching safepoint: 1578792 ns, At safepoint: 222958 ns, Total: 1801750 ns
[2022-09-21T09:09:18.027+0000][7][safepoint    ] Safepoint "Cleanup", Time since last: 1143492251 ns, Reaching safepoint: 221875 ns, At safepoint: 2208 ns, Total: 224083 ns
[2022-09-21T09:09:18.029+0000][7][safepoint    ] Safepoint "BulkRevokeBias", Time since last: 1622792 ns, Reaching safepoint: 59042 ns, At safepoint: 143958 ns, Total: 203000 ns
[2022-09-21T09:09:18.872+0000][7][gc,start     ] GC(21) Pause Young (Normal) (G1 Evacuation Pause)
[2022-09-21T09:09:18.873+0000][7][gc,task      ] GC(21) Using 4 workers of 4 for evacuation
[2022-09-21T09:09:18.878+0000][7][gc,age       ] GC(21) Desired survivor size 19922944 bytes, new threshold 15 (max threshold 15)
[2022-09-21T09:09:18.923+0000][7][gc,age       ] GC(21) Age table with threshold 15 (max threshold 15)
[2022-09-21T09:09:18.924+0000][7][gc,age       ] GC(21) - age   1:    1218664 bytes,    1218664 total
[2022-09-21T09:09:18.925+0000][7][gc,age       ] GC(21) - age   2:    1163256 bytes,    2381920 total
[2022-09-21T09:09:18.926+0000][7][gc,age       ] GC(21) - age   3:    1081008 bytes,    3462928 total
[2022-09-21T09:09:18.928+0000][7][gc,age       ] GC(21) - age   4:    1711608 bytes,    5174536 total
[2022-09-21T09:09:18.929+0000][7][gc,age       ] GC(21) - age   5:    4100896 bytes,    9275432 total
[2022-09-21T09:09:18.930+0000][7][gc,age       ] GC(21) - age   6:    5239512 bytes,   14514944 total
[2022-09-21T09:09:18.931+0000][7][gc,phases    ] GC(21)   Pre Evacuate Collection Set: 0.3ms
[2022-09-21T09:09:18.932+0000][7][gc,phases    ] GC(21)   Merge Heap Roots: 0.4ms
[2022-09-21T09:09:18.933+0000][7][gc,phases    ] GC(21)   Evacuate Collection Set: 40.6ms
[2022-09-21T09:09:18.933+0000][7][gc,phases    ] GC(21)   Post Evacuate Collection Set: 3.2ms
[2022-09-21T09:09:18.934+0000][7][gc,phases    ] GC(21)   Other: 14.9ms
[2022-09-21T09:09:18.935+0000][7][gc,heap      ] GC(21) Eden regions: 281->0(286)
[2022-09-21T09:09:18.936+0000][7][gc,heap      ] GC(21) Survivor regions: 17->15(38)
[2022-09-21T09:09:18.936+0000][7][gc,heap      ] GC(21) Old regions: 60->60
[2022-09-21T09:09:18.937+0000][7][gc,heap      ] GC(21) Archive regions: 0->0
[2022-09-21T09:09:18.938+0000][7][gc,heap      ] GC(21) Humongous regions: 7->7
[2022-09-21T09:09:18.938+0000][7][gc,metaspace ] GC(21) Metaspace: 108372K(116636K)->108372K(116636K) NonClass: 94470K(99504K)->94470K(99504K) Class: 13902K(17132K)->13902K(17132K)
[2022-09-21T09:09:18.939+0000][7][gc           ] GC(21) Pause Young (Normal) (G1 Evacuation Pause) 364M->81M(512M) 67.250ms
[2022-09-21T09:09:18.940+0000][7][gc,cpu       ] GC(21) User=0.12s Sys=0.00s Real=0.07s
[2022-09-21T09:09:18.941+0000][7][safepoint    ] Safepoint "G1CollectForAllocation", Time since last: 842655292 ns, Reaching safepoint: 225708 ns, At safepoint: 69259292 ns, Total: 69485000 ns
[2022-09-21T09:09:20.706+0000][7][safepoint    ] Safepoint "Cleanup", Time since last: 1764533626 ns, Reaching safepoint: 307166 ns, At safepoint: 4042 ns, Total: 311208 ns
[2022-09-21T09:09:21.718+0000][7][safepoint    ] Safepoint "Cleanup", Time since last: 1009929709 ns, Reaching safepoint: 2543333 ns, At safepoint: 15250 ns, Total: 2558583 ns
[2022-09-21T09:09:22.008+0000][7][safepoint    ] Safepoint "BulkRevokeBias", Time since last: 289085584 ns, Reaching safepoint: 233416 ns, At safepoint: 129625 ns, Total: 363041 ns
[2022-09-21T09:09:23.100+0000][7][safepoint    ] Safepoint "Cleanup", Time since last: 1091775834 ns, Reaching safepoint: 551750 ns, At safepoint: 7750 ns, Total: 559500 ns
[2022-09-21T09:09:24.106+0000][7][safepoint    ] Safepoint "Cleanup", Time since last: 1006240584 ns, Reaching safepoint: 188375 ns, At safepoint: 2958 ns, Total: 191333 ns
[2022-09-21T09:09:25.109+0000][7][safepoint    ] Safepoint "Cleanup", Time since last: 1002167084 ns, Reaching safepoint: 722375 ns, At safepoint: 6792 ns, Total: 729167 ns
[2022-09-21T09:09:27.117+0000][7][safepoint    ] Safepoint "Cleanup", Time since last: 2007328626 ns, Reaching safepoint: 587625 ns, At safepoint: 7542 ns, Total: 595167 ns
[2022-09-21T09:09:30.306+0000][7][safepoint    ] Safepoint "Cleanup", Time since last: 3184439834 ns, Reaching safepoint: 4180959 ns, At safepoint: 23416 ns, Total: 4204375 ns
[2022-09-21T09:09:31.953+0000][7][safepoint    ] Safepoint "Cleanup", Time since last: 1647209960 ns, Reaching safepoint: 275583 ns, At safepoint: 4583 ns, Total: 280166 ns
[2022-09-21T09:09:33.913+0000][7][safepoint    ] Safepoint "Cleanup", Time since last: 1959657543 ns, Reaching safepoint: 183958 ns, At safepoint: 3125 ns, Total: 187083 ns
[2022-09-21T09:09:35.920+0000][7][safepoint    ] Safepoint "Cleanup", Time since last: 2005653584 ns, Reaching safepoint: 744709 ns, At safepoint: 6208 ns, Total: 750917 ns
[2022-09-21T09:09:37.927+0000][7][safepoint    ] Safepoint "Cleanup", Time since last: 2006408918 ns, Reaching safepoint: 588416 ns, At safepoint: 18292 ns, Total: 606708 ns
[2022-09-21T09:09:38.944+0000][7][safepoint    ] Safepoint "Cleanup", Time since last: 1016949751 ns, Reaching safepoint: 879208 ns, At safepoint: 13000 ns, Total: 892208 ns
[2022-09-21T09:09:43.951+0000][7][safepoint    ] Safepoint "Cleanup", Time since last: 5006211252 ns, Reaching safepoint: 170667 ns, At safepoint: 3000 ns, Total: 173667 ns
[2022-09-21T09:09:45.951+0000][7][safepoint    ] Safepoint "Cleanup", Time since last: 2002346875 ns, Reaching safepoint: 1625833 ns, At safepoint: 11500 ns, Total: 1637333 ns
[2022-09-21T09:09:49.969+0000][7][safepoint    ] Safepoint "Cleanup", Time since last: 4011486835 ns, Reaching safepoint: 6839292 ns, At safepoint: 34542 ns, Total: 6873834 ns
[2022-09-21T09:09:50.990+0000][7][safepoint    ] Safepoint "Cleanup", Time since last: 1017331209 ns, Reaching safepoint: 3793958 ns, At safepoint: 11083 ns, Total: 3805041 ns
[2022-09-21T09:09:57.012+0000][7][safepoint    ] Safepoint "Cleanup", Time since last: 6020086961 ns, Reaching safepoint: 1985209 ns, At safepoint: 11625 ns, Total: 1996834 ns
[2022-09-21T09:09:59.036+0000][7][safepoint    ] Safepoint "Cleanup", Time since last: 2023840292 ns, Reaching safepoint: 263375 ns, At safepoint: 4959 ns, Total: 268334 ns
[2022-09-21T09:10:09.053+0000][7][safepoint    ] Safepoint "Cleanup", Time since last: 10016318338 ns, Reaching safepoint: 407917 ns, At safepoint: 3541 ns, Total: 411458 ns
[2022-09-21T09:10:12.356+0000][7][safepoint    ] Safepoint "Cleanup", Time since last: 3301321418 ns, Reaching safepoint: 1640667 ns, At safepoint: 36792 ns, Total: 1677459 ns
[2022-09-21T09:10:15.364+0000][7][safepoint    ] Safepoint "Cleanup", Time since last: 3004872667 ns, Reaching safepoint: 2496917 ns, At safepoint: 12750 ns, Total: 2509667 ns
[2022-09-21T09:10:18.383+0000][7][safepoint    ] Safepoint "Cleanup", Time since last: 3012657834 ns, Reaching safepoint: 6341292 ns, At safepoint: 17875 ns, Total: 6359167 ns
[2022-09-21T09:10:21.400+0000][7][safepoint    ] Safepoint "Cleanup", Time since last: 3016983168 ns, Reaching safepoint: 719500 ns, At safepoint: 5667 ns, Total: 725167 ns
[2022-09-21T09:10:23.839+0000][7][safepoint    ] Safepoint "Cleanup", Time since last: 2437947168 ns, Reaching safepoint: 975583 ns, At safepoint: 7250 ns, Total: 982833 ns
[2022-09-21T09:10:24.878+0000][7][safepoint    ] Safepoint "Cleanup", Time since last: 1038858792 ns, Reaching safepoint: 338167 ns, At safepoint: 6416 ns, Total: 344583 ns
[2022-09-21T09:10:26.888+0000][7][safepoint    ] Safepoint "Cleanup", Time since last: 2008113585 ns, Reaching safepoint: 1222875 ns, At safepoint: 13291 ns, Total: 1236166 ns
[2022-09-21T09:10:33.901+0000][7][safepoint    ] Safepoint "Cleanup", Time since last: 7012589795 ns, Reaching safepoint: 705334 ns, At safepoint: 3833 ns, Total: 709167 ns
[2022-09-21T09:10:35.907+0000][7][safepoint    ] Safepoint "Cleanup", Time since last: 2005985334 ns, Reaching safepoint: 398625 ns, At safepoint: 6500 ns, Total: 405125 ns
[2022-09-21T09:10:38.916+0000][7][safepoint    ] Safepoint "Cleanup", Time since last: 3008889002 ns, Reaching safepoint: 135667 ns, At safepoint: 2833 ns, Total: 138500 ns
[2022-09-21T09:10:49.948+0000][7][safepoint    ] Safepoint "Cleanup", Time since last: 11028047630 ns, Reaching safepoint: 1275458 ns, At safepoint: 11292 ns, Total: 1286750 ns
[2022-09-21T09:10:59.971+0000][7][safepoint    ] Safepoint "Cleanup", Time since last: 10022348505 ns, Reaching safepoint: 406041 ns, At safepoint: 29084 ns, Total: 435125 ns
[2022-09-21T09:11:08.987+0000][7][safepoint    ] Safepoint "Cleanup", Time since last: 9016393546 ns, Reaching safepoint: 173750 ns, At safepoint: 3041 ns, Total: 176791 ns
[2022-09-21T09:11:09.990+0000][7][safepoint    ] Safepoint "Cleanup", Time since last: 1002801667 ns, Reaching safepoint: 359459 ns, At safepoint: 7166 ns, Total: 366625 ns
[2022-09-21T09:11:10.997+0000][7][safepoint    ] Safepoint "Cleanup", Time since last: 1005925001 ns, Reaching safepoint: 261708 ns, At safepoint: 5125 ns, Total: 266833 ns
[2022-09-21T09:11:15.005+0000][7][safepoint    ] Safepoint "Cleanup", Time since last: 4008031919 ns, Reaching safepoint: 654750 ns, At safepoint: 9166 ns, Total: 663916 ns
[2022-09-21T09:11:25.035+0000][7][safepoint    ] Safepoint "Cleanup", Time since last: 10031329213 ns, Reaching safepoint: 2062166 ns, At safepoint: 13417 ns, Total: 2075583 ns
[2022-09-21T09:11:27.058+0000][7][safepoint    ] Safepoint "Cleanup", Time since last: 2022619543 ns, Reaching safepoint: 444750 ns, At safepoint: 9833 ns, Total: 454583 ns
[2022-09-21T09:11:31.073+0000][7][safepoint    ] Safepoint "Cleanup", Time since last: 4013254418 ns, Reaching safepoint: 968417 ns, At safepoint: 11958 ns, Total: 980375 ns
[2022-09-21T09:11:39.090+0000][7][safepoint    ] Safepoint "Cleanup", Time since last: 8016995713 ns, Reaching safepoint: 375583 ns, At safepoint: 6542 ns, Total: 382125 ns
[2022-09-21T09:11:45.110+0000][7][safepoint    ] Safepoint "Cleanup", Time since last: 6019231919 ns, Reaching safepoint: 672333 ns, At safepoint: 9334 ns, Total: 681667 ns
[2022-09-21T09:11:54.137+0000][7][safepoint    ] Safepoint "Cleanup", Time since last: 9027445336 ns, Reaching safepoint: 178750 ns, At safepoint: 3250 ns, Total: 182000 ns
[2022-09-21T09:11:57.143+0000][7][safepoint    ] Safepoint "Cleanup", Time since last: 3004965377 ns, Reaching safepoint: 447208 ns, At safepoint: 7334 ns, Total: 454542 ns
[2022-09-21T09:12:00.155+0000][7][safepoint    ] Safepoint "Cleanup", Time since last: 3011532834 ns, Reaching safepoint: 886750 ns, At safepoint: 7584 ns, Total: 894334 ns
[2022-09-21T09:12:06.175+0000][7][safepoint    ] Safepoint "Cleanup", Time since last: 6018850211 ns, Reaching safepoint: 981292 ns, At safepoint: 8583 ns, Total: 989875 ns
[2022-09-21T09:12:07.185+0000][7][safepoint    ] Safepoint "Cleanup", Time since last: 1009891709 ns, Reaching safepoint: 393833 ns, At safepoint: 5292 ns, Total: 399125 ns
[2022-09-21T09:12:12.204+0000][7][safepoint    ] Safepoint "Cleanup", Time since last: 5018418419 ns, Reaching safepoint: 526916 ns, At safepoint: 9542 ns, Total: 536458 ns
[2022-09-21T09:12:13.223+0000][7][safepoint    ] Safepoint "Cleanup", Time since last: 1016611334 ns, Reaching safepoint: 1768875 ns, At safepoint: 18333 ns, Total: 1787208 ns
[2022-09-21T09:12:15.234+0000][7][safepoint    ] Safepoint "Cleanup", Time since last: 2010331084 ns, Reaching safepoint: 370916 ns, At safepoint: 3875 ns, Total: 374791 ns
[2022-09-21T09:12:16.895+0000][7][safepoint    ] Safepoint "Cleanup", Time since last: 1661408126 ns, Reaching safepoint: 126125 ns, At safepoint: 7292 ns, Total: 133417 ns
[2022-09-21T09:12:17.947+0000][7][safepoint    ] Safepoint "Cleanup", Time since last: 1051833000 ns, Reaching safepoint: 366292 ns, At safepoint: 8500 ns, Total: 374792 ns
[2022-09-21T09:12:19.538+0000][7][safepoint    ] Safepoint "Cleanup", Time since last: 1590189376 ns, Reaching safepoint: 478166 ns, At safepoint: 25417 ns, Total: 503583 ns
[2022-09-21T09:12:21.549+0000][7][safepoint    ] Safepoint "Cleanup", Time since last: 2010941084 ns, Reaching safepoint: 398959 ns, At safepoint: 6541 ns, Total: 405500 ns
[2022-09-21T09:12:24.881+0000][7][safepoint    ] Safepoint "Cleanup", Time since last: 3331773002 ns, Reaching safepoint: 229250 ns, At safepoint: 3500 ns, Total: 232750 ns
[2022-09-21T09:12:25.914+0000][7][safepoint    ] Safepoint "Cleanup", Time since last: 1032427792 ns, Reaching safepoint: 424125 ns, At safepoint: 7042 ns, Total: 431167 ns
[2022-09-21T09:12:26.918+0000][7][safepoint    ] Safepoint "Cleanup", Time since last: 1002845500 ns, Reaching safepoint: 741542 ns, At safepoint: 7958 ns, Total: 749500 ns
[2022-09-21T09:12:29.889+0000][7][gc,start     ] GC(22) Pause Young (Normal) (G1 Evacuation Pause)
[2022-09-21T09:12:29.891+0000][7][gc,task      ] GC(22) Using 4 workers of 4 for evacuation
[2022-09-21T09:12:29.892+0000][7][gc,age       ] GC(22) Desired survivor size 19922944 bytes, new threshold 15 (max threshold 15)
[2022-09-21T09:12:29.924+0000][7][gc,age       ] GC(22) Age table with threshold 15 (max threshold 15)
[2022-09-21T09:12:29.925+0000][7][gc,age       ] GC(22) - age   1:    1041544 bytes,    1041544 total
[2022-09-21T09:12:29.926+0000][7][gc,age       ] GC(22) - age   2:     455336 bytes,    1496880 total
[2022-09-21T09:12:29.927+0000][7][gc,age       ] GC(22) - age   3:     896392 bytes,    2393272 total
[2022-09-21T09:12:29.928+0000][7][gc,age       ] GC(22) - age   4:     913992 bytes,    3307264 total
[2022-09-21T09:12:29.928+0000][7][gc,age       ] GC(22) - age   5:    1569912 bytes,    4877176 total
[2022-09-21T09:12:29.929+0000][7][gc,age       ] GC(22) - age   6:    4043696 bytes,    8920872 total
[2022-09-21T09:12:29.930+0000][7][gc,age       ] GC(22) - age   7:    5238968 bytes,   14159840 total
[2022-09-21T09:12:29.931+0000][7][gc,phases    ] GC(22)   Pre Evacuate Collection Set: 0.4ms
[2022-09-21T09:12:29.931+0000][7][gc,phases    ] GC(22)   Merge Heap Roots: 0.3ms
[2022-09-21T09:12:29.932+0000][7][gc,phases    ] GC(22)   Evacuate Collection Set: 28.6ms
[2022-09-21T09:12:29.932+0000][7][gc,phases    ] GC(22)   Post Evacuate Collection Set: 2.0ms
[2022-09-21T09:12:29.933+0000][7][gc,phases    ] GC(22)   Other: 10.6ms
[2022-09-21T09:12:29.933+0000][7][gc,heap      ] GC(22) Eden regions: 286->0(287)
[2022-09-21T09:12:29.934+0000][7][gc,heap      ] GC(22) Survivor regions: 15->15(38)
[2022-09-21T09:12:29.935+0000][7][gc,heap      ] GC(22) Old regions: 60->60
[2022-09-21T09:12:29.935+0000][7][gc,heap      ] GC(22) Archive regions: 0->0
[2022-09-21T09:12:29.936+0000][7][gc,heap      ] GC(22) Humongous regions: 7->7
[2022-09-21T09:12:29.936+0000][7][gc,metaspace ] GC(22) Metaspace: 108861K(117148K)->108861K(117148K) NonClass: 94950K(100016K)->94950K(100016K) Class: 13911K(17132K)->13911K(17132K)
[2022-09-21T09:12:29.937+0000][7][gc           ] GC(22) Pause Young (Normal) (G1 Evacuation Pause) 367M->81M(512M) 47.813ms
[2022-09-21T09:12:29.937+0000][7][gc,cpu       ] GC(22) User=0.11s Sys=0.00s Real=0.05s
[2022-09-21T09:12:29.938+0000][7][safepoint    ] Safepoint "G1CollectForAllocation", Time since last: 2970577460 ns, Reaching safepoint: 273917 ns, At safepoint: 49201208 ns, Total: 49475125 ns
[2022-09-21T09:12:30.942+0000][7][safepoint    ] Safepoint "Cleanup", Time since last: 1002919417 ns, Reaching safepoint: 538208 ns, At safepoint: 30584 ns, Total: 568792 ns
[2022-09-21T09:12:31.946+0000][7][safepoint    ] Safepoint "Cleanup", Time since last: 1004502208 ns, Reaching safepoint: 354959 ns, At safepoint: 6625 ns, Total: 361584 ns
[2022-09-21T09:12:32.950+0000][7][safepoint    ] Safepoint "Cleanup", Time since last: 1003061084 ns, Reaching safepoint: 892208 ns, At safepoint: 27542 ns, Total: 919750 ns
[2022-09-21T09:12:33.955+0000][7][safepoint    ] Safepoint "Cleanup", Time since last: 1004339875 ns, Reaching safepoint: 174583 ns, At safepoint: 3375 ns, Total: 177958 ns
[2022-09-21T09:12:37.959+0000][7][safepoint    ] Safepoint "Cleanup", Time since last: 4003941586 ns, Reaching safepoint: 500000 ns, At safepoint: 7416 ns, Total: 507416 ns
[2022-09-21T09:12:42.970+0000][7][safepoint    ] Safepoint "Cleanup", Time since last: 5009237169 ns, Reaching safepoint: 1794000 ns, At safepoint: 11750 ns, Total: 1805750 ns
[2022-09-21T09:12:47.987+0000][7][safepoint    ] Safepoint "Cleanup", Time since last: 5017530419 ns, Reaching safepoint: 277333 ns, At safepoint: 6667 ns, Total: 284000 ns
[2022-09-21T09:13:05.017+0000][7][safepoint    ] Safepoint "Cleanup", Time since last: 17021314133 ns, Reaching safepoint: 8918833 ns, At safepoint: 21542 ns, Total: 8940375 ns
[2022-09-21T09:13:08.045+0000][7][safepoint    ] Safepoint "Cleanup", Time since last: 3026673543 ns, Reaching safepoint: 1426541 ns, At safepoint: 14709 ns, Total: 1441250 ns
[2022-09-21T09:13:09.052+0000][7][safepoint    ] Safepoint "Cleanup", Time since last: 1006510625 ns, Reaching safepoint: 134834 ns, At safepoint: 3000 ns, Total: 137834 ns
[2022-09-21T09:13:13.060+0000][7][safepoint    ] Safepoint "Cleanup", Time since last: 4006954585 ns, Reaching safepoint: 1409250 ns, At safepoint: 9250 ns, Total: 1418500 ns
[2022-09-21T09:13:15.076+0000][7][safepoint    ] Safepoint "Cleanup", Time since last: 2015061042 ns, Reaching safepoint: 354334 ns, At safepoint: 5416 ns, Total: 359750 ns
[2022-09-21T09:13:16.082+0000][7][safepoint    ] Safepoint "Cleanup", Time since last: 1005641000 ns, Reaching safepoint: 583792 ns, At safepoint: 12792 ns, Total: 596584 ns
[2022-09-21T09:13:17.088+0000][7][safepoint    ] Safepoint "Cleanup", Time since last: 1005046750 ns, Reaching safepoint: 756000 ns, At safepoint: 9292 ns, Total: 765292 ns
[2022-09-21T09:13:18.094+0000][7][safepoint    ] Safepoint "Cleanup", Time since last: 1005474084 ns, Reaching safepoint: 497250 ns, At safepoint: 6666 ns, Total: 503916 ns
[2022-09-21T09:13:19.103+0000][7][safepoint    ] Safepoint "Cleanup", Time since last: 1007452334 ns, Reaching safepoint: 1028958 ns, At safepoint: 10042 ns, Total: 1039000 ns
[2022-09-21T09:13:20.111+0000][7][safepoint    ] Safepoint "Cleanup", Time since last: 1008303542 ns, Reaching safepoint: 521167 ns, At safepoint: 13000 ns, Total: 534167 ns
[2022-09-21T09:13:21.116+0000][7][safepoint    ] Safepoint "Cleanup", Time since last: 1004116000 ns, Reaching safepoint: 119334 ns, At safepoint: 3125 ns, Total: 122459 ns
[2022-09-21T09:13:22.117+0000][7][safepoint    ] Safepoint "Cleanup", Time since last: 1001414542 ns, Reaching safepoint: 272958 ns, At safepoint: 5458 ns, Total: 278416 ns
[2022-09-21T09:13:23.121+0000][7][safepoint    ] Safepoint "Cleanup", Time since last: 1002956501 ns, Reaching safepoint: 411875 ns, At safepoint: 6250 ns, Total: 418125 ns
[2022-09-21T09:13:24.133+0000][7][safepoint    ] Safepoint "Cleanup", Time since last: 1011742500 ns, Reaching safepoint: 312000 ns, At safepoint: 6500 ns, Total: 318500 ns
[2022-09-21T09:13:25.138+0000][7][safepoint    ] Safepoint "Cleanup", Time since last: 1004832543 ns, Reaching safepoint: 381291 ns, At safepoint: 6667 ns, Total: 387958 ns
[2022-09-21T09:13:26.146+0000][7][safepoint    ] Safepoint "Cleanup", Time since last: 1006786750 ns, Reaching safepoint: 888625 ns, At safepoint: 7625 ns, Total: 896250 ns
[2022-09-21T09:13:27.156+0000][7][safepoint    ] Safepoint "Cleanup", Time since last: 1009784251 ns, Reaching safepoint: 302500 ns, At safepoint: 10333 ns, Total: 312833 ns
[2022-09-21T09:13:28.162+0000][7][safepoint    ] Safepoint "Cleanup", Time since last: 1005809792 ns, Reaching safepoint: 441459 ns, At safepoint: 6458 ns, Total: 447917 ns
[2022-09-21T09:13:29.171+0000][7][safepoint    ] Safepoint "Cleanup", Time since last: 1008477750 ns, Reaching safepoint: 269334 ns, At safepoint: 5250 ns, Total: 274584 ns
[2022-09-21T09:13:30.180+0000][7][safepoint    ] Safepoint "Cleanup", Time since last: 1008100334 ns, Reaching safepoint: 950416 ns, At safepoint: 13667 ns, Total: 964083 ns
[2022-09-21T09:13:31.188+0000][7][safepoint    ] Safepoint "Cleanup", Time since last: 1007741917 ns, Reaching safepoint: 649958 ns, At safepoint: 7042 ns, Total: 657000 ns
[2022-09-21T09:13:32.213+0000][7][safepoint    ] Safepoint "Cleanup", Time since last: 1015256834 ns, Reaching safepoint: 8970500 ns, At safepoint: 21917 ns, Total: 8992417 ns
[2022-09-21T09:13:33.227+0000][7][safepoint    ] Safepoint "Cleanup", Time since last: 1012087042 ns, Reaching safepoint: 1719250 ns, At safepoint: 14333 ns, Total: 1733583 ns
[2022-09-21T09:13:34.238+0000][7][safepoint    ] Safepoint "Cleanup", Time since last: 1009307709 ns, Reaching safepoint: 2648917 ns, At safepoint: 13083 ns, Total: 2662000 ns
[2022-09-21T09:13:35.255+0000][7][safepoint    ] Safepoint "Cleanup", Time since last: 1014828834 ns, Reaching safepoint: 1648583 ns, At safepoint: 80208 ns, Total: 1728791 ns
[2022-09-21T09:13:36.283+0000][7][safepoint    ] Safepoint "Cleanup", Time since last: 1023791751 ns, Reaching safepoint: 4753083 ns, At safepoint: 13625 ns, Total: 4766708 ns
[2022-09-21T09:13:37.296+0000][7][safepoint    ] Safepoint "Cleanup", Time since last: 1011954126 ns, Reaching safepoint: 184291 ns, At safepoint: 4209 ns, Total: 188500 ns
[2022-09-21T09:13:37.407+0000][7][safepoint    ] Safepoint "BulkRevokeBias", Time since last: 110870708 ns, Reaching safepoint: 230417 ns, At safepoint: 461291 ns, Total: 691708 ns
[2022-09-21T09:13:38.409+0000][7][safepoint    ] Safepoint "Cleanup", Time since last: 1001881918 ns, Reaching safepoint: 485458 ns, At safepoint: 10458 ns, Total: 495916 ns
[2022-09-21T09:13:39.415+0000][7][safepoint    ] Safepoint "Cleanup", Time since last: 1005476917 ns, Reaching safepoint: 449667 ns, At safepoint: 7500 ns, Total: 457167 ns
[2022-09-21T09:13:42.423+0000][7][safepoint    ] Safepoint "Cleanup", Time since last: 3006894418 ns, Reaching safepoint: 347875 ns, At safepoint: 6292 ns, Total: 354167 ns
[2022-09-21T09:13:48.435+0000][7][safepoint    ] Safepoint "Cleanup", Time since last: 6011579169 ns, Reaching safepoint: 680583 ns, At safepoint: 7250 ns, Total: 687833 ns
[2022-09-21T09:13:51.444+0000][7][safepoint    ] Safepoint "Cleanup", Time since last: 3007925626 ns, Reaching safepoint: 517042 ns, At safepoint: 9000 ns, Total: 526042 ns
[2022-09-21T09:13:53.142+0000][7][safepoint    ] Safepoint "Cleanup", Time since last: 1698271918 ns, Reaching safepoint: 430541 ns, At safepoint: 8792 ns, Total: 439333 ns
[2022-09-21T09:13:54.662+0000][7][safepoint    ] Safepoint "Cleanup", Time since last: 1520081917 ns, Reaching safepoint: 195584 ns, At safepoint: 16083 ns, Total: 211667 ns
[2022-09-21T09:13:57.672+0000][7][safepoint    ] Safepoint "Cleanup", Time since last: 3008620001 ns, Reaching safepoint: 616417 ns, At safepoint: 8958 ns, Total: 625375 ns
[2022-09-21T09:14:06.685+0000][7][safepoint    ] Safepoint "Cleanup", Time since last: 9011411838 ns, Reaching safepoint: 2106833 ns, At safepoint: 29959 ns, Total: 2136792 ns
[2022-09-21T09:14:11.179+0000][7][safepoint    ] Safepoint "Cleanup", Time since last: 4492691294 ns, Reaching safepoint: 905708 ns, At safepoint: 21125 ns, Total: 926833 ns
[2022-09-21T09:14:12.210+0000][7][safepoint    ] Safepoint "Cleanup", Time since last: 1031221084 ns, Reaching safepoint: 160625 ns, At safepoint: 3333 ns, Total: 163958 ns
[2022-09-21T09:14:13.215+0000][7][safepoint    ] Safepoint "Cleanup", Time since last: 1004096126 ns, Reaching safepoint: 399958 ns, At safepoint: 6583 ns, Total: 406541 ns
[2022-09-21T09:14:15.221+0000][7][safepoint    ] Safepoint "Cleanup", Time since last: 2007698168 ns, Reaching safepoint: 107375 ns, At safepoint: 2375 ns, Total: 109750 ns
[2022-09-21T09:14:15.267+0000][7][safepoint    ] Safepoint "ICBufferFull", Time since last: 45053916 ns, Reaching safepoint: 244375 ns, At safepoint: 4167 ns, Total: 248542 ns
[2022-09-21T09:14:16.270+0000][7][safepoint    ] Safepoint "Cleanup", Time since last: 1002448709 ns, Reaching safepoint: 510083 ns, At safepoint: 6708 ns, Total: 516791 ns
[2022-09-21T09:14:18.211+0000][7][safepoint    ] Safepoint "Cleanup", Time since last: 1940875168 ns, Reaching safepoint: 238042 ns, At safepoint: 4083 ns, Total: 242125 ns
[2022-09-21T09:14:20.069+0000][7][safepoint    ] Safepoint "Cleanup", Time since last: 1858080376 ns, Reaching safepoint: 157250 ns, At safepoint: 8000 ns, Total: 165250 ns
[2022-09-21T09:14:24.083+0000][7][safepoint    ] Safepoint "Cleanup", Time since last: 4013100377 ns, Reaching safepoint: 520125 ns, At safepoint: 10916 ns, Total: 531041 ns
[2022-09-21T09:14:25.163+0000][7][safepoint    ] Safepoint "Cleanup", Time since last: 1080381251 ns, Reaching safepoint: 348167 ns, At safepoint: 10500 ns, Total: 358667 ns
[2022-09-21T09:14:28.179+0000][7][safepoint    ] Safepoint "Cleanup", Time since last: 3015225168 ns, Reaching safepoint: 572083 ns, At safepoint: 5750 ns, Total: 577833 ns
[2022-09-21T09:14:31.276+0000][7][safepoint    ] Safepoint "Cleanup", Time since last: 3096316460 ns, Reaching safepoint: 119333 ns, At safepoint: 3083 ns, Total: 122416 ns
[2022-09-21T09:14:38.290+0000][7][safepoint    ] Safepoint "Cleanup", Time since last: 7013454379 ns, Reaching safepoint: 646708 ns, At safepoint: 8042 ns, Total: 654750 ns
[2022-09-21T09:14:40.121+0000][7][safepoint    ] Safepoint "Cleanup", Time since last: 1830826792 ns, Reaching safepoint: 205959 ns, At safepoint: 3708 ns, Total: 209667 ns
[2022-09-21T09:14:41.329+0000][7][safepoint    ] Safepoint "Cleanup", Time since last: 1207610251 ns, Reaching safepoint: 485541 ns, At safepoint: 6209 ns, Total: 491750 ns
[2022-09-21T09:14:45.457+0000][7][safepoint    ] Safepoint "BulkRevokeBias", Time since last: 4127360418 ns, Reaching safepoint: 213958 ns, At safepoint: 276208 ns, Total: 490166 ns
[2022-09-21T09:14:46.461+0000][7][safepoint    ] Safepoint "Cleanup", Time since last: 1003583751 ns, Reaching safepoint: 844666 ns, At safepoint: 9042 ns, Total: 853708 ns
[2022-09-21T09:14:48.470+0000][7][safepoint    ] Safepoint "Cleanup", Time since last: 2008387376 ns, Reaching safepoint: 422583 ns, At safepoint: 5209 ns, Total: 427792 ns
[2022-09-21T09:14:49.474+0000][7][safepoint    ] Safepoint "Cleanup", Time since last: 1003445584 ns, Reaching safepoint: 659791 ns, At safepoint: 9417 ns, Total: 669208 ns
[2022-09-21T09:14:51.487+0000][7][safepoint    ] Safepoint "Cleanup", Time since last: 2009135709 ns, Reaching safepoint: 3962042 ns, At safepoint: 15375 ns, Total: 3977417 ns
[2022-09-21T09:14:54.502+0000][7][safepoint    ] Safepoint "Cleanup", Time since last: 3014385960 ns, Reaching safepoint: 522708 ns, At safepoint: 7292 ns, Total: 530000 ns
[2022-09-21T09:14:57.518+0000][7][safepoint    ] Safepoint "Cleanup", Time since last: 3010760209 ns, Reaching safepoint: 4700709 ns, At safepoint: 23083 ns, Total: 4723792 ns
[2022-09-21T09:15:00.545+0000][7][safepoint    ] Safepoint "Cleanup", Time since last: 3025462251 ns, Reaching safepoint: 1876542 ns, At safepoint: 8917 ns, Total: 1885459 ns
[2022-09-21T09:15:03.569+0000][7][safepoint    ] Safepoint "Cleanup", Time since last: 3021585460 ns, Reaching safepoint: 2881083 ns, At safepoint: 11917 ns, Total: 2893000 ns
[2022-09-21T09:15:07.584+0000][7][safepoint    ] Safepoint "Cleanup", Time since last: 4011312335 ns, Reaching safepoint: 3359791 ns, At safepoint: 18709 ns, Total: 3378500 ns
[2022-09-21T09:15:09.608+0000][7][safepoint    ] Safepoint "Cleanup", Time since last: 2023822751 ns, Reaching safepoint: 512291 ns, At safepoint: 8917 ns, Total: 521208 ns
[2022-09-21T09:15:11.624+0000][7][safepoint    ] Safepoint "Cleanup", Time since last: 2014956584 ns, Reaching safepoint: 531292 ns, At safepoint: 6875 ns, Total: 538167 ns
[2022-09-21T09:15:12.629+0000][7][safepoint    ] Safepoint "Cleanup", Time since last: 1004182292 ns, Reaching safepoint: 798209 ns, At safepoint: 12166 ns, Total: 810375 ns
[2022-09-21T09:15:13.633+0000][7][safepoint    ] Safepoint "Cleanup", Time since last: 1003711917 ns, Reaching safepoint: 384417 ns, At safepoint: 5917 ns, Total: 390334 ns
[2022-09-21T09:15:14.637+0000][7][safepoint    ] Safepoint "Cleanup", Time since last: 1004134500 ns, Reaching safepoint: 344167 ns, At safepoint: 7792 ns, Total: 351959 ns
[2022-09-21T09:15:15.642+0000][7][safepoint    ] Safepoint "Cleanup", Time since last: 1003655458 ns, Reaching safepoint: 365083 ns, At safepoint: 7542 ns, Total: 372625 ns
[2022-09-21T09:15:16.652+0000][7][safepoint    ] Safepoint "Cleanup", Time since last: 1009539917 ns, Reaching safepoint: 971084 ns, At safepoint: 9625 ns, Total: 980709 ns
[2022-09-21T09:15:17.657+0000][7][safepoint    ] Safepoint "Cleanup", Time since last: 1004138208 ns, Reaching safepoint: 225292 ns, At safepoint: 5167 ns, Total: 230459 ns
[2022-09-21T09:15:18.663+0000][7][safepoint    ] Safepoint "Cleanup", Time since last: 1005813250 ns, Reaching safepoint: 633125 ns, At safepoint: 13167 ns, Total: 646292 ns
[2022-09-21T09:15:19.671+0000][7][safepoint    ] Safepoint "Cleanup", Time since last: 1007632125 ns, Reaching safepoint: 377042 ns, At safepoint: 5125 ns, Total: 382167 ns
[2022-09-21T09:15:20.675+0000][7][safepoint    ] Safepoint "Cleanup", Time since last: 1003802167 ns, Reaching safepoint: 512708 ns, At safepoint: 8959 ns, Total: 521667 ns
[2022-09-21T09:15:21.697+0000][7][safepoint    ] Safepoint "Cleanup", Time since last: 1012886375 ns, Reaching safepoint: 8328542 ns, At safepoint: 26667 ns, Total: 8355209 ns
[2022-09-21T09:15:22.711+0000][7][safepoint    ] Safepoint "Cleanup", Time since last: 1008438292 ns, Reaching safepoint: 5813208 ns, At safepoint: 21208 ns, Total: 5834416 ns
[2022-09-21T09:15:23.732+0000][7][safepoint    ] Safepoint "Cleanup", Time since last: 1018286793 ns, Reaching safepoint: 3207625 ns, At safepoint: 15458 ns, Total: 3223083 ns
[2022-09-21T09:15:25.705+0000][7][safepoint    ] Safepoint "Cleanup", Time since last: 1972024459 ns, Reaching safepoint: 729708 ns, At safepoint: 7792 ns, Total: 737500 ns
[2022-09-21T09:15:26.723+0000][7][safepoint    ] Safepoint "Cleanup", Time since last: 1016543001 ns, Reaching safepoint: 974791 ns, At safepoint: 10334 ns, Total: 985125 ns
[2022-09-21T09:15:27.730+0000][7][safepoint    ] Safepoint "Cleanup", Time since last: 1005817667 ns, Reaching safepoint: 1498958 ns, At safepoint: 19750 ns, Total: 1518708 ns
[2022-09-21T09:15:28.741+0000][7][safepoint    ] Safepoint "Cleanup", Time since last: 1011128042 ns, Reaching safepoint: 232459 ns, At safepoint: 4083 ns, Total: 236542 ns
[2022-09-21T09:15:29.752+0000][7][safepoint    ] Safepoint "Cleanup", Time since last: 1010470709 ns, Reaching safepoint: 421708 ns, At safepoint: 7000 ns, Total: 428708 ns
[2022-09-21T09:15:30.765+0000][7][safepoint    ] Safepoint "Cleanup", Time since last: 1012793709 ns, Reaching safepoint: 275833 ns, At safepoint: 5292 ns, Total: 281125 ns
[2022-09-21T09:15:31.771+0000][7][safepoint    ] Safepoint "Cleanup", Time since last: 1005684959 ns, Reaching safepoint: 160875 ns, At safepoint: 4625 ns, Total: 165500 ns
[2022-09-21T09:15:32.779+0000][7][safepoint    ] Safepoint "Cleanup", Time since last: 1006173334 ns, Reaching safepoint: 1181208 ns, At safepoint: 12583 ns, Total: 1193791 ns
[2022-09-21T09:15:33.786+0000][7][safepoint    ] Safepoint "Cleanup", Time since last: 1007083917 ns, Reaching safepoint: 518917 ns, At safepoint: 8708 ns, Total: 527625 ns
[2022-09-21T09:15:34.790+0000][7][safepoint    ] Safepoint "Cleanup", Time since last: 1003495917 ns, Reaching safepoint: 266125 ns, At safepoint: 4917 ns, Total: 271042 ns
[2022-09-21T09:15:35.797+0000][7][safepoint    ] Safepoint "Cleanup", Time since last: 1006375334 ns, Reaching safepoint: 235958 ns, At safepoint: 5667 ns, Total: 241625 ns
[2022-09-21T09:15:36.804+0000][7][safepoint    ] Safepoint "Cleanup", Time since last: 1007381584 ns, Reaching safepoint: 219291 ns, At safepoint: 4209 ns, Total: 223500 ns
[2022-09-21T09:15:37.807+0000][7][safepoint    ] Safepoint "Cleanup", Time since last: 1002435459 ns, Reaching safepoint: 336125 ns, At safepoint: 8791 ns, Total: 344916 ns
[2022-09-21T09:15:38.820+0000][7][safepoint    ] Safepoint "Cleanup", Time since last: 1008930042 ns, Reaching safepoint: 3836917 ns, At safepoint: 14125 ns, Total: 3851042 ns
[2022-09-21T09:15:39.830+0000][7][safepoint    ] Safepoint "Cleanup", Time since last: 1010218001 ns, Reaching safepoint: 351833 ns, At safepoint: 6500 ns, Total: 358333 ns
[2022-09-21T09:15:40.834+0000][7][safepoint    ] Safepoint "Cleanup", Time since last: 1003438625 ns, Reaching safepoint: 159917 ns, At safepoint: 2542 ns, Total: 162459 ns
[2022-09-21T09:15:41.835+0000][7][safepoint    ] Safepoint "Cleanup", Time since last: 1001010834 ns, Reaching safepoint: 170000 ns, At safepoint: 4375 ns, Total: 174375 ns
[2022-09-21T09:15:43.093+0000][7][safepoint    ] Safepoint "Cleanup", Time since last: 1256898458 ns, Reaching safepoint: 991584 ns, At safepoint: 14541 ns, Total: 1006125 ns
[2022-09-21T09:15:44.102+0000][7][safepoint    ] Safepoint "Cleanup", Time since last: 1006128293 ns, Reaching safepoint: 3067583 ns, At safepoint: 16417 ns, Total: 3084000 ns
[2022-09-21T09:15:45.107+0000][7][safepoint    ] Safepoint "Cleanup", Time since last: 1004558875 ns, Reaching safepoint: 366208 ns, At safepoint: 5417 ns, Total: 371625 ns
[2022-09-21T09:15:46.113+0000][7][safepoint    ] Safepoint "Cleanup", Time since last: 1003710000 ns, Reaching safepoint: 499708 ns, At safepoint: 8625 ns, Total: 508333 ns
[2022-09-21T09:15:47.119+0000][7][safepoint    ] Safepoint "Cleanup", Time since last: 1006074667 ns, Reaching safepoint: 420375 ns, At safepoint: 5917 ns, Total: 426292 ns
[2022-09-21T09:15:48.123+0000][7][safepoint    ] Safepoint "Cleanup", Time since last: 1003595917 ns, Reaching safepoint: 402250 ns, At safepoint: 5875 ns, Total: 408125 ns
[2022-09-21T09:15:49.132+0000][7][safepoint    ] Safepoint "Cleanup", Time since last: 1007445626 ns, Reaching safepoint: 1457041 ns, At safepoint: 63292 ns, Total: 1520333 ns
[2022-09-21T09:15:50.137+0000][7][safepoint    ] Safepoint "Cleanup", Time since last: 1004694292 ns, Reaching safepoint: 432875 ns, At safepoint: 6584 ns, Total: 439459 ns
[2022-09-21T09:15:51.140+0000][7][safepoint    ] Safepoint "Cleanup", Time since last: 1002492500 ns, Reaching safepoint: 289875 ns, At safepoint: 4708 ns, Total: 294583 ns
[2022-09-21T09:15:52.144+0000][7][safepoint    ] Safepoint "Cleanup", Time since last: 1003398084 ns, Reaching safepoint: 352583 ns, At safepoint: 6750 ns, Total: 359333 ns
[2022-09-21T09:15:53.151+0000][7][safepoint    ] Safepoint "Cleanup", Time since last: 1006592084 ns, Reaching safepoint: 599875 ns, At safepoint: 4875 ns, Total: 604750 ns
[2022-09-21T09:15:54.156+0000][7][safepoint    ] Safepoint "Cleanup", Time since last: 1003723001 ns, Reaching safepoint: 765083 ns, At safepoint: 8875 ns, Total: 773958 ns
[2022-09-21T09:15:55.162+0000][7][safepoint    ] Safepoint "Cleanup", Time since last: 1006229042 ns, Reaching safepoint: 253375 ns, At safepoint: 4334 ns, Total: 257709 ns
[2022-09-21T09:15:56.166+0000][7][safepoint    ] Safepoint "Cleanup", Time since last: 1003331125 ns, Reaching safepoint: 1066667 ns, At safepoint: 9958 ns, Total: 1076625 ns
[2022-09-21T09:15:58.174+0000][7][safepoint    ] Safepoint "Cleanup", Time since last: 2007744334 ns, Reaching safepoint: 290750 ns, At safepoint: 5625 ns, Total: 296375 ns
[2022-09-21T09:16:03.347+0000][7][gc,start     ] GC(23) Pause Young (Normal) (G1 Evacuation Pause)
[2022-09-21T09:16:03.361+0000][7][gc,task      ] GC(23) Using 4 workers of 4 for evacuation
[2022-09-21T09:16:03.364+0000][7][gc,age       ] GC(23) Desired survivor size 19922944 bytes, new threshold 15 (max threshold 15)
[2022-09-21T09:16:03.458+0000][7][gc,age       ] GC(23) Age table with threshold 15 (max threshold 15)
[2022-09-21T09:16:03.466+0000][7][gc,age       ] GC(23) - age   1:    3004328 bytes,    3004328 total
[2022-09-21T09:16:03.483+0000][7][gc,age       ] GC(23) - age   2:     758200 bytes,    3762528 total
[2022-09-21T09:16:03.489+0000][7][gc,age       ] GC(23) - age   3:     454848 bytes,    4217376 total
[2022-09-21T09:16:03.494+0000][7][gc,age       ] GC(23) - age   4:     834536 bytes,    5051912 total
[2022-09-21T09:16:03.501+0000][7][gc,age       ] GC(23) - age   5:     897488 bytes,    5949400 total
[2022-09-21T09:16:03.505+0000][7][gc,age       ] GC(23) - age   6:    1565336 bytes,    7514736 total
[2022-09-21T09:16:03.515+0000][7][gc,age       ] GC(23) - age   7:    4041816 bytes,   11556552 total
[2022-09-21T09:16:03.520+0000][7][gc,age       ] GC(23) - age   8:    5221168 bytes,   16777720 total
[2022-09-21T09:16:03.527+0000][7][gc,phases    ] GC(23)   Pre Evacuate Collection Set: 0.6ms
[2022-09-21T09:16:03.534+0000][7][gc,phases    ] GC(23)   Merge Heap Roots: 0.9ms
[2022-09-21T09:16:03.544+0000][7][gc,phases    ] GC(23)   Evacuate Collection Set: 69.9ms
[2022-09-21T09:16:03.551+0000][7][gc,phases    ] GC(23)   Post Evacuate Collection Set: 15.9ms
[2022-09-21T09:16:03.581+0000][7][gc,phases    ] GC(23)   Other: 92.8ms
[2022-09-21T09:16:03.595+0000][7][gc,heap      ] GC(23) Eden regions: 287->0(281)
[2022-09-21T09:16:03.598+0000][7][gc,heap      ] GC(23) Survivor regions: 15->18(38)
[2022-09-21T09:16:03.599+0000][7][gc,heap      ] GC(23) Old regions: 60->60
[2022-09-21T09:16:03.600+0000][7][gc,heap      ] GC(23) Archive regions: 0->0
[2022-09-21T09:16:03.601+0000][7][gc,heap      ] GC(23) Humongous regions: 7->7
[2022-09-21T09:16:03.601+0000][7][gc,metaspace ] GC(23) Metaspace: 109392K(117788K)->109392K(117788K) NonClass: 95458K(100528K)->95458K(100528K) Class: 13934K(17260K)->13934K(17260K)
[2022-09-21T09:16:03.602+0000][7][gc           ] GC(23) Pause Young (Normal) (G1 Evacuation Pause) 368M->84M(512M) 255.062ms
[2022-09-21T09:16:03.603+0000][7][gc,cpu       ] GC(23) User=0.31s Sys=0.01s Real=0.26s
[2022-09-21T09:16:03.605+0000][7][safepoint    ] Safepoint "G1CollectForAllocation", Time since last: 5170437836 ns, Reaching safepoint: 1631208 ns, At safepoint: 258148626 ns, Total: 259779834 ns
[2022-09-21T09:16:09.267+0000][7][safepoint    ] Safepoint "Cleanup", Time since last: 5661373752 ns, Reaching safepoint: 766792 ns, At safepoint: 3542 ns, Total: 770334 ns
[2022-09-21T09:16:10.278+0000][7][safepoint    ] Safepoint "Cleanup", Time since last: 1010574583 ns, Reaching safepoint: 280209 ns, At safepoint: 5833 ns, Total: 286042 ns
[2022-09-21T09:16:28.305+0000][7][safepoint    ] Safepoint "Cleanup", Time since last: 18028285091 ns, Reaching safepoint: 1776625 ns, At safepoint: 17625 ns, Total: 1794250 ns
[2022-09-21T09:16:30.340+0000][7][safepoint    ] Safepoint "Cleanup", Time since last: 2033843334 ns, Reaching safepoint: 444875 ns, At safepoint: 87125 ns, Total: 532000 ns
[2022-09-21T09:16:31.343+0000][7][safepoint    ] Safepoint "Cleanup", Time since last: 1003461876 ns, Reaching safepoint: 183542 ns, At safepoint: 2291 ns, Total: 185833 ns
[2022-09-21T09:16:32.353+0000][7][safepoint    ] Safepoint "Cleanup", Time since last: 1007626667 ns, Reaching safepoint: 2150417 ns, At safepoint: 14375 ns, Total: 2164792 ns
[2022-09-21T09:16:33.372+0000][7][safepoint    ] Safepoint "Cleanup", Time since last: 1018139375 ns, Reaching safepoint: 457709 ns, At safepoint: 12458 ns, Total: 470167 ns
[2022-09-21T09:16:34.375+0000][7][safepoint    ] Safepoint "Cleanup", Time since last: 1002738792 ns, Reaching safepoint: 426084 ns, At safepoint: 4416 ns, Total: 430500 ns
[2022-09-21T09:16:35.382+0000][7][safepoint    ] Safepoint "Cleanup", Time since last: 1005671959 ns, Reaching safepoint: 1813958 ns, At safepoint: 12875 ns, Total: 1826833 ns
[2022-09-21T09:16:36.402+0000][7][safepoint    ] Safepoint "Cleanup", Time since last: 1019150334 ns, Reaching safepoint: 321959 ns, At safepoint: 5833 ns, Total: 327792 ns
[2022-09-21T09:16:37.410+0000][7][safepoint    ] Safepoint "Cleanup", Time since last: 1007930375 ns, Reaching safepoint: 473375 ns, At safepoint: 7042 ns, Total: 480417 ns
[2022-09-21T09:16:38.417+0000][7][safepoint    ] Safepoint "Cleanup", Time since last: 1006025834 ns, Reaching safepoint: 1106083 ns, At safepoint: 7709 ns, Total: 1113792 ns
[2022-09-21T09:16:39.424+0000][7][safepoint    ] Safepoint "Cleanup", Time since last: 1006155042 ns, Reaching safepoint: 392750 ns, At safepoint: 6041 ns, Total: 398791 ns
[2022-09-21T09:16:40.428+0000][7][safepoint    ] Safepoint "Cleanup", Time since last: 1003090168 ns, Reaching safepoint: 1086625 ns, At safepoint: 8791 ns, Total: 1095416 ns
[2022-09-21T09:16:41.436+0000][7][safepoint    ] Safepoint "Cleanup", Time since last: 1006843376 ns, Reaching safepoint: 1016625 ns, At safepoint: 9166 ns, Total: 1025791 ns
[2022-09-21T09:16:42.736+0000][7][safepoint    ] Safepoint "Cleanup", Time since last: 1300395959 ns, Reaching safepoint: 219417 ns, At safepoint: 3250 ns, Total: 222667 ns
[2022-09-21T09:16:43.408+0000][7][safepoint    ] Safepoint "BulkRevokeBias", Time since last: 671403084 ns, Reaching safepoint: 240291 ns, At safepoint: 164375 ns, Total: 404666 ns
[2022-09-21T09:16:43.582+0000][7][safepoint    ] Safepoint "ICBufferFull", Time since last: 173510292 ns, Reaching safepoint: 341250 ns, At safepoint: 19250 ns, Total: 360500 ns
[2022-09-21T09:16:43.809+0000][7][safepoint    ] Safepoint "BulkRevokeBias", Time since last: 226909500 ns, Reaching safepoint: 200417 ns, At safepoint: 136541 ns, Total: 336958 ns
[2022-09-21T09:16:44.831+0000][7][safepoint    ] Safepoint "Cleanup", Time since last: 1021440626 ns, Reaching safepoint: 388083 ns, At safepoint: 7625 ns, Total: 395708 ns
[2022-09-21T09:16:45.835+0000][7][safepoint    ] Safepoint "Cleanup", Time since last: 1003276542 ns, Reaching safepoint: 336333 ns, At safepoint: 16750 ns, Total: 353083 ns
[2022-09-21T09:16:46.842+0000][7][safepoint    ] Safepoint "Cleanup", Time since last: 1005665043 ns, Reaching safepoint: 872708 ns, At safepoint: 11250 ns, Total: 883958 ns
[2022-09-21T09:16:47.851+0000][7][safepoint    ] Safepoint "Cleanup", Time since last: 1009183542 ns, Reaching safepoint: 236583 ns, At safepoint: 4084 ns, Total: 240667 ns
[2022-09-21T09:16:49.095+0000][7][safepoint    ] Safepoint "Cleanup", Time since last: 1242668542 ns, Reaching safepoint: 783875 ns, At safepoint: 7375 ns, Total: 791250 ns
[2022-09-21T09:16:50.103+0000][7][safepoint    ] Safepoint "Cleanup", Time since last: 1008600875 ns, Reaching safepoint: 324959 ns, At safepoint: 4291 ns, Total: 329250 ns
[2022-09-21T09:16:51.113+0000][7][safepoint    ] Safepoint "Cleanup", Time since last: 1004497168 ns, Reaching safepoint: 4819208 ns, At safepoint: 22458 ns, Total: 4841666 ns
[2022-09-21T09:16:52.131+0000][7][safepoint    ] Safepoint "Cleanup", Time since last: 1018037417 ns, Reaching safepoint: 485667 ns, At safepoint: 4833 ns, Total: 490500 ns
[2022-09-21T09:16:53.155+0000][7][safepoint    ] Safepoint "Cleanup", Time since last: 1020827418 ns, Reaching safepoint: 2330000 ns, At safepoint: 14666 ns, Total: 2344666 ns
[2022-09-21T09:16:55.012+0000][7][safepoint    ] Safepoint "Cleanup", Time since last: 1856415001 ns, Reaching safepoint: 654708 ns, At safepoint: 8959 ns, Total: 663667 ns
[2022-09-21T09:16:56.017+0000][7][safepoint    ] Safepoint "Cleanup", Time since last: 1005099625 ns, Reaching safepoint: 438917 ns, At safepoint: 4750 ns, Total: 443667 ns
[2022-09-21T09:16:57.038+0000][7][safepoint    ] Safepoint "Cleanup", Time since last: 1020638375 ns, Reaching safepoint: 398750 ns, At safepoint: 6042 ns, Total: 404792 ns
[2022-09-21T09:16:58.042+0000][7][safepoint    ] Safepoint "Cleanup", Time since last: 1003377126 ns, Reaching safepoint: 555625 ns, At safepoint: 7166 ns, Total: 562791 ns
[2022-09-21T09:16:59.054+0000][7][safepoint    ] Safepoint "Cleanup", Time since last: 1010828167 ns, Reaching safepoint: 666584 ns, At safepoint: 7416 ns, Total: 674000 ns
[2022-09-21T09:17:00.060+0000][7][safepoint    ] Safepoint "Cleanup", Time since last: 1005319626 ns, Reaching safepoint: 1113333 ns, At safepoint: 11167 ns, Total: 1124500 ns
[2022-09-21T09:17:01.075+0000][7][safepoint    ] Safepoint "Cleanup", Time since last: 1014109875 ns, Reaching safepoint: 738084 ns, At safepoint: 7708 ns, Total: 745792 ns
[2022-09-21T09:17:02.083+0000][7][safepoint    ] Safepoint "Cleanup", Time since last: 1005497501 ns, Reaching safepoint: 2928458 ns, At safepoint: 15625 ns, Total: 2944083 ns
[2022-09-21T09:17:03.086+0000][7][safepoint    ] Safepoint "Cleanup", Time since last: 1002889084 ns, Reaching safepoint: 247708 ns, At safepoint: 4375 ns, Total: 252083 ns
[2022-09-21T09:17:04.090+0000][7][safepoint    ] Safepoint "Cleanup", Time since last: 1003562250 ns, Reaching safepoint: 337000 ns, At safepoint: 5834 ns, Total: 342834 ns
[2022-09-21T09:17:05.096+0000][7][safepoint    ] Safepoint "Cleanup", Time since last: 1005259709 ns, Reaching safepoint: 335250 ns, At safepoint: 5833 ns, Total: 341083 ns
[2022-09-21T09:17:06.871+0000][7][safepoint    ] Safepoint "Cleanup", Time since last: 1774101792 ns, Reaching safepoint: 443250 ns, At safepoint: 5875 ns, Total: 449125 ns
[2022-09-21T09:17:07.875+0000][7][safepoint    ] Safepoint "Cleanup", Time since last: 1003770751 ns, Reaching safepoint: 602208 ns, At safepoint: 26375 ns, Total: 628583 ns
[2022-09-21T09:17:08.880+0000][7][safepoint    ] Safepoint "Cleanup", Time since last: 1004823084 ns, Reaching safepoint: 248625 ns, At safepoint: 2167 ns, Total: 250792 ns
[2022-09-21T09:17:09.882+0000][7][safepoint    ] Safepoint "Cleanup", Time since last: 1001922250 ns, Reaching safepoint: 279042 ns, At safepoint: 6500 ns, Total: 285542 ns
[2022-09-21T09:17:10.886+0000][7][safepoint    ] Safepoint "Cleanup", Time since last: 1003251167 ns, Reaching safepoint: 403125 ns, At safepoint: 6042 ns, Total: 409167 ns
[2022-09-21T09:17:11.892+0000][7][safepoint    ] Safepoint "Cleanup", Time since last: 1005294167 ns, Reaching safepoint: 303167 ns, At safepoint: 12791 ns, Total: 315958 ns
[2022-09-21T09:17:12.896+0000][7][safepoint    ] Safepoint "Cleanup", Time since last: 1003943542 ns, Reaching safepoint: 577792 ns, At safepoint: 32000 ns, Total: 609792 ns
[2022-09-21T09:17:13.901+0000][7][safepoint    ] Safepoint "Cleanup", Time since last: 1005314500 ns, Reaching safepoint: 108709 ns, At safepoint: 2583 ns, Total: 111292 ns
[2022-09-21T09:17:14.904+0000][7][safepoint    ] Safepoint "Cleanup", Time since last: 1002116001 ns, Reaching safepoint: 333041 ns, At safepoint: 5042 ns, Total: 338083 ns
[2022-09-21T09:17:15.911+0000][7][safepoint    ] Safepoint "Cleanup", Time since last: 1005244791 ns, Reaching safepoint: 1264750 ns, At safepoint: 12792 ns, Total: 1277542 ns
[2022-09-21T09:17:16.920+0000][7][safepoint    ] Safepoint "Cleanup", Time since last: 1008773001 ns, Reaching safepoint: 353375 ns, At safepoint: 4416 ns, Total: 357791 ns
[2022-09-21T09:17:17.927+0000][7][safepoint    ] Safepoint "Cleanup", Time since last: 1007051167 ns, Reaching safepoint: 472042 ns, At safepoint: 6875 ns, Total: 478917 ns
[2022-09-21T09:17:18.940+0000][7][safepoint    ] Safepoint "Cleanup", Time since last: 1004996126 ns, Reaching safepoint: 7428000 ns, At safepoint: 10583 ns, Total: 7438583 ns
[2022-09-21T09:17:20.126+0000][7][safepoint    ] Safepoint "Cleanup", Time since last: 1183369042 ns, Reaching safepoint: 2993250 ns, At safepoint: 17083 ns, Total: 3010333 ns
[2022-09-21T09:17:21.137+0000][7][safepoint    ] Safepoint "Cleanup", Time since last: 1010098959 ns, Reaching safepoint: 381542 ns, At safepoint: 10250 ns, Total: 391792 ns
[2022-09-21T09:17:23.017+0000][7][safepoint    ] Safepoint "Cleanup", Time since last: 1879452543 ns, Reaching safepoint: 363750 ns, At safepoint: 7416 ns, Total: 371166 ns
[2022-09-21T09:17:24.023+0000][7][safepoint    ] Safepoint "Cleanup", Time since last: 1005841959 ns, Reaching safepoint: 450875 ns, At safepoint: 8750 ns, Total: 459625 ns
[2022-09-21T09:17:25.029+0000][7][safepoint    ] Safepoint "Cleanup", Time since last: 1005716125 ns, Reaching safepoint: 388334 ns, At safepoint: 10583 ns, Total: 398917 ns
[2022-09-21T09:17:26.035+0000][7][safepoint    ] Safepoint "Cleanup", Time since last: 1005771167 ns, Reaching safepoint: 574125 ns, At safepoint: 6584 ns, Total: 580709 ns
[2022-09-21T09:17:27.040+0000][7][safepoint    ] Safepoint "Cleanup", Time since last: 1004283958 ns, Reaching safepoint: 800292 ns, At safepoint: 10000 ns, Total: 810292 ns
[2022-09-21T09:17:28.047+0000][7][safepoint    ] Safepoint "Cleanup", Time since last: 1006463417 ns, Reaching safepoint: 401834 ns, At safepoint: 5458 ns, Total: 407292 ns
[2022-09-21T09:17:29.052+0000][7][safepoint    ] Safepoint "Cleanup", Time since last: 1004135709 ns, Reaching safepoint: 416666 ns, At safepoint: 6959 ns, Total: 423625 ns
[2022-09-21T09:17:30.063+0000][7][safepoint    ] Safepoint "Cleanup", Time since last: 1009214084 ns, Reaching safepoint: 1651500 ns, At safepoint: 28541 ns, Total: 1680041 ns
[2022-09-21T09:17:31.082+0000][7][safepoint    ] Safepoint "Cleanup", Time since last: 1017842751 ns, Reaching safepoint: 971500 ns, At safepoint: 11666 ns, Total: 983166 ns
[2022-09-21T09:17:32.099+0000][7][safepoint    ] Safepoint "Cleanup", Time since last: 1011200793 ns, Reaching safepoint: 6021541 ns, At safepoint: 18584 ns, Total: 6040125 ns
[2022-09-21T09:17:33.113+0000][7][safepoint    ] Safepoint "Cleanup", Time since last: 1012346083 ns, Reaching safepoint: 1390917 ns, At safepoint: 13458 ns, Total: 1404375 ns
[2022-09-21T09:17:34.126+0000][7][safepoint    ] Safepoint "Cleanup", Time since last: 1009988542 ns, Reaching safepoint: 3202334 ns, At safepoint: 31500 ns, Total: 3233834 ns
[2022-09-21T09:17:35.149+0000][7][safepoint    ] Safepoint "Cleanup", Time since last: 1022068584 ns, Reaching safepoint: 876875 ns, At safepoint: 8375 ns, Total: 885250 ns
[2022-09-21T09:17:36.155+0000][7][safepoint    ] Safepoint "Cleanup", Time since last: 1006091042 ns, Reaching safepoint: 399000 ns, At safepoint: 6333 ns, Total: 405333 ns
[2022-09-21T09:17:37.158+0000][7][safepoint    ] Safepoint "Cleanup", Time since last: 1002940334 ns, Reaching safepoint: 217583 ns, At safepoint: 4667 ns, Total: 222250 ns
[2022-09-21T09:17:38.172+0000][7][safepoint    ] Safepoint "Cleanup", Time since last: 1012915417 ns, Reaching safepoint: 266792 ns, At safepoint: 4791 ns, Total: 271583 ns
[2022-09-21T09:17:39.176+0000][7][safepoint    ] Safepoint "Cleanup", Time since last: 1004413001 ns, Reaching safepoint: 301875 ns, At safepoint: 7042 ns, Total: 308917 ns
[2022-09-21T09:17:40.181+0000][7][safepoint    ] Safepoint "Cleanup", Time since last: 1003998833 ns, Reaching safepoint: 255084 ns, At safepoint: 10041 ns, Total: 265125 ns
[2022-09-21T09:17:41.194+0000][7][safepoint    ] Safepoint "Cleanup", Time since last: 1004398376 ns, Reaching safepoint: 8780875 ns, At safepoint: 21333 ns, Total: 8802208 ns
[2022-09-21T09:17:42.225+0000][7][safepoint    ] Safepoint "Cleanup", Time since last: 1029961251 ns, Reaching safepoint: 1111708 ns, At safepoint: 68083 ns, Total: 1179791 ns
[2022-09-21T09:17:43.235+0000][7][safepoint    ] Safepoint "Cleanup", Time since last: 1010170251 ns, Reaching safepoint: 405042 ns, At safepoint: 8416 ns, Total: 413458 ns
[2022-09-21T09:17:44.241+0000][7][safepoint    ] Safepoint "Cleanup", Time since last: 1005649376 ns, Reaching safepoint: 349625 ns, At safepoint: 6458 ns, Total: 356083 ns
[2022-09-21T09:17:45.928+0000][7][safepoint    ] Safepoint "Cleanup", Time since last: 1687709791 ns, Reaching safepoint: 454584 ns, At safepoint: 6083 ns, Total: 460667 ns
[2022-09-21T09:17:46.933+0000][7][safepoint    ] Safepoint "Cleanup", Time since last: 1004596334 ns, Reaching safepoint: 368625 ns, At safepoint: 6125 ns, Total: 374750 ns
[2022-09-21T09:17:47.939+0000][7][safepoint    ] Safepoint "Cleanup", Time since last: 1005064500 ns, Reaching safepoint: 584542 ns, At safepoint: 9042 ns, Total: 593584 ns
[2022-09-21T09:17:48.945+0000][7][safepoint    ] Safepoint "Cleanup", Time since last: 1005591959 ns, Reaching safepoint: 572125 ns, At safepoint: 11333 ns, Total: 583458 ns
[2022-09-21T09:17:49.951+0000][7][safepoint    ] Safepoint "Cleanup", Time since last: 1004086709 ns, Reaching safepoint: 1903916 ns, At safepoint: 18625 ns, Total: 1922541 ns
[2022-09-21T09:17:50.963+0000][7][safepoint    ] Safepoint "Cleanup", Time since last: 1011363001 ns, Reaching safepoint: 330667 ns, At safepoint: 25833 ns, Total: 356500 ns
[2022-09-21T09:17:51.969+0000][7][safepoint    ] Safepoint "Cleanup", Time since last: 1005214709 ns, Reaching safepoint: 539083 ns, At safepoint: 7208 ns, Total: 546291 ns
[2022-09-21T09:17:52.974+0000][7][safepoint    ] Safepoint "Cleanup", Time since last: 1005554959 ns, Reaching safepoint: 274875 ns, At safepoint: 5792 ns, Total: 280667 ns
[2022-09-21T09:17:53.982+0000][7][safepoint    ] Safepoint "Cleanup", Time since last: 1007116875 ns, Reaching safepoint: 527042 ns, At safepoint: 9000 ns, Total: 536042 ns
[2022-09-21T09:17:54.992+0000][7][safepoint    ] Safepoint "Cleanup", Time since last: 1007337125 ns, Reaching safepoint: 2791959 ns, At safepoint: 15208 ns, Total: 2807167 ns
[2022-09-21T09:17:55.997+0000][7][safepoint    ] Safepoint "Cleanup", Time since last: 1004879417 ns, Reaching safepoint: 325125 ns, At safepoint: 6334 ns, Total: 331459 ns
[2022-09-21T09:17:57.007+0000][7][safepoint    ] Safepoint "Cleanup", Time since last: 1006173375 ns, Reaching safepoint: 3254750 ns, At safepoint: 27250 ns, Total: 3282000 ns
[2022-09-21T09:17:58.013+0000][7][safepoint    ] Safepoint "Cleanup", Time since last: 1005229751 ns, Reaching safepoint: 431458 ns, At safepoint: 8292 ns, Total: 439750 ns
[2022-09-21T09:17:59.019+0000][7][safepoint    ] Safepoint "Cleanup", Time since last: 1006368792 ns, Reaching safepoint: 199458 ns, At safepoint: 3708 ns, Total: 203166 ns
[2022-09-21T09:18:00.024+0000][7][safepoint    ] Safepoint "Cleanup", Time since last: 1004686668 ns, Reaching safepoint: 313750 ns, At safepoint: 5250 ns, Total: 319000 ns
[2022-09-21T09:18:01.033+0000][7][safepoint    ] Safepoint "Cleanup", Time since last: 1006138833 ns, Reaching safepoint: 2322875 ns, At safepoint: 12250 ns, Total: 2335125 ns
[2022-09-21T09:18:02.036+0000][7][safepoint    ] Safepoint "Cleanup", Time since last: 1002528542 ns, Reaching safepoint: 437459 ns, At safepoint: 6666 ns, Total: 444125 ns
[2022-09-21T09:18:03.039+0000][7][safepoint    ] Safepoint "Cleanup", Time since last: 1003003459 ns, Reaching safepoint: 209250 ns, At safepoint: 3250 ns, Total: 212500 ns
[2022-09-21T09:18:04.637+0000][7][safepoint    ] Safepoint "Cleanup", Time since last: 1598131501 ns, Reaching safepoint: 186500 ns, At safepoint: 3083 ns, Total: 189583 ns
[2022-09-21T09:18:05.748+0000][7][safepoint    ] Safepoint "Cleanup", Time since last: 1110464959 ns, Reaching safepoint: 480375 ns, At safepoint: 9042 ns, Total: 489417 ns
[2022-09-21T09:18:06.752+0000][7][safepoint    ] Safepoint "Cleanup", Time since last: 1003013042 ns, Reaching safepoint: 504333 ns, At safepoint: 11875 ns, Total: 516208 ns
[2022-09-21T09:18:07.764+0000][7][safepoint    ] Safepoint "Cleanup", Time since last: 1012637084 ns, Reaching safepoint: 139834 ns, At safepoint: 2458 ns, Total: 142292 ns
[2022-09-21T09:18:08.767+0000][7][safepoint    ] Safepoint "Cleanup", Time since last: 1002432959 ns, Reaching safepoint: 502250 ns, At safepoint: 6041 ns, Total: 508291 ns
[2022-09-21T09:18:09.771+0000][7][safepoint    ] Safepoint "Cleanup", Time since last: 1002834168 ns, Reaching safepoint: 950708 ns, At safepoint: 10083 ns, Total: 960791 ns
[2022-09-21T09:18:10.782+0000][7][safepoint    ] Safepoint "Cleanup", Time since last: 1009988709 ns, Reaching safepoint: 742708 ns, At safepoint: 9875 ns, Total: 752583 ns
[2022-09-21T09:18:11.786+0000][7][safepoint    ] Safepoint "Cleanup", Time since last: 1003642834 ns, Reaching safepoint: 439625 ns, At safepoint: 7292 ns, Total: 446917 ns
[2022-09-21T09:18:12.791+0000][7][safepoint    ] Safepoint "Cleanup", Time since last: 1004645167 ns, Reaching safepoint: 407708 ns, At safepoint: 9417 ns, Total: 417125 ns
[2022-09-21T09:18:13.797+0000][7][safepoint    ] Safepoint "Cleanup", Time since last: 1005758500 ns, Reaching safepoint: 387917 ns, At safepoint: 20417 ns, Total: 408334 ns
[2022-09-21T09:18:14.621+0000][7][safepoint    ] Safepoint "BulkRevokeBias", Time since last: 822827458 ns, Reaching safepoint: 156250 ns, At safepoint: 626834 ns, Total: 783084 ns
[2022-09-21T09:18:14.984+0000][7][safepoint    ] Safepoint "BulkRevokeBias", Time since last: 363010083 ns, Reaching safepoint: 217084 ns, At safepoint: 120875 ns, Total: 337959 ns
[2022-09-21T09:18:14.987+0000][7][safepoint    ] Safepoint "BulkRevokeBias", Time since last: 2259125 ns, Reaching safepoint: 127458 ns, At safepoint: 148083 ns, Total: 275541 ns
[2022-09-21T09:18:16.223+0000][7][safepoint    ] Safepoint "Cleanup", Time since last: 1237240584 ns, Reaching safepoint: 393958 ns, At safepoint: 6917 ns, Total: 400875 ns
[2022-09-21T09:18:17.228+0000][7][safepoint    ] Safepoint "Cleanup", Time since last: 1004448417 ns, Reaching safepoint: 216166 ns, At safepoint: 4959 ns, Total: 221125 ns
[2022-09-21T09:18:18.234+0000][7][safepoint    ] Safepoint "Cleanup", Time since last: 1005129792 ns, Reaching safepoint: 379125 ns, At safepoint: 7292 ns, Total: 386417 ns
[2022-09-21T09:18:19.240+0000][7][safepoint    ] Safepoint "Cleanup", Time since last: 1005559583 ns, Reaching safepoint: 454000 ns, At safepoint: 11459 ns, Total: 465459 ns
[2022-09-21T09:18:20.248+0000][7][safepoint    ] Safepoint "Cleanup", Time since last: 1008221834 ns, Reaching safepoint: 388166 ns, At safepoint: 5375 ns, Total: 393541 ns
[2022-09-21T09:18:21.254+0000][7][safepoint    ] Safepoint "Cleanup", Time since last: 1004821126 ns, Reaching safepoint: 509375 ns, At safepoint: 11166 ns, Total: 520541 ns
[2022-09-21T09:18:22.260+0000][7][safepoint    ] Safepoint "Cleanup", Time since last: 1006398126 ns, Reaching safepoint: 332250 ns, At safepoint: 6291 ns, Total: 338541 ns
[2022-09-21T09:18:23.265+0000][7][safepoint    ] Safepoint "Cleanup", Time since last: 1004170668 ns, Reaching safepoint: 515958 ns, At safepoint: 8750 ns, Total: 524708 ns
[2022-09-21T09:18:24.271+0000][7][safepoint    ] Safepoint "Cleanup", Time since last: 1005959834 ns, Reaching safepoint: 341083 ns, At safepoint: 9250 ns, Total: 350333 ns
[2022-09-21T09:18:25.275+0000][7][safepoint    ] Safepoint "Cleanup", Time since last: 1003744167 ns, Reaching safepoint: 283334 ns, At safepoint: 6000 ns, Total: 289334 ns
[2022-09-21T09:18:26.279+0000][7][safepoint    ] Safepoint "Cleanup", Time since last: 1003613292 ns, Reaching safepoint: 309375 ns, At safepoint: 6166 ns, Total: 315541 ns
[2022-09-21T09:18:27.285+0000][7][safepoint    ] Safepoint "Cleanup", Time since last: 1004832459 ns, Reaching safepoint: 473209 ns, At safepoint: 7125 ns, Total: 480334 ns
[2022-09-21T09:18:28.291+0000][7][safepoint    ] Safepoint "Cleanup", Time since last: 1005960875 ns, Reaching safepoint: 388667 ns, At safepoint: 5750 ns, Total: 394417 ns
[2022-09-21T09:18:29.297+0000][7][safepoint    ] Safepoint "Cleanup", Time since last: 1004573792 ns, Reaching safepoint: 1332375 ns, At safepoint: 8833 ns, Total: 1341208 ns
[2022-09-21T09:18:30.304+0000][7][safepoint    ] Safepoint "Cleanup", Time since last: 1006939084 ns, Reaching safepoint: 394708 ns, At safepoint: 5959 ns, Total: 400667 ns
[2022-09-21T09:18:31.312+0000][7][safepoint    ] Safepoint "Cleanup", Time since last: 1005439333 ns, Reaching safepoint: 2290667 ns, At safepoint: 23042 ns, Total: 2313709 ns
[2022-09-21T09:18:32.321+0000][7][safepoint    ] Safepoint "Cleanup", Time since last: 1008239125 ns, Reaching safepoint: 376000 ns, At safepoint: 8167 ns, Total: 384167 ns
[2022-09-21T09:18:33.329+0000][7][safepoint    ] Safepoint "Cleanup", Time since last: 1008278375 ns, Reaching safepoint: 570959 ns, At safepoint: 6208 ns, Total: 577167 ns
[2022-09-21T09:18:34.339+0000][7][safepoint    ] Safepoint "Cleanup", Time since last: 1008912626 ns, Reaching safepoint: 287583 ns, At safepoint: 4875 ns, Total: 292458 ns
[2022-09-21T09:18:35.344+0000][7][safepoint    ] Safepoint "Cleanup", Time since last: 1003239917 ns, Reaching safepoint: 2431542 ns, At safepoint: 10541 ns, Total: 2442083 ns
[2022-09-21T09:18:36.362+0000][7][safepoint    ] Safepoint "Cleanup", Time since last: 1017507834 ns, Reaching safepoint: 252000 ns, At safepoint: 4834 ns, Total: 256834 ns
[2022-09-21T09:18:37.371+0000][7][safepoint    ] Safepoint "Cleanup", Time since last: 1009141333 ns, Reaching safepoint: 267917 ns, At safepoint: 4250 ns, Total: 272167 ns
[2022-09-21T09:18:38.376+0000][7][safepoint    ] Safepoint "Cleanup", Time since last: 1004577209 ns, Reaching safepoint: 300458 ns, At safepoint: 4834 ns, Total: 305292 ns
[2022-09-21T09:18:39.384+0000][7][safepoint    ] Safepoint "Cleanup", Time since last: 1007730000 ns, Reaching safepoint: 346417 ns, At safepoint: 5958 ns, Total: 352375 ns
[2022-09-21T09:18:40.390+0000][7][safepoint    ] Safepoint "Cleanup", Time since last: 1005096292 ns, Reaching safepoint: 487708 ns, At safepoint: 8792 ns, Total: 496500 ns
[2022-09-21T09:18:41.395+0000][7][safepoint    ] Safepoint "Cleanup", Time since last: 1004846876 ns, Reaching safepoint: 220708 ns, At safepoint: 4458 ns, Total: 225166 ns
[2022-09-21T09:18:42.398+0000][7][safepoint    ] Safepoint "Cleanup", Time since last: 1003102959 ns, Reaching safepoint: 217250 ns, At safepoint: 4417 ns, Total: 221667 ns
[2022-09-21T09:18:43.405+0000][7][safepoint    ] Safepoint "Cleanup", Time since last: 1006190125 ns, Reaching safepoint: 759375 ns, At safepoint: 7375 ns, Total: 766750 ns
[2022-09-21T09:18:44.415+0000][7][safepoint    ] Safepoint "Cleanup", Time since last: 1008123959 ns, Reaching safepoint: 1116750 ns, At safepoint: 11667 ns, Total: 1128417 ns
[2022-09-21T09:18:45.424+0000][7][safepoint    ] Safepoint "Cleanup", Time since last: 1008277458 ns, Reaching safepoint: 474875 ns, At safepoint: 8792 ns, Total: 483667 ns
[2022-09-21T09:18:46.438+0000][7][safepoint    ] Safepoint "Cleanup", Time since last: 1012911167 ns, Reaching safepoint: 729916 ns, At safepoint: 15042 ns, Total: 744958 ns
[2022-09-21T09:18:47.444+0000][7][safepoint    ] Safepoint "Cleanup", Time since last: 1005615001 ns, Reaching safepoint: 445750 ns, At safepoint: 7958 ns, Total: 453708 ns
[2022-09-21T09:18:48.448+0000][7][safepoint    ] Safepoint "Cleanup", Time since last: 1003832750 ns, Reaching safepoint: 351292 ns, At safepoint: 6083 ns, Total: 357375 ns
[2022-09-21T09:18:49.456+0000][7][safepoint    ] Safepoint "Cleanup", Time since last: 1007343376 ns, Reaching safepoint: 343583 ns, At safepoint: 4792 ns, Total: 348375 ns
[2022-09-21T09:18:51.238+0000][7][safepoint    ] Safepoint "Cleanup", Time since last: 1782680209 ns, Reaching safepoint: 225000 ns, At safepoint: 2958 ns, Total: 227958 ns
[2022-09-21T09:18:52.250+0000][7][safepoint    ] Safepoint "Cleanup", Time since last: 1011244917 ns, Reaching safepoint: 202084 ns, At safepoint: 3375 ns, Total: 205459 ns
[2022-09-21T09:18:52.257+0000][7][gc,start     ] GC(24) Pause Young (Normal) (G1 Evacuation Pause)
[2022-09-21T09:18:52.258+0000][7][gc,task      ] GC(24) Using 4 workers of 4 for evacuation
[2022-09-21T09:18:52.259+0000][7][gc,age       ] GC(24) Desired survivor size 19922944 bytes, new threshold 15 (max threshold 15)
[2022-09-21T09:18:52.302+0000][7][gc,age       ] GC(24) Age table with threshold 15 (max threshold 15)
[2022-09-21T09:18:52.303+0000][7][gc,age       ] GC(24) - age   1:     952016 bytes,     952016 total
[2022-09-21T09:18:52.305+0000][7][gc,age       ] GC(24) - age   2:     232992 bytes,    1185008 total
[2022-09-21T09:18:52.305+0000][7][gc,age       ] GC(24) - age   3:     494616 bytes,    1679624 total
[2022-09-21T09:18:52.307+0000][7][gc,age       ] GC(24) - age   4:     325144 bytes,    2004768 total
[2022-09-21T09:18:52.308+0000][7][gc,age       ] GC(24) - age   5:     826656 bytes,    2831424 total
[2022-09-21T09:18:52.309+0000][7][gc,age       ] GC(24) - age   6:     608480 bytes,    3439904 total
[2022-09-21T09:18:52.309+0000][7][gc,age       ] GC(24) - age   7:    1557024 bytes,    4996928 total
[2022-09-21T09:18:52.310+0000][7][gc,age       ] GC(24) - age   8:    4004176 bytes,    9001104 total
[2022-09-21T09:18:52.311+0000][7][gc,age       ] GC(24) - age   9:    5216336 bytes,   14217440 total
[2022-09-21T09:18:52.312+0000][7][gc,phases    ] GC(24)   Pre Evacuate Collection Set: 0.3ms
[2022-09-21T09:18:52.313+0000][7][gc,phases    ] GC(24)   Merge Heap Roots: 0.1ms
[2022-09-21T09:18:52.313+0000][7][gc,phases    ] GC(24)   Evacuate Collection Set: 39.7ms
[2022-09-21T09:18:52.314+0000][7][gc,phases    ] GC(24)   Post Evacuate Collection Set: 2.2ms
[2022-09-21T09:18:52.315+0000][7][gc,phases    ] GC(24)   Other: 12.1ms
[2022-09-21T09:18:52.315+0000][7][gc,heap      ] GC(24) Eden regions: 281->0(287)
[2022-09-21T09:18:52.316+0000][7][gc,heap      ] GC(24) Survivor regions: 18->15(38)
[2022-09-21T09:18:52.316+0000][7][gc,heap      ] GC(24) Old regions: 60->60
[2022-09-21T09:18:52.317+0000][7][gc,heap      ] GC(24) Archive regions: 0->0
[2022-09-21T09:18:52.318+0000][7][gc,heap      ] GC(24) Humongous regions: 7->7
[2022-09-21T09:18:52.318+0000][7][gc,metaspace ] GC(24) Metaspace: 109934K(118044K)->109934K(118044K) NonClass: 95966K(100784K)->95966K(100784K) Class: 13967K(17260K)->13967K(17260K)
[2022-09-21T09:18:52.319+0000][7][gc           ] GC(24) Pause Young (Normal) (G1 Evacuation Pause) 365M->81M(512M) 61.172ms
[2022-09-21T09:18:52.319+0000][7][gc,cpu       ] GC(24) User=0.17s Sys=0.00s Real=0.06s
[2022-09-21T09:18:52.320+0000][7][safepoint    ] Safepoint "G1CollectForAllocation", Time since last: 7113625 ns, Reaching safepoint: 146083 ns, At safepoint: 62399542 ns, Total: 62545625 ns
[2022-09-21T09:18:53.369+0000][7][safepoint    ] Safepoint "Cleanup", Time since last: 1049452000 ns, Reaching safepoint: 422375 ns, At safepoint: 7959 ns, Total: 430334 ns
[2022-09-21T09:18:54.397+0000][7][safepoint    ] Safepoint "Cleanup", Time since last: 1027007417 ns, Reaching safepoint: 276750 ns, At safepoint: 17667 ns, Total: 294417 ns
[2022-09-21T09:18:55.405+0000][7][safepoint    ] Safepoint "Cleanup", Time since last: 1007161750 ns, Reaching safepoint: 733917 ns, At safepoint: 9375 ns, Total: 743292 ns
[2022-09-21T09:18:56.413+0000][7][safepoint    ] Safepoint "Cleanup", Time since last: 1007484917 ns, Reaching safepoint: 785125 ns, At safepoint: 14666 ns, Total: 799791 ns
[2022-09-21T09:18:57.422+0000][7][safepoint    ] Safepoint "Cleanup", Time since last: 1008541293 ns, Reaching safepoint: 539750 ns, At safepoint: 9833 ns, Total: 549583 ns
[2022-09-21T09:18:58.434+0000][7][safepoint    ] Safepoint "Cleanup", Time since last: 1011014375 ns, Reaching safepoint: 973084 ns, At safepoint: 6541 ns, Total: 979625 ns
[2022-09-21T09:19:00.421+0000][7][safepoint    ] Safepoint "Cleanup", Time since last: 1986624918 ns, Reaching safepoint: 324583 ns, At safepoint: 6709 ns, Total: 331292 ns
[2022-09-21T09:19:01.425+0000][7][safepoint    ] Safepoint "Cleanup", Time since last: 1003232042 ns, Reaching safepoint: 412250 ns, At safepoint: 6750 ns, Total: 419000 ns
[2022-09-21T09:19:02.429+0000][7][safepoint    ] Safepoint "Cleanup", Time since last: 1004275459 ns, Reaching safepoint: 245583 ns, At safepoint: 4667 ns, Total: 250250 ns
[2022-09-21T09:19:03.433+0000][7][safepoint    ] Safepoint "Cleanup", Time since last: 1003259375 ns, Reaching safepoint: 403625 ns, At safepoint: 6833 ns, Total: 410458 ns
[2022-09-21T09:19:04.436+0000][7][safepoint    ] Safepoint "Cleanup", Time since last: 1002743709 ns, Reaching safepoint: 571167 ns, At safepoint: 14625 ns, Total: 585792 ns
[2022-09-21T09:19:05.444+0000][7][safepoint    ] Safepoint "Cleanup", Time since last: 1007429625 ns, Reaching safepoint: 418292 ns, At safepoint: 6208 ns, Total: 424500 ns
[2022-09-21T09:19:06.453+0000][7][safepoint    ] Safepoint "Cleanup", Time since last: 1008505668 ns, Reaching safepoint: 423625 ns, At safepoint: 7041 ns, Total: 430666 ns
[2022-09-21T09:19:07.462+0000][7][safepoint    ] Safepoint "Cleanup", Time since last: 1008108209 ns, Reaching safepoint: 551167 ns, At safepoint: 7666 ns, Total: 558833 ns
[2022-09-21T09:19:08.466+0000][7][safepoint    ] Safepoint "Cleanup", Time since last: 1004029876 ns, Reaching safepoint: 341375 ns, At safepoint: 5750 ns, Total: 347125 ns
[2022-09-21T09:19:09.471+0000][7][safepoint    ] Safepoint "Cleanup", Time since last: 1004830375 ns, Reaching safepoint: 593834 ns, At safepoint: 8500 ns, Total: 602334 ns
[2022-09-21T09:19:10.484+0000][7][safepoint    ] Safepoint "Cleanup", Time since last: 1011573792 ns, Reaching safepoint: 505958 ns, At safepoint: 8709 ns, Total: 514667 ns
[2022-09-21T09:19:11.492+0000][7][safepoint    ] Safepoint "Cleanup", Time since last: 1007654083 ns, Reaching safepoint: 603125 ns, At safepoint: 7250 ns, Total: 610375 ns
[2022-09-21T09:19:12.498+0000][7][safepoint    ] Safepoint "Cleanup", Time since last: 1005995667 ns, Reaching safepoint: 418959 ns, At safepoint: 13958 ns, Total: 432917 ns
[2022-09-21T09:19:13.506+0000][7][safepoint    ] Safepoint "Cleanup", Time since last: 1007520209 ns, Reaching safepoint: 394208 ns, At safepoint: 7667 ns, Total: 401875 ns
[2022-09-21T09:19:14.513+0000][7][safepoint    ] Safepoint "Cleanup", Time since last: 1006301125 ns, Reaching safepoint: 304459 ns, At safepoint: 6333 ns, Total: 310792 ns
[2022-09-21T09:19:15.525+0000][7][safepoint    ] Safepoint "Cleanup", Time since last: 1011121250 ns, Reaching safepoint: 363292 ns, At safepoint: 6000 ns, Total: 369292 ns
[2022-09-21T09:19:16.530+0000][7][safepoint    ] Safepoint "Cleanup", Time since last: 1004679334 ns, Reaching safepoint: 610291 ns, At safepoint: 8084 ns, Total: 618375 ns
[2022-09-21T09:19:17.537+0000][7][safepoint    ] Safepoint "Cleanup", Time since last: 1006619250 ns, Reaching safepoint: 271000 ns, At safepoint: 4209 ns, Total: 275209 ns
[2022-09-21T09:19:18.569+0000][7][safepoint    ] Safepoint "Cleanup", Time since last: 1030870500 ns, Reaching safepoint: 312708 ns, At safepoint: 9625 ns, Total: 322333 ns
[2022-09-21T09:19:19.640+0000][7][safepoint    ] Safepoint "Cleanup", Time since last: 1071378793 ns, Reaching safepoint: 214000 ns, At safepoint: 2250 ns, Total: 216250 ns
[2022-09-21T09:19:20.813+0000][7][safepoint    ] Safepoint "Cleanup", Time since last: 1172650250 ns, Reaching safepoint: 530417 ns, At safepoint: 4041 ns, Total: 534458 ns
[2022-09-21T09:19:20.924+0000][7][safepoint    ] Safepoint "BulkRevokeBias", Time since last: 110250792 ns, Reaching safepoint: 92750 ns, At safepoint: 157000 ns, Total: 249750 ns
[2022-09-21T09:19:22.032+0000][7][safepoint    ] Safepoint "Cleanup", Time since last: 1108065542 ns, Reaching safepoint: 535209 ns, At safepoint: 7666 ns, Total: 542875 ns
[2022-09-21T09:19:23.056+0000][7][safepoint    ] Safepoint "Cleanup", Time since last: 1022611334 ns, Reaching safepoint: 518042 ns, At safepoint: 4625 ns, Total: 522667 ns
[2022-09-21T09:19:24.063+0000][7][safepoint    ] Safepoint "Cleanup", Time since last: 1004697500 ns, Reaching safepoint: 2589834 ns, At safepoint: 9291 ns, Total: 2599125 ns
[2022-09-21T09:19:25.079+0000][7][safepoint    ] Safepoint "Cleanup", Time since last: 1014363167 ns, Reaching safepoint: 1609459 ns, At safepoint: 23625 ns, Total: 1633084 ns
[2022-09-21T09:19:26.112+0000][7][safepoint    ] Safepoint "Cleanup", Time since last: 1028449167 ns, Reaching safepoint: 4215250 ns, At safepoint: 31458 ns, Total: 4246708 ns
[2022-09-21T09:19:27.124+0000][7][safepoint    ] Safepoint "Cleanup", Time since last: 1005832292 ns, Reaching safepoint: 6484542 ns, At safepoint: 28417 ns, Total: 6512959 ns
[2022-09-21T09:19:28.140+0000][7][safepoint    ] Safepoint "Cleanup", Time since last: 1015210500 ns, Reaching safepoint: 373542 ns, At safepoint: 6042 ns, Total: 379584 ns
[2022-09-21T09:19:29.144+0000][7][safepoint    ] Safepoint "Cleanup", Time since last: 1003352792 ns, Reaching safepoint: 670500 ns, At safepoint: 7416 ns, Total: 677916 ns
[2022-09-21T09:19:30.153+0000][7][safepoint    ] Safepoint "Cleanup", Time since last: 1008385793 ns, Reaching safepoint: 891000 ns, At safepoint: 7208 ns, Total: 898208 ns
[2022-09-21T09:19:31.159+0000][7][safepoint    ] Safepoint "Cleanup", Time since last: 1005417917 ns, Reaching safepoint: 540542 ns, At safepoint: 7583 ns, Total: 548125 ns
[2022-09-21T09:19:32.170+0000][7][safepoint    ] Safepoint "Cleanup", Time since last: 1009993876 ns, Reaching safepoint: 787541 ns, At safepoint: 12167 ns, Total: 799708 ns
[2022-09-21T09:19:33.175+0000][7][safepoint    ] Safepoint "Cleanup", Time since last: 1005237500 ns, Reaching safepoint: 307459 ns, At safepoint: 36458 ns, Total: 343917 ns
[2022-09-21T09:19:34.184+0000][7][safepoint    ] Safepoint "Cleanup", Time since last: 1008065876 ns, Reaching safepoint: 368833 ns, At safepoint: 9292 ns, Total: 378125 ns
[2022-09-21T09:19:35.190+0000][7][safepoint    ] Safepoint "Cleanup", Time since last: 1006165167 ns, Reaching safepoint: 499333 ns, At safepoint: 8292 ns, Total: 507625 ns
[2022-09-21T09:19:36.194+0000][7][safepoint    ] Safepoint "Cleanup", Time since last: 1002899250 ns, Reaching safepoint: 392083 ns, At safepoint: 5750 ns, Total: 397833 ns
[2022-09-21T09:19:37.199+0000][7][safepoint    ] Safepoint "Cleanup", Time since last: 1005265209 ns, Reaching safepoint: 336417 ns, At safepoint: 7292 ns, Total: 343709 ns
[2022-09-21T09:19:38.205+0000][7][safepoint    ] Safepoint "Cleanup", Time since last: 1004058292 ns, Reaching safepoint: 1477291 ns, At safepoint: 15334 ns, Total: 1492625 ns
[2022-09-21T09:19:39.219+0000][7][safepoint    ] Safepoint "Cleanup", Time since last: 1009142334 ns, Reaching safepoint: 5053083 ns, At safepoint: 16167 ns, Total: 5069250 ns
[2022-09-21T09:19:40.230+0000][7][safepoint    ] Safepoint "Cleanup", Time since last: 1010554625 ns, Reaching safepoint: 633083 ns, At safepoint: 12834 ns, Total: 645917 ns
[2022-09-21T09:19:41.239+0000][7][safepoint    ] Safepoint "Cleanup", Time since last: 1006139542 ns, Reaching safepoint: 2962583 ns, At safepoint: 23417 ns, Total: 2986000 ns
[2022-09-21T09:19:42.249+0000][7][safepoint    ] Safepoint "Cleanup", Time since last: 1008765292 ns, Reaching safepoint: 507500 ns, At safepoint: 9250 ns, Total: 516750 ns
[2022-09-21T09:19:43.258+0000][7][safepoint    ] Safepoint "Cleanup", Time since last: 1009286500 ns, Reaching safepoint: 300709 ns, At safepoint: 6708 ns, Total: 307417 ns
[2022-09-21T09:19:44.263+0000][7][safepoint    ] Safepoint "Cleanup", Time since last: 1004034417 ns, Reaching safepoint: 509209 ns, At safepoint: 6833 ns, Total: 516042 ns
[2022-09-21T09:19:45.267+0000][7][safepoint    ] Safepoint "Cleanup", Time since last: 1003477584 ns, Reaching safepoint: 417666 ns, At safepoint: 6625 ns, Total: 424291 ns
[2022-09-21T09:19:46.271+0000][7][safepoint    ] Safepoint "Cleanup", Time since last: 1005398334 ns, Reaching safepoint: 530750 ns, At safepoint: 8791 ns, Total: 539541 ns
[2022-09-21T09:19:47.277+0000][7][safepoint    ] Safepoint "Cleanup", Time since last: 1005965501 ns, Reaching safepoint: 364750 ns, At safepoint: 6291 ns, Total: 371041 ns
[2022-09-21T09:19:48.281+0000][7][safepoint    ] Safepoint "Cleanup", Time since last: 1003844418 ns, Reaching safepoint: 238583 ns, At safepoint: 4583 ns, Total: 243166 ns
[2022-09-21T09:19:49.285+0000][7][safepoint    ] Safepoint "Cleanup", Time since last: 1002748626 ns, Reaching safepoint: 462250 ns, At safepoint: 6333 ns, Total: 468583 ns
[2022-09-21T09:19:50.293+0000][7][safepoint    ] Safepoint "Cleanup", Time since last: 1007551334 ns, Reaching safepoint: 284625 ns, At safepoint: 3958 ns, Total: 288583 ns
[2022-09-21T09:19:51.663+0000][7][safepoint    ] Safepoint "Cleanup", Time since last: 1370358126 ns, Reaching safepoint: 235083 ns, At safepoint: 13292 ns, Total: 248375 ns
[2022-09-21T09:19:52.671+0000][7][safepoint    ] Safepoint "Cleanup", Time since last: 1007648417 ns, Reaching safepoint: 275250 ns, At safepoint: 5250 ns, Total: 280500 ns
[2022-09-21T09:19:53.674+0000][7][safepoint    ] Safepoint "Cleanup", Time since last: 1002435125 ns, Reaching safepoint: 516500 ns, At safepoint: 9834 ns, Total: 526334 ns
[2022-09-21T09:19:54.680+0000][7][safepoint    ] Safepoint "Cleanup", Time since last: 1006066834 ns, Reaching safepoint: 133916 ns, At safepoint: 2667 ns, Total: 136583 ns
[2022-09-21T09:19:55.688+0000][7][safepoint    ] Safepoint "Cleanup", Time since last: 1007570042 ns, Reaching safepoint: 250625 ns, At safepoint: 5167 ns, Total: 255792 ns
[2022-09-21T09:19:56.698+0000][7][safepoint    ] Safepoint "Cleanup", Time since last: 1010175542 ns, Reaching safepoint: 264250 ns, At safepoint: 5542 ns, Total: 269792 ns
[2022-09-21T09:19:57.707+0000][7][safepoint    ] Safepoint "Cleanup", Time since last: 1007763583 ns, Reaching safepoint: 494250 ns, At safepoint: 8625 ns, Total: 502875 ns
[2022-09-21T09:19:58.876+0000][7][safepoint    ] Safepoint "Cleanup", Time since last: 1169548376 ns, Reaching safepoint: 140000 ns, At safepoint: 2000 ns, Total: 142000 ns
[2022-09-21T09:19:59.883+0000][7][safepoint    ] Safepoint "Cleanup", Time since last: 1005809500 ns, Reaching safepoint: 994834 ns, At safepoint: 8000 ns, Total: 1002834 ns
[2022-09-21T09:20:00.894+0000][7][safepoint    ] Safepoint "Cleanup", Time since last: 1010472459 ns, Reaching safepoint: 354041 ns, At safepoint: 5917 ns, Total: 359958 ns
[2022-09-21T09:20:01.902+0000][7][safepoint    ] Safepoint "Cleanup", Time since last: 1007490625 ns, Reaching safepoint: 286959 ns, At safepoint: 3166 ns, Total: 290125 ns
[2022-09-21T09:20:03.000+0000][7][safepoint    ] Safepoint "Cleanup", Time since last: 1097805293 ns, Reaching safepoint: 801166 ns, At safepoint: 12209 ns, Total: 813375 ns
[2022-09-21T09:20:04.009+0000][7][safepoint    ] Safepoint "Cleanup", Time since last: 1008330583 ns, Reaching safepoint: 303959 ns, At safepoint: 4500 ns, Total: 308459 ns
[2022-09-21T09:20:05.016+0000][7][safepoint    ] Safepoint "Cleanup", Time since last: 1006353084 ns, Reaching safepoint: 414958 ns, At safepoint: 6000 ns, Total: 420958 ns
[2022-09-21T09:20:06.022+0000][7][safepoint    ] Safepoint "Cleanup", Time since last: 1004875375 ns, Reaching safepoint: 805292 ns, At safepoint: 6333 ns, Total: 811625 ns
[2022-09-21T09:20:07.035+0000][7][safepoint    ] Safepoint "Cleanup", Time since last: 1012969168 ns, Reaching safepoint: 356458 ns, At safepoint: 5333 ns, Total: 361791 ns
[2022-09-21T09:20:08.598+0000][7][safepoint    ] Safepoint "Cleanup", Time since last: 1562620293 ns, Reaching safepoint: 603541 ns, At safepoint: 7417 ns, Total: 610958 ns
[2022-09-21T09:20:09.603+0000][7][safepoint    ] Safepoint "Cleanup", Time since last: 1004320000 ns, Reaching safepoint: 419042 ns, At safepoint: 23792 ns, Total: 442834 ns
[2022-09-21T09:20:10.608+0000][7][safepoint    ] Safepoint "Cleanup", Time since last: 1004208709 ns, Reaching safepoint: 332416 ns, At safepoint: 5250 ns, Total: 337666 ns
[2022-09-21T09:20:11.613+0000][7][safepoint    ] Safepoint "Cleanup", Time since last: 1005026292 ns, Reaching safepoint: 627917 ns, At safepoint: 20208 ns, Total: 648125 ns
[2022-09-21T09:20:12.618+0000][7][safepoint    ] Safepoint "Cleanup", Time since last: 1003963334 ns, Reaching safepoint: 554917 ns, At safepoint: 6875 ns, Total: 561792 ns
[2022-09-21T09:20:14.452+0000][7][safepoint    ] Safepoint "Cleanup", Time since last: 1832700626 ns, Reaching safepoint: 2021291 ns, At safepoint: 11959 ns, Total: 2033250 ns
[2022-09-21T09:20:15.543+0000][7][safepoint    ] Safepoint "Cleanup", Time since last: 1014028292 ns, Reaching safepoint: 946125 ns, At safepoint: 11625 ns, Total: 957750 ns
[2022-09-21T09:20:16.550+0000][7][safepoint    ] Safepoint "Cleanup", Time since last: 1006448250 ns, Reaching safepoint: 381542 ns, At safepoint: 7583 ns, Total: 389125 ns
[2022-09-21T09:20:17.562+0000][7][safepoint    ] Safepoint "Cleanup", Time since last: 1011820417 ns, Reaching safepoint: 102834 ns, At safepoint: 2666 ns, Total: 105500 ns
[2022-09-21T09:20:18.565+0000][7][safepoint    ] Safepoint "Cleanup", Time since last: 1002644292 ns, Reaching safepoint: 297584 ns, At safepoint: 6916 ns, Total: 304500 ns
[2022-09-21T09:20:19.570+0000][7][safepoint    ] Safepoint "Cleanup", Time since last: 1005319042 ns, Reaching safepoint: 243250 ns, At safepoint: 3834 ns, Total: 247084 ns
[2022-09-21T09:20:20.786+0000][7][safepoint    ] Safepoint "Cleanup", Time since last: 1215559084 ns, Reaching safepoint: 456041 ns, At safepoint: 4709 ns, Total: 460750 ns
[2022-09-21T09:20:21.792+0000][7][safepoint    ] Safepoint "Cleanup", Time since last: 1004626292 ns, Reaching safepoint: 787083 ns, At safepoint: 15334 ns, Total: 802417 ns
[2022-09-21T09:20:22.799+0000][7][safepoint    ] Safepoint "Cleanup", Time since last: 1006627625 ns, Reaching safepoint: 603792 ns, At safepoint: 4250 ns, Total: 608042 ns
[2022-09-21T09:20:24.515+0000][7][safepoint    ] Safepoint "Cleanup", Time since last: 1715806376 ns, Reaching safepoint: 249333 ns, At safepoint: 4167 ns, Total: 253500 ns
[2022-09-21T09:20:25.526+0000][7][safepoint    ] Safepoint "Cleanup", Time since last: 1010748875 ns, Reaching safepoint: 393083 ns, At safepoint: 7042 ns, Total: 400125 ns
[2022-09-21T09:20:27.456+0000][7][safepoint    ] Safepoint "Cleanup", Time since last: 1929637084 ns, Reaching safepoint: 380375 ns, At safepoint: 27917 ns, Total: 408292 ns
[2022-09-21T09:20:28.460+0000][7][safepoint    ] Safepoint "Cleanup", Time since last: 1003481209 ns, Reaching safepoint: 481750 ns, At safepoint: 21833 ns, Total: 503583 ns
[2022-09-21T09:20:29.465+0000][7][safepoint    ] Safepoint "Cleanup", Time since last: 1004794459 ns, Reaching safepoint: 443208 ns, At safepoint: 7792 ns, Total: 451000 ns
[2022-09-21T09:20:30.472+0000][7][safepoint    ] Safepoint "Cleanup", Time since last: 1006540834 ns, Reaching safepoint: 188250 ns, At safepoint: 3291 ns, Total: 191541 ns
[2022-09-21T09:20:31.475+0000][7][safepoint    ] Safepoint "Cleanup", Time since last: 1002120668 ns, Reaching safepoint: 353875 ns, At safepoint: 4416 ns, Total: 358291 ns
[2022-09-21T09:20:32.477+0000][7][safepoint    ] Safepoint "Cleanup", Time since last: 1002036376 ns, Reaching safepoint: 496083 ns, At safepoint: 8917 ns, Total: 505000 ns
[2022-09-21T09:20:33.986+0000][7][safepoint    ] Safepoint "Cleanup", Time since last: 1509013000 ns, Reaching safepoint: 168584 ns, At safepoint: 3375 ns, Total: 171959 ns
[2022-09-21T09:20:34.992+0000][7][safepoint    ] Safepoint "Cleanup", Time since last: 1005091084 ns, Reaching safepoint: 473500 ns, At safepoint: 7458 ns, Total: 480958 ns
[2022-09-21T09:20:35.997+0000][7][safepoint    ] Safepoint "Cleanup", Time since last: 1004565750 ns, Reaching safepoint: 675500 ns, At safepoint: 42500 ns, Total: 718000 ns
[2022-09-21T09:20:37.001+0000][7][safepoint    ] Safepoint "Cleanup", Time since last: 1003764542 ns, Reaching safepoint: 211625 ns, At safepoint: 2500 ns, Total: 214125 ns
[2022-09-21T09:20:38.241+0000][7][safepoint    ] Safepoint "Cleanup", Time since last: 1239224834 ns, Reaching safepoint: 232917 ns, At safepoint: 4708 ns, Total: 237625 ns
[2022-09-21T09:20:39.246+0000][7][safepoint    ] Safepoint "Cleanup", Time since last: 1005410751 ns, Reaching safepoint: 418667 ns, At safepoint: 6375 ns, Total: 425042 ns
[2022-09-21T09:20:40.253+0000][7][safepoint    ] Safepoint "Cleanup", Time since last: 1005748583 ns, Reaching safepoint: 619417 ns, At safepoint: 7708 ns, Total: 627125 ns
[2022-09-21T09:20:41.267+0000][7][safepoint    ] Safepoint "Cleanup", Time since last: 1013573459 ns, Reaching safepoint: 881084 ns, At safepoint: 9708 ns, Total: 890792 ns
[2022-09-21T09:20:42.277+0000][7][safepoint    ] Safepoint "Cleanup", Time since last: 1009368334 ns, Reaching safepoint: 449458 ns, At safepoint: 7667 ns, Total: 457125 ns
[2022-09-21T09:20:43.284+0000][7][safepoint    ] Safepoint "Cleanup", Time since last: 1006778875 ns, Reaching safepoint: 490542 ns, At safepoint: 6166 ns, Total: 496708 ns
[2022-09-21T09:20:44.294+0000][7][safepoint    ] Safepoint "Cleanup", Time since last: 1009119209 ns, Reaching safepoint: 292917 ns, At safepoint: 5458 ns, Total: 298375 ns
[2022-09-21T09:20:45.299+0000][7][safepoint    ] Safepoint "Cleanup", Time since last: 1004744584 ns, Reaching safepoint: 254083 ns, At safepoint: 7042 ns, Total: 261125 ns
[2022-09-21T09:20:46.306+0000][7][safepoint    ] Safepoint "Cleanup", Time since last: 1005031250 ns, Reaching safepoint: 495708 ns, At safepoint: 20084 ns, Total: 515792 ns
[2022-09-21T09:20:47.309+0000][7][safepoint    ] Safepoint "Cleanup", Time since last: 1002961125 ns, Reaching safepoint: 203875 ns, At safepoint: 4333 ns, Total: 208208 ns
[2022-09-21T09:20:48.314+0000][7][safepoint    ] Safepoint "Cleanup", Time since last: 1005415251 ns, Reaching safepoint: 265292 ns, At safepoint: 4166 ns, Total: 269458 ns
[2022-09-21T09:20:49.319+0000][7][safepoint    ] Safepoint "Cleanup", Time since last: 1003918959 ns, Reaching safepoint: 286167 ns, At safepoint: 5625 ns, Total: 291792 ns
[2022-09-21T09:20:50.888+0000][7][safepoint    ] Safepoint "Cleanup", Time since last: 1568766375 ns, Reaching safepoint: 782417 ns, At safepoint: 6583 ns, Total: 789000 ns
[2022-09-21T09:20:52.131+0000][7][safepoint    ] Safepoint "Cleanup", Time since last: 1242925001 ns, Reaching safepoint: 137292 ns, At safepoint: 2916 ns, Total: 140208 ns
[2022-09-21T09:20:53.134+0000][7][safepoint    ] Safepoint "Cleanup", Time since last: 1001983084 ns, Reaching safepoint: 417125 ns, At safepoint: 7542 ns, Total: 424667 ns
[2022-09-21T09:20:54.139+0000][7][safepoint    ] Safepoint "Cleanup", Time since last: 1004907959 ns, Reaching safepoint: 342708 ns, At safepoint: 5750 ns, Total: 348458 ns
[2022-09-21T09:20:55.148+0000][7][safepoint    ] Safepoint "Cleanup", Time since last: 1008653917 ns, Reaching safepoint: 307958 ns, At safepoint: 4625 ns, Total: 312583 ns
[2022-09-21T09:21:00.158+0000][7][safepoint    ] Safepoint "Cleanup", Time since last: 5010123961 ns, Reaching safepoint: 160584 ns, At safepoint: 3041 ns, Total: 163625 ns
[2022-09-21T09:21:01.595+0000][7][safepoint    ] Safepoint "Cleanup", Time since last: 1435304834 ns, Reaching safepoint: 1123667 ns, At safepoint: 15292 ns, Total: 1138959 ns
[2022-09-21T09:21:14.637+0000][7][safepoint    ] Safepoint "Cleanup", Time since last: 13041359422 ns, Reaching safepoint: 1108250 ns, At safepoint: 7417 ns, Total: 1115667 ns
[2022-09-21T09:21:15.647+0000][7][safepoint    ] Safepoint "Cleanup", Time since last: 1008878083 ns, Reaching safepoint: 685833 ns, At safepoint: 8125 ns, Total: 693958 ns
[2022-09-21T09:21:20.097+0000][7][safepoint    ] Safepoint "BulkRevokeBias", Time since last: 4449068127 ns, Reaching safepoint: 309125 ns, At safepoint: 766000 ns, Total: 1075125 ns
[2022-09-21T09:21:21.533+0000][7][safepoint    ] Safepoint "Cleanup", Time since last: 1436275918 ns, Reaching safepoint: 88583 ns, At safepoint: 2458 ns, Total: 91041 ns
[2022-09-21T09:21:31.558+0000][7][safepoint    ] Safepoint "Cleanup", Time since last: 10023326505 ns, Reaching safepoint: 867000 ns, At safepoint: 10584 ns, Total: 877584 ns
[2022-09-21T09:21:34.573+0000][7][safepoint    ] Safepoint "Cleanup", Time since last: 3013828709 ns, Reaching safepoint: 1293417 ns, At safepoint: 14750 ns, Total: 1308167 ns
[2022-09-21T09:21:43.604+0000][7][safepoint    ] Safepoint "Cleanup", Time since last: 9027876004 ns, Reaching safepoint: 3930042 ns, At safepoint: 14708 ns, Total: 3944750 ns
[2022-09-21T09:21:44.610+0000][7][safepoint    ] Safepoint "Cleanup", Time since last: 1004649959 ns, Reaching safepoint: 1110708 ns, At safepoint: 9000 ns, Total: 1119708 ns
[2022-09-21T09:21:45.952+0000][7][safepoint    ] Safepoint "Cleanup", Time since last: 1342051000 ns, Reaching safepoint: 559209 ns, At safepoint: 8500 ns, Total: 567709 ns
[2022-09-21T09:21:46.958+0000][7][safepoint    ] Safepoint "Cleanup", Time since last: 1006358750 ns, Reaching safepoint: 297417 ns, At safepoint: 4667 ns, Total: 302084 ns
[2022-09-21T09:21:47.962+0000][7][safepoint    ] Safepoint "Cleanup", Time since last: 1002583375 ns, Reaching safepoint: 877250 ns, At safepoint: 13208 ns, Total: 890458 ns
[2022-09-21T09:21:48.969+0000][7][safepoint    ] Safepoint "Cleanup", Time since last: 1006619834 ns, Reaching safepoint: 182792 ns, At safepoint: 2875 ns, Total: 185667 ns
[2022-09-21T09:21:49.972+0000][7][safepoint    ] Safepoint "Cleanup", Time since last: 1002696834 ns, Reaching safepoint: 320458 ns, At safepoint: 5917 ns, Total: 326375 ns
[2022-09-21T09:21:50.977+0000][7][safepoint    ] Safepoint "Cleanup", Time since last: 1005266042 ns, Reaching safepoint: 292208 ns, At safepoint: 4750 ns, Total: 296958 ns
[2022-09-21T09:21:51.983+0000][7][safepoint    ] Safepoint "Cleanup", Time since last: 1004131876 ns, Reaching safepoint: 1676083 ns, At safepoint: 13208 ns, Total: 1689291 ns
[2022-09-21T09:21:52.989+0000][7][safepoint    ] Safepoint "Cleanup", Time since last: 1005434792 ns, Reaching safepoint: 758750 ns, At safepoint: 10917 ns, Total: 769667 ns
[2022-09-21T09:21:53.997+0000][7][safepoint    ] Safepoint "Cleanup", Time since last: 1007686376 ns, Reaching safepoint: 246875 ns, At safepoint: 5666 ns, Total: 252541 ns
[2022-09-21T09:21:55.008+0000][7][safepoint    ] Safepoint "Cleanup", Time since last: 1006443542 ns, Reaching safepoint: 4551542 ns, At safepoint: 17125 ns, Total: 4568667 ns
[2022-09-21T09:21:56.019+0000][7][safepoint    ] Safepoint "Cleanup", Time since last: 1007002459 ns, Reaching safepoint: 3740292 ns, At safepoint: 17083 ns, Total: 3757375 ns
[2022-09-21T09:21:57.052+0000][7][safepoint    ] Safepoint "Cleanup", Time since last: 1024154375 ns, Reaching safepoint: 5963959 ns, At safepoint: 84791 ns, Total: 6048750 ns
[2022-09-21T09:21:58.084+0000][7][safepoint    ] Safepoint "Cleanup", Time since last: 1031903376 ns, Reaching safepoint: 2982042 ns, At safepoint: 30166 ns, Total: 3012208 ns
[2022-09-21T09:21:59.096+0000][7][safepoint    ] Safepoint "Cleanup", Time since last: 1010671792 ns, Reaching safepoint: 1208459 ns, At safepoint: 6583 ns, Total: 1215042 ns
[2022-09-21T09:22:00.101+0000][7][safepoint    ] Safepoint "Cleanup", Time since last: 1004472709 ns, Reaching safepoint: 272250 ns, At safepoint: 4458 ns, Total: 276708 ns
[2022-09-21T09:22:01.106+0000][7][safepoint    ] Safepoint "Cleanup", Time since last: 1005202751 ns, Reaching safepoint: 347791 ns, At safepoint: 4875 ns, Total: 352666 ns
[2022-09-21T09:22:02.111+0000][7][safepoint    ] Safepoint "Cleanup", Time since last: 1004250001 ns, Reaching safepoint: 242750 ns, At safepoint: 4583 ns, Total: 247333 ns
[2022-09-21T09:22:03.114+0000][7][safepoint    ] Safepoint "Cleanup", Time since last: 1002778834 ns, Reaching safepoint: 623750 ns, At safepoint: 17667 ns, Total: 641417 ns
[2022-09-21T09:22:04.121+0000][7][safepoint    ] Safepoint "Cleanup", Time since last: 1006290792 ns, Reaching safepoint: 759833 ns, At safepoint: 10958 ns, Total: 770791 ns
[2022-09-21T09:22:05.128+0000][7][safepoint    ] Safepoint "Cleanup", Time since last: 1006163293 ns, Reaching safepoint: 248291 ns, At safepoint: 5125 ns, Total: 253416 ns
[2022-09-21T09:22:06.134+0000][7][safepoint    ] Safepoint "Cleanup", Time since last: 1005682251 ns, Reaching safepoint: 257250 ns, At safepoint: 4083 ns, Total: 261333 ns
[2022-09-21T09:22:06.823+0000][7][gc,start     ] GC(25) Pause Young (Normal) (G1 Evacuation Pause)
[2022-09-21T09:22:06.824+0000][7][gc,task      ] GC(25) Using 4 workers of 4 for evacuation
[2022-09-21T09:22:06.825+0000][7][gc,age       ] GC(25) Desired survivor size 19922944 bytes, new threshold 15 (max threshold 15)
[2022-09-21T09:22:06.880+0000][7][gc,age       ] GC(25) Age table with threshold 15 (max threshold 15)
[2022-09-21T09:22:06.881+0000][7][gc,age       ] GC(25) - age   1:    1031624 bytes,    1031624 total
[2022-09-21T09:22:06.882+0000][7][gc,age       ] GC(25) - age   2:     316184 bytes,    1347808 total
[2022-09-21T09:22:06.883+0000][7][gc,age       ] GC(25) - age   3:     194216 bytes,    1542024 total
[2022-09-21T09:22:06.883+0000][7][gc,age       ] GC(25) - age   4:     487312 bytes,    2029336 total
[2022-09-21T09:22:06.884+0000][7][gc,age       ] GC(25) - age   5:     223912 bytes,    2253248 total
[2022-09-21T09:22:06.885+0000][7][gc,age       ] GC(25) - age   6:     425592 bytes,    2678840 total
[2022-09-21T09:22:06.885+0000][7][gc,age       ] GC(25) - age   7:     574472 bytes,    3253312 total
[2022-09-21T09:22:06.886+0000][7][gc,age       ] GC(25) - age   8:    1508472 bytes,    4761784 total
[2022-09-21T09:22:06.887+0000][7][gc,age       ] GC(25) - age   9:    3674280 bytes,    8436064 total
[2022-09-21T09:22:06.888+0000][7][gc,age       ] GC(25) - age  10:    5198592 bytes,   13634656 total
[2022-09-21T09:22:06.888+0000][7][gc,phases    ] GC(25)   Pre Evacuate Collection Set: 0.5ms
[2022-09-21T09:22:06.889+0000][7][gc,phases    ] GC(25)   Merge Heap Roots: 0.3ms
[2022-09-21T09:22:06.890+0000][7][gc,phases    ] GC(25)   Evacuate Collection Set: 50.0ms
[2022-09-21T09:22:06.891+0000][7][gc,phases    ] GC(25)   Post Evacuate Collection Set: 2.6ms
[2022-09-21T09:22:06.894+0000][7][gc,phases    ] GC(25)   Other: 12.4ms
[2022-09-21T09:22:06.896+0000][7][gc,heap      ] GC(25) Eden regions: 287->0(289)
[2022-09-21T09:22:06.896+0000][7][gc,heap      ] GC(25) Survivor regions: 15->14(38)
[2022-09-21T09:22:06.897+0000][7][gc,heap      ] GC(25) Old regions: 60->60
[2022-09-21T09:22:06.897+0000][7][gc,heap      ] GC(25) Archive regions: 0->0
[2022-09-21T09:22:06.898+0000][7][gc,heap      ] GC(25) Humongous regions: 7->7
[2022-09-21T09:22:06.899+0000][7][gc,metaspace ] GC(25) Metaspace: 110106K(118300K)->110106K(118300K) NonClass: 96128K(101040K)->96128K(101040K) Class: 13978K(17260K)->13978K(17260K)
[2022-09-21T09:22:06.900+0000][7][gc           ] GC(25) Pause Young (Normal) (G1 Evacuation Pause) 368M->80M(512M) 76.666ms
[2022-09-21T09:22:06.900+0000][7][gc,cpu       ] GC(25) User=0.19s Sys=0.00s Real=0.07s
[2022-09-21T09:22:06.901+0000][7][safepoint    ] Safepoint "G1CollectForAllocation", Time since last: 688408292 ns, Reaching safepoint: 601667 ns, At safepoint: 78175625 ns, Total: 78777292 ns
[2022-09-21T09:22:07.905+0000][7][safepoint    ] Safepoint "Cleanup", Time since last: 1003271792 ns, Reaching safepoint: 500458 ns, At safepoint: 5375 ns, Total: 505833 ns
[2022-09-21T09:22:08.909+0000][7][safepoint    ] Safepoint "Cleanup", Time since last: 1003639834 ns, Reaching safepoint: 398417 ns, At safepoint: 3666 ns, Total: 402083 ns
[2022-09-21T09:22:09.911+0000][7][safepoint    ] Safepoint "Cleanup", Time since last: 1001879584 ns, Reaching safepoint: 132917 ns, At safepoint: 3042 ns, Total: 135959 ns
[2022-09-21T09:22:10.916+0000][7][safepoint    ] Safepoint "Cleanup", Time since last: 1005077250 ns, Reaching safepoint: 293125 ns, At safepoint: 6000 ns, Total: 299125 ns
[2022-09-21T09:22:11.923+0000][7][safepoint    ] Safepoint "Cleanup", Time since last: 1005269334 ns, Reaching safepoint: 1747166 ns, At safepoint: 13167 ns, Total: 1760333 ns
[2022-09-21T09:22:12.933+0000][7][safepoint    ] Safepoint "Cleanup", Time since last: 1008972376 ns, Reaching safepoint: 522500 ns, At safepoint: 8833 ns, Total: 531333 ns
[2022-09-21T09:22:13.940+0000][7][safepoint    ] Safepoint "Cleanup", Time since last: 1006899084 ns, Reaching safepoint: 152666 ns, At safepoint: 2334 ns, Total: 155000 ns
[2022-09-21T09:22:14.945+0000][7][safepoint    ] Safepoint "Cleanup", Time since last: 1005380542 ns, Reaching safepoint: 152542 ns, At safepoint: 2875 ns, Total: 155417 ns
[2022-09-21T09:22:15.951+0000][7][safepoint    ] Safepoint "Cleanup", Time since last: 1003182500 ns, Reaching safepoint: 469375 ns, At safepoint: 7750 ns, Total: 477125 ns
[2022-09-21T09:22:16.958+0000][7][safepoint    ] Safepoint "Cleanup", Time since last: 1006879792 ns, Reaching safepoint: 561667 ns, At safepoint: 7916 ns, Total: 569583 ns
[2022-09-21T09:22:17.964+0000][7][safepoint    ] Safepoint "Cleanup", Time since last: 1005724834 ns, Reaching safepoint: 230750 ns, At safepoint: 5000 ns, Total: 235750 ns
[2022-09-21T09:22:18.972+0000][7][safepoint    ] Safepoint "Cleanup", Time since last: 1006619167 ns, Reaching safepoint: 648292 ns, At safepoint: 8708 ns, Total: 657000 ns
[2022-09-21T09:22:19.975+0000][7][safepoint    ] Safepoint "Cleanup", Time since last: 1003478584 ns, Reaching safepoint: 266333 ns, At safepoint: 5292 ns, Total: 271625 ns
[2022-09-21T09:22:20.984+0000][7][safepoint    ] Safepoint "Cleanup", Time since last: 1007859375 ns, Reaching safepoint: 727584 ns, At safepoint: 13625 ns, Total: 741209 ns
[2022-09-21T09:22:21.989+0000][7][safepoint    ] Safepoint "Cleanup", Time since last: 1004906875 ns, Reaching safepoint: 266750 ns, At safepoint: 4834 ns, Total: 271584 ns
[2022-09-21T09:22:22.996+0000][7][safepoint    ] Safepoint "Cleanup", Time since last: 1006177833 ns, Reaching safepoint: 503084 ns, At safepoint: 8750 ns, Total: 511834 ns
[2022-09-21T09:22:24.002+0000][7][safepoint    ] Safepoint "Cleanup", Time since last: 1006321084 ns, Reaching safepoint: 158375 ns, At safepoint: 1875 ns, Total: 160250 ns
[2022-09-21T09:22:25.371+0000][7][safepoint    ] Safepoint "Cleanup", Time since last: 1367952292 ns, Reaching safepoint: 1032458 ns, At safepoint: 6709 ns, Total: 1039167 ns
[2022-09-21T09:22:27.041+0000][7][safepoint    ] Safepoint "Cleanup", Time since last: 1669560584 ns, Reaching safepoint: 102666 ns, At safepoint: 2167 ns, Total: 104833 ns
[2022-09-21T09:22:28.074+0000][7][safepoint    ] Safepoint "Cleanup", Time since last: 1032531876 ns, Reaching safepoint: 531333 ns, At safepoint: 7792 ns, Total: 539125 ns
[2022-09-21T09:22:29.079+0000][7][safepoint    ] Safepoint "Cleanup", Time since last: 1004314125 ns, Reaching safepoint: 435917 ns, At safepoint: 4416 ns, Total: 440333 ns
[2022-09-21T09:22:30.501+0000][7][safepoint    ] Safepoint "Cleanup", Time since last: 1421895043 ns, Reaching safepoint: 446958 ns, At safepoint: 7458 ns, Total: 454416 ns
[2022-09-21T09:22:31.507+0000][7][safepoint    ] Safepoint "Cleanup", Time since last: 1005136918 ns, Reaching safepoint: 329958 ns, At safepoint: 4625 ns, Total: 334583 ns
[2022-09-21T09:22:32.512+0000][7][safepoint    ] Safepoint "Cleanup", Time since last: 1004841750 ns, Reaching safepoint: 452500 ns, At safepoint: 6292 ns, Total: 458792 ns
[2022-09-21T09:22:33.522+0000][7][safepoint    ] Safepoint "Cleanup", Time since last: 1009265625 ns, Reaching safepoint: 515625 ns, At safepoint: 6667 ns, Total: 522292 ns
[2022-09-21T09:22:34.529+0000][7][safepoint    ] Safepoint "Cleanup", Time since last: 1006098917 ns, Reaching safepoint: 917167 ns, At safepoint: 9917 ns, Total: 927084 ns
[2022-09-21T09:22:35.536+0000][7][safepoint    ] Safepoint "Cleanup", Time since last: 1007208542 ns, Reaching safepoint: 372791 ns, At safepoint: 10875 ns, Total: 383666 ns
[2022-09-21T09:22:36.543+0000][7][safepoint    ] Safepoint "Cleanup", Time since last: 1004724126 ns, Reaching safepoint: 1823792 ns, At safepoint: 14833 ns, Total: 1838625 ns
[2022-09-21T09:22:37.551+0000][7][safepoint    ] Safepoint "Cleanup", Time since last: 1007871792 ns, Reaching safepoint: 297375 ns, At safepoint: 26250 ns, Total: 323625 ns
[2022-09-21T09:22:38.559+0000][7][safepoint    ] Safepoint "Cleanup", Time since last: 1007375292 ns, Reaching safepoint: 339625 ns, At safepoint: 22125 ns, Total: 361750 ns
[2022-09-21T09:22:39.567+0000][7][safepoint    ] Safepoint "Cleanup", Time since last: 1007041584 ns, Reaching safepoint: 589000 ns, At safepoint: 9000 ns, Total: 598000 ns
[2022-09-21T09:22:40.575+0000][7][safepoint    ] Safepoint "Cleanup", Time since last: 1008307292 ns, Reaching safepoint: 455583 ns, At safepoint: 24500 ns, Total: 480083 ns
[2022-09-21T09:22:41.581+0000][7][safepoint    ] Safepoint "Cleanup", Time since last: 1005616126 ns, Reaching safepoint: 506583 ns, At safepoint: 7625 ns, Total: 514208 ns
[2022-09-21T09:22:42.587+0000][7][safepoint    ] Safepoint "Cleanup", Time since last: 1005158792 ns, Reaching safepoint: 403292 ns, At safepoint: 6667 ns, Total: 409959 ns
[2022-09-21T09:22:43.593+0000][7][safepoint    ] Safepoint "Cleanup", Time since last: 1005723000 ns, Reaching safepoint: 332167 ns, At safepoint: 5875 ns, Total: 338042 ns
[2022-09-21T09:22:44.614+0000][7][safepoint    ] Safepoint "Cleanup", Time since last: 1020480542 ns, Reaching safepoint: 421750 ns, At safepoint: 8292 ns, Total: 430042 ns
[2022-09-21T09:22:45.620+0000][7][safepoint    ] Safepoint "Cleanup", Time since last: 1007094416 ns, Reaching safepoint: 293709 ns, At safepoint: 4833 ns, Total: 298542 ns
[2022-09-21T09:22:46.629+0000][7][safepoint    ] Safepoint "Cleanup", Time since last: 1008017625 ns, Reaching safepoint: 453875 ns, At safepoint: 8875 ns, Total: 462750 ns
[2022-09-21T09:22:47.881+0000][7][safepoint    ] Safepoint "Cleanup", Time since last: 1252320334 ns, Reaching safepoint: 271542 ns, At safepoint: 2625 ns, Total: 274167 ns
[2022-09-21T09:22:47.882+0000][7][safepoint    ] Safepoint "BulkRevokeBias", Time since last: 636208 ns, Reaching safepoint: 114167 ns, At safepoint: 241000 ns, Total: 355167 ns
[2022-09-21T09:22:47.886+0000][7][safepoint    ] Safepoint "BulkRevokeBias", Time since last: 3406333 ns, Reaching safepoint: 144500 ns, At safepoint: 109542 ns, Total: 254042 ns
[2022-09-21T09:22:48.888+0000][7][safepoint    ] Safepoint "Cleanup", Time since last: 1000756000 ns, Reaching safepoint: 1158834 ns, At safepoint: 11291 ns, Total: 1170125 ns
[2022-09-21T09:22:49.895+0000][7][safepoint    ] Safepoint "Cleanup", Time since last: 1006387459 ns, Reaching safepoint: 441334 ns, At safepoint: 6708 ns, Total: 448042 ns
[2022-09-21T09:22:50.899+0000][7][safepoint    ] Safepoint "Cleanup", Time since last: 1004088250 ns, Reaching safepoint: 313042 ns, At safepoint: 5708 ns, Total: 318750 ns
[2022-09-21T09:22:52.219+0000][7][safepoint    ] Safepoint "Cleanup", Time since last: 1319512293 ns, Reaching safepoint: 528916 ns, At safepoint: 31459 ns, Total: 560375 ns
[2022-09-21T09:22:53.228+0000][7][safepoint    ] Safepoint "Cleanup", Time since last: 1008314750 ns, Reaching safepoint: 202625 ns, At safepoint: 3709 ns, Total: 206334 ns
[2022-09-21T09:22:54.231+0000][7][safepoint    ] Safepoint "Cleanup", Time since last: 1002751542 ns, Reaching safepoint: 283375 ns, At safepoint: 3583 ns, Total: 286958 ns
[2022-09-21T09:22:55.234+0000][7][safepoint    ] Safepoint "Cleanup", Time since last: 1002690834 ns, Reaching safepoint: 362542 ns, At safepoint: 7666 ns, Total: 370208 ns
[2022-09-21T09:22:56.241+0000][7][safepoint    ] Safepoint "Cleanup", Time since last: 1006398834 ns, Reaching safepoint: 512667 ns, At safepoint: 6291 ns, Total: 518958 ns
[2022-09-21T09:22:57.244+0000][7][safepoint    ] Safepoint "Cleanup", Time since last: 1002770876 ns, Reaching safepoint: 358708 ns, At safepoint: 5708 ns, Total: 364416 ns
[2022-09-21T09:22:58.248+0000][7][safepoint    ] Safepoint "Cleanup", Time since last: 1003275043 ns, Reaching safepoint: 658666 ns, At safepoint: 9375 ns, Total: 668041 ns
[2022-09-21T09:22:59.253+0000][7][safepoint    ] Safepoint "Cleanup", Time since last: 1004439126 ns, Reaching safepoint: 401208 ns, At safepoint: 7875 ns, Total: 409083 ns
[2022-09-21T09:23:00.261+0000][7][safepoint    ] Safepoint "Cleanup", Time since last: 1007932584 ns, Reaching safepoint: 416375 ns, At safepoint: 5375 ns, Total: 421750 ns
[2022-09-21T09:23:01.267+0000][7][safepoint    ] Safepoint "Cleanup", Time since last: 1004913875 ns, Reaching safepoint: 473334 ns, At safepoint: 9833 ns, Total: 483167 ns
[2022-09-21T09:23:02.276+0000][7][safepoint    ] Safepoint "Cleanup", Time since last: 1009428042 ns, Reaching safepoint: 318875 ns, At safepoint: 6834 ns, Total: 325709 ns
[2022-09-21T09:23:03.279+0000][7][safepoint    ] Safepoint "Cleanup", Time since last: 1002389250 ns, Reaching safepoint: 469750 ns, At safepoint: 9125 ns, Total: 478875 ns
[2022-09-21T09:23:04.290+0000][7][safepoint    ] Safepoint "Cleanup", Time since last: 1010089459 ns, Reaching safepoint: 318208 ns, At safepoint: 4375 ns, Total: 322583 ns
[2022-09-21T09:23:05.303+0000][7][safepoint    ] Safepoint "Cleanup", Time since last: 1013209251 ns, Reaching safepoint: 352125 ns, At safepoint: 8291 ns, Total: 360416 ns
[2022-09-21T09:23:06.308+0000][7][safepoint    ] Safepoint "Cleanup", Time since last: 1004807209 ns, Reaching safepoint: 435125 ns, At safepoint: 6250 ns, Total: 441375 ns
[2022-09-21T09:23:07.314+0000][7][safepoint    ] Safepoint "Cleanup", Time since last: 1005788917 ns, Reaching safepoint: 264125 ns, At safepoint: 5000 ns, Total: 269125 ns
[2022-09-21T09:23:08.318+0000][7][safepoint    ] Safepoint "Cleanup", Time since last: 1003448667 ns, Reaching safepoint: 506167 ns, At safepoint: 8583 ns, Total: 514750 ns
[2022-09-21T09:23:09.325+0000][7][safepoint    ] Safepoint "Cleanup", Time since last: 1006002584 ns, Reaching safepoint: 715750 ns, At safepoint: 8792 ns, Total: 724542 ns
[2022-09-21T09:23:10.329+0000][7][safepoint    ] Safepoint "Cleanup", Time since last: 1003633792 ns, Reaching safepoint: 433792 ns, At safepoint: 4875 ns, Total: 438667 ns
[2022-09-21T09:23:11.336+0000][7][safepoint    ] Safepoint "Cleanup", Time since last: 1006234417 ns, Reaching safepoint: 443667 ns, At safepoint: 6041 ns, Total: 449708 ns
[2022-09-21T09:23:12.343+0000][7][safepoint    ] Safepoint "Cleanup", Time since last: 1006850709 ns, Reaching safepoint: 487167 ns, At safepoint: 8333 ns, Total: 495500 ns
[2022-09-21T09:23:13.353+0000][7][safepoint    ] Safepoint "Cleanup", Time since last: 1008957334 ns, Reaching safepoint: 331500 ns, At safepoint: 5666 ns, Total: 337166 ns
[2022-09-21T09:23:14.359+0000][7][safepoint    ] Safepoint "Cleanup", Time since last: 1005754459 ns, Reaching safepoint: 542542 ns, At safepoint: 6208 ns, Total: 548750 ns
[2022-09-21T09:23:15.367+0000][7][safepoint    ] Safepoint "Cleanup", Time since last: 1006929584 ns, Reaching safepoint: 1326167 ns, At safepoint: 7500 ns, Total: 1333667 ns
[2022-09-21T09:23:16.377+0000][7][safepoint    ] Safepoint "Cleanup", Time since last: 1003736500 ns, Reaching safepoint: 246250 ns, At safepoint: 6125 ns, Total: 252375 ns
[2022-09-21T09:23:17.382+0000][7][safepoint    ] Safepoint "Cleanup", Time since last: 1004468875 ns, Reaching safepoint: 283833 ns, At safepoint: 4542 ns, Total: 288375 ns
[2022-09-21T09:23:18.386+0000][7][safepoint    ] Safepoint "Cleanup", Time since last: 1004430542 ns, Reaching safepoint: 250459 ns, At safepoint: 4791 ns, Total: 255250 ns
[2022-09-21T09:23:19.390+0000][7][safepoint    ] Safepoint "Cleanup", Time since last: 1003542667 ns, Reaching safepoint: 354750 ns, At safepoint: 6375 ns, Total: 361125 ns
[2022-09-21T09:23:20.396+0000][7][safepoint    ] Safepoint "Cleanup", Time since last: 1003880584 ns, Reaching safepoint: 1807209 ns, At safepoint: 10958 ns, Total: 1818167 ns
[2022-09-21T09:23:21.404+0000][7][safepoint    ] Safepoint "Cleanup", Time since last: 1007059584 ns, Reaching safepoint: 1166958 ns, At safepoint: 201708 ns, Total: 1368666 ns
[2022-09-21T09:23:22.417+0000][7][safepoint    ] Safepoint "Cleanup", Time since last: 1012325917 ns, Reaching safepoint: 421292 ns, At safepoint: 10333 ns, Total: 431625 ns
[2022-09-21T09:23:23.439+0000][7][safepoint    ] Safepoint "Cleanup", Time since last: 1015640209 ns, Reaching safepoint: 5993042 ns, At safepoint: 45667 ns, Total: 6038709 ns
[2022-09-21T09:23:24.477+0000][7][safepoint    ] Safepoint "Cleanup", Time since last: 1034452750 ns, Reaching safepoint: 3603625 ns, At safepoint: 44875 ns, Total: 3648500 ns
[2022-09-21T09:23:25.499+0000][7][safepoint    ] Safepoint "Cleanup", Time since last: 1019777501 ns, Reaching safepoint: 2075500 ns, At safepoint: 15125 ns, Total: 2090625 ns
[2022-09-21T09:23:26.506+0000][7][safepoint    ] Safepoint "Cleanup", Time since last: 1006200250 ns, Reaching safepoint: 691667 ns, At safepoint: 6000 ns, Total: 697667 ns
[2022-09-21T09:23:27.522+0000][7][safepoint    ] Safepoint "Cleanup", Time since last: 1010879667 ns, Reaching safepoint: 5422458 ns, At safepoint: 32459 ns, Total: 5454917 ns
[2022-09-21T09:23:28.552+0000][7][safepoint    ] Safepoint "Cleanup", Time since last: 1029414333 ns, Reaching safepoint: 207584 ns, At safepoint: 3833 ns, Total: 211417 ns
[2022-09-21T09:23:29.555+0000][7][safepoint    ] Safepoint "Cleanup", Time since last: 1003694126 ns, Reaching safepoint: 171083 ns, At safepoint: 3000 ns, Total: 174083 ns
[2022-09-21T09:23:30.562+0000][7][safepoint    ] Safepoint "Cleanup", Time since last: 1006443125 ns, Reaching safepoint: 594375 ns, At safepoint: 10209 ns, Total: 604584 ns
[2022-09-21T09:23:31.569+0000][7][safepoint    ] Safepoint "Cleanup", Time since last: 1006239042 ns, Reaching safepoint: 492458 ns, At safepoint: 7834 ns, Total: 500292 ns
[2022-09-21T09:23:32.587+0000][7][safepoint    ] Safepoint "Cleanup", Time since last: 1006633667 ns, Reaching safepoint: 10558916 ns, At safepoint: 113000 ns, Total: 10671916 ns
[2022-09-21T09:23:33.619+0000][7][safepoint    ] Safepoint "Cleanup", Time since last: 1029384334 ns, Reaching safepoint: 2848792 ns, At safepoint: 19041 ns, Total: 2867833 ns
[2022-09-21T09:23:34.628+0000][7][safepoint    ] Safepoint "Cleanup", Time since last: 1007093251 ns, Reaching safepoint: 2227750 ns, At safepoint: 30167 ns, Total: 2257917 ns
[2022-09-21T09:23:35.648+0000][7][safepoint    ] Safepoint "Cleanup", Time since last: 1019250292 ns, Reaching safepoint: 272875 ns, At safepoint: 4208 ns, Total: 277083 ns
[2022-09-21T09:23:36.651+0000][7][safepoint    ] Safepoint "Cleanup", Time since last: 1002851792 ns, Reaching safepoint: 300000 ns, At safepoint: 6000 ns, Total: 306000 ns
[2022-09-21T09:23:37.664+0000][7][safepoint    ] Safepoint "Cleanup", Time since last: 1012572959 ns, Reaching safepoint: 296000 ns, At safepoint: 5208 ns, Total: 301208 ns
[2022-09-21T09:23:38.668+0000][7][safepoint    ] Safepoint "Cleanup", Time since last: 1004343168 ns, Reaching safepoint: 459958 ns, At safepoint: 6000 ns, Total: 465958 ns
[2022-09-21T09:23:39.678+0000][7][safepoint    ] Safepoint "Cleanup", Time since last: 1006610709 ns, Reaching safepoint: 2428250 ns, At safepoint: 23541 ns, Total: 2451791 ns
[2022-09-21T09:23:40.686+0000][7][safepoint    ] Safepoint "Cleanup", Time since last: 1007731126 ns, Reaching safepoint: 352458 ns, At safepoint: 4792 ns, Total: 357250 ns
[2022-09-21T09:23:41.689+0000][7][safepoint    ] Safepoint "Cleanup", Time since last: 1003193875 ns, Reaching safepoint: 279542 ns, At safepoint: 4792 ns, Total: 284334 ns
[2022-09-21T09:23:42.693+0000][7][safepoint    ] Safepoint "Cleanup", Time since last: 1003197458 ns, Reaching safepoint: 296709 ns, At safepoint: 5666 ns, Total: 302375 ns
[2022-09-21T09:23:43.697+0000][7][safepoint    ] Safepoint "Cleanup", Time since last: 1004071126 ns, Reaching safepoint: 122708 ns, At safepoint: 2750 ns, Total: 125458 ns
[2022-09-21T09:23:44.701+0000][7][safepoint    ] Safepoint "Cleanup", Time since last: 1003600459 ns, Reaching safepoint: 355083 ns, At safepoint: 5167 ns, Total: 360250 ns
[2022-09-21T09:23:45.704+0000][7][safepoint    ] Safepoint "Cleanup", Time since last: 1003785375 ns, Reaching safepoint: 384625 ns, At safepoint: 5708 ns, Total: 390333 ns
[2022-09-21T09:23:46.711+0000][7][safepoint    ] Safepoint "Cleanup", Time since last: 1005991167 ns, Reaching safepoint: 361292 ns, At safepoint: 5625 ns, Total: 366917 ns
[2022-09-21T09:23:47.720+0000][7][safepoint    ] Safepoint "Cleanup", Time since last: 1005739250 ns, Reaching safepoint: 3710709 ns, At safepoint: 23708 ns, Total: 3734417 ns
[2022-09-21T09:23:48.734+0000][7][safepoint    ] Safepoint "Cleanup", Time since last: 1011614584 ns, Reaching safepoint: 2402250 ns, At safepoint: 16125 ns, Total: 2418375 ns
[2022-09-21T09:23:49.741+0000][7][safepoint    ] Safepoint "Cleanup", Time since last: 1006274084 ns, Reaching safepoint: 124583 ns, At safepoint: 2792 ns, Total: 127375 ns
[2022-09-21T09:23:50.744+0000][7][safepoint    ] Safepoint "Cleanup", Time since last: 1003372583 ns, Reaching safepoint: 476542 ns, At safepoint: 7167 ns, Total: 483709 ns
[2022-09-21T09:23:51.760+0000][7][safepoint    ] Safepoint "Cleanup", Time since last: 1014848667 ns, Reaching safepoint: 895625 ns, At safepoint: 8708 ns, Total: 904333 ns
[2022-09-21T09:23:52.766+0000][7][safepoint    ] Safepoint "Cleanup", Time since last: 1005219376 ns, Reaching safepoint: 621166 ns, At safepoint: 8292 ns, Total: 629458 ns
[2022-09-21T09:23:53.771+0000][7][safepoint    ] Safepoint "Cleanup", Time since last: 1004148042 ns, Reaching safepoint: 782833 ns, At safepoint: 10500 ns, Total: 793333 ns
[2022-09-21T09:23:54.776+0000][7][safepoint    ] Safepoint "Cleanup", Time since last: 1004903584 ns, Reaching safepoint: 311459 ns, At safepoint: 4791 ns, Total: 316250 ns
[2022-09-21T09:23:55.952+0000][7][safepoint    ] Safepoint "Cleanup", Time since last: 1174920626 ns, Reaching safepoint: 554583 ns, At safepoint: 7167 ns, Total: 561750 ns
[2022-09-21T09:23:57.094+0000][7][safepoint    ] Safepoint "Cleanup", Time since last: 1142214500 ns, Reaching safepoint: 109750 ns, At safepoint: 1917 ns, Total: 111667 ns
[2022-09-21T09:23:58.169+0000][7][safepoint    ] Safepoint "Cleanup", Time since last: 1075359792 ns, Reaching safepoint: 134334 ns, At safepoint: 2708 ns, Total: 137042 ns
[2022-09-21T09:23:59.171+0000][7][safepoint    ] Safepoint "Cleanup", Time since last: 1001336792 ns, Reaching safepoint: 199333 ns, At safepoint: 3459 ns, Total: 202792 ns
[2022-09-21T09:24:00.174+0000][7][safepoint    ] Safepoint "Cleanup", Time since last: 1003011125 ns, Reaching safepoint: 437792 ns, At safepoint: 8583 ns, Total: 446375 ns
[2022-09-21T09:24:01.181+0000][7][safepoint    ] Safepoint "Cleanup", Time since last: 1006319667 ns, Reaching safepoint: 263959 ns, At safepoint: 4125 ns, Total: 268084 ns
[2022-09-21T09:24:02.186+0000][7][safepoint    ] Safepoint "Cleanup", Time since last: 1004981375 ns, Reaching safepoint: 353625 ns, At safepoint: 5917 ns, Total: 359542 ns
[2022-09-21T09:24:03.193+0000][7][safepoint    ] Safepoint "Cleanup", Time since last: 1005796792 ns, Reaching safepoint: 305917 ns, At safepoint: 4833 ns, Total: 310750 ns
[2022-09-21T09:24:04.589+0000][7][safepoint    ] Safepoint "Cleanup", Time since last: 1396055084 ns, Reaching safepoint: 368125 ns, At safepoint: 3917 ns, Total: 372042 ns
[2022-09-21T09:24:05.593+0000][7][safepoint    ] Safepoint "Cleanup", Time since last: 1003888958 ns, Reaching safepoint: 482875 ns, At safepoint: 6250 ns, Total: 489125 ns
[2022-09-21T09:24:06.597+0000][7][safepoint    ] Safepoint "Cleanup", Time since last: 1003092793 ns, Reaching safepoint: 523708 ns, At safepoint: 9042 ns, Total: 532750 ns
[2022-09-21T09:24:07.604+0000][7][safepoint    ] Safepoint "Cleanup", Time since last: 1006484625 ns, Reaching safepoint: 553417 ns, At safepoint: 26958 ns, Total: 580375 ns
[2022-09-21T09:24:08.612+0000][7][safepoint    ] Safepoint "Cleanup", Time since last: 1005723542 ns, Reaching safepoint: 2614584 ns, At safepoint: 24541 ns, Total: 2639125 ns
[2022-09-21T09:24:09.618+0000][7][safepoint    ] Safepoint "Cleanup", Time since last: 1005254209 ns, Reaching safepoint: 469792 ns, At safepoint: 6750 ns, Total: 476542 ns
[2022-09-21T09:24:10.872+0000][7][safepoint    ] Safepoint "Cleanup", Time since last: 1253805417 ns, Reaching safepoint: 498417 ns, At safepoint: 8666 ns, Total: 507083 ns
[2022-09-21T09:24:11.877+0000][7][safepoint    ] Safepoint "Cleanup", Time since last: 1004669542 ns, Reaching safepoint: 228875 ns, At safepoint: 2959 ns, Total: 231834 ns
[2022-09-21T09:24:13.561+0000][7][safepoint    ] Safepoint "Cleanup", Time since last: 1683567084 ns, Reaching safepoint: 448375 ns, At safepoint: 6708 ns, Total: 455083 ns
[2022-09-21T09:24:14.605+0000][7][safepoint    ] Safepoint "Cleanup", Time since last: 1043370584 ns, Reaching safepoint: 198750 ns, At safepoint: 9167 ns, Total: 207917 ns
[2022-09-21T09:24:15.603+0000][7][safepoint    ] Safepoint "Cleanup", Time since last: 1001307958 ns, Reaching safepoint: 210791 ns, At safepoint: 3625 ns, Total: 214416 ns
[2022-09-21T09:24:16.605+0000][7][safepoint    ] Safepoint "Cleanup", Time since last: 1002297459 ns, Reaching safepoint: 369000 ns, At safepoint: 8833 ns, Total: 377833 ns
[2022-09-21T09:24:17.617+0000][7][safepoint    ] Safepoint "Cleanup", Time since last: 1006767376 ns, Reaching safepoint: 4864083 ns, At safepoint: 28667 ns, Total: 4892750 ns
[2022-09-21T09:24:18.647+0000][7][safepoint    ] Safepoint "Cleanup", Time since last: 1028064000 ns, Reaching safepoint: 1678334 ns, At safepoint: 15125 ns, Total: 1693459 ns
[2022-09-21T09:24:19.662+0000][7][safepoint    ] Safepoint "Cleanup", Time since last: 1014857583 ns, Reaching safepoint: 510625 ns, At safepoint: 6375 ns, Total: 517000 ns
[2022-09-21T09:24:20.681+0000][7][safepoint    ] Safepoint "Cleanup", Time since last: 1016081834 ns, Reaching safepoint: 2136875 ns, At safepoint: 12334 ns, Total: 2149209 ns
[2022-09-21T09:24:21.693+0000][7][safepoint    ] Safepoint "Cleanup", Time since last: 1011848500 ns, Reaching safepoint: 235333 ns, At safepoint: 4292 ns, Total: 239625 ns
[2022-09-21T09:24:22.697+0000][7][safepoint    ] Safepoint "Cleanup", Time since last: 1004125376 ns, Reaching safepoint: 194750 ns, At safepoint: 4291 ns, Total: 199041 ns
[2022-09-21T09:24:23.704+0000][7][safepoint    ] Safepoint "Cleanup", Time since last: 1006550792 ns, Reaching safepoint: 226709 ns, At safepoint: 5791 ns, Total: 232500 ns
[2022-09-21T09:24:24.711+0000][7][safepoint    ] Safepoint "Cleanup", Time since last: 1006365168 ns, Reaching safepoint: 708166 ns, At safepoint: 6417 ns, Total: 714583 ns
[2022-09-21T09:24:25.717+0000][7][safepoint    ] Safepoint "Cleanup", Time since last: 1005842209 ns, Reaching safepoint: 779791 ns, At safepoint: 8125 ns, Total: 787916 ns
[2022-09-21T09:24:26.729+0000][7][safepoint    ] Safepoint "Cleanup", Time since last: 1011218543 ns, Reaching safepoint: 321083 ns, At safepoint: 5000 ns, Total: 326083 ns
[2022-09-21T09:24:27.736+0000][7][safepoint    ] Safepoint "Cleanup", Time since last: 1006945167 ns, Reaching safepoint: 469792 ns, At safepoint: 6500 ns, Total: 476292 ns
[2022-09-21T09:24:28.743+0000][7][safepoint    ] Safepoint "Cleanup", Time since last: 1005826417 ns, Reaching safepoint: 465083 ns, At safepoint: 5833 ns, Total: 470916 ns
[2022-09-21T09:24:29.751+0000][7][safepoint    ] Safepoint "Cleanup", Time since last: 1005749209 ns, Reaching safepoint: 704375 ns, At safepoint: 16042 ns, Total: 720417 ns
[2022-09-21T09:24:30.754+0000][7][safepoint    ] Safepoint "Cleanup", Time since last: 1004799084 ns, Reaching safepoint: 387500 ns, At safepoint: 5833 ns, Total: 393333 ns
[2022-09-21T09:24:31.759+0000][7][safepoint    ] Safepoint "Cleanup", Time since last: 1004356209 ns, Reaching safepoint: 786125 ns, At safepoint: 9667 ns, Total: 795792 ns
[2022-09-21T09:24:32.767+0000][7][safepoint    ] Safepoint "Cleanup", Time since last: 1007246667 ns, Reaching safepoint: 240791 ns, At safepoint: 6459 ns, Total: 247250 ns
[2022-09-21T09:24:33.772+0000][7][safepoint    ] Safepoint "Cleanup", Time since last: 1003907584 ns, Reaching safepoint: 1235500 ns, At safepoint: 15583 ns, Total: 1251083 ns
[2022-09-21T09:24:34.780+0000][7][safepoint    ] Safepoint "Cleanup", Time since last: 1007416167 ns, Reaching safepoint: 320583 ns, At safepoint: 6542 ns, Total: 327125 ns
[2022-09-21T09:24:35.784+0000][7][safepoint    ] Safepoint "Cleanup", Time since last: 1003940751 ns, Reaching safepoint: 436916 ns, At safepoint: 4875 ns, Total: 441791 ns
[2022-09-21T09:24:36.797+0000][7][safepoint    ] Safepoint "Cleanup", Time since last: 1011850959 ns, Reaching safepoint: 560417 ns, At safepoint: 8708 ns, Total: 569125 ns
[2022-09-21T09:24:37.802+0000][7][safepoint    ] Safepoint "Cleanup", Time since last: 1004637042 ns, Reaching safepoint: 311542 ns, At safepoint: 5000 ns, Total: 316542 ns
[2022-09-21T09:24:38.809+0000][7][safepoint    ] Safepoint "Cleanup", Time since last: 1005557667 ns, Reaching safepoint: 1651875 ns, At safepoint: 23875 ns, Total: 1675750 ns
[2022-09-21T09:24:39.824+0000][7][safepoint    ] Safepoint "Cleanup", Time since last: 1013591667 ns, Reaching safepoint: 1692750 ns, At safepoint: 16917 ns, Total: 1709667 ns
[2022-09-21T09:24:40.846+0000][7][safepoint    ] Safepoint "Cleanup", Time since last: 1015824125 ns, Reaching safepoint: 5987584 ns, At safepoint: 123750 ns, Total: 6111334 ns
[2022-09-21T09:24:41.854+0000][7][safepoint    ] Safepoint "Cleanup", Time since last: 1007039875 ns, Reaching safepoint: 498583 ns, At safepoint: 4584 ns, Total: 503167 ns
[2022-09-21T09:24:42.864+0000][7][safepoint    ] Safepoint "Cleanup", Time since last: 1006703792 ns, Reaching safepoint: 3409375 ns, At safepoint: 24792 ns, Total: 3434167 ns
[2022-09-21T09:24:43.880+0000][7][safepoint    ] Safepoint "Cleanup", Time since last: 1014455833 ns, Reaching safepoint: 1838167 ns, At safepoint: 13250 ns, Total: 1851417 ns
[2022-09-21T09:24:44.907+0000][7][safepoint    ] Safepoint "Cleanup", Time since last: 1023790501 ns, Reaching safepoint: 2827000 ns, At safepoint: 23291 ns, Total: 2850291 ns
[2022-09-21T09:24:45.937+0000][7][safepoint    ] Safepoint "Cleanup", Time since last: 1025492583 ns, Reaching safepoint: 1540209 ns, At safepoint: 15291 ns, Total: 1555500 ns
[2022-09-21T09:24:46.956+0000][7][safepoint    ] Safepoint "Cleanup", Time since last: 1012757668 ns, Reaching safepoint: 3874166 ns, At safepoint: 122625 ns, Total: 3996791 ns
[2022-09-21T09:24:47.986+0000][7][safepoint    ] Safepoint "Cleanup", Time since last: 1031169751 ns, Reaching safepoint: 1610625 ns, At safepoint: 12291 ns, Total: 1622916 ns
[2022-09-21T09:24:48.992+0000][7][safepoint    ] Safepoint "Cleanup", Time since last: 1005769917 ns, Reaching safepoint: 495125 ns, At safepoint: 5000 ns, Total: 500125 ns
[2022-09-21T09:24:50.014+0000][7][safepoint    ] Safepoint "Cleanup", Time since last: 1016894209 ns, Reaching safepoint: 4276334 ns, At safepoint: 24916 ns, Total: 4301250 ns
[2022-09-21T09:24:51.034+0000][7][safepoint    ] Safepoint "Cleanup", Time since last: 1018063751 ns, Reaching safepoint: 2207625 ns, At safepoint: 15416 ns, Total: 2223041 ns
[2022-09-21T09:24:52.046+0000][7][safepoint    ] Safepoint "Cleanup", Time since last: 1010573376 ns, Reaching safepoint: 1620708 ns, At safepoint: 14125 ns, Total: 1634833 ns
[2022-09-21T09:24:53.054+0000][7][safepoint    ] Safepoint "Cleanup", Time since last: 1007615501 ns, Reaching safepoint: 365166 ns, At safepoint: 4500 ns, Total: 369666 ns
[2022-09-21T09:24:54.065+0000][7][safepoint    ] Safepoint "Cleanup", Time since last: 1004407459 ns, Reaching safepoint: 6755250 ns, At safepoint: 11750 ns, Total: 6767000 ns
[2022-09-21T09:24:55.092+0000][7][safepoint    ] Safepoint "Cleanup", Time since last: 1020979334 ns, Reaching safepoint: 5585250 ns, At safepoint: 192542 ns, Total: 5777792 ns
[2022-09-21T09:24:56.113+0000][7][safepoint    ] Safepoint "Cleanup", Time since last: 1013950250 ns, Reaching safepoint: 6370000 ns, At safepoint: 35917 ns, Total: 6405917 ns
[2022-09-21T09:24:57.136+0000][7][safepoint    ] Safepoint "Cleanup", Time since last: 1022347875 ns, Reaching safepoint: 1476167 ns, At safepoint: 12792 ns, Total: 1488959 ns
[2022-09-21T09:24:58.144+0000][7][safepoint    ] Safepoint "Cleanup", Time since last: 1006817084 ns, Reaching safepoint: 847958 ns, At safepoint: 8917 ns, Total: 856875 ns
[2022-09-21T09:24:59.150+0000][7][safepoint    ] Safepoint "Cleanup", Time since last: 1005200000 ns, Reaching safepoint: 1113625 ns, At safepoint: 15167 ns, Total: 1128792 ns
[2022-09-21T09:25:00.156+0000][7][safepoint    ] Safepoint "Cleanup", Time since last: 1005455083 ns, Reaching safepoint: 434375 ns, At safepoint: 5125 ns, Total: 439500 ns
[2022-09-21T09:25:01.181+0000][7][safepoint    ] Safepoint "Cleanup", Time since last: 1010382543 ns, Reaching safepoint: 14261750 ns, At safepoint: 32291 ns, Total: 14294041 ns
[2022-09-21T09:25:02.210+0000][7][safepoint    ] Safepoint "Cleanup", Time since last: 1027859626 ns, Reaching safepoint: 1488500 ns, At safepoint: 12958 ns, Total: 1501458 ns
[2022-09-21T09:25:03.224+0000][7][safepoint    ] Safepoint "Cleanup", Time since last: 1012899834 ns, Reaching safepoint: 643667 ns, At safepoint: 18250 ns, Total: 661917 ns
[2022-09-21T09:25:04.234+0000][7][safepoint    ] Safepoint "Cleanup", Time since last: 1004832542 ns, Reaching safepoint: 5134666 ns, At safepoint: 33834 ns, Total: 5168500 ns
[2022-09-21T09:25:05.251+0000][7][safepoint    ] Safepoint "Cleanup", Time since last: 1016707875 ns, Reaching safepoint: 237875 ns, At safepoint: 4917 ns, Total: 242792 ns
[2022-09-21T09:25:06.255+0000][7][safepoint    ] Safepoint "Cleanup", Time since last: 1003455125 ns, Reaching safepoint: 378375 ns, At safepoint: 6709 ns, Total: 385084 ns
[2022-09-21T09:25:07.266+0000][7][safepoint    ] Safepoint "Cleanup", Time since last: 1009335125 ns, Reaching safepoint: 1961375 ns, At safepoint: 14959 ns, Total: 1976334 ns
[2022-09-21T09:25:08.300+0000][7][safepoint    ] Safepoint "Cleanup", Time since last: 1027333083 ns, Reaching safepoint: 6974167 ns, At safepoint: 25042 ns, Total: 6999209 ns
[2022-09-21T09:25:09.336+0000][7][safepoint    ] Safepoint "Cleanup", Time since last: 1022045834 ns, Reaching safepoint: 13080000 ns, At safepoint: 29000 ns, Total: 13109000 ns
[2022-09-21T09:25:10.361+0000][7][safepoint    ] Safepoint "Cleanup", Time since last: 1023763083 ns, Reaching safepoint: 1422042 ns, At safepoint: 7000 ns, Total: 1429042 ns
[2022-09-21T09:25:11.379+0000][7][safepoint    ] Safepoint "Cleanup", Time since last: 1015445042 ns, Reaching safepoint: 2667875 ns, At safepoint: 13084 ns, Total: 2680959 ns
[2022-09-21T09:25:12.386+0000][7][safepoint    ] Safepoint "Cleanup", Time since last: 1005797375 ns, Reaching safepoint: 989125 ns, At safepoint: 14583 ns, Total: 1003708 ns
[2022-09-21T09:25:13.401+0000][7][safepoint    ] Safepoint "Cleanup", Time since last: 1014041167 ns, Reaching safepoint: 1773125 ns, At safepoint: 10209 ns, Total: 1783334 ns
[2022-09-21T09:25:14.410+0000][7][safepoint    ] Safepoint "Cleanup", Time since last: 1008347750 ns, Reaching safepoint: 450959 ns, At safepoint: 6291 ns, Total: 457250 ns
[2022-09-21T09:25:15.414+0000][7][safepoint    ] Safepoint "Cleanup", Time since last: 1003064459 ns, Reaching safepoint: 382792 ns, At safepoint: 8416 ns, Total: 391208 ns
[2022-09-21T09:25:16.416+0000][7][safepoint    ] Safepoint "Cleanup", Time since last: 1004028417 ns, Reaching safepoint: 656541 ns, At safepoint: 11667 ns, Total: 668208 ns
[2022-09-21T09:25:17.423+0000][7][safepoint    ] Safepoint "Cleanup", Time since last: 1006374750 ns, Reaching safepoint: 839584 ns, At safepoint: 6958 ns, Total: 846542 ns
[2022-09-21T09:25:18.430+0000][7][safepoint    ] Safepoint "Cleanup", Time since last: 1005997959 ns, Reaching safepoint: 337542 ns, At safepoint: 9875 ns, Total: 347417 ns
[2022-09-21T09:25:19.436+0000][7][safepoint    ] Safepoint "Cleanup", Time since last: 1005448375 ns, Reaching safepoint: 367542 ns, At safepoint: 4875 ns, Total: 372417 ns
[2022-09-21T09:25:20.447+0000][7][safepoint    ] Safepoint "Cleanup", Time since last: 1011340292 ns, Reaching safepoint: 320583 ns, At safepoint: 5125 ns, Total: 325708 ns
[2022-09-21T09:25:21.453+0000][7][safepoint    ] Safepoint "Cleanup", Time since last: 1005199876 ns, Reaching safepoint: 883375 ns, At safepoint: 7916 ns, Total: 891291 ns
[2022-09-21T09:25:22.457+0000][7][safepoint    ] Safepoint "Cleanup", Time since last: 1003539042 ns, Reaching safepoint: 221417 ns, At safepoint: 4042 ns, Total: 225459 ns
[2022-09-21T09:25:23.473+0000][7][safepoint    ] Safepoint "Cleanup", Time since last: 1015046125 ns, Reaching safepoint: 996625 ns, At safepoint: 12500 ns, Total: 1009125 ns
[2022-09-21T09:25:24.485+0000][7][safepoint    ] Safepoint "Cleanup", Time since last: 1005605292 ns, Reaching safepoint: 5134875 ns, At safepoint: 118042 ns, Total: 5252917 ns
[2022-09-21T09:25:25.499+0000][7][safepoint    ] Safepoint "Cleanup", Time since last: 1013409792 ns, Reaching safepoint: 1750792 ns, At safepoint: 12167 ns, Total: 1762959 ns
[2022-09-21T09:25:26.507+0000][7][safepoint    ] Safepoint "Cleanup", Time since last: 1005803958 ns, Reaching safepoint: 2164084 ns, At safepoint: 19833 ns, Total: 2183917 ns
[2022-09-21T09:25:27.532+0000][7][safepoint    ] Safepoint "Cleanup", Time since last: 1023448042 ns, Reaching safepoint: 1286000 ns, At safepoint: 10584 ns, Total: 1296584 ns
[2022-09-21T09:25:28.541+0000][7][safepoint    ] Safepoint "Cleanup", Time since last: 1008359750 ns, Reaching safepoint: 345292 ns, At safepoint: 5250 ns, Total: 350542 ns
[2022-09-21T09:25:29.559+0000][7][safepoint    ] Safepoint "Cleanup", Time since last: 1017306334 ns, Reaching safepoint: 1282583 ns, At safepoint: 16500 ns, Total: 1299083 ns
[2022-09-21T09:25:30.577+0000][7][safepoint    ] Safepoint "Cleanup", Time since last: 1016654375 ns, Reaching safepoint: 721709 ns, At safepoint: 51416 ns, Total: 773125 ns
[2022-09-21T09:25:32.483+0000][7][safepoint    ] Safepoint "Cleanup", Time since last: 1903600168 ns, Reaching safepoint: 2621333 ns, At safepoint: 21584 ns, Total: 2642917 ns
[2022-09-21T09:25:33.500+0000][7][safepoint    ] Safepoint "Cleanup", Time since last: 1016517875 ns, Reaching safepoint: 588917 ns, At safepoint: 9500 ns, Total: 598417 ns
[2022-09-21T09:25:34.508+0000][7][safepoint    ] Safepoint "Cleanup", Time since last: 1006151917 ns, Reaching safepoint: 1757583 ns, At safepoint: 12417 ns, Total: 1770000 ns
[2022-09-21T09:25:35.523+0000][7][safepoint    ] Safepoint "Cleanup", Time since last: 1014676834 ns, Reaching safepoint: 597833 ns, At safepoint: 6208 ns, Total: 604041 ns
[2022-09-21T09:25:36.528+0000][7][safepoint    ] Safepoint "Cleanup", Time since last: 1004554959 ns, Reaching safepoint: 520000 ns, At safepoint: 22542 ns, Total: 542542 ns
[2022-09-21T09:25:37.536+0000][7][safepoint    ] Safepoint "Cleanup", Time since last: 1007465250 ns, Reaching safepoint: 271125 ns, At safepoint: 5167 ns, Total: 276292 ns
[2022-09-21T09:25:38.543+0000][7][safepoint    ] Safepoint "Cleanup", Time since last: 1006279125 ns, Reaching safepoint: 294500 ns, At safepoint: 4917 ns, Total: 299417 ns
[2022-09-21T09:25:39.548+0000][7][safepoint    ] Safepoint "Cleanup", Time since last: 1005156626 ns, Reaching safepoint: 484958 ns, At safepoint: 25292 ns, Total: 510250 ns
[2022-09-21T09:25:40.553+0000][7][safepoint    ] Safepoint "Cleanup", Time since last: 1004321375 ns, Reaching safepoint: 567208 ns, At safepoint: 6959 ns, Total: 574167 ns
[2022-09-21T09:25:41.557+0000][7][safepoint    ] Safepoint "Cleanup", Time since last: 1003499584 ns, Reaching safepoint: 458375 ns, At safepoint: 5500 ns, Total: 463875 ns
[2022-09-21T09:25:42.564+0000][7][safepoint    ] Safepoint "Cleanup", Time since last: 1006090208 ns, Reaching safepoint: 365250 ns, At safepoint: 5167 ns, Total: 370417 ns
[2022-09-21T09:25:43.571+0000][7][safepoint    ] Safepoint "Cleanup", Time since last: 1006681667 ns, Reaching safepoint: 962792 ns, At safepoint: 11625 ns, Total: 974417 ns
[2022-09-21T09:25:44.583+0000][7][safepoint    ] Safepoint "Cleanup", Time since last: 1011052917 ns, Reaching safepoint: 358667 ns, At safepoint: 5916 ns, Total: 364583 ns
[2022-09-21T09:25:45.587+0000][7][safepoint    ] Safepoint "Cleanup", Time since last: 1003021750 ns, Reaching safepoint: 1100167 ns, At safepoint: 21666 ns, Total: 1121833 ns
[2022-09-21T09:25:46.594+0000][7][safepoint    ] Safepoint "Cleanup", Time since last: 1006356376 ns, Reaching safepoint: 586166 ns, At safepoint: 7584 ns, Total: 593750 ns
[2022-09-21T09:25:47.608+0000][7][safepoint    ] Safepoint "Cleanup", Time since last: 1013632583 ns, Reaching safepoint: 621292 ns, At safepoint: 6542 ns, Total: 627834 ns
[2022-09-21T09:25:48.615+0000][7][safepoint    ] Safepoint "Cleanup", Time since last: 1005608459 ns, Reaching safepoint: 1387208 ns, At safepoint: 9833 ns, Total: 1397041 ns
[2022-09-21T09:25:49.632+0000][7][safepoint    ] Safepoint "Cleanup", Time since last: 1016980917 ns, Reaching safepoint: 230792 ns, At safepoint: 4958 ns, Total: 235750 ns
[2022-09-21T09:25:50.666+0000][7][safepoint    ] Safepoint "Cleanup", Time since last: 1010770126 ns, Reaching safepoint: 22293667 ns, At safepoint: 27375 ns, Total: 22321042 ns
[2022-09-21T09:25:51.705+0000][7][safepoint    ] Safepoint "Cleanup", Time since last: 1039226375 ns, Reaching safepoint: 484167 ns, At safepoint: 7041 ns, Total: 491208 ns
[2022-09-21T09:25:52.715+0000][7][safepoint    ] Safepoint "Cleanup", Time since last: 1009364376 ns, Reaching safepoint: 232833 ns, At safepoint: 5042 ns, Total: 237875 ns
[2022-09-21T09:25:53.724+0000][7][safepoint    ] Safepoint "Cleanup", Time since last: 1009243875 ns, Reaching safepoint: 399500 ns, At safepoint: 5250 ns, Total: 404750 ns
[2022-09-21T09:25:54.732+0000][7][safepoint    ] Safepoint "Cleanup", Time since last: 1006899126 ns, Reaching safepoint: 652250 ns, At safepoint: 8375 ns, Total: 660625 ns
[2022-09-21T09:25:55.739+0000][7][safepoint    ] Safepoint "Cleanup", Time since last: 1006618959 ns, Reaching safepoint: 235916 ns, At safepoint: 5042 ns, Total: 240958 ns
[2022-09-21T09:25:56.744+0000][7][safepoint    ] Safepoint "Cleanup", Time since last: 1005117292 ns, Reaching safepoint: 371292 ns, At safepoint: 7250 ns, Total: 378542 ns
[2022-09-21T09:25:57.751+0000][7][safepoint    ] Safepoint "Cleanup", Time since last: 1006450500 ns, Reaching safepoint: 321167 ns, At safepoint: 5125 ns, Total: 326292 ns
[2022-09-21T09:25:58.758+0000][7][safepoint    ] Safepoint "Cleanup", Time since last: 1006237792 ns, Reaching safepoint: 477083 ns, At safepoint: 8000 ns, Total: 485083 ns
[2022-09-21T09:25:59.765+0000][7][safepoint    ] Safepoint "Cleanup", Time since last: 1006945376 ns, Reaching safepoint: 240125 ns, At safepoint: 4458 ns, Total: 244583 ns
[2022-09-21T09:26:00.769+0000][7][safepoint    ] Safepoint "Cleanup", Time since last: 1003469876 ns, Reaching safepoint: 307750 ns, At safepoint: 5208 ns, Total: 312958 ns
[2022-09-21T09:26:01.772+0000][7][safepoint    ] Safepoint "Cleanup", Time since last: 1002920459 ns, Reaching safepoint: 562875 ns, At safepoint: 6500 ns, Total: 569375 ns
[2022-09-21T09:26:02.781+0000][7][safepoint    ] Safepoint "Cleanup", Time since last: 1008938584 ns, Reaching safepoint: 271750 ns, At safepoint: 5416 ns, Total: 277166 ns
[2022-09-21T09:26:03.786+0000][7][safepoint    ] Safepoint "Cleanup", Time since last: 1003864293 ns, Reaching safepoint: 363208 ns, At safepoint: 5542 ns, Total: 368750 ns
[2022-09-21T09:26:04.790+0000][7][safepoint    ] Safepoint "Cleanup", Time since last: 1003674333 ns, Reaching safepoint: 368625 ns, At safepoint: 8000 ns, Total: 376625 ns
[2022-09-21T09:26:05.795+0000][7][safepoint    ] Safepoint "Cleanup", Time since last: 1004868459 ns, Reaching safepoint: 606292 ns, At safepoint: 9583 ns, Total: 615875 ns
[2022-09-21T09:26:06.805+0000][7][safepoint    ] Safepoint "Cleanup", Time since last: 1009170084 ns, Reaching safepoint: 455833 ns, At safepoint: 52959 ns, Total: 508792 ns
[2022-09-21T09:26:07.809+0000][7][safepoint    ] Safepoint "Cleanup", Time since last: 1003660708 ns, Reaching safepoint: 606709 ns, At safepoint: 11291 ns, Total: 618000 ns
[2022-09-21T09:26:08.815+0000][7][safepoint    ] Safepoint "Cleanup", Time since last: 1005387584 ns, Reaching safepoint: 555875 ns, At safepoint: 8167 ns, Total: 564042 ns
[2022-09-21T09:26:09.822+0000][7][safepoint    ] Safepoint "Cleanup", Time since last: 1006224167 ns, Reaching safepoint: 994000 ns, At safepoint: 10875 ns, Total: 1004875 ns
[2022-09-21T09:26:10.829+0000][7][safepoint    ] Safepoint "Cleanup", Time since last: 1006332751 ns, Reaching safepoint: 339000 ns, At safepoint: 6958 ns, Total: 345958 ns
[2022-09-21T09:26:11.834+0000][7][safepoint    ] Safepoint "Cleanup", Time since last: 1004992334 ns, Reaching safepoint: 399916 ns, At safepoint: 8000 ns, Total: 407916 ns
[2022-09-21T09:26:12.838+0000][7][safepoint    ] Safepoint "Cleanup", Time since last: 1003137043 ns, Reaching safepoint: 376500 ns, At safepoint: 6375 ns, Total: 382875 ns
[2022-09-21T09:26:13.843+0000][7][safepoint    ] Safepoint "Cleanup", Time since last: 1004081250 ns, Reaching safepoint: 785667 ns, At safepoint: 129666 ns, Total: 915333 ns
[2022-09-21T09:26:14.851+0000][7][safepoint    ] Safepoint "Cleanup", Time since last: 1005470042 ns, Reaching safepoint: 2659417 ns, At safepoint: 12708 ns, Total: 2672125 ns
[2022-09-21T09:26:15.855+0000][7][safepoint    ] Safepoint "Cleanup", Time since last: 1005682626 ns, Reaching safepoint: 556708 ns, At safepoint: 6292 ns, Total: 563000 ns
[2022-09-21T09:26:16.860+0000][7][safepoint    ] Safepoint "Cleanup", Time since last: 1003449250 ns, Reaching safepoint: 1221875 ns, At safepoint: 15042 ns, Total: 1236917 ns
[2022-09-21T09:26:17.871+0000][7][safepoint    ] Safepoint "Cleanup", Time since last: 1010492917 ns, Reaching safepoint: 304375 ns, At safepoint: 5708 ns, Total: 310083 ns
[2022-09-21T09:26:18.878+0000][7][safepoint    ] Safepoint "Cleanup", Time since last: 1007251376 ns, Reaching safepoint: 318291 ns, At safepoint: 4875 ns, Total: 323166 ns
[2022-09-21T09:26:19.892+0000][7][safepoint    ] Safepoint "Cleanup", Time since last: 1013606626 ns, Reaching safepoint: 255667 ns, At safepoint: 5541 ns, Total: 261208 ns
[2022-09-21T09:26:20.901+0000][7][safepoint    ] Safepoint "Cleanup", Time since last: 1008468084 ns, Reaching safepoint: 838875 ns, At safepoint: 11042 ns, Total: 849917 ns
[2022-09-21T09:26:21.907+0000][7][safepoint    ] Safepoint "Cleanup", Time since last: 1005762542 ns, Reaching safepoint: 368542 ns, At safepoint: 6333 ns, Total: 374875 ns
[2022-09-21T09:26:22.911+0000][7][safepoint    ] Safepoint "Cleanup", Time since last: 1002746625 ns, Reaching safepoint: 562417 ns, At safepoint: 8958 ns, Total: 571375 ns
[2022-09-21T09:26:23.919+0000][7][safepoint    ] Safepoint "Cleanup", Time since last: 1007992751 ns, Reaching safepoint: 214416 ns, At safepoint: 3875 ns, Total: 218291 ns
[2022-09-21T09:26:24.922+0000][7][safepoint    ] Safepoint "Cleanup", Time since last: 1002849084 ns, Reaching safepoint: 317959 ns, At safepoint: 5666 ns, Total: 323625 ns
[2022-09-21T09:26:25.929+0000][7][safepoint    ] Safepoint "Cleanup", Time since last: 1005767709 ns, Reaching safepoint: 641917 ns, At safepoint: 97333 ns, Total: 739250 ns
[2022-09-21T09:26:26.933+0000][7][safepoint    ] Safepoint "Cleanup", Time since last: 1004238792 ns, Reaching safepoint: 513792 ns, At safepoint: 16417 ns, Total: 530209 ns
[2022-09-21T09:26:27.938+0000][7][safepoint    ] Safepoint "Cleanup", Time since last: 1003761542 ns, Reaching safepoint: 679166 ns, At safepoint: 47417 ns, Total: 726583 ns
[2022-09-21T09:26:28.947+0000][7][safepoint    ] Safepoint "Cleanup", Time since last: 1008935792 ns, Reaching safepoint: 123250 ns, At safepoint: 1375 ns, Total: 124625 ns
[2022-09-21T09:26:29.949+0000][7][safepoint    ] Safepoint "Cleanup", Time since last: 1001367876 ns, Reaching safepoint: 422750 ns, At safepoint: 5791 ns, Total: 428541 ns
[2022-09-21T09:26:30.955+0000][7][safepoint    ] Safepoint "Cleanup", Time since last: 1005885418 ns, Reaching safepoint: 322583 ns, At safepoint: 5083 ns, Total: 327666 ns
[2022-09-21T09:26:31.234+0000][7][gc,start     ] GC(26) Pause Young (Normal) (G1 Evacuation Pause)
[2022-09-21T09:26:31.237+0000][7][gc,task      ] GC(26) Using 4 workers of 4 for evacuation
[2022-09-21T09:26:31.241+0000][7][gc,age       ] GC(26) Desired survivor size 19922944 bytes, new threshold 15 (max threshold 15)
[2022-09-21T09:26:31.295+0000][7][gc,age       ] GC(26) Age table with threshold 15 (max threshold 15)
[2022-09-21T09:26:31.296+0000][7][gc,age       ] GC(26) - age   1:     636136 bytes,     636136 total
[2022-09-21T09:26:31.297+0000][7][gc,age       ] GC(26) - age   2:     767480 bytes,    1403616 total
[2022-09-21T09:26:31.297+0000][7][gc,age       ] GC(26) - age   3:     293336 bytes,    1696952 total
[2022-09-21T09:26:31.298+0000][7][gc,age       ] GC(26) - age   4:     190864 bytes,    1887816 total
[2022-09-21T09:26:31.299+0000][7][gc,age       ] GC(26) - age   5:     487112 bytes,    2374928 total
[2022-09-21T09:26:31.300+0000][7][gc,age       ] GC(26) - age   6:     223768 bytes,    2598696 total
[2022-09-21T09:26:31.300+0000][7][gc,age       ] GC(26) - age   7:     425544 bytes,    3024240 total
[2022-09-21T09:26:31.301+0000][7][gc,age       ] GC(26) - age   8:     569328 bytes,    3593568 total
[2022-09-21T09:26:31.302+0000][7][gc,age       ] GC(26) - age   9:    1508216 bytes,    5101784 total
[2022-09-21T09:26:31.302+0000][7][gc,age       ] GC(26) - age  10:    3673816 bytes,    8775600 total
[2022-09-21T09:26:31.303+0000][7][gc,age       ] GC(26) - age  11:    5198592 bytes,   13974192 total
[2022-09-21T09:26:31.303+0000][7][gc,phases    ] GC(26)   Pre Evacuate Collection Set: 1.2ms
[2022-09-21T09:26:31.304+0000][7][gc,phases    ] GC(26)   Merge Heap Roots: 1.1ms
[2022-09-21T09:26:31.305+0000][7][gc,phases    ] GC(26)   Evacuate Collection Set: 44.5ms
[2022-09-21T09:26:31.305+0000][7][gc,phases    ] GC(26)   Post Evacuate Collection Set: 3.1ms
[2022-09-21T09:26:31.306+0000][7][gc,phases    ] GC(26)   Other: 19.4ms
[2022-09-21T09:26:31.307+0000][7][gc,heap      ] GC(26) Eden regions: 289->0(287)
[2022-09-21T09:26:31.307+0000][7][gc,heap      ] GC(26) Survivor regions: 14->15(38)
[2022-09-21T09:26:31.308+0000][7][gc,heap      ] GC(26) Old regions: 60->60
[2022-09-21T09:26:31.308+0000][7][gc,heap      ] GC(26) Archive regions: 0->0
[2022-09-21T09:26:31.309+0000][7][gc,heap      ] GC(26) Humongous regions: 7->7
[2022-09-21T09:26:31.309+0000][7][gc,metaspace ] GC(26) Metaspace: 110310K(118556K)->110310K(118556K) NonClass: 96331K(101296K)->96331K(101296K) Class: 13978K(17260K)->13978K(17260K)
[2022-09-21T09:26:31.310+0000][7][gc           ] GC(26) Pause Young (Normal) (G1 Evacuation Pause) 369M->81M(512M) 75.553ms
[2022-09-21T09:26:31.311+0000][7][gc,cpu       ] GC(26) User=0.18s Sys=0.00s Real=0.07s
[2022-09-21T09:26:31.311+0000][7][safepoint    ] Safepoint "G1CollectForAllocation", Time since last: 278833542 ns, Reaching safepoint: 289792 ns, At safepoint: 77259333 ns, Total: 77549125 ns
[2022-09-21T09:26:32.314+0000][7][safepoint    ] Safepoint "Cleanup", Time since last: 1002581917 ns, Reaching safepoint: 238375 ns, At safepoint: 3583 ns, Total: 241958 ns
[2022-09-21T09:26:33.321+0000][7][safepoint    ] Safepoint "Cleanup", Time since last: 1004208709 ns, Reaching safepoint: 2531250 ns, At safepoint: 43000 ns, Total: 2574250 ns
[2022-09-21T09:26:34.329+0000][7][safepoint    ] Safepoint "Cleanup", Time since last: 1008136376 ns, Reaching safepoint: 281500 ns, At safepoint: 4958 ns, Total: 286458 ns
[2022-09-21T09:26:35.333+0000][7][safepoint    ] Safepoint "Cleanup", Time since last: 1003013792 ns, Reaching safepoint: 156542 ns, At safepoint: 15958 ns, Total: 172500 ns
[2022-09-21T09:26:36.336+0000][7][safepoint    ] Safepoint "Cleanup", Time since last: 1003403709 ns, Reaching safepoint: 394500 ns, At safepoint: 7833 ns, Total: 402333 ns
[2022-09-21T09:26:37.341+0000][7][safepoint    ] Safepoint "Cleanup", Time since last: 1004464543 ns, Reaching safepoint: 406875 ns, At safepoint: 7250 ns, Total: 414125 ns
[2022-09-21T09:26:38.349+0000][7][safepoint    ] Safepoint "Cleanup", Time since last: 1006509500 ns, Reaching safepoint: 1154667 ns, At safepoint: 11916 ns, Total: 1166583 ns
[2022-09-21T09:26:39.353+0000][7][safepoint    ] Safepoint "Cleanup", Time since last: 1003554084 ns, Reaching safepoint: 261584 ns, At safepoint: 4208 ns, Total: 265792 ns
[2022-09-21T09:26:40.357+0000][7][safepoint    ] Safepoint "Cleanup", Time since last: 1004314834 ns, Reaching safepoint: 187375 ns, At safepoint: 4916 ns, Total: 192291 ns
[2022-09-21T09:26:41.363+0000][7][safepoint    ] Safepoint "Cleanup", Time since last: 1005593042 ns, Reaching safepoint: 218500 ns, At safepoint: 5709 ns, Total: 224209 ns
[2022-09-21T09:26:42.372+0000][7][safepoint    ] Safepoint "Cleanup", Time since last: 1006542292 ns, Reaching safepoint: 2506875 ns, At safepoint: 140333 ns, Total: 2647208 ns
[2022-09-21T09:26:43.380+0000][7][safepoint    ] Safepoint "Cleanup", Time since last: 1007545084 ns, Reaching safepoint: 358958 ns, At safepoint: 6542 ns, Total: 365500 ns
[2022-09-21T09:26:44.401+0000][7][safepoint    ] Safepoint "Cleanup", Time since last: 1019865292 ns, Reaching safepoint: 1311417 ns, At safepoint: 31917 ns, Total: 1343334 ns
[2022-09-21T09:26:45.412+0000][7][safepoint    ] Safepoint "Cleanup", Time since last: 1009904458 ns, Reaching safepoint: 413584 ns, At safepoint: 4583 ns, Total: 418167 ns
[2022-09-21T09:26:46.422+0000][7][safepoint    ] Safepoint "Cleanup", Time since last: 1004549291 ns, Reaching safepoint: 754209 ns, At safepoint: 27458 ns, Total: 781667 ns
[2022-09-21T09:26:47.431+0000][7][safepoint    ] Safepoint "Cleanup", Time since last: 1007277417 ns, Reaching safepoint: 1918417 ns, At safepoint: 18208 ns, Total: 1936625 ns
[2022-09-21T09:26:48.439+0000][7][safepoint    ] Safepoint "Cleanup", Time since last: 1007380042 ns, Reaching safepoint: 249042 ns, At safepoint: 4542 ns, Total: 253584 ns
[2022-09-21T09:26:49.442+0000][7][safepoint    ] Safepoint "Cleanup", Time since last: 1002612583 ns, Reaching safepoint: 418667 ns, At safepoint: 8000 ns, Total: 426667 ns
[2022-09-21T09:26:50.445+0000][7][safepoint    ] Safepoint "Cleanup", Time since last: 1003257459 ns, Reaching safepoint: 330250 ns, At safepoint: 6375 ns, Total: 336625 ns
[2022-09-21T09:26:51.454+0000][7][safepoint    ] Safepoint "Cleanup", Time since last: 1008542500 ns, Reaching safepoint: 201000 ns, At safepoint: 4667 ns, Total: 205667 ns
[2022-09-21T09:26:52.458+0000][7][safepoint    ] Safepoint "Cleanup", Time since last: 1003802500 ns, Reaching safepoint: 347125 ns, At safepoint: 9250 ns, Total: 356375 ns
[2022-09-21T09:26:53.466+0000][7][safepoint    ] Safepoint "Cleanup", Time since last: 1006935001 ns, Reaching safepoint: 378042 ns, At safepoint: 7125 ns, Total: 385167 ns
[2022-09-21T09:26:54.471+0000][7][safepoint    ] Safepoint "Cleanup", Time since last: 1004723083 ns, Reaching safepoint: 324375 ns, At safepoint: 4750 ns, Total: 329125 ns
[2022-09-21T09:26:55.476+0000][7][safepoint    ] Safepoint "Cleanup", Time since last: 1004674668 ns, Reaching safepoint: 400708 ns, At safepoint: 7833 ns, Total: 408541 ns
[2022-09-21T09:26:56.480+0000][7][safepoint    ] Safepoint "Cleanup", Time since last: 1003511917 ns, Reaching safepoint: 609000 ns, At safepoint: 12292 ns, Total: 621292 ns
[2022-09-21T09:26:57.490+0000][7][safepoint    ] Safepoint "Cleanup", Time since last: 1007695959 ns, Reaching safepoint: 2557125 ns, At safepoint: 11125 ns, Total: 2568250 ns
[2022-09-21T09:26:58.494+0000][7][safepoint    ] Safepoint "Cleanup", Time since last: 1003529250 ns, Reaching safepoint: 527500 ns, At safepoint: 8042 ns, Total: 535542 ns
[2022-09-21T09:26:59.502+0000][7][safepoint    ] Safepoint "Cleanup", Time since last: 1007166792 ns, Reaching safepoint: 257958 ns, At safepoint: 4750 ns, Total: 262708 ns
[2022-09-21T09:27:00.506+0000][7][safepoint    ] Safepoint "Cleanup", Time since last: 1002834918 ns, Reaching safepoint: 1347375 ns, At safepoint: 14791 ns, Total: 1362166 ns
[2022-09-21T09:27:01.510+0000][7][safepoint    ] Safepoint "Cleanup", Time since last: 1004017417 ns, Reaching safepoint: 154792 ns, At safepoint: 3667 ns, Total: 158459 ns
[2022-09-21T09:27:02.517+0000][7][safepoint    ] Safepoint "Cleanup", Time since last: 1006164584 ns, Reaching safepoint: 485166 ns, At safepoint: 7459 ns, Total: 492625 ns
[2022-09-21T09:27:03.522+0000][7][safepoint    ] Safepoint "Cleanup", Time since last: 1004915875 ns, Reaching safepoint: 417500 ns, At safepoint: 6667 ns, Total: 424167 ns
[2022-09-21T09:27:04.527+0000][7][safepoint    ] Safepoint "Cleanup", Time since last: 1004298292 ns, Reaching safepoint: 482708 ns, At safepoint: 10000 ns, Total: 492708 ns
[2022-09-21T09:27:05.534+0000][7][safepoint    ] Safepoint "Cleanup", Time since last: 1006909001 ns, Reaching safepoint: 382333 ns, At safepoint: 6917 ns, Total: 389250 ns
[2022-09-21T09:27:06.540+0000][7][safepoint    ] Safepoint "Cleanup", Time since last: 1005096709 ns, Reaching safepoint: 501416 ns, At safepoint: 5084 ns, Total: 506500 ns
[2022-09-21T09:27:07.548+0000][7][safepoint    ] Safepoint "Cleanup", Time since last: 1007572000 ns, Reaching safepoint: 494375 ns, At safepoint: 6667 ns, Total: 501042 ns
[2022-09-21T09:27:08.553+0000][7][safepoint    ] Safepoint "Cleanup", Time since last: 1004448708 ns, Reaching safepoint: 744667 ns, At safepoint: 7875 ns, Total: 752542 ns
[2022-09-21T09:27:09.564+0000][7][safepoint    ] Safepoint "Cleanup", Time since last: 1010605001 ns, Reaching safepoint: 366166 ns, At safepoint: 7459 ns, Total: 373625 ns
[2022-09-21T09:27:10.570+0000][7][safepoint    ] Safepoint "Cleanup", Time since last: 1006004708 ns, Reaching safepoint: 410375 ns, At safepoint: 6667 ns, Total: 417042 ns
[2022-09-21T09:27:11.576+0000][7][safepoint    ] Safepoint "Cleanup", Time since last: 1004685084 ns, Reaching safepoint: 932667 ns, At safepoint: 8666 ns, Total: 941333 ns
[2022-09-21T09:27:12.582+0000][7][safepoint    ] Safepoint "Cleanup", Time since last: 1005616417 ns, Reaching safepoint: 462209 ns, At safepoint: 8083 ns, Total: 470292 ns
[2022-09-21T09:27:13.591+0000][7][safepoint    ] Safepoint "Cleanup", Time since last: 1007999334 ns, Reaching safepoint: 454417 ns, At safepoint: 58958 ns, Total: 513375 ns
[2022-09-21T09:27:14.594+0000][7][safepoint    ] Safepoint "Cleanup", Time since last: 1002856459 ns, Reaching safepoint: 321833 ns, At safepoint: 21000 ns, Total: 342833 ns
[2022-09-21T09:27:15.595+0000][7][safepoint    ] Safepoint "Cleanup", Time since last: 1003856500 ns, Reaching safepoint: 741000 ns, At safepoint: 7500 ns, Total: 748500 ns
[2022-09-21T09:27:16.600+0000][7][safepoint    ] Safepoint "Cleanup", Time since last: 1003464292 ns, Reaching safepoint: 919625 ns, At safepoint: 8000 ns, Total: 927625 ns
[2022-09-21T09:27:17.605+0000][7][safepoint    ] Safepoint "Cleanup", Time since last: 1004315208 ns, Reaching safepoint: 537667 ns, At safepoint: 7958 ns, Total: 545625 ns
[2022-09-21T09:27:18.609+0000][7][safepoint    ] Safepoint "Cleanup", Time since last: 1003853668 ns, Reaching safepoint: 475750 ns, At safepoint: 30958 ns, Total: 506708 ns
[2022-09-21T09:27:19.624+0000][7][safepoint    ] Safepoint "Cleanup", Time since last: 1014866875 ns, Reaching safepoint: 347375 ns, At safepoint: 5584 ns, Total: 352959 ns
[2022-09-21T09:27:20.635+0000][7][safepoint    ] Safepoint "Cleanup", Time since last: 1009923792 ns, Reaching safepoint: 435542 ns, At safepoint: 7208 ns, Total: 442750 ns
[2022-09-21T09:27:21.640+0000][7][safepoint    ] Safepoint "Cleanup", Time since last: 1004314167 ns, Reaching safepoint: 726375 ns, At safepoint: 6500 ns, Total: 732875 ns
[2022-09-21T09:27:22.649+0000][7][safepoint    ] Safepoint "Cleanup", Time since last: 1008676042 ns, Reaching safepoint: 333209 ns, At safepoint: 5208 ns, Total: 338417 ns
[2022-09-21T09:27:23.653+0000][7][safepoint    ] Safepoint "Cleanup", Time since last: 1004205625 ns, Reaching safepoint: 349167 ns, At safepoint: 6042 ns, Total: 355209 ns
[2022-09-21T09:27:24.658+0000][7][safepoint    ] Safepoint "Cleanup", Time since last: 1004271917 ns, Reaching safepoint: 335208 ns, At safepoint: 5917 ns, Total: 341125 ns
[2022-09-21T09:27:25.665+0000][7][safepoint    ] Safepoint "Cleanup", Time since last: 1007177167 ns, Reaching safepoint: 255750 ns, At safepoint: 5125 ns, Total: 260875 ns
[2022-09-21T09:27:26.670+0000][7][safepoint    ] Safepoint "Cleanup", Time since last: 1004534292 ns, Reaching safepoint: 380792 ns, At safepoint: 5750 ns, Total: 386542 ns
[2022-09-21T09:27:27.677+0000][7][safepoint    ] Safepoint "Cleanup", Time since last: 1006220584 ns, Reaching safepoint: 905041 ns, At safepoint: 10084 ns, Total: 915125 ns
[2022-09-21T09:27:28.683+0000][7][safepoint    ] Safepoint "Cleanup", Time since last: 1004785292 ns, Reaching safepoint: 460083 ns, At safepoint: 35708 ns, Total: 495791 ns
[2022-09-21T09:27:29.692+0000][7][safepoint    ] Safepoint "Cleanup", Time since last: 1009178959 ns, Reaching safepoint: 368167 ns, At safepoint: 5500 ns, Total: 373667 ns
[2022-09-21T09:27:30.697+0000][7][safepoint    ] Safepoint "Cleanup", Time since last: 1003948875 ns, Reaching safepoint: 615250 ns, At safepoint: 9500 ns, Total: 624750 ns
[2022-09-21T09:27:31.702+0000][7][safepoint    ] Safepoint "Cleanup", Time since last: 1004953459 ns, Reaching safepoint: 382584 ns, At safepoint: 7458 ns, Total: 390042 ns
[2022-09-21T09:27:32.708+0000][7][safepoint    ] Safepoint "Cleanup", Time since last: 1005880792 ns, Reaching safepoint: 357000 ns, At safepoint: 6208 ns, Total: 363208 ns
[2022-09-21T09:27:33.712+0000][7][safepoint    ] Safepoint "Cleanup", Time since last: 1003290459 ns, Reaching safepoint: 259500 ns, At safepoint: 4458 ns, Total: 263958 ns
[2022-09-21T09:27:34.715+0000][7][safepoint    ] Safepoint "Cleanup", Time since last: 1003085918 ns, Reaching safepoint: 397666 ns, At safepoint: 5584 ns, Total: 403250 ns
[2022-09-21T09:27:35.721+0000][7][safepoint    ] Safepoint "Cleanup", Time since last: 1004917750 ns, Reaching safepoint: 728625 ns, At safepoint: 32583 ns, Total: 761208 ns
[2022-09-21T09:27:36.728+0000][7][safepoint    ] Safepoint "Cleanup", Time since last: 1005766543 ns, Reaching safepoint: 926125 ns, At safepoint: 10291 ns, Total: 936416 ns
[2022-09-21T09:27:37.732+0000][7][safepoint    ] Safepoint "Cleanup", Time since last: 1003703251 ns, Reaching safepoint: 413833 ns, At safepoint: 5542 ns, Total: 419375 ns
[2022-09-21T09:27:38.738+0000][7][safepoint    ] Safepoint "Cleanup", Time since last: 1005596459 ns, Reaching safepoint: 251166 ns, At safepoint: 4375 ns, Total: 255541 ns
[2022-09-21T09:27:39.741+0000][7][safepoint    ] Safepoint "Cleanup", Time since last: 1002727042 ns, Reaching safepoint: 805834 ns, At safepoint: 13291 ns, Total: 819125 ns
[2022-09-21T09:27:40.746+0000][7][safepoint    ] Safepoint "Cleanup", Time since last: 1004222709 ns, Reaching safepoint: 391084 ns, At safepoint: 7583 ns, Total: 398667 ns
[2022-09-21T09:27:41.751+0000][7][safepoint    ] Safepoint "Cleanup", Time since last: 1004928667 ns, Reaching safepoint: 394667 ns, At safepoint: 29083 ns, Total: 423750 ns
[2022-09-21T09:27:42.757+0000][7][safepoint    ] Safepoint "Cleanup", Time since last: 1004629250 ns, Reaching safepoint: 870334 ns, At safepoint: 23583 ns, Total: 893917 ns
[2022-09-21T09:27:43.761+0000][7][safepoint    ] Safepoint "Cleanup", Time since last: 1004256042 ns, Reaching safepoint: 192834 ns, At safepoint: 4208 ns, Total: 197042 ns
[2022-09-21T09:27:44.774+0000][7][safepoint    ] Safepoint "Cleanup", Time since last: 1011931042 ns, Reaching safepoint: 452333 ns, At safepoint: 7042 ns, Total: 459375 ns
[2022-09-21T09:27:45.782+0000][7][safepoint    ] Safepoint "Cleanup", Time since last: 1007967125 ns, Reaching safepoint: 442375 ns, At safepoint: 9209 ns, Total: 451584 ns
[2022-09-21T09:27:46.786+0000][7][safepoint    ] Safepoint "Cleanup", Time since last: 1003864542 ns, Reaching safepoint: 282625 ns, At safepoint: 4500 ns, Total: 287125 ns
[2022-09-21T09:27:47.789+0000][7][safepoint    ] Safepoint "Cleanup", Time since last: 1002605750 ns, Reaching safepoint: 568167 ns, At safepoint: 9417 ns, Total: 577584 ns
[2022-09-21T09:27:48.797+0000][7][safepoint    ] Safepoint "Cleanup", Time since last: 1007497625 ns, Reaching safepoint: 489542 ns, At safepoint: 7541 ns, Total: 497083 ns
[2022-09-21T09:27:49.812+0000][7][safepoint    ] Safepoint "Cleanup", Time since last: 1014842418 ns, Reaching safepoint: 111708 ns, At safepoint: 3417 ns, Total: 115125 ns
[2022-09-21T09:27:50.814+0000][7][safepoint    ] Safepoint "Cleanup", Time since last: 1001507750 ns, Reaching safepoint: 375417 ns, At safepoint: 5208 ns, Total: 380625 ns
[2022-09-21T09:27:51.824+0000][7][safepoint    ] Safepoint "Cleanup", Time since last: 1009610917 ns, Reaching safepoint: 318875 ns, At safepoint: 6792 ns, Total: 325667 ns
[2022-09-21T09:27:52.829+0000][7][safepoint    ] Safepoint "Cleanup", Time since last: 1002834750 ns, Reaching safepoint: 2022917 ns, At safepoint: 19750 ns, Total: 2042667 ns
[2022-09-21T09:27:53.837+0000][7][safepoint    ] Safepoint "Cleanup", Time since last: 1007159375 ns, Reaching safepoint: 601584 ns, At safepoint: 8666 ns, Total: 610250 ns
[2022-09-21T09:27:54.843+0000][7][safepoint    ] Safepoint "Cleanup", Time since last: 1005855668 ns, Reaching safepoint: 510375 ns, At safepoint: 9500 ns, Total: 519875 ns
[2022-09-21T09:27:55.850+0000][7][safepoint    ] Safepoint "Cleanup", Time since last: 1006348333 ns, Reaching safepoint: 245084 ns, At safepoint: 5833 ns, Total: 250917 ns
[2022-09-21T09:27:56.854+0000][7][safepoint    ] Safepoint "Cleanup", Time since last: 1003734292 ns, Reaching safepoint: 467625 ns, At safepoint: 7792 ns, Total: 475417 ns
[2022-09-21T09:27:57.863+0000][7][safepoint    ] Safepoint "Cleanup", Time since last: 1007083500 ns, Reaching safepoint: 1936417 ns, At safepoint: 15458 ns, Total: 1951875 ns
[2022-09-21T09:27:58.866+0000][7][safepoint    ] Safepoint "Cleanup", Time since last: 1003153459 ns, Reaching safepoint: 485000 ns, At safepoint: 5875 ns, Total: 490875 ns
[2022-09-21T09:27:59.875+0000][7][safepoint    ] Safepoint "Cleanup", Time since last: 1007874792 ns, Reaching safepoint: 762875 ns, At safepoint: 19417 ns, Total: 782292 ns
[2022-09-21T09:28:00.884+0000][7][safepoint    ] Safepoint "Cleanup", Time since last: 1008785459 ns, Reaching safepoint: 554750 ns, At safepoint: 9583 ns, Total: 564333 ns
[2022-09-21T09:28:01.892+0000][7][safepoint    ] Safepoint "Cleanup", Time since last: 1006184542 ns, Reaching safepoint: 908000 ns, At safepoint: 11500 ns, Total: 919500 ns
[2022-09-21T09:28:02.896+0000][7][safepoint    ] Safepoint "Cleanup", Time since last: 1003760876 ns, Reaching safepoint: 235375 ns, At safepoint: 4166 ns, Total: 239541 ns
[2022-09-21T09:28:03.902+0000][7][safepoint    ] Safepoint "Cleanup", Time since last: 1006255001 ns, Reaching safepoint: 125083 ns, At safepoint: 1584 ns, Total: 126667 ns
[2022-09-21T09:28:04.904+0000][7][safepoint    ] Safepoint "Cleanup", Time since last: 1001418875 ns, Reaching safepoint: 487875 ns, At safepoint: 10333 ns, Total: 498208 ns
[2022-09-21T09:28:05.911+0000][7][safepoint    ] Safepoint "Cleanup", Time since last: 1006402918 ns, Reaching safepoint: 364666 ns, At safepoint: 7042 ns, Total: 371708 ns
[2022-09-21T09:28:06.917+0000][7][safepoint    ] Safepoint "Cleanup", Time since last: 1005704625 ns, Reaching safepoint: 277750 ns, At safepoint: 5250 ns, Total: 283000 ns
[2022-09-21T09:28:07.921+0000][7][safepoint    ] Safepoint "Cleanup", Time since last: 1004028667 ns, Reaching safepoint: 428334 ns, At safepoint: 9916 ns, Total: 438250 ns
[2022-09-21T09:28:08.927+0000][7][safepoint    ] Safepoint "Cleanup", Time since last: 1006307043 ns, Reaching safepoint: 123458 ns, At safepoint: 1542 ns, Total: 125000 ns
[2022-09-21T09:28:09.930+0000][7][safepoint    ] Safepoint "Cleanup", Time since last: 1002253333 ns, Reaching safepoint: 295084 ns, At safepoint: 4416 ns, Total: 299500 ns
[2022-09-21T09:28:10.935+0000][7][safepoint    ] Safepoint "Cleanup", Time since last: 1004721043 ns, Reaching safepoint: 328333 ns, At safepoint: 4500 ns, Total: 332833 ns
[2022-09-21T09:28:11.940+0000][7][safepoint    ] Safepoint "Cleanup", Time since last: 1004253500 ns, Reaching safepoint: 301334 ns, At safepoint: 5791 ns, Total: 307125 ns
[2022-09-21T09:28:12.947+0000][7][safepoint    ] Safepoint "Cleanup", Time since last: 1006840543 ns, Reaching safepoint: 338625 ns, At safepoint: 5375 ns, Total: 344000 ns
[2022-09-21T09:28:13.951+0000][7][safepoint    ] Safepoint "Cleanup", Time since last: 1003660750 ns, Reaching safepoint: 142125 ns, At safepoint: 2792 ns, Total: 144917 ns
[2022-09-21T09:28:14.953+0000][7][safepoint    ] Safepoint "Cleanup", Time since last: 1002147709 ns, Reaching safepoint: 366833 ns, At safepoint: 9500 ns, Total: 376333 ns
[2022-09-21T09:28:15.958+0000][7][safepoint    ] Safepoint "Cleanup", Time since last: 1003915541 ns, Reaching safepoint: 442042 ns, At safepoint: 8000 ns, Total: 450042 ns
[2022-09-21T09:28:16.962+0000][7][safepoint    ] Safepoint "Cleanup", Time since last: 1003413750 ns, Reaching safepoint: 479125 ns, At safepoint: 10292 ns, Total: 489417 ns
[2022-09-21T09:28:17.970+0000][7][safepoint    ] Safepoint "Cleanup", Time since last: 1007325084 ns, Reaching safepoint: 405000 ns, At safepoint: 169917 ns, Total: 574917 ns
[2022-09-21T09:28:18.976+0000][7][safepoint    ] Safepoint "Cleanup", Time since last: 1005506833 ns, Reaching safepoint: 87667 ns, At safepoint: 2167 ns, Total: 89834 ns
[2022-09-21T09:28:19.978+0000][7][safepoint    ] Safepoint "Cleanup", Time since last: 1001907792 ns, Reaching safepoint: 648917 ns, At safepoint: 8500 ns, Total: 657417 ns
[2022-09-21T09:28:20.983+0000][7][safepoint    ] Safepoint "Cleanup", Time since last: 1004813667 ns, Reaching safepoint: 327250 ns, At safepoint: 5708 ns, Total: 332958 ns
[2022-09-21T09:28:21.989+0000][7][safepoint    ] Safepoint "Cleanup", Time since last: 1005020209 ns, Reaching safepoint: 964667 ns, At safepoint: 14166 ns, Total: 978833 ns
[2022-09-21T09:28:22.994+0000][7][safepoint    ] Safepoint "Cleanup", Time since last: 1004504042 ns, Reaching safepoint: 386209 ns, At safepoint: 5291 ns, Total: 391500 ns
[2022-09-21T09:28:24.000+0000][7][safepoint    ] Safepoint "Cleanup", Time since last: 1005903418 ns, Reaching safepoint: 112541 ns, At safepoint: 3167 ns, Total: 115708 ns
[2022-09-21T09:28:25.003+0000][7][safepoint    ] Safepoint "Cleanup", Time since last: 1002398917 ns, Reaching safepoint: 831542 ns, At safepoint: 12458 ns, Total: 844000 ns
[2022-09-21T09:28:26.011+0000][7][safepoint    ] Safepoint "Cleanup", Time since last: 1007335584 ns, Reaching safepoint: 350375 ns, At safepoint: 108958 ns, Total: 459333 ns
[2022-09-21T09:28:27.015+0000][7][safepoint    ] Safepoint "Cleanup", Time since last: 1003710584 ns, Reaching safepoint: 413667 ns, At safepoint: 8500 ns, Total: 422167 ns
[2022-09-21T09:28:28.023+0000][7][safepoint    ] Safepoint "Cleanup", Time since last: 1006707833 ns, Reaching safepoint: 453917 ns, At safepoint: 5833 ns, Total: 459750 ns
[2022-09-21T09:28:29.029+0000][7][safepoint    ] Safepoint "Cleanup", Time since last: 1006256543 ns, Reaching safepoint: 321083 ns, At safepoint: 4542 ns, Total: 325625 ns
[2022-09-21T09:28:30.034+0000][7][safepoint    ] Safepoint "Cleanup", Time since last: 1004582958 ns, Reaching safepoint: 415917 ns, At safepoint: 6375 ns, Total: 422292 ns
[2022-09-21T09:28:31.039+0000][7][safepoint    ] Safepoint "Cleanup", Time since last: 1004127501 ns, Reaching safepoint: 704083 ns, At safepoint: 11458 ns, Total: 715541 ns
[2022-09-21T09:28:32.049+0000][7][safepoint    ] Safepoint "Cleanup", Time since last: 1009462542 ns, Reaching safepoint: 954250 ns, At safepoint: 40542 ns, Total: 994792 ns
[2022-09-21T09:28:33.060+0000][7][safepoint    ] Safepoint "Cleanup", Time since last: 1010380209 ns, Reaching safepoint: 276708 ns, At safepoint: 5000 ns, Total: 281708 ns
[2022-09-21T09:28:34.064+0000][7][safepoint    ] Safepoint "Cleanup", Time since last: 1003473792 ns, Reaching safepoint: 389584 ns, At safepoint: 5458 ns, Total: 395042 ns
[2022-09-21T09:28:35.071+0000][7][safepoint    ] Safepoint "Cleanup", Time since last: 1006555667 ns, Reaching safepoint: 668667 ns, At safepoint: 6500 ns, Total: 675167 ns
[2022-09-21T09:28:36.078+0000][7][safepoint    ] Safepoint "Cleanup", Time since last: 1006186959 ns, Reaching safepoint: 276208 ns, At safepoint: 4958 ns, Total: 281166 ns
[2022-09-21T09:28:37.083+0000][7][safepoint    ] Safepoint "Cleanup", Time since last: 1004846626 ns, Reaching safepoint: 559166 ns, At safepoint: 30209 ns, Total: 589375 ns
[2022-09-21T09:28:38.092+0000][7][safepoint    ] Safepoint "Cleanup", Time since last: 1007696667 ns, Reaching safepoint: 926458 ns, At safepoint: 8750 ns, Total: 935208 ns
[2022-09-21T09:28:39.098+0000][7][safepoint    ] Safepoint "Cleanup", Time since last: 1005566751 ns, Reaching safepoint: 321000 ns, At safepoint: 6000 ns, Total: 327000 ns
[2022-09-21T09:28:40.102+0000][7][safepoint    ] Safepoint "Cleanup", Time since last: 1003879500 ns, Reaching safepoint: 498625 ns, At safepoint: 8125 ns, Total: 506750 ns
[2022-09-21T09:28:41.109+0000][7][safepoint    ] Safepoint "Cleanup", Time since last: 1005395626 ns, Reaching safepoint: 1377750 ns, At safepoint: 15208 ns, Total: 1392958 ns
[2022-09-21T09:28:42.116+0000][7][safepoint    ] Safepoint "Cleanup", Time since last: 1006324959 ns, Reaching safepoint: 511625 ns, At safepoint: 8458 ns, Total: 520083 ns
[2022-09-21T09:28:43.119+0000][7][safepoint    ] Safepoint "Cleanup", Time since last: 1003217167 ns, Reaching safepoint: 349167 ns, At safepoint: 6958 ns, Total: 356125 ns
[2022-09-21T09:28:44.130+0000][7][safepoint    ] Safepoint "Cleanup", Time since last: 1010147251 ns, Reaching safepoint: 697708 ns, At safepoint: 28083 ns, Total: 725791 ns
[2022-09-21T09:28:45.135+0000][7][safepoint    ] Safepoint "Cleanup", Time since last: 1004587126 ns, Reaching safepoint: 255333 ns, At safepoint: 4084 ns, Total: 259417 ns
[2022-09-21T09:28:46.161+0000][7][safepoint    ] Safepoint "Cleanup", Time since last: 1007070457 ns, Reaching safepoint: 402917 ns, At safepoint: 8500 ns, Total: 411417 ns
[2022-09-21T09:28:47.167+0000][7][safepoint    ] Safepoint "Cleanup", Time since last: 1005156876 ns, Reaching safepoint: 241708 ns, At safepoint: 5167 ns, Total: 246875 ns
[2022-09-21T09:28:48.172+0000][7][safepoint    ] Safepoint "Cleanup", Time since last: 1004589625 ns, Reaching safepoint: 739333 ns, At safepoint: 9375 ns, Total: 748708 ns
[2022-09-21T09:28:49.176+0000][7][safepoint    ] Safepoint "Cleanup", Time since last: 1003990959 ns, Reaching safepoint: 287667 ns, At safepoint: 5292 ns, Total: 292959 ns
[2022-09-21T09:28:50.181+0000][7][safepoint    ] Safepoint "Cleanup", Time since last: 1003714583 ns, Reaching safepoint: 566959 ns, At safepoint: 4875 ns, Total: 571834 ns
[2022-09-21T09:28:51.186+0000][7][safepoint    ] Safepoint "Cleanup", Time since last: 1004824250 ns, Reaching safepoint: 635333 ns, At safepoint: 7375 ns, Total: 642708 ns
[2022-09-21T09:28:52.197+0000][7][safepoint    ] Safepoint "Cleanup", Time since last: 1008762126 ns, Reaching safepoint: 2564583 ns, At safepoint: 11000 ns, Total: 2575583 ns
[2022-09-21T09:28:53.207+0000][7][safepoint    ] Safepoint "Cleanup", Time since last: 1008809792 ns, Reaching safepoint: 432917 ns, At safepoint: 6250 ns, Total: 439167 ns
[2022-09-21T09:28:54.214+0000][7][safepoint    ] Safepoint "Cleanup", Time since last: 1007385167 ns, Reaching safepoint: 345709 ns, At safepoint: 4750 ns, Total: 350459 ns
[2022-09-21T09:28:55.218+0000][7][safepoint    ] Safepoint "Cleanup", Time since last: 1003491333 ns, Reaching safepoint: 359792 ns, At safepoint: 5417 ns, Total: 365209 ns
[2022-09-21T09:28:56.225+0000][7][safepoint    ] Safepoint "Cleanup", Time since last: 1006701292 ns, Reaching safepoint: 538458 ns, At safepoint: 6875 ns, Total: 545333 ns
[2022-09-21T09:28:57.231+0000][7][safepoint    ] Safepoint "Cleanup", Time since last: 1004859751 ns, Reaching safepoint: 550291 ns, At safepoint: 8500 ns, Total: 558791 ns
[2022-09-21T09:28:58.237+0000][7][safepoint    ] Safepoint "Cleanup", Time since last: 1006054251 ns, Reaching safepoint: 489250 ns, At safepoint: 8625 ns, Total: 497875 ns
[2022-09-21T09:28:59.244+0000][7][safepoint    ] Safepoint "Cleanup", Time since last: 1006060834 ns, Reaching safepoint: 686333 ns, At safepoint: 10875 ns, Total: 697208 ns
[2022-09-21T09:29:00.249+0000][7][safepoint    ] Safepoint "Cleanup", Time since last: 1004067167 ns, Reaching safepoint: 392333 ns, At safepoint: 5584 ns, Total: 397917 ns
[2022-09-21T09:29:01.268+0000][7][safepoint    ] Safepoint "Cleanup", Time since last: 1019277417 ns, Reaching safepoint: 225042 ns, At safepoint: 3541 ns, Total: 228583 ns
[2022-09-21T09:29:02.272+0000][7][safepoint    ] Safepoint "Cleanup", Time since last: 1003121167 ns, Reaching safepoint: 778500 ns, At safepoint: 15542 ns, Total: 794042 ns
[2022-09-21T09:29:03.276+0000][7][safepoint    ] Safepoint "Cleanup", Time since last: 1003920834 ns, Reaching safepoint: 415042 ns, At safepoint: 5000 ns, Total: 420042 ns
[2022-09-21T09:29:04.283+0000][7][safepoint    ] Safepoint "Cleanup", Time since last: 1006470542 ns, Reaching safepoint: 346958 ns, At safepoint: 8375 ns, Total: 355333 ns
[2022-09-21T09:29:05.286+0000][7][safepoint    ] Safepoint "Cleanup", Time since last: 1002953542 ns, Reaching safepoint: 300167 ns, At safepoint: 5667 ns, Total: 305834 ns
[2022-09-21T09:29:06.291+0000][7][safepoint    ] Safepoint "Cleanup", Time since last: 1004325625 ns, Reaching safepoint: 410958 ns, At safepoint: 7542 ns, Total: 418500 ns
[2022-09-21T09:29:07.298+0000][7][safepoint    ] Safepoint "Cleanup", Time since last: 1006006917 ns, Reaching safepoint: 878875 ns, At safepoint: 15042 ns, Total: 893917 ns
[2022-09-21T09:29:08.302+0000][7][safepoint    ] Safepoint "Cleanup", Time since last: 1003505500 ns, Reaching safepoint: 461334 ns, At safepoint: 7166 ns, Total: 468500 ns
[2022-09-21T09:29:09.308+0000][7][safepoint    ] Safepoint "Cleanup", Time since last: 1005020876 ns, Reaching safepoint: 419750 ns, At safepoint: 6500 ns, Total: 426250 ns
[2022-09-21T09:29:10.314+0000][7][safepoint    ] Safepoint "Cleanup", Time since last: 1006394584 ns, Reaching safepoint: 389541 ns, At safepoint: 6750 ns, Total: 396291 ns
[2022-09-21T09:29:11.318+0000][7][safepoint    ] Safepoint "Cleanup", Time since last: 1003464084 ns, Reaching safepoint: 363417 ns, At safepoint: 5875 ns, Total: 369292 ns
[2022-09-21T09:29:12.323+0000][7][safepoint    ] Safepoint "Cleanup", Time since last: 1004622334 ns, Reaching safepoint: 431375 ns, At safepoint: 9375 ns, Total: 440750 ns
[2022-09-21T09:29:13.333+0000][7][safepoint    ] Safepoint "Cleanup", Time since last: 1009271708 ns, Reaching safepoint: 667500 ns, At safepoint: 7542 ns, Total: 675042 ns
[2022-09-21T09:29:14.342+0000][7][safepoint    ] Safepoint "Cleanup", Time since last: 1008082376 ns, Reaching safepoint: 682833 ns, At safepoint: 11042 ns, Total: 693875 ns
[2022-09-21T09:29:15.349+0000][7][safepoint    ] Safepoint "Cleanup", Time since last: 1007050792 ns, Reaching safepoint: 347833 ns, At safepoint: 5708 ns, Total: 353541 ns
[2022-09-21T09:29:16.905+0000][7][safepoint    ] Safepoint "Cleanup", Time since last: 1574241209 ns, Reaching safepoint: 529750 ns, At safepoint: 6750 ns, Total: 536500 ns
[2022-09-21T09:29:17.913+0000][7][safepoint    ] Safepoint "Cleanup", Time since last: 1006918084 ns, Reaching safepoint: 292500 ns, At safepoint: 4833 ns, Total: 297333 ns
[2022-09-21T09:29:18.917+0000][7][safepoint    ] Safepoint "Cleanup", Time since last: 1004493667 ns, Reaching safepoint: 161167 ns, At safepoint: 2250 ns, Total: 163417 ns
[2022-09-21T09:29:19.922+0000][7][safepoint    ] Safepoint "Cleanup", Time since last: 1004324251 ns, Reaching safepoint: 230125 ns, At safepoint: 3833 ns, Total: 233958 ns
[2022-09-21T09:29:20.926+0000][7][safepoint    ] Safepoint "Cleanup", Time since last: 1003669042 ns, Reaching safepoint: 120833 ns, At safepoint: 1792 ns, Total: 122625 ns
[2022-09-21T09:29:21.929+0000][7][safepoint    ] Safepoint "Cleanup", Time since last: 1002688876 ns, Reaching safepoint: 425875 ns, At safepoint: 21208 ns, Total: 447083 ns
[2022-09-21T09:29:22.932+0000][7][safepoint    ] Safepoint "Cleanup", Time since last: 1003029209 ns, Reaching safepoint: 517458 ns, At safepoint: 40500 ns, Total: 557958 ns
[2022-09-21T09:29:23.936+0000][7][safepoint    ] Safepoint "Cleanup", Time since last: 1003573542 ns, Reaching safepoint: 184833 ns, At safepoint: 2959 ns, Total: 187792 ns
[2022-09-21T09:29:24.942+0000][7][safepoint    ] Safepoint "Cleanup", Time since last: 1004070834 ns, Reaching safepoint: 1430583 ns, At safepoint: 31458 ns, Total: 1462041 ns
[2022-09-21T09:29:25.950+0000][7][safepoint    ] Safepoint "Cleanup", Time since last: 1007578459 ns, Reaching safepoint: 390250 ns, At safepoint: 8000 ns, Total: 398250 ns
[2022-09-21T09:29:26.958+0000][7][safepoint    ] Safepoint "Cleanup", Time since last: 1007039834 ns, Reaching safepoint: 1240125 ns, At safepoint: 170417 ns, Total: 1410542 ns
[2022-09-21T09:29:27.963+0000][7][safepoint    ] Safepoint "Cleanup", Time since last: 1004354000 ns, Reaching safepoint: 345583 ns, At safepoint: 6875 ns, Total: 352458 ns
[2022-09-21T09:29:28.968+0000][7][safepoint    ] Safepoint "Cleanup", Time since last: 1005420001 ns, Reaching safepoint: 129292 ns, At safepoint: 4000 ns, Total: 133292 ns
[2022-09-21T09:29:29.971+0000][7][safepoint    ] Safepoint "Cleanup", Time since last: 1002356625 ns, Reaching safepoint: 406083 ns, At safepoint: 7500 ns, Total: 413583 ns
[2022-09-21T09:29:30.975+0000][7][safepoint    ] Safepoint "Cleanup", Time since last: 1003663626 ns, Reaching safepoint: 97458 ns, At safepoint: 2375 ns, Total: 99833 ns
[2022-09-21T09:29:31.977+0000][7][safepoint    ] Safepoint "Cleanup", Time since last: 1001764834 ns, Reaching safepoint: 766417 ns, At safepoint: 11541 ns, Total: 777958 ns
[2022-09-21T09:29:32.985+0000][7][safepoint    ] Safepoint "Cleanup", Time since last: 1007301626 ns, Reaching safepoint: 543500 ns, At safepoint: 11958 ns, Total: 555458 ns
[2022-09-21T09:29:33.992+0000][7][safepoint    ] Safepoint "Cleanup", Time since last: 1006744209 ns, Reaching safepoint: 275583 ns, At safepoint: 4417 ns, Total: 280000 ns
[2022-09-21T09:29:34.997+0000][7][safepoint    ] Safepoint "Cleanup", Time since last: 1004527250 ns, Reaching safepoint: 267625 ns, At safepoint: 4209 ns, Total: 271834 ns
[2022-09-21T09:29:36.000+0000][7][safepoint    ] Safepoint "Cleanup", Time since last: 1002373959 ns, Reaching safepoint: 370625 ns, At safepoint: 7916 ns, Total: 378541 ns
[2022-09-21T09:29:37.004+0000][7][safepoint    ] Safepoint "Cleanup", Time since last: 1004254917 ns, Reaching safepoint: 358250 ns, At safepoint: 6167 ns, Total: 364417 ns
[2022-09-21T09:29:38.014+0000][7][safepoint    ] Safepoint "Cleanup", Time since last: 1008819709 ns, Reaching safepoint: 517500 ns, At safepoint: 5917 ns, Total: 523417 ns
[2022-09-21T09:29:39.020+0000][7][safepoint    ] Safepoint "Cleanup", Time since last: 1005634708 ns, Reaching safepoint: 297709 ns, At safepoint: 7833 ns, Total: 305542 ns
[2022-09-21T09:29:40.026+0000][7][safepoint    ] Safepoint "Cleanup", Time since last: 1005435250 ns, Reaching safepoint: 378500 ns, At safepoint: 5334 ns, Total: 383834 ns
[2022-09-21T09:29:41.033+0000][7][safepoint    ] Safepoint "Cleanup", Time since last: 1007527959 ns, Reaching safepoint: 359666 ns, At safepoint: 6459 ns, Total: 366125 ns
[2022-09-21T09:29:42.038+0000][7][safepoint    ] Safepoint "Cleanup", Time since last: 1004029542 ns, Reaching safepoint: 318000 ns, At safepoint: 6541 ns, Total: 324541 ns
[2022-09-21T09:29:43.042+0000][7][safepoint    ] Safepoint "Cleanup", Time since last: 1003420584 ns, Reaching safepoint: 404000 ns, At safepoint: 18084 ns, Total: 422084 ns
[2022-09-21T09:29:44.052+0000][7][safepoint    ] Safepoint "Cleanup", Time since last: 1007108250 ns, Reaching safepoint: 2980708 ns, At safepoint: 23459 ns, Total: 3004167 ns
[2022-09-21T09:29:45.058+0000][7][safepoint    ] Safepoint "Cleanup", Time since last: 1005567292 ns, Reaching safepoint: 359167 ns, At safepoint: 6833 ns, Total: 366000 ns
[2022-09-21T09:29:46.065+0000][7][safepoint    ] Safepoint "Cleanup", Time since last: 1005958583 ns, Reaching safepoint: 784166 ns, At safepoint: 11959 ns, Total: 796125 ns
[2022-09-21T09:29:47.071+0000][7][safepoint    ] Safepoint "Cleanup", Time since last: 1005667084 ns, Reaching safepoint: 452041 ns, At safepoint: 5417 ns, Total: 457458 ns
[2022-09-21T09:29:48.076+0000][7][safepoint    ] Safepoint "Cleanup", Time since last: 1004126125 ns, Reaching safepoint: 508459 ns, At safepoint: 10083 ns, Total: 518542 ns
[2022-09-21T09:29:49.081+0000][7][safepoint    ] Safepoint "Cleanup", Time since last: 1004286709 ns, Reaching safepoint: 640375 ns, At safepoint: 32458 ns, Total: 672833 ns
[2022-09-21T09:29:50.092+0000][7][safepoint    ] Safepoint "Cleanup", Time since last: 1010628876 ns, Reaching safepoint: 936333 ns, At safepoint: 9625 ns, Total: 945958 ns
[2022-09-21T09:29:51.100+0000][7][safepoint    ] Safepoint "Cleanup", Time since last: 1007008625 ns, Reaching safepoint: 408709 ns, At safepoint: 9541 ns, Total: 418250 ns
[2022-09-21T09:29:52.104+0000][7][safepoint    ] Safepoint "Cleanup", Time since last: 1003443834 ns, Reaching safepoint: 584709 ns, At safepoint: 8916 ns, Total: 593625 ns
[2022-09-21T09:29:53.109+0000][7][safepoint    ] Safepoint "Cleanup", Time since last: 1005160626 ns, Reaching safepoint: 346041 ns, At safepoint: 5417 ns, Total: 351458 ns
[2022-09-21T09:29:54.120+0000][7][safepoint    ] Safepoint "Cleanup", Time since last: 1010523667 ns, Reaching safepoint: 320375 ns, At safepoint: 4667 ns, Total: 325042 ns
[2022-09-21T09:29:55.125+0000][7][safepoint    ] Safepoint "Cleanup", Time since last: 1003924250 ns, Reaching safepoint: 715959 ns, At safepoint: 9666 ns, Total: 725625 ns
[2022-09-21T09:29:56.135+0000][7][safepoint    ] Safepoint "Cleanup", Time since last: 1009840209 ns, Reaching safepoint: 411750 ns, At safepoint: 7042 ns, Total: 418792 ns
[2022-09-21T09:29:57.150+0000][7][safepoint    ] Safepoint "Cleanup", Time since last: 1014467750 ns, Reaching safepoint: 465750 ns, At safepoint: 10667 ns, Total: 476417 ns
[2022-09-21T09:29:58.155+0000][7][safepoint    ] Safepoint "Cleanup", Time since last: 1004214000 ns, Reaching safepoint: 729750 ns, At safepoint: 9625 ns, Total: 739375 ns
[2022-09-21T09:29:59.167+0000][7][safepoint    ] Safepoint "Cleanup", Time since last: 1010397418 ns, Reaching safepoint: 1775416 ns, At safepoint: 14084 ns, Total: 1789500 ns
[2022-09-21T09:30:00.174+0000][7][safepoint    ] Safepoint "Cleanup", Time since last: 1006630167 ns, Reaching safepoint: 184166 ns, At safepoint: 4042 ns, Total: 188208 ns
[2022-09-21T09:30:01.178+0000][7][safepoint    ] Safepoint "Cleanup", Time since last: 1003023751 ns, Reaching safepoint: 1358333 ns, At safepoint: 13292 ns, Total: 1371625 ns
[2022-09-21T09:30:02.183+0000][7][safepoint    ] Safepoint "Cleanup", Time since last: 1004209083 ns, Reaching safepoint: 441834 ns, At safepoint: 6458 ns, Total: 448292 ns
[2022-09-21T09:30:03.188+0000][7][safepoint    ] Safepoint "Cleanup", Time since last: 1004428542 ns, Reaching safepoint: 479459 ns, At safepoint: 8666 ns, Total: 488125 ns
[2022-09-21T09:30:04.194+0000][7][safepoint    ] Safepoint "Cleanup", Time since last: 1004503751 ns, Reaching safepoint: 1685000 ns, At safepoint: 18083 ns, Total: 1703083 ns
[2022-09-21T09:30:05.202+0000][7][safepoint    ] Safepoint "Cleanup", Time since last: 1007109917 ns, Reaching safepoint: 568833 ns, At safepoint: 6459 ns, Total: 575292 ns
[2022-09-21T09:30:06.206+0000][7][safepoint    ] Safepoint "Cleanup", Time since last: 1004043167 ns, Reaching safepoint: 378958 ns, At safepoint: 6292 ns, Total: 385250 ns
[2022-09-21T09:30:07.210+0000][7][safepoint    ] Safepoint "Cleanup", Time since last: 1003604625 ns, Reaching safepoint: 265375 ns, At safepoint: 5000 ns, Total: 270375 ns
[2022-09-21T09:30:08.219+0000][7][safepoint    ] Safepoint "Cleanup", Time since last: 1008087168 ns, Reaching safepoint: 483916 ns, At safepoint: 7292 ns, Total: 491208 ns
[2022-09-21T09:30:09.225+0000][7][safepoint    ] Safepoint "Cleanup", Time since last: 1005761875 ns, Reaching safepoint: 141417 ns, At safepoint: 1792 ns, Total: 143209 ns
[2022-09-21T09:30:10.227+0000][7][safepoint    ] Safepoint "Cleanup", Time since last: 1002018542 ns, Reaching safepoint: 335833 ns, At safepoint: 11625 ns, Total: 347458 ns
[2022-09-21T09:30:11.234+0000][7][safepoint    ] Safepoint "Cleanup", Time since last: 1006068376 ns, Reaching safepoint: 801000 ns, At safepoint: 6500 ns, Total: 807500 ns
[2022-09-21T09:30:12.249+0000][7][safepoint    ] Safepoint "Cleanup", Time since last: 1014904292 ns, Reaching safepoint: 519417 ns, At safepoint: 7875 ns, Total: 527292 ns
[2022-09-21T09:30:13.254+0000][7][safepoint    ] Safepoint "Cleanup", Time since last: 1002980292 ns, Reaching safepoint: 1871125 ns, At safepoint: 14791 ns, Total: 1885916 ns
[2022-09-21T09:30:14.269+0000][7][safepoint    ] Safepoint "Cleanup", Time since last: 1012829167 ns, Reaching safepoint: 1635667 ns, At safepoint: 14875 ns, Total: 1650542 ns
[2022-09-21T09:30:15.275+0000][7][safepoint    ] Safepoint "Cleanup", Time since last: 1006145209 ns, Reaching safepoint: 555042 ns, At safepoint: 5708 ns, Total: 560750 ns
[2022-09-21T09:30:16.299+0000][7][safepoint    ] Safepoint "Cleanup", Time since last: 1011627208 ns, Reaching safepoint: 5113625 ns, At safepoint: 30083 ns, Total: 5143708 ns
[2022-09-21T09:30:17.327+0000][7][safepoint    ] Safepoint "Cleanup", Time since last: 1027283959 ns, Reaching safepoint: 629917 ns, At safepoint: 5333 ns, Total: 635250 ns
[2022-09-21T09:30:18.345+0000][7][safepoint    ] Safepoint "Cleanup", Time since last: 1012013084 ns, Reaching safepoint: 5864500 ns, At safepoint: 31458 ns, Total: 5895958 ns
[2022-09-21T09:30:19.369+0000][7][safepoint    ] Safepoint "Cleanup", Time since last: 1020757167 ns, Reaching safepoint: 3161375 ns, At safepoint: 21250 ns, Total: 3182625 ns
[2022-09-21T09:30:20.384+0000][7][safepoint    ] Safepoint "Cleanup", Time since last: 1005775126 ns, Reaching safepoint: 10126708 ns, At safepoint: 12208 ns, Total: 10138916 ns
[2022-09-21T09:30:21.396+0000][7][safepoint    ] Safepoint "Cleanup", Time since last: 1011165001 ns, Reaching safepoint: 701250 ns, At safepoint: 7167 ns, Total: 708417 ns
[2022-09-21T09:30:22.408+0000][7][safepoint    ] Safepoint "Cleanup", Time since last: 1005328875 ns, Reaching safepoint: 6794125 ns, At safepoint: 6500 ns, Total: 6800625 ns
[2022-09-21T09:30:23.416+0000][7][safepoint    ] Safepoint "Cleanup", Time since last: 1004269751 ns, Reaching safepoint: 3616208 ns, At safepoint: 19667 ns, Total: 3635875 ns
[2022-09-21T09:30:24.422+0000][7][safepoint    ] Safepoint "Cleanup", Time since last: 1005750500 ns, Reaching safepoint: 380833 ns, At safepoint: 18542 ns, Total: 399375 ns
[2022-09-21T09:30:25.431+0000][7][safepoint    ] Safepoint "Cleanup", Time since last: 1007185750 ns, Reaching safepoint: 1111917 ns, At safepoint: 9167 ns, Total: 1121084 ns
[2022-09-21T09:30:26.436+0000][7][safepoint    ] Safepoint "Cleanup", Time since last: 1005200334 ns, Reaching safepoint: 329666 ns, At safepoint: 5709 ns, Total: 335375 ns
[2022-09-21T09:30:27.443+0000][7][safepoint    ] Safepoint "Cleanup", Time since last: 1005840833 ns, Reaching safepoint: 864459 ns, At safepoint: 10458 ns, Total: 874917 ns
[2022-09-21T09:30:28.451+0000][7][safepoint    ] Safepoint "Cleanup", Time since last: 1007357709 ns, Reaching safepoint: 277333 ns, At safepoint: 4542 ns, Total: 281875 ns
[2022-09-21T09:30:29.457+0000][7][safepoint    ] Safepoint "Cleanup", Time since last: 1006509209 ns, Reaching safepoint: 221541 ns, At safepoint: 4959 ns, Total: 226500 ns
[2022-09-21T09:30:30.462+0000][7][safepoint    ] Safepoint "Cleanup", Time since last: 1004520709 ns, Reaching safepoint: 432625 ns, At safepoint: 6625 ns, Total: 439250 ns
[2022-09-21T09:30:31.474+0000][7][safepoint    ] Safepoint "Cleanup", Time since last: 1007207417 ns, Reaching safepoint: 4212083 ns, At safepoint: 47792 ns, Total: 4259875 ns
[2022-09-21T09:30:32.482+0000][7][safepoint    ] Safepoint "Cleanup", Time since last: 1008071542 ns, Reaching safepoint: 478667 ns, At safepoint: 8375 ns, Total: 487042 ns
[2022-09-21T09:30:33.508+0000][7][safepoint    ] Safepoint "Cleanup", Time since last: 1025051958 ns, Reaching safepoint: 120959 ns, At safepoint: 1541 ns, Total: 122500 ns
[2022-09-21T09:30:34.511+0000][7][safepoint    ] Safepoint "Cleanup", Time since last: 1002681876 ns, Reaching safepoint: 313083 ns, At safepoint: 5167 ns, Total: 318250 ns
[2022-09-21T09:30:35.517+0000][7][safepoint    ] Safepoint "Cleanup", Time since last: 1006070375 ns, Reaching safepoint: 220709 ns, At safepoint: 3541 ns, Total: 224250 ns
[2022-09-21T09:30:36.524+0000][7][safepoint    ] Safepoint "Cleanup", Time since last: 1006606917 ns, Reaching safepoint: 364500 ns, At safepoint: 6834 ns, Total: 371334 ns
[2022-09-21T09:30:37.531+0000][7][safepoint    ] Safepoint "Cleanup", Time since last: 1003844917 ns, Reaching safepoint: 3345500 ns, At safepoint: 17333 ns, Total: 3362833 ns
[2022-09-21T09:30:38.537+0000][7][safepoint    ] Safepoint "Cleanup", Time since last: 1006096001 ns, Reaching safepoint: 280333 ns, At safepoint: 4792 ns, Total: 285125 ns
[2022-09-21T09:30:39.543+0000][7][safepoint    ] Safepoint "Cleanup", Time since last: 1004635875 ns, Reaching safepoint: 632459 ns, At safepoint: 29083 ns, Total: 661542 ns
[2022-09-21T09:30:40.549+0000][7][safepoint    ] Safepoint "Cleanup", Time since last: 1006108750 ns, Reaching safepoint: 222250 ns, At safepoint: 3459 ns, Total: 225709 ns
[2022-09-21T09:30:41.552+0000][7][safepoint    ] Safepoint "Cleanup", Time since last: 1002947250 ns, Reaching safepoint: 435834 ns, At safepoint: 4833 ns, Total: 440667 ns
[2022-09-21T09:30:42.558+0000][7][safepoint    ] Safepoint "Cleanup", Time since last: 1004715625 ns, Reaching safepoint: 575625 ns, At safepoint: 7250 ns, Total: 582875 ns
[2022-09-21T09:30:43.567+0000][7][safepoint    ] Safepoint "Cleanup", Time since last: 1008594084 ns, Reaching safepoint: 315458 ns, At safepoint: 4667 ns, Total: 320125 ns
[2022-09-21T09:30:44.571+0000][7][safepoint    ] Safepoint "Cleanup", Time since last: 1003580292 ns, Reaching safepoint: 312792 ns, At safepoint: 5833 ns, Total: 318625 ns
[2022-09-21T09:30:45.579+0000][7][safepoint    ] Safepoint "Cleanup", Time since last: 1007795126 ns, Reaching safepoint: 414208 ns, At safepoint: 8625 ns, Total: 422833 ns
[2022-09-21T09:30:46.577+0000][7][safepoint    ] Safepoint "Cleanup", Time since last: 1004459291 ns, Reaching safepoint: 420750 ns, At safepoint: 5667 ns, Total: 426417 ns
[2022-09-21T09:30:47.584+0000][7][safepoint    ] Safepoint "Cleanup", Time since last: 1005732084 ns, Reaching safepoint: 565250 ns, At safepoint: 20208 ns, Total: 585458 ns
[2022-09-21T09:30:48.593+0000][7][safepoint    ] Safepoint "Cleanup", Time since last: 1009190251 ns, Reaching safepoint: 413083 ns, At safepoint: 8375 ns, Total: 421458 ns
[2022-09-21T09:30:49.601+0000][7][safepoint    ] Safepoint "Cleanup", Time since last: 1007580584 ns, Reaching safepoint: 382958 ns, At safepoint: 7000 ns, Total: 389958 ns
[2022-09-21T09:30:50.608+0000][7][safepoint    ] Safepoint "Cleanup", Time since last: 1005720542 ns, Reaching safepoint: 663167 ns, At safepoint: 8750 ns, Total: 671917 ns
[2022-09-21T09:30:51.615+0000][7][safepoint    ] Safepoint "Cleanup", Time since last: 1007290500 ns, Reaching safepoint: 622959 ns, At safepoint: 7750 ns, Total: 630709 ns
[2022-09-21T09:30:52.627+0000][7][safepoint    ] Safepoint "Cleanup", Time since last: 1010306833 ns, Reaching safepoint: 881667 ns, At safepoint: 9125 ns, Total: 890792 ns
[2022-09-21T09:30:53.637+0000][7][safepoint    ] Safepoint "Cleanup", Time since last: 1009842792 ns, Reaching safepoint: 830209 ns, At safepoint: 11375 ns, Total: 841584 ns
[2022-09-21T09:30:54.648+0000][7][safepoint    ] Safepoint "Cleanup", Time since last: 1010755625 ns, Reaching safepoint: 220250 ns, At safepoint: 3917 ns, Total: 224167 ns
[2022-09-21T09:30:55.654+0000][7][safepoint    ] Safepoint "Cleanup", Time since last: 1005489792 ns, Reaching safepoint: 575375 ns, At safepoint: 11500 ns, Total: 586875 ns
[2022-09-21T09:30:56.660+0000][7][safepoint    ] Safepoint "Cleanup", Time since last: 1004828292 ns, Reaching safepoint: 353250 ns, At safepoint: 5750 ns, Total: 359000 ns
[2022-09-21T09:30:57.665+0000][7][safepoint    ] Safepoint "Cleanup", Time since last: 1005176751 ns, Reaching safepoint: 417791 ns, At safepoint: 7167 ns, Total: 424958 ns
[2022-09-21T09:30:58.671+0000][7][safepoint    ] Safepoint "Cleanup", Time since last: 1005685125 ns, Reaching safepoint: 316417 ns, At safepoint: 5167 ns, Total: 321584 ns
[2022-09-21T09:30:59.682+0000][7][safepoint    ] Safepoint "Cleanup", Time since last: 1010196542 ns, Reaching safepoint: 217417 ns, At safepoint: 4416 ns, Total: 221833 ns
[2022-09-21T09:31:00.690+0000][7][safepoint    ] Safepoint "Cleanup", Time since last: 1004202126 ns, Reaching safepoint: 4037708 ns, At safepoint: 17500 ns, Total: 4055208 ns
[2022-09-21T09:31:01.694+0000][7][safepoint    ] Safepoint "Cleanup", Time since last: 1004254959 ns, Reaching safepoint: 229958 ns, At safepoint: 3208 ns, Total: 233166 ns
[2022-09-21T09:31:02.701+0000][7][safepoint    ] Safepoint "Cleanup", Time since last: 1006657793 ns, Reaching safepoint: 257666 ns, At safepoint: 4709 ns, Total: 262375 ns
[2022-09-21T09:31:03.705+0000][7][safepoint    ] Safepoint "Cleanup", Time since last: 1003588833 ns, Reaching safepoint: 197417 ns, At safepoint: 4667 ns, Total: 202084 ns
[2022-09-21T09:31:04.709+0000][7][safepoint    ] Safepoint "Cleanup", Time since last: 1003423959 ns, Reaching safepoint: 363750 ns, At safepoint: 6583 ns, Total: 370333 ns
[2022-09-21T09:31:05.714+0000][7][safepoint    ] Safepoint "Cleanup", Time since last: 1004506459 ns, Reaching safepoint: 310750 ns, At safepoint: 364375 ns, Total: 675125 ns
[2022-09-21T09:31:06.718+0000][7][safepoint    ] Safepoint "Cleanup", Time since last: 1003952000 ns, Reaching safepoint: 295709 ns, At safepoint: 5666 ns, Total: 301375 ns
[2022-09-21T09:31:07.724+0000][7][safepoint    ] Safepoint "Cleanup", Time since last: 1005174001 ns, Reaching safepoint: 376500 ns, At safepoint: 6250 ns, Total: 382750 ns
[2022-09-21T09:31:08.734+0000][7][safepoint    ] Safepoint "Cleanup", Time since last: 1009756792 ns, Reaching safepoint: 196541 ns, At safepoint: 3750 ns, Total: 200291 ns
[2022-09-21T09:31:09.736+0000][7][safepoint    ] Safepoint "Cleanup", Time since last: 1001381209 ns, Reaching safepoint: 763834 ns, At safepoint: 8583 ns, Total: 772417 ns
[2022-09-21T09:31:10.743+0000][7][safepoint    ] Safepoint "Cleanup", Time since last: 1006784167 ns, Reaching safepoint: 365625 ns, At safepoint: 8083 ns, Total: 373708 ns
[2022-09-21T09:31:11.749+0000][7][safepoint    ] Safepoint "Cleanup", Time since last: 1005588293 ns, Reaching safepoint: 474000 ns, At safepoint: 9333 ns, Total: 483333 ns
[2022-09-21T09:31:12.756+0000][7][safepoint    ] Safepoint "Cleanup", Time since last: 1005617584 ns, Reaching safepoint: 1287250 ns, At safepoint: 9250 ns, Total: 1296500 ns
[2022-09-21T09:31:13.762+0000][7][safepoint    ] Safepoint "Cleanup", Time since last: 1005810459 ns, Reaching safepoint: 277750 ns, At safepoint: 4416 ns, Total: 282166 ns
[2022-09-21T09:31:14.770+0000][7][safepoint    ] Safepoint "Cleanup", Time since last: 1007210209 ns, Reaching safepoint: 548917 ns, At safepoint: 9916 ns, Total: 558833 ns
[2022-09-21T09:31:15.775+0000][7][safepoint    ] Safepoint "Cleanup", Time since last: 1004981792 ns, Reaching safepoint: 424375 ns, At safepoint: 6750 ns, Total: 431125 ns
[2022-09-21T09:31:16.783+0000][7][safepoint    ] Safepoint "Cleanup", Time since last: 1007330750 ns, Reaching safepoint: 190625 ns, At safepoint: 3209 ns, Total: 193834 ns
[2022-09-21T09:31:17.785+0000][7][safepoint    ] Safepoint "Cleanup", Time since last: 1001525208 ns, Reaching safepoint: 177417 ns, At safepoint: 3500 ns, Total: 180917 ns
[2022-09-21T09:31:18.796+0000][7][safepoint    ] Safepoint "Cleanup", Time since last: 1011403751 ns, Reaching safepoint: 319833 ns, At safepoint: 5250 ns, Total: 325083 ns
[2022-09-21T09:31:19.800+0000][7][safepoint    ] Safepoint "Cleanup", Time since last: 1003770625 ns, Reaching safepoint: 151042 ns, At safepoint: 1792 ns, Total: 152834 ns
[2022-09-21T09:31:20.803+0000][7][safepoint    ] Safepoint "Cleanup", Time since last: 1002580792 ns, Reaching safepoint: 426667 ns, At safepoint: 6250 ns, Total: 432917 ns
[2022-09-21T09:31:21.808+0000][7][safepoint    ] Safepoint "Cleanup", Time since last: 1004676167 ns, Reaching safepoint: 391750 ns, At safepoint: 6083 ns, Total: 397833 ns
[2022-09-21T09:31:22.814+0000][7][safepoint    ] Safepoint "Cleanup", Time since last: 1004719126 ns, Reaching safepoint: 456416 ns, At safepoint: 9459 ns, Total: 465875 ns
[2022-09-21T09:31:23.818+0000][7][safepoint    ] Safepoint "Cleanup", Time since last: 1004075167 ns, Reaching safepoint: 614166 ns, At safepoint: 7459 ns, Total: 621625 ns
[2022-09-21T09:31:24.822+0000][7][safepoint    ] Safepoint "Cleanup", Time since last: 1003817292 ns, Reaching safepoint: 129083 ns, At safepoint: 2250 ns, Total: 131333 ns
[2022-09-21T09:31:25.824+0000][7][safepoint    ] Safepoint "Cleanup", Time since last: 1001410376 ns, Reaching safepoint: 479333 ns, At safepoint: 7000 ns, Total: 486333 ns
[2022-09-21T09:31:25.998+0000][7][gc,start     ] GC(27) Pause Young (Normal) (G1 Evacuation Pause)
[2022-09-21T09:31:26.003+0000][7][gc,task      ] GC(27) Using 4 workers of 4 for evacuation
[2022-09-21T09:31:26.005+0000][7][gc,age       ] GC(27) Desired survivor size 19922944 bytes, new threshold 15 (max threshold 15)
[2022-09-21T09:31:26.063+0000][7][gc,age       ] GC(27) Age table with threshold 15 (max threshold 15)
[2022-09-21T09:31:26.065+0000][7][gc,age       ] GC(27) - age   1:     191352 bytes,     191352 total
[2022-09-21T09:31:26.065+0000][7][gc,age       ] GC(27) - age   2:     493792 bytes,     685144 total
[2022-09-21T09:31:26.066+0000][7][gc,age       ] GC(27) - age   3:     765808 bytes,    1450952 total
[2022-09-21T09:31:26.066+0000][7][gc,age       ] GC(27) - age   4:     272872 bytes,    1723824 total
[2022-09-21T09:31:26.067+0000][7][gc,age       ] GC(27) - age   5:     190864 bytes,    1914688 total
[2022-09-21T09:31:26.068+0000][7][gc,age       ] GC(27) - age   6:     437104 bytes,    2351792 total
[2022-09-21T09:31:26.068+0000][7][gc,age       ] GC(27) - age   7:     223768 bytes,    2575560 total
[2022-09-21T09:31:26.069+0000][7][gc,age       ] GC(27) - age   8:     420064 bytes,    2995624 total
[2022-09-21T09:31:26.070+0000][7][gc,age       ] GC(27) - age   9:     524296 bytes,    3519920 total
[2022-09-21T09:31:26.070+0000][7][gc,age       ] GC(27) - age  10:    1481672 bytes,    5001592 total
[2022-09-21T09:31:26.071+0000][7][gc,age       ] GC(27) - age  11:    3664712 bytes,    8666304 total
[2022-09-21T09:31:26.071+0000][7][gc,age       ] GC(27) - age  12:    5198592 bytes,   13864896 total
[2022-09-21T09:31:26.072+0000][7][gc,phases    ] GC(27)   Pre Evacuate Collection Set: 0.7ms
[2022-09-21T09:31:26.073+0000][7][gc,phases    ] GC(27)   Merge Heap Roots: 0.8ms
[2022-09-21T09:31:26.073+0000][7][gc,phases    ] GC(27)   Evacuate Collection Set: 46.6ms
[2022-09-21T09:31:26.074+0000][7][gc,phases    ] GC(27)   Post Evacuate Collection Set: 6.4ms
[2022-09-21T09:31:26.074+0000][7][gc,phases    ] GC(27)   Other: 20.2ms
[2022-09-21T09:31:26.075+0000][7][gc,heap      ] GC(27) Eden regions: 287->0(287)
[2022-09-21T09:31:26.076+0000][7][gc,heap      ] GC(27) Survivor regions: 15->15(38)
[2022-09-21T09:31:26.077+0000][7][gc,heap      ] GC(27) Old regions: 60->60
[2022-09-21T09:31:26.077+0000][7][gc,heap      ] GC(27) Archive regions: 0->0
[2022-09-21T09:31:26.078+0000][7][gc,heap      ] GC(27) Humongous regions: 7->7
[2022-09-21T09:31:26.078+0000][7][gc,metaspace ] GC(27) Metaspace: 110367K(118556K)->110367K(118556K) NonClass: 96388K(101296K)->96388K(101296K) Class: 13978K(17260K)->13978K(17260K)
[2022-09-21T09:31:26.079+0000][7][gc           ] GC(27) Pause Young (Normal) (G1 Evacuation Pause) 368M->81M(512M) 80.512ms
[2022-09-21T09:31:26.080+0000][7][gc,cpu       ] GC(27) User=0.20s Sys=0.00s Real=0.08s
[2022-09-21T09:31:26.081+0000][7][safepoint    ] Safepoint "G1CollectForAllocation", Time since last: 172317750 ns, Reaching safepoint: 671708 ns, At safepoint: 83355042 ns, Total: 84026750 ns
[2022-09-21T09:31:27.082+0000][7][safepoint    ] Safepoint "Cleanup", Time since last: 1001124084 ns, Reaching safepoint: 596083 ns, At safepoint: 8084 ns, Total: 604167 ns
[2022-09-21T09:31:28.088+0000][7][safepoint    ] Safepoint "Cleanup", Time since last: 1005068958 ns, Reaching safepoint: 236417 ns, At safepoint: 4542 ns, Total: 240959 ns
[2022-09-21T09:31:29.092+0000][7][safepoint    ] Safepoint "Cleanup", Time since last: 1004439167 ns, Reaching safepoint: 423917 ns, At safepoint: 7416 ns, Total: 431333 ns
[2022-09-21T09:31:30.099+0000][7][safepoint    ] Safepoint "Cleanup", Time since last: 1006486834 ns, Reaching safepoint: 511583 ns, At safepoint: 8750 ns, Total: 520333 ns
[2022-09-21T09:31:31.103+0000][7][safepoint    ] Safepoint "Cleanup", Time since last: 1003451209 ns, Reaching safepoint: 403167 ns, At safepoint: 6083 ns, Total: 409250 ns
[2022-09-21T09:31:32.109+0000][7][safepoint    ] Safepoint "Cleanup", Time since last: 1005196209 ns, Reaching safepoint: 445167 ns, At safepoint: 6500 ns, Total: 451667 ns
[2022-09-21T09:31:33.118+0000][7][safepoint    ] Safepoint "Cleanup", Time since last: 1008439667 ns, Reaching safepoint: 241500 ns, At safepoint: 5791 ns, Total: 247291 ns
[2022-09-21T09:31:34.127+0000][7][safepoint    ] Safepoint "Cleanup", Time since last: 1008705168 ns, Reaching safepoint: 733666 ns, At safepoint: 11042 ns, Total: 744708 ns
[2022-09-21T09:31:35.133+0000][7][safepoint    ] Safepoint "Cleanup", Time since last: 1005198584 ns, Reaching safepoint: 899750 ns, At safepoint: 14291 ns, Total: 914041 ns
[2022-09-21T09:31:36.141+0000][7][safepoint    ] Safepoint "Cleanup", Time since last: 1006807793 ns, Reaching safepoint: 579333 ns, At safepoint: 6625 ns, Total: 585958 ns
[2022-09-21T09:31:37.147+0000][7][safepoint    ] Safepoint "Cleanup", Time since last: 1006088417 ns, Reaching safepoint: 386875 ns, At safepoint: 5542 ns, Total: 392417 ns
[2022-09-21T09:31:38.152+0000][7][safepoint    ] Safepoint "Cleanup", Time since last: 1004222542 ns, Reaching safepoint: 425875 ns, At safepoint: 9333 ns, Total: 435208 ns
[2022-09-21T09:31:39.161+0000][7][safepoint    ] Safepoint "Cleanup", Time since last: 1009201542 ns, Reaching safepoint: 435167 ns, At safepoint: 6667 ns, Total: 441834 ns
[2022-09-21T09:31:40.169+0000][7][safepoint    ] Safepoint "Cleanup", Time since last: 1007379500 ns, Reaching safepoint: 542209 ns, At safepoint: 8916 ns, Total: 551125 ns
[2022-09-21T09:31:41.173+0000][7][safepoint    ] Safepoint "Cleanup", Time since last: 1003550542 ns, Reaching safepoint: 342417 ns, At safepoint: 7792 ns, Total: 350209 ns
[2022-09-21T09:31:42.178+0000][7][safepoint    ] Safepoint "Cleanup", Time since last: 1004799000 ns, Reaching safepoint: 462750 ns, At safepoint: 11958 ns, Total: 474708 ns
[2022-09-21T09:31:43.183+0000][7][safepoint    ] Safepoint "Cleanup", Time since last: 1004367293 ns, Reaching safepoint: 285833 ns, At safepoint: 6458 ns, Total: 292291 ns
[2022-09-21T09:31:44.190+0000][7][safepoint    ] Safepoint "Cleanup", Time since last: 1006758834 ns, Reaching safepoint: 437708 ns, At safepoint: 6500 ns, Total: 444208 ns
[2022-09-21T09:31:45.196+0000][7][safepoint    ] Safepoint "Cleanup", Time since last: 1005421293 ns, Reaching safepoint: 424250 ns, At safepoint: 6208 ns, Total: 430458 ns
[2022-09-21T09:31:46.204+0000][7][safepoint    ] Safepoint "Cleanup", Time since last: 1007630791 ns, Reaching safepoint: 231167 ns, At safepoint: 5042 ns, Total: 236209 ns
[2022-09-21T09:31:47.209+0000][7][safepoint    ] Safepoint "Cleanup", Time since last: 1004119667 ns, Reaching safepoint: 316500 ns, At safepoint: 5375 ns, Total: 321875 ns
[2022-09-21T09:31:48.213+0000][7][safepoint    ] Safepoint "Cleanup", Time since last: 1003665917 ns, Reaching safepoint: 329750 ns, At safepoint: 6167 ns, Total: 335917 ns
[2022-09-21T09:31:49.224+0000][7][safepoint    ] Safepoint "Cleanup", Time since last: 1011254375 ns, Reaching safepoint: 360917 ns, At safepoint: 4833 ns, Total: 365750 ns
[2022-09-21T09:31:50.228+0000][7][safepoint    ] Safepoint "Cleanup", Time since last: 1003973917 ns, Reaching safepoint: 143334 ns, At safepoint: 2333 ns, Total: 145667 ns
[2022-09-21T09:31:51.234+0000][7][safepoint    ] Safepoint "Cleanup", Time since last: 1005774667 ns, Reaching safepoint: 212625 ns, At safepoint: 3375 ns, Total: 216000 ns
[2022-09-21T09:31:52.238+0000][7][safepoint    ] Safepoint "Cleanup", Time since last: 1003039459 ns, Reaching safepoint: 448708 ns, At safepoint: 5250 ns, Total: 453958 ns
[2022-09-21T09:31:53.247+0000][7][safepoint    ] Safepoint "Cleanup", Time since last: 1008170334 ns, Reaching safepoint: 562583 ns, At safepoint: 6125 ns, Total: 568708 ns
[2022-09-21T09:31:54.252+0000][7][safepoint    ] Safepoint "Cleanup", Time since last: 1004990834 ns, Reaching safepoint: 606459 ns, At safepoint: 9333 ns, Total: 615792 ns
[2022-09-21T09:31:55.262+0000][7][safepoint    ] Safepoint "Cleanup", Time since last: 1009595042 ns, Reaching safepoint: 351083 ns, At safepoint: 7000 ns, Total: 358083 ns
[2022-09-21T09:31:56.267+0000][7][safepoint    ] Safepoint "Cleanup", Time since last: 1004364251 ns, Reaching safepoint: 287958 ns, At safepoint: 4042 ns, Total: 292000 ns
[2022-09-21T09:31:57.273+0000][7][safepoint    ] Safepoint "Cleanup", Time since last: 1006050917 ns, Reaching safepoint: 505000 ns, At safepoint: 8958 ns, Total: 513958 ns
[2022-09-21T09:31:58.282+0000][7][safepoint    ] Safepoint "Cleanup", Time since last: 1008438209 ns, Reaching safepoint: 413709 ns, At safepoint: 6625 ns, Total: 420334 ns
[2022-09-21T09:31:59.288+0000][7][safepoint    ] Safepoint "Cleanup", Time since last: 1005121292 ns, Reaching safepoint: 316458 ns, At safepoint: 5292 ns, Total: 321750 ns
[2022-09-21T09:32:00.294+0000][7][safepoint    ] Safepoint "Cleanup", Time since last: 1005801333 ns, Reaching safepoint: 303417 ns, At safepoint: 5792 ns, Total: 309209 ns
[2022-09-21T09:32:01.299+0000][7][safepoint    ] Safepoint "Cleanup", Time since last: 1004989500 ns, Reaching safepoint: 387000 ns, At safepoint: 5459 ns, Total: 392459 ns
[2022-09-21T09:32:02.589+0000][7][safepoint    ] Safepoint "Cleanup", Time since last: 1289449209 ns, Reaching safepoint: 582958 ns, At safepoint: 7500 ns, Total: 590458 ns
[2022-09-21T09:32:03.593+0000][7][safepoint    ] Safepoint "Cleanup", Time since last: 1003936834 ns, Reaching safepoint: 271791 ns, At safepoint: 5084 ns, Total: 276875 ns
[2022-09-21T09:32:04.598+0000][7][safepoint    ] Safepoint "Cleanup", Time since last: 1004084167 ns, Reaching safepoint: 169000 ns, At safepoint: 4583 ns, Total: 173583 ns
[2022-09-21T09:32:05.602+0000][7][safepoint    ] Safepoint "Cleanup", Time since last: 1003568709 ns, Reaching safepoint: 327167 ns, At safepoint: 5458 ns, Total: 332625 ns
[2022-09-21T09:32:06.606+0000][7][safepoint    ] Safepoint "Cleanup", Time since last: 1004406084 ns, Reaching safepoint: 279916 ns, At safepoint: 6375 ns, Total: 286291 ns
[2022-09-21T09:32:07.610+0000][7][safepoint    ] Safepoint "Cleanup", Time since last: 1003467126 ns, Reaching safepoint: 140958 ns, At safepoint: 2000 ns, Total: 142958 ns
[2022-09-21T09:32:08.612+0000][7][safepoint    ] Safepoint "Cleanup", Time since last: 1001834251 ns, Reaching safepoint: 467416 ns, At safepoint: 6292 ns, Total: 473708 ns
[2022-09-21T09:32:09.618+0000][7][safepoint    ] Safepoint "Cleanup", Time since last: 1005837001 ns, Reaching safepoint: 390625 ns, At safepoint: 12291 ns, Total: 402916 ns
[2022-09-21T09:32:10.623+0000][7][safepoint    ] Safepoint "Cleanup", Time since last: 1004030751 ns, Reaching safepoint: 108666 ns, At safepoint: 2250 ns, Total: 110916 ns
[2022-09-21T09:32:11.628+0000][7][safepoint    ] Safepoint "Cleanup", Time since last: 1005101084 ns, Reaching safepoint: 224542 ns, At safepoint: 4667 ns, Total: 229209 ns
[2022-09-21T09:32:12.636+0000][7][safepoint    ] Safepoint "Cleanup", Time since last: 1007346750 ns, Reaching safepoint: 272917 ns, At safepoint: 4291 ns, Total: 277208 ns
[2022-09-21T09:32:13.643+0000][7][safepoint    ] Safepoint "Cleanup", Time since last: 1007195417 ns, Reaching safepoint: 366500 ns, At safepoint: 8500 ns, Total: 375000 ns
[2022-09-21T09:32:14.647+0000][7][safepoint    ] Safepoint "Cleanup", Time since last: 1003556501 ns, Reaching safepoint: 453042 ns, At safepoint: 26333 ns, Total: 479375 ns
[2022-09-21T09:32:15.654+0000][7][safepoint    ] Safepoint "Cleanup", Time since last: 1006382459 ns, Reaching safepoint: 268708 ns, At safepoint: 6292 ns, Total: 275000 ns
[2022-09-21T09:32:16.660+0000][7][safepoint    ] Safepoint "Cleanup", Time since last: 1005102666 ns, Reaching safepoint: 428792 ns, At safepoint: 5875 ns, Total: 434667 ns
[2022-09-21T09:32:17.664+0000][7][safepoint    ] Safepoint "Cleanup", Time since last: 1003295125 ns, Reaching safepoint: 907500 ns, At safepoint: 11958 ns, Total: 919458 ns
[2022-09-21T09:32:18.668+0000][7][safepoint    ] Safepoint "Cleanup", Time since last: 1003535334 ns, Reaching safepoint: 204084 ns, At safepoint: 3750 ns, Total: 207834 ns
[2022-09-21T09:32:19.671+0000][7][safepoint    ] Safepoint "Cleanup", Time since last: 1002492708 ns, Reaching safepoint: 381250 ns, At safepoint: 5209 ns, Total: 386459 ns
[2022-09-21T09:32:20.674+0000][7][safepoint    ] Safepoint "Cleanup", Time since last: 1003197542 ns, Reaching safepoint: 292375 ns, At safepoint: 5625 ns, Total: 298000 ns
[2022-09-21T09:32:21.680+0000][7][safepoint    ] Safepoint "Cleanup", Time since last: 1005721084 ns, Reaching safepoint: 275208 ns, At safepoint: 22125 ns, Total: 297333 ns
[2022-09-21T09:32:22.688+0000][7][safepoint    ] Safepoint "Cleanup", Time since last: 1007381375 ns, Reaching safepoint: 308667 ns, At safepoint: 5208 ns, Total: 313875 ns
[2022-09-21T09:32:23.693+0000][7][safepoint    ] Safepoint "Cleanup", Time since last: 1004435418 ns, Reaching safepoint: 627291 ns, At safepoint: 5209 ns, Total: 632500 ns
[2022-09-21T09:32:24.700+0000][7][safepoint    ] Safepoint "Cleanup", Time since last: 1006446583 ns, Reaching safepoint: 428167 ns, At safepoint: 7708 ns, Total: 435875 ns
[2022-09-21T09:32:25.709+0000][7][safepoint    ] Safepoint "Cleanup", Time since last: 1008749459 ns, Reaching safepoint: 270667 ns, At safepoint: 4833 ns, Total: 275500 ns
[2022-09-21T09:32:26.713+0000][7][safepoint    ] Safepoint "Cleanup", Time since last: 1003324084 ns, Reaching safepoint: 717792 ns, At safepoint: 14708 ns, Total: 732500 ns
[2022-09-21T09:32:27.718+0000][7][safepoint    ] Safepoint "Cleanup", Time since last: 1004800751 ns, Reaching safepoint: 340958 ns, At safepoint: 5375 ns, Total: 346333 ns
[2022-09-21T09:32:28.721+0000][7][safepoint    ] Safepoint "Cleanup", Time since last: 1002930209 ns, Reaching safepoint: 353291 ns, At safepoint: 7542 ns, Total: 360833 ns
[2022-09-21T09:32:29.725+0000][7][safepoint    ] Safepoint "Cleanup", Time since last: 1003435542 ns, Reaching safepoint: 368750 ns, At safepoint: 6292 ns, Total: 375042 ns
[2022-09-21T09:32:30.733+0000][7][safepoint    ] Safepoint "Cleanup", Time since last: 1007702667 ns, Reaching safepoint: 248417 ns, At safepoint: 26583 ns, Total: 275000 ns
[2022-09-21T09:32:31.742+0000][7][safepoint    ] Safepoint "Cleanup", Time since last: 1008408667 ns, Reaching safepoint: 363250 ns, At safepoint: 16875 ns, Total: 380125 ns
[2022-09-21T09:32:32.746+0000][7][safepoint    ] Safepoint "Cleanup", Time since last: 1003554084 ns, Reaching safepoint: 358875 ns, At safepoint: 60875 ns, Total: 419750 ns
[2022-09-21T09:32:33.752+0000][7][safepoint    ] Safepoint "Cleanup", Time since last: 1005736125 ns, Reaching safepoint: 489500 ns, At safepoint: 6084 ns, Total: 495584 ns
[2022-09-21T09:32:34.759+0000][7][safepoint    ] Safepoint "Cleanup", Time since last: 1006192917 ns, Reaching safepoint: 635958 ns, At safepoint: 6875 ns, Total: 642833 ns
[2022-09-21T09:32:35.766+0000][7][safepoint    ] Safepoint "Cleanup", Time since last: 1006485167 ns, Reaching safepoint: 357084 ns, At safepoint: 6541 ns, Total: 363625 ns
[2022-09-21T09:32:36.774+0000][7][safepoint    ] Safepoint "Cleanup", Time since last: 1007438293 ns, Reaching safepoint: 371083 ns, At safepoint: 7667 ns, Total: 378750 ns
[2022-09-21T09:32:37.779+0000][7][safepoint    ] Safepoint "Cleanup", Time since last: 1003608167 ns, Reaching safepoint: 1287208 ns, At safepoint: 27542 ns, Total: 1314750 ns
[2022-09-21T09:32:38.786+0000][7][safepoint    ] Safepoint "Cleanup", Time since last: 1006951959 ns, Reaching safepoint: 256500 ns, At safepoint: 4250 ns, Total: 260750 ns
[2022-09-21T09:32:39.792+0000][7][safepoint    ] Safepoint "Cleanup", Time since last: 1005397125 ns, Reaching safepoint: 498833 ns, At safepoint: 6875 ns, Total: 505708 ns
[2022-09-21T09:32:40.803+0000][7][safepoint    ] Safepoint "Cleanup", Time since last: 1009918417 ns, Reaching safepoint: 1356500 ns, At safepoint: 6792 ns, Total: 1363292 ns
[2022-09-21T09:32:41.807+0000][7][safepoint    ] Safepoint "Cleanup", Time since last: 1003443876 ns, Reaching safepoint: 319041 ns, At safepoint: 4250 ns, Total: 323291 ns
[2022-09-21T09:32:42.811+0000][7][safepoint    ] Safepoint "Cleanup", Time since last: 1004074834 ns, Reaching safepoint: 394125 ns, At safepoint: 6875 ns, Total: 401000 ns
[2022-09-21T09:32:43.817+0000][7][safepoint    ] Safepoint "Cleanup", Time since last: 1005294376 ns, Reaching safepoint: 416083 ns, At safepoint: 6167 ns, Total: 422250 ns
[2022-09-21T09:32:44.823+0000][7][safepoint    ] Safepoint "Cleanup", Time since last: 1005234417 ns, Reaching safepoint: 502166 ns, At safepoint: 7542 ns, Total: 509708 ns
[2022-09-21T09:32:45.828+0000][7][safepoint    ] Safepoint "Cleanup", Time since last: 1005118458 ns, Reaching safepoint: 384709 ns, At safepoint: 7458 ns, Total: 392167 ns
[2022-09-21T09:32:46.837+0000][7][safepoint    ] Safepoint "Cleanup", Time since last: 1008125959 ns, Reaching safepoint: 301666 ns, At safepoint: 5709 ns, Total: 307375 ns
[2022-09-21T09:32:47.840+0000][7][safepoint    ] Safepoint "Cleanup", Time since last: 1003066000 ns, Reaching safepoint: 254834 ns, At safepoint: 3750 ns, Total: 258584 ns
[2022-09-21T09:32:48.845+0000][7][safepoint    ] Safepoint "Cleanup", Time since last: 1004730000 ns, Reaching safepoint: 352958 ns, At safepoint: 6292 ns, Total: 359250 ns
[2022-09-21T09:32:49.849+0000][7][safepoint    ] Safepoint "Cleanup", Time since last: 1003904500 ns, Reaching safepoint: 107792 ns, At safepoint: 2208 ns, Total: 110000 ns
[2022-09-21T09:32:50.851+0000][7][safepoint    ] Safepoint "Cleanup", Time since last: 1001490001 ns, Reaching safepoint: 308792 ns, At safepoint: 4333 ns, Total: 313125 ns
[2022-09-21T09:32:51.855+0000][7][safepoint    ] Safepoint "Cleanup", Time since last: 1003574209 ns, Reaching safepoint: 300000 ns, At safepoint: 6833 ns, Total: 306833 ns
[2022-09-21T09:32:52.860+0000][7][safepoint    ] Safepoint "Cleanup", Time since last: 1005282709 ns, Reaching safepoint: 317208 ns, At safepoint: 4584 ns, Total: 321792 ns
[2022-09-21T09:32:53.864+0000][7][safepoint    ] Safepoint "Cleanup", Time since last: 1003005250 ns, Reaching safepoint: 417417 ns, At safepoint: 4500 ns, Total: 421917 ns
[2022-09-21T09:32:54.867+0000][7][safepoint    ] Safepoint "Cleanup", Time since last: 1003075459 ns, Reaching safepoint: 440125 ns, At safepoint: 21041 ns, Total: 461166 ns
[2022-09-21T09:32:55.873+0000][7][safepoint    ] Safepoint "Cleanup", Time since last: 1004503542 ns, Reaching safepoint: 986542 ns, At safepoint: 9042 ns, Total: 995584 ns
[2022-09-21T09:32:56.882+0000][7][safepoint    ] Safepoint "Cleanup", Time since last: 1008550250 ns, Reaching safepoint: 396417 ns, At safepoint: 6208 ns, Total: 402625 ns
[2022-09-21T09:32:57.889+0000][7][safepoint    ] Safepoint "Cleanup", Time since last: 1006258417 ns, Reaching safepoint: 1471084 ns, At safepoint: 34416 ns, Total: 1505500 ns
[2022-09-21T09:32:58.894+0000][7][safepoint    ] Safepoint "Cleanup", Time since last: 1003598209 ns, Reaching safepoint: 931583 ns, At safepoint: 8209 ns, Total: 939792 ns
[2022-09-21T09:33:00.102+0000][7][safepoint    ] Safepoint "Cleanup", Time since last: 1207331459 ns, Reaching safepoint: 464541 ns, At safepoint: 8250 ns, Total: 472791 ns
[2022-09-21T09:33:01.111+0000][7][safepoint    ] Safepoint "Cleanup", Time since last: 1009007626 ns, Reaching safepoint: 282500 ns, At safepoint: 5792 ns, Total: 288292 ns
[2022-09-21T09:33:02.122+0000][7][safepoint    ] Safepoint "Cleanup", Time since last: 1005820583 ns, Reaching safepoint: 5118834 ns, At safepoint: 15166 ns, Total: 5134000 ns
[2022-09-21T09:33:03.129+0000][7][safepoint    ] Safepoint "Cleanup", Time since last: 1006505001 ns, Reaching safepoint: 492916 ns, At safepoint: 9959 ns, Total: 502875 ns
[2022-09-21T09:33:04.137+0000][7][safepoint    ] Safepoint "Cleanup", Time since last: 1006707667 ns, Reaching safepoint: 1293375 ns, At safepoint: 13250 ns, Total: 1306625 ns
[2022-09-21T09:33:05.146+0000][7][safepoint    ] Safepoint "Cleanup", Time since last: 1006790625 ns, Reaching safepoint: 1913500 ns, At safepoint: 15500 ns, Total: 1929000 ns
[2022-09-21T09:33:06.150+0000][7][safepoint    ] Safepoint "Cleanup", Time since last: 1004042959 ns, Reaching safepoint: 471084 ns, At safepoint: 6500 ns, Total: 477584 ns
[2022-09-21T09:33:07.154+0000][7][safepoint    ] Safepoint "Cleanup", Time since last: 1003835375 ns, Reaching safepoint: 130833 ns, At safepoint: 3792 ns, Total: 134625 ns
[2022-09-21T09:33:08.157+0000][7][safepoint    ] Safepoint "Cleanup", Time since last: 1002441709 ns, Reaching safepoint: 103208 ns, At safepoint: 2167 ns, Total: 105375 ns
[2022-09-21T09:33:09.160+0000][7][safepoint    ] Safepoint "Cleanup", Time since last: 1003053209 ns, Reaching safepoint: 388666 ns, At safepoint: 5959 ns, Total: 394625 ns
[2022-09-21T09:33:10.164+0000][7][safepoint    ] Safepoint "Cleanup", Time since last: 1003771958 ns, Reaching safepoint: 349709 ns, At safepoint: 5875 ns, Total: 355584 ns
[2022-09-21T09:33:11.168+0000][7][safepoint    ] Safepoint "Cleanup", Time since last: 1003507917 ns, Reaching safepoint: 105375 ns, At safepoint: 2583 ns, Total: 107958 ns
[2022-09-21T09:33:12.173+0000][7][safepoint    ] Safepoint "Cleanup", Time since last: 1004622751 ns, Reaching safepoint: 275958 ns, At safepoint: 3833 ns, Total: 279791 ns
[2022-09-21T09:33:13.178+0000][7][safepoint    ] Safepoint "Cleanup", Time since last: 1004537709 ns, Reaching safepoint: 263750 ns, At safepoint: 4792 ns, Total: 268542 ns
[2022-09-21T09:33:14.673+0000][7][safepoint    ] Safepoint "Cleanup", Time since last: 1494275792 ns, Reaching safepoint: 626459 ns, At safepoint: 8666 ns, Total: 635125 ns
[2022-09-21T09:33:15.678+0000][7][safepoint    ] Safepoint "Cleanup", Time since last: 1004784084 ns, Reaching safepoint: 417708 ns, At safepoint: 28584 ns, Total: 446292 ns
[2022-09-21T09:33:16.682+0000][7][safepoint    ] Safepoint "Cleanup", Time since last: 1002880541 ns, Reaching safepoint: 559167 ns, At safepoint: 11083 ns, Total: 570250 ns
[2022-09-21T09:33:17.686+0000][7][safepoint    ] Safepoint "Cleanup", Time since last: 1003152126 ns, Reaching safepoint: 843708 ns, At safepoint: 9708 ns, Total: 853416 ns
[2022-09-21T09:33:18.694+0000][7][safepoint    ] Safepoint "Cleanup", Time since last: 1007706501 ns, Reaching safepoint: 282917 ns, At safepoint: 21833 ns, Total: 304750 ns
[2022-09-21T09:33:19.700+0000][7][safepoint    ] Safepoint "Cleanup", Time since last: 1006446459 ns, Reaching safepoint: 417583 ns, At safepoint: 7875 ns, Total: 425458 ns
[2022-09-21T09:33:20.705+0000][7][safepoint    ] Safepoint "Cleanup", Time since last: 1004126834 ns, Reaching safepoint: 280167 ns, At safepoint: 5541 ns, Total: 285708 ns
[2022-09-21T09:33:21.711+0000][7][safepoint    ] Safepoint "Cleanup", Time since last: 1006123501 ns, Reaching safepoint: 266208 ns, At safepoint: 5417 ns, Total: 271625 ns
[2022-09-21T09:33:22.716+0000][7][safepoint    ] Safepoint "Cleanup", Time since last: 1004862625 ns, Reaching safepoint: 236625 ns, At safepoint: 4875 ns, Total: 241500 ns
[2022-09-21T09:33:23.722+0000][7][safepoint    ] Safepoint "Cleanup", Time since last: 1005026917 ns, Reaching safepoint: 501917 ns, At safepoint: 6750 ns, Total: 508667 ns
[2022-09-21T09:33:24.730+0000][7][safepoint    ] Safepoint "Cleanup", Time since last: 1007840292 ns, Reaching safepoint: 381917 ns, At safepoint: 3833 ns, Total: 385750 ns
[2022-09-21T09:33:25.741+0000][7][safepoint    ] Safepoint "Cleanup", Time since last: 1010696167 ns, Reaching safepoint: 450709 ns, At safepoint: 10125 ns, Total: 460834 ns
[2022-09-21T09:33:26.747+0000][7][safepoint    ] Safepoint "Cleanup", Time since last: 1005294833 ns, Reaching safepoint: 419167 ns, At safepoint: 5208 ns, Total: 424375 ns
[2022-09-21T09:33:27.752+0000][7][safepoint    ] Safepoint "Cleanup", Time since last: 1003977251 ns, Reaching safepoint: 596792 ns, At safepoint: 9666 ns, Total: 606458 ns
[2022-09-21T09:33:28.758+0000][7][safepoint    ] Safepoint "Cleanup", Time since last: 1005767126 ns, Reaching safepoint: 576958 ns, At safepoint: 6583 ns, Total: 583541 ns
[2022-09-21T09:33:29.770+0000][7][safepoint    ] Safepoint "Cleanup", Time since last: 1011157043 ns, Reaching safepoint: 456541 ns, At safepoint: 8375 ns, Total: 464916 ns
[2022-09-21T09:33:30.786+0000][7][safepoint    ] Safepoint "Cleanup", Time since last: 1016378709 ns, Reaching safepoint: 474667 ns, At safepoint: 5500 ns, Total: 480167 ns
[2022-09-21T09:33:31.792+0000][7][safepoint    ] Safepoint "Cleanup", Time since last: 1005083667 ns, Reaching safepoint: 359458 ns, At safepoint: 5667 ns, Total: 365125 ns
[2022-09-21T09:33:32.799+0000][7][safepoint    ] Safepoint "Cleanup", Time since last: 1007145500 ns, Reaching safepoint: 353750 ns, At safepoint: 4709 ns, Total: 358459 ns
[2022-09-21T09:33:33.804+0000][7][safepoint    ] Safepoint "Cleanup", Time since last: 1004174875 ns, Reaching safepoint: 264958 ns, At safepoint: 3542 ns, Total: 268500 ns
[2022-09-21T09:33:34.813+0000][7][safepoint    ] Safepoint "Cleanup", Time since last: 1008321084 ns, Reaching safepoint: 415500 ns, At safepoint: 49333 ns, Total: 464833 ns
[2022-09-21T09:33:35.819+0000][7][safepoint    ] Safepoint "Cleanup", Time since last: 1006375167 ns, Reaching safepoint: 292417 ns, At safepoint: 5250 ns, Total: 297667 ns
[2022-09-21T09:33:36.828+0000][7][safepoint    ] Safepoint "Cleanup", Time since last: 1008099292 ns, Reaching safepoint: 542792 ns, At safepoint: 7167 ns, Total: 549959 ns
[2022-09-21T09:33:37.834+0000][7][safepoint    ] Safepoint "Cleanup", Time since last: 1005965958 ns, Reaching safepoint: 261042 ns, At safepoint: 4750 ns, Total: 265792 ns
[2022-09-21T09:33:38.841+0000][7][safepoint    ] Safepoint "Cleanup", Time since last: 1004800584 ns, Reaching safepoint: 1942583 ns, At safepoint: 12584 ns, Total: 1955167 ns
[2022-09-21T09:33:39.849+0000][7][safepoint    ] Safepoint "Cleanup", Time since last: 1006776417 ns, Reaching safepoint: 1161000 ns, At safepoint: 9958 ns, Total: 1170958 ns
[2022-09-21T09:33:40.861+0000][7][safepoint    ] Safepoint "Cleanup", Time since last: 1011726709 ns, Reaching safepoint: 577166 ns, At safepoint: 7875 ns, Total: 585041 ns
[2022-09-21T09:33:41.867+0000][7][safepoint    ] Safepoint "Cleanup", Time since last: 1005355168 ns, Reaching safepoint: 385625 ns, At safepoint: 5041 ns, Total: 390666 ns
[2022-09-21T09:33:42.874+0000][7][safepoint    ] Safepoint "Cleanup", Time since last: 1006262417 ns, Reaching safepoint: 619292 ns, At safepoint: 6875 ns, Total: 626167 ns
[2022-09-21T09:33:43.880+0000][7][safepoint    ] Safepoint "Cleanup", Time since last: 1006102792 ns, Reaching safepoint: 272084 ns, At safepoint: 3625 ns, Total: 275709 ns
[2022-09-21T09:33:44.887+0000][7][safepoint    ] Safepoint "Cleanup", Time since last: 1006389958 ns, Reaching safepoint: 429209 ns, At safepoint: 8166 ns, Total: 437375 ns
[2022-09-21T09:33:45.895+0000][7][safepoint    ] Safepoint "Cleanup", Time since last: 1007543209 ns, Reaching safepoint: 309666 ns, At safepoint: 19792 ns, Total: 329458 ns
[2022-09-21T09:33:46.901+0000][7][safepoint    ] Safepoint "Cleanup", Time since last: 1004340917 ns, Reaching safepoint: 1639917 ns, At safepoint: 19375 ns, Total: 1659292 ns
[2022-09-21T09:33:47.907+0000][7][safepoint    ] Safepoint "Cleanup", Time since last: 1005279959 ns, Reaching safepoint: 337250 ns, At safepoint: 5208 ns, Total: 342458 ns
[2022-09-21T09:33:48.912+0000][7][safepoint    ] Safepoint "Cleanup", Time since last: 1005739625 ns, Reaching safepoint: 127584 ns, At safepoint: 2833 ns, Total: 130417 ns
[2022-09-21T09:33:49.921+0000][7][safepoint    ] Safepoint "Cleanup", Time since last: 1007929209 ns, Reaching safepoint: 446375 ns, At safepoint: 5875 ns, Total: 452250 ns
[2022-09-21T09:33:50.931+0000][7][safepoint    ] Safepoint "Cleanup", Time since last: 1009202584 ns, Reaching safepoint: 556875 ns, At safepoint: 9083 ns, Total: 565958 ns
[2022-09-21T09:33:51.940+0000][7][safepoint    ] Safepoint "Cleanup", Time since last: 1009199209 ns, Reaching safepoint: 355958 ns, At safepoint: 4667 ns, Total: 360625 ns
[2022-09-21T09:33:52.945+0000][7][safepoint    ] Safepoint "Cleanup", Time since last: 1004696792 ns, Reaching safepoint: 278875 ns, At safepoint: 6042 ns, Total: 284917 ns
[2022-09-21T09:33:53.951+0000][7][safepoint    ] Safepoint "Cleanup", Time since last: 1005565250 ns, Reaching safepoint: 106167 ns, At safepoint: 1708 ns, Total: 107875 ns
[2022-09-21T09:33:54.952+0000][7][safepoint    ] Safepoint "Cleanup", Time since last: 1001207751 ns, Reaching safepoint: 169541 ns, At safepoint: 2792 ns, Total: 172333 ns
[2022-09-21T09:33:55.956+0000][7][safepoint    ] Safepoint "Cleanup", Time since last: 1003266375 ns, Reaching safepoint: 504709 ns, At safepoint: 8375 ns, Total: 513084 ns
[2022-09-21T09:33:56.958+0000][7][safepoint    ] Safepoint "Cleanup", Time since last: 1002296834 ns, Reaching safepoint: 133458 ns, At safepoint: 1958 ns, Total: 135416 ns
[2022-09-21T09:33:57.962+0000][7][safepoint    ] Safepoint "Cleanup", Time since last: 1002957167 ns, Reaching safepoint: 679875 ns, At safepoint: 7375 ns, Total: 687250 ns
[2022-09-21T09:33:58.966+0000][7][safepoint    ] Safepoint "Cleanup", Time since last: 1003957667 ns, Reaching safepoint: 125292 ns, At safepoint: 2333 ns, Total: 127625 ns
[2022-09-21T09:33:59.969+0000][7][safepoint    ] Safepoint "Cleanup", Time since last: 1002408001 ns, Reaching safepoint: 416083 ns, At safepoint: 6667 ns, Total: 422750 ns
[2022-09-21T09:34:00.977+0000][7][safepoint    ] Safepoint "Cleanup", Time since last: 1008173125 ns, Reaching safepoint: 205959 ns, At safepoint: 3708 ns, Total: 209667 ns
[2022-09-21T09:34:01.982+0000][7][safepoint    ] Safepoint "Cleanup", Time since last: 1004700376 ns, Reaching safepoint: 246000 ns, At safepoint: 3791 ns, Total: 249791 ns
[2022-09-21T09:34:02.986+0000][7][safepoint    ] Safepoint "Cleanup", Time since last: 1003457834 ns, Reaching safepoint: 366667 ns, At safepoint: 4958 ns, Total: 371625 ns
[2022-09-21T09:34:03.990+0000][7][safepoint    ] Safepoint "Cleanup", Time since last: 1003595834 ns, Reaching safepoint: 275625 ns, At safepoint: 4042 ns, Total: 279667 ns
[2022-09-21T09:34:04.994+0000][7][safepoint    ] Safepoint "Cleanup", Time since last: 1003358750 ns, Reaching safepoint: 594708 ns, At safepoint: 7917 ns, Total: 602625 ns
[2022-09-21T09:34:06.001+0000][7][safepoint    ] Safepoint "Cleanup", Time since last: 1006276292 ns, Reaching safepoint: 740917 ns, At safepoint: 6916 ns, Total: 747833 ns
[2022-09-21T09:34:07.009+0000][7][safepoint    ] Safepoint "Cleanup", Time since last: 1006931626 ns, Reaching safepoint: 1364542 ns, At safepoint: 13875 ns, Total: 1378417 ns
[2022-09-21T09:34:08.020+0000][7][safepoint    ] Safepoint "Cleanup", Time since last: 1010018833 ns, Reaching safepoint: 248459 ns, At safepoint: 8583 ns, Total: 257042 ns
[2022-09-21T09:34:09.034+0000][7][safepoint    ] Safepoint "Cleanup", Time since last: 1013055626 ns, Reaching safepoint: 1446375 ns, At safepoint: 9125 ns, Total: 1455500 ns
[2022-09-21T09:34:10.044+0000][7][safepoint    ] Safepoint "Cleanup", Time since last: 1009097542 ns, Reaching safepoint: 518500 ns, At safepoint: 13041 ns, Total: 531541 ns
[2022-09-21T09:34:11.051+0000][7][safepoint    ] Safepoint "Cleanup", Time since last: 1006619626 ns, Reaching safepoint: 807917 ns, At safepoint: 9083 ns, Total: 817000 ns
[2022-09-21T09:34:12.067+0000][7][safepoint    ] Safepoint "Cleanup", Time since last: 1013394459 ns, Reaching safepoint: 1922458 ns, At safepoint: 15958 ns, Total: 1938416 ns
[2022-09-21T09:34:13.074+0000][7][safepoint    ] Safepoint "Cleanup", Time since last: 1007675376 ns, Reaching safepoint: 212250 ns, At safepoint: 4667 ns, Total: 216917 ns
[2022-09-21T09:34:14.081+0000][7][safepoint    ] Safepoint "Cleanup", Time since last: 1006111250 ns, Reaching safepoint: 636292 ns, At safepoint: 10291 ns, Total: 646583 ns
[2022-09-21T09:34:15.095+0000][7][safepoint    ] Safepoint "Cleanup", Time since last: 1013605376 ns, Reaching safepoint: 334292 ns, At safepoint: 4875 ns, Total: 339167 ns
[2022-09-21T09:34:16.110+0000][7][safepoint    ] Safepoint "Cleanup", Time since last: 1014260875 ns, Reaching safepoint: 502500 ns, At safepoint: 5666 ns, Total: 508166 ns
[2022-09-21T09:34:17.259+0000][7][safepoint    ] Safepoint "Cleanup", Time since last: 1148995751 ns, Reaching safepoint: 303292 ns, At safepoint: 5958 ns, Total: 309250 ns
[2022-09-21T09:34:18.266+0000][7][safepoint    ] Safepoint "Cleanup", Time since last: 1006444000 ns, Reaching safepoint: 535959 ns, At safepoint: 8541 ns, Total: 544500 ns
[2022-09-21T09:34:19.271+0000][7][safepoint    ] Safepoint "Cleanup", Time since last: 1004533084 ns, Reaching safepoint: 239834 ns, At safepoint: 3458 ns, Total: 243292 ns
[2022-09-21T09:34:20.274+0000][7][safepoint    ] Safepoint "Cleanup", Time since last: 1002310542 ns, Reaching safepoint: 290542 ns, At safepoint: 5041 ns, Total: 295583 ns
[2022-09-21T09:34:21.278+0000][7][safepoint    ] Safepoint "Cleanup", Time since last: 1003552459 ns, Reaching safepoint: 501625 ns, At safepoint: 6750 ns, Total: 508375 ns
[2022-09-21T09:34:22.283+0000][7][safepoint    ] Safepoint "Cleanup", Time since last: 1004879667 ns, Reaching safepoint: 509625 ns, At safepoint: 7375 ns, Total: 517000 ns
[2022-09-21T09:34:23.289+0000][7][safepoint    ] Safepoint "Cleanup", Time since last: 1005021626 ns, Reaching safepoint: 383166 ns, At safepoint: 5834 ns, Total: 389000 ns
[2022-09-21T09:34:24.295+0000][7][safepoint    ] Safepoint "Cleanup", Time since last: 1005859000 ns, Reaching safepoint: 283709 ns, At safepoint: 6791 ns, Total: 290500 ns
[2022-09-21T09:34:25.299+0000][7][safepoint    ] Safepoint "Cleanup", Time since last: 1004098959 ns, Reaching safepoint: 571917 ns, At safepoint: 17625 ns, Total: 589542 ns
[2022-09-21T09:34:26.306+0000][7][safepoint    ] Safepoint "Cleanup", Time since last: 1005982167 ns, Reaching safepoint: 645792 ns, At safepoint: 6583 ns, Total: 652375 ns
[2022-09-21T09:34:27.312+0000][7][safepoint    ] Safepoint "Cleanup", Time since last: 1005631959 ns, Reaching safepoint: 400166 ns, At safepoint: 6167 ns, Total: 406333 ns
[2022-09-21T09:34:28.316+0000][7][safepoint    ] Safepoint "Cleanup", Time since last: 1004151792 ns, Reaching safepoint: 279625 ns, At safepoint: 4750 ns, Total: 284375 ns
[2022-09-21T09:34:29.321+0000][7][safepoint    ] Safepoint "Cleanup", Time since last: 1004076626 ns, Reaching safepoint: 264583 ns, At safepoint: 3417 ns, Total: 268000 ns
[2022-09-21T09:34:30.323+0000][7][safepoint    ] Safepoint "Cleanup", Time since last: 1002331125 ns, Reaching safepoint: 178208 ns, At safepoint: 3375 ns, Total: 181583 ns
[2022-09-21T09:34:31.327+0000][7][safepoint    ] Safepoint "Cleanup", Time since last: 1003340709 ns, Reaching safepoint: 552542 ns, At safepoint: 7875 ns, Total: 560417 ns
[2022-09-21T09:34:32.333+0000][7][safepoint    ] Safepoint "Cleanup", Time since last: 1005243334 ns, Reaching safepoint: 670166 ns, At safepoint: 10000 ns, Total: 680166 ns
[2022-09-21T09:34:33.338+0000][7][safepoint    ] Safepoint "Cleanup", Time since last: 1004247626 ns, Reaching safepoint: 574333 ns, At safepoint: 9625 ns, Total: 583958 ns
[2022-09-21T09:34:34.345+0000][7][safepoint    ] Safepoint "Cleanup", Time since last: 1006302626 ns, Reaching safepoint: 361083 ns, At safepoint: 6583 ns, Total: 367666 ns
[2022-09-21T09:34:35.349+0000][7][safepoint    ] Safepoint "Cleanup", Time since last: 1003885876 ns, Reaching safepoint: 434208 ns, At safepoint: 6042 ns, Total: 440250 ns
[2022-09-21T09:34:36.355+0000][7][safepoint    ] Safepoint "Cleanup", Time since last: 1006021917 ns, Reaching safepoint: 376917 ns, At safepoint: 6041 ns, Total: 382958 ns
[2022-09-21T09:34:37.360+0000][7][safepoint    ] Safepoint "Cleanup", Time since last: 1004217667 ns, Reaching safepoint: 409000 ns, At safepoint: 6375 ns, Total: 415375 ns
[2022-09-21T09:34:38.366+0000][7][safepoint    ] Safepoint "Cleanup", Time since last: 1005244459 ns, Reaching safepoint: 477000 ns, At safepoint: 6250 ns, Total: 483250 ns
[2022-09-21T09:34:39.372+0000][7][safepoint    ] Safepoint "Cleanup", Time since last: 1005590126 ns, Reaching safepoint: 377750 ns, At safepoint: 6875 ns, Total: 384625 ns
[2022-09-21T09:34:40.382+0000][7][safepoint    ] Safepoint "Cleanup", Time since last: 1010024417 ns, Reaching safepoint: 630542 ns, At safepoint: 7333 ns, Total: 637875 ns
[2022-09-21T09:34:41.387+0000][7][safepoint    ] Safepoint "Cleanup", Time since last: 1003929750 ns, Reaching safepoint: 296375 ns, At safepoint: 5834 ns, Total: 302209 ns
[2022-09-21T09:34:43.049+0000][7][safepoint    ] Safepoint "Cleanup", Time since last: 1660750209 ns, Reaching safepoint: 1309333 ns, At safepoint: 14959 ns, Total: 1324292 ns
[2022-09-21T09:34:44.056+0000][7][safepoint    ] Safepoint "Cleanup", Time since last: 1006930000 ns, Reaching safepoint: 556083 ns, At safepoint: 13000 ns, Total: 569083 ns
[2022-09-21T09:34:45.067+0000][7][safepoint    ] Safepoint "Cleanup", Time since last: 1009989959 ns, Reaching safepoint: 545625 ns, At safepoint: 9167 ns, Total: 554792 ns
[2022-09-21T09:34:46.072+0000][7][safepoint    ] Safepoint "Cleanup", Time since last: 1005513375 ns, Reaching safepoint: 260500 ns, At safepoint: 4125 ns, Total: 264625 ns
[2022-09-21T09:34:47.077+0000][7][safepoint    ] Safepoint "Cleanup", Time since last: 1003860708 ns, Reaching safepoint: 382000 ns, At safepoint: 6917 ns, Total: 388917 ns
[2022-09-21T09:34:48.081+0000][7][safepoint    ] Safepoint "Cleanup", Time since last: 1003873417 ns, Reaching safepoint: 878167 ns, At safepoint: 8875 ns, Total: 887042 ns
[2022-09-21T09:34:49.085+0000][7][safepoint    ] Safepoint "Cleanup", Time since last: 1003596875 ns, Reaching safepoint: 372042 ns, At safepoint: 6250 ns, Total: 378292 ns
[2022-09-21T09:34:50.093+0000][7][safepoint    ] Safepoint "Cleanup", Time since last: 1006547501 ns, Reaching safepoint: 1123625 ns, At safepoint: 9333 ns, Total: 1132958 ns
[2022-09-21T09:34:51.098+0000][7][safepoint    ] Safepoint "Cleanup", Time since last: 1004711750 ns, Reaching safepoint: 256125 ns, At safepoint: 4584 ns, Total: 260709 ns
[2022-09-21T09:34:52.103+0000][7][safepoint    ] Safepoint "Cleanup", Time since last: 1004288167 ns, Reaching safepoint: 260167 ns, At safepoint: 4416 ns, Total: 264583 ns
[2022-09-21T09:34:53.107+0000][7][safepoint    ] Safepoint "Cleanup", Time since last: 1004325084 ns, Reaching safepoint: 344958 ns, At safepoint: 6334 ns, Total: 351292 ns
[2022-09-21T09:34:54.117+0000][7][safepoint    ] Safepoint "Cleanup", Time since last: 1009813792 ns, Reaching safepoint: 289000 ns, At safepoint: 4708 ns, Total: 293708 ns
[2022-09-21T09:34:55.123+0000][7][safepoint    ] Safepoint "Cleanup", Time since last: 1005602876 ns, Reaching safepoint: 279500 ns, At safepoint: 4250 ns, Total: 283750 ns
[2022-09-21T09:34:56.128+0000][7][safepoint    ] Safepoint "Cleanup", Time since last: 1004426958 ns, Reaching safepoint: 405167 ns, At safepoint: 6000 ns, Total: 411167 ns
[2022-09-21T09:34:56.426+0000][7][safepoint    ] Safepoint "BulkRevokeBias", Time since last: 296455375 ns, Reaching safepoint: 1093917 ns, At safepoint: 196375 ns, Total: 1290292 ns
[2022-09-21T09:34:58.066+0000][7][safepoint    ] Safepoint "Cleanup", Time since last: 1639456251 ns, Reaching safepoint: 522750 ns, At safepoint: 9083 ns, Total: 531833 ns
[2022-09-21T09:34:59.070+0000][7][safepoint    ] Safepoint "Cleanup", Time since last: 1003284501 ns, Reaching safepoint: 374375 ns, At safepoint: 6583 ns, Total: 380958 ns
[2022-09-21T09:35:00.077+0000][7][safepoint    ] Safepoint "Cleanup", Time since last: 1006468209 ns, Reaching safepoint: 524000 ns, At safepoint: 26375 ns, Total: 550375 ns
[2022-09-21T09:35:01.093+0000][7][safepoint    ] Safepoint "Cleanup", Time since last: 1016246125 ns, Reaching safepoint: 265250 ns, At safepoint: 5417 ns, Total: 270667 ns
[2022-09-21T09:35:02.097+0000][7][safepoint    ] Safepoint "Cleanup", Time since last: 1003478625 ns, Reaching safepoint: 571542 ns, At safepoint: 10000 ns, Total: 581542 ns
[2022-09-21T09:35:03.101+0000][7][safepoint    ] Safepoint "Cleanup", Time since last: 1003146125 ns, Reaching safepoint: 351375 ns, At safepoint: 27209 ns, Total: 378584 ns
[2022-09-21T09:35:04.105+0000][7][safepoint    ] Safepoint "Cleanup", Time since last: 1004395500 ns, Reaching safepoint: 406542 ns, At safepoint: 10833 ns, Total: 417375 ns
[2022-09-21T09:35:05.110+0000][7][safepoint    ] Safepoint "Cleanup", Time since last: 1004008251 ns, Reaching safepoint: 546208 ns, At safepoint: 7792 ns, Total: 554000 ns
[2022-09-21T09:35:06.121+0000][7][safepoint    ] Safepoint "Cleanup", Time since last: 1010823959 ns, Reaching safepoint: 336541 ns, At safepoint: 8667 ns, Total: 345208 ns
[2022-09-21T09:35:07.125+0000][7][safepoint    ] Safepoint "Cleanup", Time since last: 1002667000 ns, Reaching safepoint: 1340792 ns, At safepoint: 13750 ns, Total: 1354542 ns
[2022-09-21T09:35:08.131+0000][7][safepoint    ] Safepoint "Cleanup", Time since last: 1005883501 ns, Reaching safepoint: 383875 ns, At safepoint: 6833 ns, Total: 390708 ns
[2022-09-21T09:35:09.141+0000][7][safepoint    ] Safepoint "Cleanup", Time since last: 1009079792 ns, Reaching safepoint: 573750 ns, At safepoint: 11792 ns, Total: 585542 ns
[2022-09-21T09:35:10.149+0000][7][safepoint    ] Safepoint "Cleanup", Time since last: 1006940500 ns, Reaching safepoint: 500042 ns, At safepoint: 7333 ns, Total: 507375 ns
[2022-09-21T09:35:11.157+0000][7][safepoint    ] Safepoint "Cleanup", Time since last: 1007975876 ns, Reaching safepoint: 316750 ns, At safepoint: 4708 ns, Total: 321458 ns
[2022-09-21T09:35:12.161+0000][7][safepoint    ] Safepoint "Cleanup", Time since last: 1003969334 ns, Reaching safepoint: 441916 ns, At safepoint: 6542 ns, Total: 448458 ns
[2022-09-21T09:35:13.164+0000][7][safepoint    ] Safepoint "Cleanup", Time since last: 1002844459 ns, Reaching safepoint: 297000 ns, At safepoint: 5625 ns, Total: 302625 ns
[2022-09-21T09:35:14.169+0000][7][safepoint    ] Safepoint "Cleanup", Time since last: 1003940459 ns, Reaching safepoint: 430833 ns, At safepoint: 7792 ns, Total: 438625 ns
[2022-09-21T09:35:15.173+0000][7][safepoint    ] Safepoint "Cleanup", Time since last: 1003739209 ns, Reaching safepoint: 352500 ns, At safepoint: 5833 ns, Total: 358333 ns
[2022-09-21T09:35:16.183+0000][7][safepoint    ] Safepoint "Cleanup", Time since last: 1009663125 ns, Reaching safepoint: 452916 ns, At safepoint: 8334 ns, Total: 461250 ns
[2022-09-21T09:35:17.191+0000][7][safepoint    ] Safepoint "Cleanup", Time since last: 1007593834 ns, Reaching safepoint: 398916 ns, At safepoint: 5375 ns, Total: 404291 ns
[2022-09-21T09:35:18.196+0000][7][safepoint    ] Safepoint "Cleanup", Time since last: 1003872792 ns, Reaching safepoint: 392209 ns, At safepoint: 5833 ns, Total: 398042 ns
[2022-09-21T09:35:19.202+0000][7][safepoint    ] Safepoint "Cleanup", Time since last: 1006203250 ns, Reaching safepoint: 353500 ns, At safepoint: 8792 ns, Total: 362292 ns
[2022-09-21T09:35:20.207+0000][7][safepoint    ] Safepoint "Cleanup", Time since last: 1004524542 ns, Reaching safepoint: 537250 ns, At safepoint: 8375 ns, Total: 545625 ns
[2022-09-21T09:35:21.213+0000][7][safepoint    ] Safepoint "Cleanup", Time since last: 1004832501 ns, Reaching safepoint: 713041 ns, At safepoint: 9167 ns, Total: 722208 ns
[2022-09-21T09:35:22.222+0000][7][safepoint    ] Safepoint "Cleanup", Time since last: 1008399126 ns, Reaching safepoint: 500958 ns, At safepoint: 10792 ns, Total: 511750 ns
[2022-09-21T09:35:23.230+0000][7][safepoint    ] Safepoint "Cleanup", Time since last: 1008056167 ns, Reaching safepoint: 425666 ns, At safepoint: 5625 ns, Total: 431291 ns
[2022-09-21T09:35:24.236+0000][7][safepoint    ] Safepoint "Cleanup", Time since last: 1005736918 ns, Reaching safepoint: 366916 ns, At safepoint: 4375 ns, Total: 371291 ns
[2022-09-21T09:35:25.252+0000][7][safepoint    ] Safepoint "Cleanup", Time since last: 1015824376 ns, Reaching safepoint: 297333 ns, At safepoint: 4417 ns, Total: 301750 ns
[2022-09-21T09:35:26.255+0000][7][safepoint    ] Safepoint "Cleanup", Time since last: 1002222250 ns, Reaching safepoint: 481417 ns, At safepoint: 61708 ns, Total: 543125 ns
[2022-09-21T09:35:27.263+0000][7][safepoint    ] Safepoint "Cleanup", Time since last: 1007307834 ns, Reaching safepoint: 919375 ns, At safepoint: 11708 ns, Total: 931083 ns
[2022-09-21T09:35:28.270+0000][7][safepoint    ] Safepoint "Cleanup", Time since last: 1006340667 ns, Reaching safepoint: 405834 ns, At safepoint: 7041 ns, Total: 412875 ns
[2022-09-21T09:35:29.276+0000][7][safepoint    ] Safepoint "Cleanup", Time since last: 1005147418 ns, Reaching safepoint: 349791 ns, At safepoint: 4959 ns, Total: 354750 ns
[2022-09-21T09:35:30.281+0000][7][safepoint    ] Safepoint "Cleanup", Time since last: 1005444250 ns, Reaching safepoint: 257583 ns, At safepoint: 5417 ns, Total: 263000 ns
[2022-09-21T09:35:31.290+0000][7][safepoint    ] Safepoint "Cleanup", Time since last: 1007838501 ns, Reaching safepoint: 375125 ns, At safepoint: 5875 ns, Total: 381000 ns
[2022-09-21T09:35:32.293+0000][7][safepoint    ] Safepoint "Cleanup", Time since last: 1003595792 ns, Reaching safepoint: 234416 ns, At safepoint: 3875 ns, Total: 238291 ns
[2022-09-21T09:35:33.300+0000][7][safepoint    ] Safepoint "Cleanup", Time since last: 1006628584 ns, Reaching safepoint: 366959 ns, At safepoint: 6000 ns, Total: 372959 ns
[2022-09-21T09:35:34.306+0000][7][safepoint    ] Safepoint "Cleanup", Time since last: 1005310208 ns, Reaching safepoint: 496709 ns, At safepoint: 8750 ns, Total: 505459 ns
[2022-09-21T09:35:35.314+0000][7][safepoint    ] Safepoint "Cleanup", Time since last: 1007723292 ns, Reaching safepoint: 374708 ns, At safepoint: 6125 ns, Total: 380833 ns
[2022-09-21T09:35:36.321+0000][7][safepoint    ] Safepoint "Cleanup", Time since last: 1005969501 ns, Reaching safepoint: 452583 ns, At safepoint: 7167 ns, Total: 459750 ns
[2022-09-21T09:35:37.324+0000][7][safepoint    ] Safepoint "Cleanup", Time since last: 1003046625 ns, Reaching safepoint: 376458 ns, At safepoint: 5500 ns, Total: 381958 ns
[2022-09-21T09:35:38.329+0000][7][safepoint    ] Safepoint "Cleanup", Time since last: 1004817334 ns, Reaching safepoint: 394625 ns, At safepoint: 5417 ns, Total: 400042 ns
[2022-09-21T09:35:39.335+0000][7][safepoint    ] Safepoint "Cleanup", Time since last: 1004996542 ns, Reaching safepoint: 197708 ns, At safepoint: 3334 ns, Total: 201042 ns
[2022-09-21T09:35:40.337+0000][7][safepoint    ] Safepoint "Cleanup", Time since last: 1002326417 ns, Reaching safepoint: 286500 ns, At safepoint: 5125 ns, Total: 291625 ns
[2022-09-21T09:35:41.342+0000][7][safepoint    ] Safepoint "Cleanup", Time since last: 1004735125 ns, Reaching safepoint: 366459 ns, At safepoint: 4708 ns, Total: 371167 ns
[2022-09-21T09:35:42.350+0000][7][safepoint    ] Safepoint "Cleanup", Time since last: 1007021042 ns, Reaching safepoint: 276709 ns, At safepoint: 5416 ns, Total: 282125 ns
[2022-09-21T09:35:43.354+0000][7][safepoint    ] Safepoint "Cleanup", Time since last: 1004302917 ns, Reaching safepoint: 346459 ns, At safepoint: 6333 ns, Total: 352792 ns
[2022-09-21T09:35:44.361+0000][7][safepoint    ] Safepoint "Cleanup", Time since last: 1006172875 ns, Reaching safepoint: 366959 ns, At safepoint: 6666 ns, Total: 373625 ns
[2022-09-21T09:35:45.366+0000][7][safepoint    ] Safepoint "Cleanup", Time since last: 1005043751 ns, Reaching safepoint: 140458 ns, At safepoint: 1875 ns, Total: 142333 ns
[2022-09-21T09:35:46.373+0000][7][safepoint    ] Safepoint "Cleanup", Time since last: 1006933208 ns, Reaching safepoint: 273083 ns, At safepoint: 4209 ns, Total: 277292 ns
[2022-09-21T09:35:47.377+0000][7][safepoint    ] Safepoint "Cleanup", Time since last: 1003352875 ns, Reaching safepoint: 263000 ns, At safepoint: 3875 ns, Total: 266875 ns
[2022-09-21T09:35:48.386+0000][7][safepoint    ] Safepoint "Cleanup", Time since last: 1008568209 ns, Reaching safepoint: 529875 ns, At safepoint: 9625 ns, Total: 539500 ns
[2022-09-21T09:35:49.397+0000][7][safepoint    ] Safepoint "Cleanup", Time since last: 1011074792 ns, Reaching safepoint: 312334 ns, At safepoint: 4583 ns, Total: 316917 ns
[2022-09-21T09:35:50.402+0000][7][safepoint    ] Safepoint "Cleanup", Time since last: 1004896042 ns, Reaching safepoint: 124458 ns, At safepoint: 3250 ns, Total: 127708 ns
[2022-09-21T09:35:51.409+0000][7][safepoint    ] Safepoint "Cleanup", Time since last: 1006356418 ns, Reaching safepoint: 417916 ns, At safepoint: 7417 ns, Total: 425333 ns
[2022-09-21T09:35:52.413+0000][7][safepoint    ] Safepoint "Cleanup", Time since last: 1003710459 ns, Reaching safepoint: 392791 ns, At safepoint: 5500 ns, Total: 398291 ns
[2022-09-21T09:35:53.423+0000][7][safepoint    ] Safepoint "Cleanup", Time since last: 1008807584 ns, Reaching safepoint: 400625 ns, At safepoint: 8375 ns, Total: 409000 ns
[2022-09-21T09:35:54.430+0000][7][safepoint    ] Safepoint "Cleanup", Time since last: 1006865501 ns, Reaching safepoint: 276875 ns, At safepoint: 4666 ns, Total: 281541 ns
[2022-09-21T09:35:55.437+0000][7][safepoint    ] Safepoint "Cleanup", Time since last: 1006511167 ns, Reaching safepoint: 773917 ns, At safepoint: 16375 ns, Total: 790292 ns
[2022-09-21T09:35:56.443+0000][7][safepoint    ] Safepoint "Cleanup", Time since last: 1005145292 ns, Reaching safepoint: 766334 ns, At safepoint: 6333 ns, Total: 772667 ns
[2022-09-21T09:35:57.451+0000][7][safepoint    ] Safepoint "Cleanup", Time since last: 1007800875 ns, Reaching safepoint: 252750 ns, At safepoint: 4459 ns, Total: 257209 ns
[2022-09-21T09:35:58.458+0000][7][safepoint    ] Safepoint "Cleanup", Time since last: 1006316875 ns, Reaching safepoint: 420834 ns, At safepoint: 8208 ns, Total: 429042 ns
[2022-09-21T09:35:59.462+0000][7][safepoint    ] Safepoint "Cleanup", Time since last: 1004121750 ns, Reaching safepoint: 335125 ns, At safepoint: 4417 ns, Total: 339542 ns
[2022-09-21T09:36:00.467+0000][7][safepoint    ] Safepoint "Cleanup", Time since last: 1004161584 ns, Reaching safepoint: 363292 ns, At safepoint: 7083 ns, Total: 370375 ns
[2022-09-21T09:36:01.476+0000][7][safepoint    ] Safepoint "Cleanup", Time since last: 1008989167 ns, Reaching safepoint: 389708 ns, At safepoint: 8834 ns, Total: 398542 ns
[2022-09-21T09:36:02.484+0000][7][safepoint    ] Safepoint "Cleanup", Time since last: 1006404875 ns, Reaching safepoint: 1321750 ns, At safepoint: 12125 ns, Total: 1333875 ns
[2022-09-21T09:36:03.489+0000][7][safepoint    ] Safepoint "Cleanup", Time since last: 1004798917 ns, Reaching safepoint: 249750 ns, At safepoint: 4667 ns, Total: 254417 ns
[2022-09-21T09:36:04.494+0000][7][safepoint    ] Safepoint "Cleanup", Time since last: 1004960292 ns, Reaching safepoint: 438667 ns, At safepoint: 7416 ns, Total: 446083 ns
[2022-09-21T09:36:05.503+0000][7][safepoint    ] Safepoint "Cleanup", Time since last: 1007818501 ns, Reaching safepoint: 339500 ns, At safepoint: 4792 ns, Total: 344292 ns
[2022-09-21T09:36:06.524+0000][7][safepoint    ] Safepoint "Cleanup", Time since last: 1021287583 ns, Reaching safepoint: 456292 ns, At safepoint: 6917 ns, Total: 463209 ns
[2022-09-21T09:36:07.527+0000][7][safepoint    ] Safepoint "Cleanup", Time since last: 1002653834 ns, Reaching safepoint: 404625 ns, At safepoint: 5500 ns, Total: 410125 ns
[2022-09-21T09:36:08.536+0000][7][safepoint    ] Safepoint "Cleanup", Time since last: 1007990417 ns, Reaching safepoint: 603291 ns, At safepoint: 8125 ns, Total: 611416 ns
[2022-09-21T09:36:09.541+0000][7][safepoint    ] Safepoint "Cleanup", Time since last: 1005141959 ns, Reaching safepoint: 333459 ns, At safepoint: 5708 ns, Total: 339167 ns
[2022-09-21T09:36:10.552+0000][7][safepoint    ] Safepoint "Cleanup", Time since last: 1009250959 ns, Reaching safepoint: 857083 ns, At safepoint: 8750 ns, Total: 865833 ns
[2022-09-21T09:36:11.559+0000][7][safepoint    ] Safepoint "Cleanup", Time since last: 1006747917 ns, Reaching safepoint: 305208 ns, At safepoint: 4292 ns, Total: 309500 ns
[2022-09-21T09:36:12.568+0000][7][safepoint    ] Safepoint "Cleanup", Time since last: 1009240292 ns, Reaching safepoint: 532375 ns, At safepoint: 7125 ns, Total: 539500 ns
[2022-09-21T09:36:13.573+0000][7][safepoint    ] Safepoint "Cleanup", Time since last: 1003869834 ns, Reaching safepoint: 503417 ns, At safepoint: 9833 ns, Total: 513250 ns
[2022-09-21T09:36:14.580+0000][7][safepoint    ] Safepoint "Cleanup", Time since last: 1007390959 ns, Reaching safepoint: 347333 ns, At safepoint: 6667 ns, Total: 354000 ns
[2022-09-21T09:36:15.587+0000][7][safepoint    ] Safepoint "Cleanup", Time since last: 1006428417 ns, Reaching safepoint: 395417 ns, At safepoint: 8375 ns, Total: 403792 ns
[2022-09-21T09:36:16.597+0000][7][safepoint    ] Safepoint "Cleanup", Time since last: 1007447958 ns, Reaching safepoint: 1392458 ns, At safepoint: 31583 ns, Total: 1424041 ns
[2022-09-21T09:36:16.882+0000][7][gc,start     ] GC(28) Pause Young (Normal) (G1 Evacuation Pause)
[2022-09-21T09:36:16.886+0000][7][gc,task      ] GC(28) Using 4 workers of 4 for evacuation
[2022-09-21T09:36:16.888+0000][7][gc,age       ] GC(28) Desired survivor size 19922944 bytes, new threshold 15 (max threshold 15)
[2022-09-21T09:36:16.939+0000][7][gc,age       ] GC(28) Age table with threshold 15 (max threshold 15)
[2022-09-21T09:36:16.940+0000][7][gc,age       ] GC(28) - age   1:     285696 bytes,     285696 total
[2022-09-21T09:36:16.941+0000][7][gc,age       ] GC(28) - age   2:      45944 bytes,     331640 total
[2022-09-21T09:36:16.941+0000][7][gc,age       ] GC(28) - age   3:     490168 bytes,     821808 total
[2022-09-21T09:36:16.942+0000][7][gc,age       ] GC(28) - age   4:     749664 bytes,    1571472 total
[2022-09-21T09:36:16.942+0000][7][gc,age       ] GC(28) - age   5:     271992 bytes,    1843464 total
[2022-09-21T09:36:16.943+0000][7][gc,age       ] GC(28) - age   6:     190832 bytes,    2034296 total
[2022-09-21T09:36:16.944+0000][7][gc,age       ] GC(28) - age   7:     437104 bytes,    2471400 total
[2022-09-21T09:36:16.944+0000][7][gc,age       ] GC(28) - age   8:     222248 bytes,    2693648 total
[2022-09-21T09:36:16.945+0000][7][gc,age       ] GC(28) - age   9:     420064 bytes,    3113712 total
[2022-09-21T09:36:16.945+0000][7][gc,age       ] GC(28) - age  10:     524296 bytes,    3638008 total
[2022-09-21T09:36:16.946+0000][7][gc,age       ] GC(28) - age  11:    1408896 bytes,    5046904 total
[2022-09-21T09:36:16.947+0000][7][gc,age       ] GC(28) - age  12:    3608144 bytes,    8655048 total
[2022-09-21T09:36:16.947+0000][7][gc,age       ] GC(28) - age  13:    5198592 bytes,   13853640 total
[2022-09-21T09:36:16.948+0000][7][gc,phases    ] GC(28)   Pre Evacuate Collection Set: 0.3ms
[2022-09-21T09:36:16.949+0000][7][gc,phases    ] GC(28)   Merge Heap Roots: 0.3ms
[2022-09-21T09:36:16.950+0000][7][gc,phases    ] GC(28)   Evacuate Collection Set: 41.9ms
[2022-09-21T09:36:16.950+0000][7][gc,phases    ] GC(28)   Post Evacuate Collection Set: 4.4ms
[2022-09-21T09:36:16.951+0000][7][gc,phases    ] GC(28)   Other: 19.7ms
[2022-09-21T09:36:16.952+0000][7][gc,heap      ] GC(28) Eden regions: 287->0(287)
[2022-09-21T09:36:16.952+0000][7][gc,heap      ] GC(28) Survivor regions: 15->15(38)
[2022-09-21T09:36:16.953+0000][7][gc,heap      ] GC(28) Old regions: 60->60
[2022-09-21T09:36:16.954+0000][7][gc,heap      ] GC(28) Archive regions: 0->0
[2022-09-21T09:36:16.954+0000][7][gc,heap      ] GC(28) Humongous regions: 7->7
[2022-09-21T09:36:16.955+0000][7][gc,metaspace ] GC(28) Metaspace: 110391K(118556K)->110391K(118556K) NonClass: 96413K(101296K)->96413K(101296K) Class: 13978K(17260K)->13978K(17260K)
[2022-09-21T09:36:16.956+0000][7][gc           ] GC(28) Pause Young (Normal) (G1 Evacuation Pause) 368M->81M(512M) 73.347ms
[2022-09-21T09:36:16.956+0000][7][gc,cpu       ] GC(28) User=0.18s Sys=0.01s Real=0.07s
[2022-09-21T09:36:16.957+0000][7][safepoint    ] Safepoint "G1CollectForAllocation", Time since last: 284217334 ns, Reaching safepoint: 284791 ns, At safepoint: 75595500 ns, Total: 75880291 ns
[2022-09-21T09:36:17.960+0000][7][safepoint    ] Safepoint "Cleanup", Time since last: 1002544668 ns, Reaching safepoint: 721708 ns, At safepoint: 34042 ns, Total: 755750 ns
[2022-09-21T09:36:18.965+0000][7][safepoint    ] Safepoint "Cleanup", Time since last: 1004834125 ns, Reaching safepoint: 112375 ns, At safepoint: 2208 ns, Total: 114583 ns
[2022-09-21T09:36:19.967+0000][7][safepoint    ] Safepoint "Cleanup", Time since last: 1001327501 ns, Reaching safepoint: 528042 ns, At safepoint: 7666 ns, Total: 535708 ns
[2022-09-21T09:36:20.972+0000][7][safepoint    ] Safepoint "Cleanup", Time since last: 1004902334 ns, Reaching safepoint: 216542 ns, At safepoint: 5333 ns, Total: 221875 ns
[2022-09-21T09:36:21.977+0000][7][safepoint    ] Safepoint "Cleanup", Time since last: 1004398584 ns, Reaching safepoint: 509958 ns, At safepoint: 7750 ns, Total: 517708 ns
[2022-09-21T09:36:22.981+0000][7][safepoint    ] Safepoint "Cleanup", Time since last: 1003239792 ns, Reaching safepoint: 269959 ns, At safepoint: 3666 ns, Total: 273625 ns
[2022-09-21T09:36:23.984+0000][7][safepoint    ] Safepoint "Cleanup", Time since last: 1002959584 ns, Reaching safepoint: 151583 ns, At safepoint: 1625 ns, Total: 153208 ns
[2022-09-21T09:36:24.987+0000][7][safepoint    ] Safepoint "Cleanup", Time since last: 1002973209 ns, Reaching safepoint: 421334 ns, At safepoint: 5833 ns, Total: 427167 ns
[2022-09-21T09:36:25.997+0000][7][safepoint    ] Safepoint "Cleanup", Time since last: 1009752417 ns, Reaching safepoint: 312917 ns, At safepoint: 5375 ns, Total: 318292 ns
[2022-09-21T09:36:27.006+0000][7][safepoint    ] Safepoint "Cleanup", Time since last: 1008620334 ns, Reaching safepoint: 515958 ns, At safepoint: 8208 ns, Total: 524166 ns
[2022-09-21T09:36:28.009+0000][7][safepoint    ] Safepoint "Cleanup", Time since last: 1002720376 ns, Reaching safepoint: 286500 ns, At safepoint: 5250 ns, Total: 291750 ns
[2022-09-21T09:36:29.013+0000][7][safepoint    ] Safepoint "Cleanup", Time since last: 1003297500 ns, Reaching safepoint: 395500 ns, At safepoint: 5083 ns, Total: 400583 ns
[2022-09-21T09:36:30.021+0000][7][safepoint    ] Safepoint "Cleanup", Time since last: 1007627834 ns, Reaching safepoint: 369000 ns, At safepoint: 15625 ns, Total: 384625 ns
[2022-09-21T09:36:31.026+0000][7][safepoint    ] Safepoint "Cleanup", Time since last: 1004103209 ns, Reaching safepoint: 359125 ns, At safepoint: 30667 ns, Total: 389792 ns
[2022-09-21T09:36:32.031+0000][7][safepoint    ] Safepoint "Cleanup", Time since last: 1005161875 ns, Reaching safepoint: 314917 ns, At safepoint: 4708 ns, Total: 319625 ns
[2022-09-21T09:36:33.036+0000][7][safepoint    ] Safepoint "Cleanup", Time since last: 1004432792 ns, Reaching safepoint: 441667 ns, At safepoint: 16792 ns, Total: 458459 ns
[2022-09-21T09:36:34.039+0000][7][safepoint    ] Safepoint "Cleanup", Time since last: 1002929459 ns, Reaching safepoint: 409041 ns, At safepoint: 6959 ns, Total: 416000 ns
[2022-09-21T09:36:35.043+0000][7][safepoint    ] Safepoint "Cleanup", Time since last: 1003315833 ns, Reaching safepoint: 342167 ns, At safepoint: 5625 ns, Total: 347792 ns
[2022-09-21T09:36:36.047+0000][7][safepoint    ] Safepoint "Cleanup", Time since last: 1002770917 ns, Reaching safepoint: 986250 ns, At safepoint: 10667 ns, Total: 996917 ns
[2022-09-21T09:36:37.051+0000][7][safepoint    ] Safepoint "Cleanup", Time since last: 1003448334 ns, Reaching safepoint: 377875 ns, At safepoint: 6625 ns, Total: 384500 ns
[2022-09-21T09:36:38.060+0000][7][safepoint    ] Safepoint "Cleanup", Time since last: 1009378208 ns, Reaching safepoint: 407417 ns, At safepoint: 64917 ns, Total: 472334 ns
[2022-09-21T09:36:39.071+0000][7][safepoint    ] Safepoint "Cleanup", Time since last: 1009861000 ns, Reaching safepoint: 469667 ns, At safepoint: 8667 ns, Total: 478334 ns
[2022-09-21T09:36:40.079+0000][7][safepoint    ] Safepoint "Cleanup", Time since last: 1005781833 ns, Reaching safepoint: 2524292 ns, At safepoint: 21250 ns, Total: 2545542 ns
[2022-09-21T09:36:41.087+0000][7][safepoint    ] Safepoint "Cleanup", Time since last: 1007785959 ns, Reaching safepoint: 534542 ns, At safepoint: 7958 ns, Total: 542500 ns
[2022-09-21T09:36:42.095+0000][7][safepoint    ] Safepoint "Cleanup", Time since last: 1006839667 ns, Reaching safepoint: 470000 ns, At safepoint: 10625 ns, Total: 480625 ns
[2022-09-21T09:36:43.100+0000][7][safepoint    ] Safepoint "Cleanup", Time since last: 1004435792 ns, Reaching safepoint: 284792 ns, At safepoint: 7292 ns, Total: 292084 ns
[2022-09-21T09:36:44.106+0000][7][safepoint    ] Safepoint "Cleanup", Time since last: 1005959208 ns, Reaching safepoint: 221542 ns, At safepoint: 4208 ns, Total: 225750 ns
[2022-09-21T09:36:45.112+0000][7][safepoint    ] Safepoint "Cleanup", Time since last: 1006118792 ns, Reaching safepoint: 264417 ns, At safepoint: 20333 ns, Total: 284750 ns
[2022-09-21T09:36:46.117+0000][7][safepoint    ] Safepoint "Cleanup", Time since last: 1003930542 ns, Reaching safepoint: 317042 ns, At safepoint: 4958 ns, Total: 322000 ns
[2022-09-21T09:36:47.121+0000][7][safepoint    ] Safepoint "Cleanup", Time since last: 1003429750 ns, Reaching safepoint: 270625 ns, At safepoint: 3834 ns, Total: 274459 ns
[2022-09-21T09:36:48.125+0000][7][safepoint    ] Safepoint "Cleanup", Time since last: 1003809875 ns, Reaching safepoint: 625417 ns, At safepoint: 8375 ns, Total: 633792 ns
[2022-09-21T09:36:49.135+0000][7][safepoint    ] Safepoint "Cleanup", Time since last: 1009364250 ns, Reaching safepoint: 471167 ns, At safepoint: 68792 ns, Total: 539959 ns
[2022-09-21T09:36:50.139+0000][7][safepoint    ] Safepoint "Cleanup", Time since last: 1003740709 ns, Reaching safepoint: 269166 ns, At safepoint: 5042 ns, Total: 274208 ns
[2022-09-21T09:36:51.146+0000][7][safepoint    ] Safepoint "Cleanup", Time since last: 1006815042 ns, Reaching safepoint: 191917 ns, At safepoint: 4625 ns, Total: 196542 ns
[2022-09-21T09:36:52.151+0000][7][safepoint    ] Safepoint "Cleanup", Time since last: 1003959959 ns, Reaching safepoint: 277166 ns, At safepoint: 4917 ns, Total: 282083 ns
[2022-09-21T09:36:53.154+0000][7][safepoint    ] Safepoint "Cleanup", Time since last: 1003470209 ns, Reaching safepoint: 398416 ns, At safepoint: 8250 ns, Total: 406666 ns
[2022-09-21T09:36:54.162+0000][7][safepoint    ] Safepoint "Cleanup", Time since last: 1006755417 ns, Reaching safepoint: 686792 ns, At safepoint: 10042 ns, Total: 696834 ns
[2022-09-21T09:36:55.171+0000][7][safepoint    ] Safepoint "Cleanup", Time since last: 1008890750 ns, Reaching safepoint: 263334 ns, At safepoint: 4958 ns, Total: 268292 ns
[2022-09-21T09:36:56.174+0000][7][safepoint    ] Safepoint "Cleanup", Time since last: 1002892542 ns, Reaching safepoint: 291667 ns, At safepoint: 4625 ns, Total: 296292 ns
[2022-09-21T09:36:57.177+0000][7][safepoint    ] Safepoint "Cleanup", Time since last: 1002408709 ns, Reaching safepoint: 334041 ns, At safepoint: 3292 ns, Total: 337333 ns
[2022-09-21T09:36:58.182+0000][7][safepoint    ] Safepoint "Cleanup", Time since last: 1004674750 ns, Reaching safepoint: 413709 ns, At safepoint: 7541 ns, Total: 421250 ns
[2022-09-21T09:36:59.187+0000][7][safepoint    ] Safepoint "Cleanup", Time since last: 1004415334 ns, Reaching safepoint: 357917 ns, At safepoint: 4792 ns, Total: 362709 ns
[2022-09-21T09:37:00.192+0000][7][safepoint    ] Safepoint "Cleanup", Time since last: 1004641750 ns, Reaching safepoint: 466708 ns, At safepoint: 5209 ns, Total: 471917 ns
[2022-09-21T09:37:01.201+0000][7][safepoint    ] Safepoint "Cleanup", Time since last: 1008725667 ns, Reaching safepoint: 456208 ns, At safepoint: 7917 ns, Total: 464125 ns
[2022-09-21T09:37:02.207+0000][7][safepoint    ] Safepoint "Cleanup", Time since last: 1005200959 ns, Reaching safepoint: 870208 ns, At safepoint: 7042 ns, Total: 877250 ns
[2022-09-21T09:37:03.216+0000][7][safepoint    ] Safepoint "Cleanup", Time since last: 1008020333 ns, Reaching safepoint: 265459 ns, At safepoint: 6416 ns, Total: 271875 ns
[2022-09-21T09:37:04.220+0000][7][safepoint    ] Safepoint "Cleanup", Time since last: 1004273334 ns, Reaching safepoint: 240667 ns, At safepoint: 4750 ns, Total: 245417 ns
[2022-09-21T09:37:05.227+0000][7][safepoint    ] Safepoint "Cleanup", Time since last: 1006907625 ns, Reaching safepoint: 276125 ns, At safepoint: 5459 ns, Total: 281584 ns
[2022-09-21T09:37:06.234+0000][7][safepoint    ] Safepoint "Cleanup", Time since last: 1006011209 ns, Reaching safepoint: 316958 ns, At safepoint: 7417 ns, Total: 324375 ns
[2022-09-21T09:37:07.240+0000][7][safepoint    ] Safepoint "Cleanup", Time since last: 1006447208 ns, Reaching safepoint: 332959 ns, At safepoint: 6791 ns, Total: 339750 ns
[2022-09-21T09:37:08.247+0000][7][safepoint    ] Safepoint "Cleanup", Time since last: 1006015501 ns, Reaching safepoint: 558250 ns, At safepoint: 7542 ns, Total: 565792 ns
[2022-09-21T09:37:09.253+0000][7][safepoint    ] Safepoint "Cleanup", Time since last: 1006222000 ns, Reaching safepoint: 275792 ns, At safepoint: 4375 ns, Total: 280167 ns
[2022-09-21T09:37:10.258+0000][7][safepoint    ] Safepoint "Cleanup", Time since last: 1004484459 ns, Reaching safepoint: 308208 ns, At safepoint: 18042 ns, Total: 326250 ns
[2022-09-21T09:37:11.265+0000][7][safepoint    ] Safepoint "Cleanup", Time since last: 1004943958 ns, Reaching safepoint: 2170375 ns, At safepoint: 21250 ns, Total: 2191625 ns
[2022-09-21T09:37:12.393+0000][7][safepoint    ] Safepoint "Cleanup", Time since last: 1021760876 ns, Reaching safepoint: 105046083 ns, At safepoint: 491500 ns, Total: 105537583 ns
[2022-09-21T09:37:13.410+0000][7][safepoint    ] Safepoint "Cleanup", Time since last: 1015072251 ns, Reaching safepoint: 1725333 ns, At safepoint: 12375 ns, Total: 1737708 ns
[2022-09-21T09:37:14.445+0000][7][safepoint    ] Safepoint "Cleanup", Time since last: 1033777126 ns, Reaching safepoint: 1157958 ns, At safepoint: 8125 ns, Total: 1166083 ns
[2022-09-21T09:37:15.456+0000][7][safepoint    ] Safepoint "Cleanup", Time since last: 1010916125 ns, Reaching safepoint: 938209 ns, At safepoint: 16500 ns, Total: 954709 ns
[2022-09-21T09:37:16.471+0000][7][safepoint    ] Safepoint "Cleanup", Time since last: 1013030207 ns, Reaching safepoint: 3029125 ns, At safepoint: 7792 ns, Total: 3036917 ns
[2022-09-21T09:37:17.476+0000][7][safepoint    ] Safepoint "Cleanup", Time since last: 1003287209 ns, Reaching safepoint: 2349292 ns, At safepoint: 18125 ns, Total: 2367417 ns
[2022-09-21T09:37:18.491+0000][7][safepoint    ] Safepoint "Cleanup", Time since last: 1013908292 ns, Reaching safepoint: 385583 ns, At safepoint: 5417 ns, Total: 391000 ns
[2022-09-21T09:37:19.494+0000][7][safepoint    ] Safepoint "Cleanup", Time since last: 1003222584 ns, Reaching safepoint: 352000 ns, At safepoint: 5083 ns, Total: 357083 ns
[2022-09-21T09:37:20.503+0000][7][safepoint    ] Safepoint "Cleanup", Time since last: 1008153250 ns, Reaching safepoint: 227417 ns, At safepoint: 3667 ns, Total: 231084 ns
[2022-09-21T09:37:21.507+0000][7][safepoint    ] Safepoint "Cleanup", Time since last: 1003668125 ns, Reaching safepoint: 689084 ns, At safepoint: 17000 ns, Total: 706084 ns
[2022-09-21T09:37:22.513+0000][7][safepoint    ] Safepoint "Cleanup", Time since last: 1005534208 ns, Reaching safepoint: 326459 ns, At safepoint: 10958 ns, Total: 337417 ns
[2022-09-21T09:37:23.519+0000][7][safepoint    ] Safepoint "Cleanup", Time since last: 1005110334 ns, Reaching safepoint: 913792 ns, At safepoint: 49583 ns, Total: 963375 ns
[2022-09-21T09:37:24.526+0000][7][safepoint    ] Safepoint "Cleanup", Time since last: 1006659792 ns, Reaching safepoint: 403292 ns, At safepoint: 6291 ns, Total: 409583 ns
[2022-09-21T09:37:25.537+0000][7][safepoint    ] Safepoint "Cleanup", Time since last: 1010414251 ns, Reaching safepoint: 425916 ns, At safepoint: 5375 ns, Total: 431291 ns
[2022-09-21T09:37:26.543+0000][7][safepoint    ] Safepoint "Cleanup", Time since last: 1006260668 ns, Reaching safepoint: 370250 ns, At safepoint: 5833 ns, Total: 376083 ns
[2022-09-21T09:37:27.550+0000][7][safepoint    ] Safepoint "Cleanup", Time since last: 1006000584 ns, Reaching safepoint: 304750 ns, At safepoint: 4833 ns, Total: 309583 ns
[2022-09-21T09:37:28.554+0000][7][safepoint    ] Safepoint "Cleanup", Time since last: 1003508584 ns, Reaching safepoint: 378708 ns, At safepoint: 8417 ns, Total: 387125 ns
[2022-09-21T09:37:29.562+0000][7][safepoint    ] Safepoint "Cleanup", Time since last: 1008585000 ns, Reaching safepoint: 300584 ns, At safepoint: 4166 ns, Total: 304750 ns
[2022-09-21T09:37:30.567+0000][7][safepoint    ] Safepoint "Cleanup", Time since last: 1004504043 ns, Reaching safepoint: 509125 ns, At safepoint: 5750 ns, Total: 514875 ns
[2022-09-21T09:37:31.572+0000][7][safepoint    ] Safepoint "Cleanup", Time since last: 1004855458 ns, Reaching safepoint: 122334 ns, At safepoint: 1375 ns, Total: 123709 ns
[2022-09-21T09:37:32.576+0000][7][safepoint    ] Safepoint "Cleanup", Time since last: 1002717542 ns, Reaching safepoint: 461250 ns, At safepoint: 7000 ns, Total: 468250 ns
[2022-09-21T09:37:33.579+0000][7][safepoint    ] Safepoint "Cleanup", Time since last: 1002686792 ns, Reaching safepoint: 353583 ns, At safepoint: 5167 ns, Total: 358750 ns
[2022-09-21T09:37:34.585+0000][7][safepoint    ] Safepoint "Cleanup", Time since last: 1006301167 ns, Reaching safepoint: 320417 ns, At safepoint: 4750 ns, Total: 325167 ns
[2022-09-21T09:37:35.593+0000][7][safepoint    ] Safepoint "Cleanup", Time since last: 1006768834 ns, Reaching safepoint: 508291 ns, At safepoint: 6917 ns, Total: 515208 ns
[2022-09-21T09:37:36.604+0000][7][safepoint    ] Safepoint "Cleanup", Time since last: 1010818250 ns, Reaching safepoint: 802792 ns, At safepoint: 12167 ns, Total: 814959 ns
[2022-09-21T09:37:37.609+0000][7][safepoint    ] Safepoint "Cleanup", Time since last: 1004741334 ns, Reaching safepoint: 237416 ns, At safepoint: 3459 ns, Total: 240875 ns
[2022-09-21T09:37:38.614+0000][7][safepoint    ] Safepoint "Cleanup", Time since last: 1004661667 ns, Reaching safepoint: 391000 ns, At safepoint: 6875 ns, Total: 397875 ns
[2022-09-21T09:37:39.621+0000][7][safepoint    ] Safepoint "Cleanup", Time since last: 1006342625 ns, Reaching safepoint: 576709 ns, At safepoint: 6166 ns, Total: 582875 ns
[2022-09-21T09:37:40.626+0000][7][safepoint    ] Safepoint "Cleanup", Time since last: 1004017251 ns, Reaching safepoint: 287958 ns, At safepoint: 3792 ns, Total: 291750 ns
[2022-09-21T09:37:41.633+0000][7][safepoint    ] Safepoint "Cleanup", Time since last: 1007373292 ns, Reaching safepoint: 531833 ns, At safepoint: 8458 ns, Total: 540291 ns
[2022-09-21T09:37:42.638+0000][7][safepoint    ] Safepoint "Cleanup", Time since last: 1004008626 ns, Reaching safepoint: 793917 ns, At safepoint: 6708 ns, Total: 800625 ns
[2022-09-21T09:37:43.644+0000][7][safepoint    ] Safepoint "Cleanup", Time since last: 1005280667 ns, Reaching safepoint: 367583 ns, At safepoint: 4667 ns, Total: 372250 ns
[2022-09-21T09:37:44.649+0000][7][safepoint    ] Safepoint "Cleanup", Time since last: 1004398459 ns, Reaching safepoint: 427542 ns, At safepoint: 6875 ns, Total: 434417 ns
[2022-09-21T09:37:45.656+0000][7][safepoint    ] Safepoint "Cleanup", Time since last: 1005938875 ns, Reaching safepoint: 1399167 ns, At safepoint: 37750 ns, Total: 1436917 ns
[2022-09-21T09:37:46.680+0000][7][safepoint    ] Safepoint "Cleanup", Time since last: 1020177792 ns, Reaching safepoint: 467916 ns, At safepoint: 7250 ns, Total: 475166 ns
[2022-09-21T09:37:47.690+0000][7][safepoint    ] Safepoint "Cleanup", Time since last: 1010365251 ns, Reaching safepoint: 326166 ns, At safepoint: 5292 ns, Total: 331458 ns
[2022-09-21T09:37:48.696+0000][7][safepoint    ] Safepoint "Cleanup", Time since last: 1005034792 ns, Reaching safepoint: 262459 ns, At safepoint: 4708 ns, Total: 267167 ns
[2022-09-21T09:37:49.706+0000][7][safepoint    ] Safepoint "Cleanup", Time since last: 1009951417 ns, Reaching safepoint: 366750 ns, At safepoint: 5250 ns, Total: 372000 ns
[2022-09-21T09:37:50.711+0000][7][safepoint    ] Safepoint "Cleanup", Time since last: 1004008126 ns, Reaching safepoint: 723625 ns, At safepoint: 8375 ns, Total: 732000 ns
[2022-09-21T09:37:51.718+0000][7][safepoint    ] Safepoint "Cleanup", Time since last: 1006436042 ns, Reaching safepoint: 328583 ns, At safepoint: 4958 ns, Total: 333541 ns
[2022-09-21T09:37:52.722+0000][7][safepoint    ] Safepoint "Cleanup", Time since last: 1004633376 ns, Reaching safepoint: 260000 ns, At safepoint: 3583 ns, Total: 263583 ns
[2022-09-21T09:37:53.732+0000][7][safepoint    ] Safepoint "Cleanup", Time since last: 1008815126 ns, Reaching safepoint: 280791 ns, At safepoint: 4875 ns, Total: 285666 ns
[2022-09-21T09:37:54.743+0000][7][safepoint    ] Safepoint "Cleanup", Time since last: 1010892584 ns, Reaching safepoint: 377708 ns, At safepoint: 6750 ns, Total: 384458 ns
[2022-09-21T09:37:55.748+0000][7][safepoint    ] Safepoint "Cleanup", Time since last: 1004345751 ns, Reaching safepoint: 382167 ns, At safepoint: 9083 ns, Total: 391250 ns
[2022-09-21T09:37:56.753+0000][7][safepoint    ] Safepoint "Cleanup", Time since last: 1004902167 ns, Reaching safepoint: 372417 ns, At safepoint: 6791 ns, Total: 379208 ns
[2022-09-21T09:37:57.769+0000][7][safepoint    ] Safepoint "Cleanup", Time since last: 1013323084 ns, Reaching safepoint: 2885167 ns, At safepoint: 14083 ns, Total: 2899250 ns
[2022-09-21T09:37:58.772+0000][7][safepoint    ] Safepoint "Cleanup", Time since last: 1002764292 ns, Reaching safepoint: 320000 ns, At safepoint: 4459 ns, Total: 324459 ns
[2022-09-21T09:37:59.778+0000][7][safepoint    ] Safepoint "Cleanup", Time since last: 1004774333 ns, Reaching safepoint: 545084 ns, At safepoint: 8958 ns, Total: 554042 ns
[2022-09-21T09:38:00.783+0000][7][safepoint    ] Safepoint "Cleanup", Time since last: 1004584709 ns, Reaching safepoint: 449625 ns, At safepoint: 6458 ns, Total: 456083 ns
[2022-09-21T09:38:01.789+0000][7][safepoint    ] Safepoint "Cleanup", Time since last: 1005147751 ns, Reaching safepoint: 787958 ns, At safepoint: 9625 ns, Total: 797583 ns
[2022-09-21T09:38:02.796+0000][7][safepoint    ] Safepoint "Cleanup", Time since last: 1007178751 ns, Reaching safepoint: 574708 ns, At safepoint: 8042 ns, Total: 582750 ns
[2022-09-21T09:38:03.804+0000][7][safepoint    ] Safepoint "Cleanup", Time since last: 1007170583 ns, Reaching safepoint: 288584 ns, At safepoint: 5083 ns, Total: 293667 ns
[2022-09-21T09:38:04.811+0000][7][safepoint    ] Safepoint "Cleanup", Time since last: 1006373917 ns, Reaching safepoint: 410542 ns, At safepoint: 8000 ns, Total: 418542 ns
[2022-09-21T09:38:05.816+0000][7][safepoint    ] Safepoint "Cleanup", Time since last: 1005156125 ns, Reaching safepoint: 513000 ns, At safepoint: 8959 ns, Total: 521959 ns
[2022-09-21T09:38:06.825+0000][7][safepoint    ] Safepoint "Cleanup", Time since last: 1008158375 ns, Reaching safepoint: 252125 ns, At safepoint: 4209 ns, Total: 256334 ns
[2022-09-21T09:38:07.831+0000][7][safepoint    ] Safepoint "Cleanup", Time since last: 1006126375 ns, Reaching safepoint: 662333 ns, At safepoint: 9917 ns, Total: 672250 ns
[2022-09-21T09:38:08.839+0000][7][safepoint    ] Safepoint "Cleanup", Time since last: 1007138334 ns, Reaching safepoint: 308125 ns, At safepoint: 4375 ns, Total: 312500 ns
[2022-09-21T09:38:09.842+0000][7][safepoint    ] Safepoint "Cleanup", Time since last: 1003189792 ns, Reaching safepoint: 317167 ns, At safepoint: 6208 ns, Total: 323375 ns
[2022-09-21T09:38:10.850+0000][7][safepoint    ] Safepoint "Cleanup", Time since last: 1007505542 ns, Reaching safepoint: 432042 ns, At safepoint: 5833 ns, Total: 437875 ns
[2022-09-21T09:38:11.857+0000][7][safepoint    ] Safepoint "Cleanup", Time since last: 1005975959 ns, Reaching safepoint: 412833 ns, At safepoint: 7709 ns, Total: 420542 ns
[2022-09-21T09:38:12.862+0000][7][safepoint    ] Safepoint "Cleanup", Time since last: 1005251042 ns, Reaching safepoint: 173916 ns, At safepoint: 2500 ns, Total: 176416 ns
[2022-09-21T09:38:13.867+0000][7][safepoint    ] Safepoint "Cleanup", Time since last: 1004350084 ns, Reaching safepoint: 504250 ns, At safepoint: 6417 ns, Total: 510667 ns
[2022-09-21T09:38:14.877+0000][7][safepoint    ] Safepoint "Cleanup", Time since last: 1009781000 ns, Reaching safepoint: 520709 ns, At safepoint: 8791 ns, Total: 529500 ns
[2022-09-21T09:38:15.883+0000][7][safepoint    ] Safepoint "Cleanup", Time since last: 1006909625 ns, Reaching safepoint: 301459 ns, At safepoint: 5583 ns, Total: 307042 ns
[2022-09-21T09:38:16.892+0000][7][safepoint    ] Safepoint "Cleanup", Time since last: 1008196959 ns, Reaching safepoint: 406791 ns, At safepoint: 6584 ns, Total: 413375 ns
[2022-09-21T09:38:17.899+0000][7][safepoint    ] Safepoint "Cleanup", Time since last: 1006606708 ns, Reaching safepoint: 536417 ns, At safepoint: 7500 ns, Total: 543917 ns
[2022-09-21T09:38:18.908+0000][7][safepoint    ] Safepoint "Cleanup", Time since last: 1008889959 ns, Reaching safepoint: 124292 ns, At safepoint: 1791 ns, Total: 126083 ns
[2022-09-21T09:38:19.911+0000][7][safepoint    ] Safepoint "Cleanup", Time since last: 1002828459 ns, Reaching safepoint: 318250 ns, At safepoint: 5708 ns, Total: 323958 ns
[2022-09-21T09:38:20.916+0000][7][safepoint    ] Safepoint "Cleanup", Time since last: 1003759043 ns, Reaching safepoint: 441291 ns, At safepoint: 6542 ns, Total: 447833 ns
[2022-09-21T09:38:21.919+0000][7][safepoint    ] Safepoint "Cleanup", Time since last: 1002604667 ns, Reaching safepoint: 421958 ns, At safepoint: 6750 ns, Total: 428708 ns
[2022-09-21T09:38:22.925+0000][7][safepoint    ] Safepoint "Cleanup", Time since last: 1005793834 ns, Reaching safepoint: 250000 ns, At safepoint: 4792 ns, Total: 254792 ns
[2022-09-21T09:38:23.927+0000][7][safepoint    ] Safepoint "Cleanup", Time since last: 1002511667 ns, Reaching safepoint: 124083 ns, At safepoint: 3375 ns, Total: 127458 ns
[2022-09-21T09:38:24.930+0000][7][safepoint    ] Safepoint "Cleanup", Time since last: 1002424876 ns, Reaching safepoint: 473708 ns, At safepoint: 7042 ns, Total: 480750 ns
[2022-09-21T09:38:25.937+0000][7][safepoint    ] Safepoint "Cleanup", Time since last: 1005910250 ns, Reaching safepoint: 424959 ns, At safepoint: 8250 ns, Total: 433209 ns
[2022-09-21T09:38:26.944+0000][7][safepoint    ] Safepoint "Cleanup", Time since last: 1006945250 ns, Reaching safepoint: 591208 ns, At safepoint: 8084 ns, Total: 599292 ns
[2022-09-21T09:38:27.953+0000][7][safepoint    ] Safepoint "Cleanup", Time since last: 1008863959 ns, Reaching safepoint: 333416 ns, At safepoint: 4500 ns, Total: 337916 ns
[2022-09-21T09:38:28.961+0000][7][safepoint    ] Safepoint "Cleanup", Time since last: 1007325542 ns, Reaching safepoint: 125709 ns, At safepoint: 2541 ns, Total: 128250 ns
[2022-09-21T09:38:29.964+0000][7][safepoint    ] Safepoint "Cleanup", Time since last: 1003116084 ns, Reaching safepoint: 317667 ns, At safepoint: 7500 ns, Total: 325167 ns
[2022-09-21T09:38:30.970+0000][7][safepoint    ] Safepoint "Cleanup", Time since last: 1005956584 ns, Reaching safepoint: 330000 ns, At safepoint: 9916 ns, Total: 339916 ns
[2022-09-21T09:38:31.975+0000][7][safepoint    ] Safepoint "Cleanup", Time since last: 1003594959 ns, Reaching safepoint: 419792 ns, At safepoint: 7167 ns, Total: 426959 ns
[2022-09-21T09:38:32.980+0000][7][safepoint    ] Safepoint "Cleanup", Time since last: 1005039917 ns, Reaching safepoint: 596458 ns, At safepoint: 6542 ns, Total: 603000 ns
[2022-09-21T09:38:33.987+0000][7][safepoint    ] Safepoint "Cleanup", Time since last: 1006838708 ns, Reaching safepoint: 117042 ns, At safepoint: 1625 ns, Total: 118667 ns
[2022-09-21T09:38:34.993+0000][7][safepoint    ] Safepoint "Cleanup", Time since last: 1003038042 ns, Reaching safepoint: 2920459 ns, At safepoint: 15416 ns, Total: 2935875 ns
[2022-09-21T09:38:35.999+0000][7][safepoint    ] Safepoint "Cleanup", Time since last: 1005296626 ns, Reaching safepoint: 724250 ns, At safepoint: 9125 ns, Total: 733375 ns
[2022-09-21T09:38:37.004+0000][7][safepoint    ] Safepoint "Cleanup", Time since last: 1004842334 ns, Reaching safepoint: 318166 ns, At safepoint: 5959 ns, Total: 324125 ns
[2022-09-21T09:38:38.008+0000][7][safepoint    ] Safepoint "Cleanup", Time since last: 1003152625 ns, Reaching safepoint: 294167 ns, At safepoint: 5083 ns, Total: 299250 ns
[2022-09-21T09:38:39.012+0000][7][safepoint    ] Safepoint "Cleanup", Time since last: 1004085667 ns, Reaching safepoint: 520000 ns, At safepoint: 26000 ns, Total: 546000 ns
[2022-09-21T09:38:40.020+0000][7][safepoint    ] Safepoint "Cleanup", Time since last: 1006813834 ns, Reaching safepoint: 361167 ns, At safepoint: 5958 ns, Total: 367125 ns
[2022-09-21T09:38:41.026+0000][7][safepoint    ] Safepoint "Cleanup", Time since last: 1006629001 ns, Reaching safepoint: 315958 ns, At safepoint: 5917 ns, Total: 321875 ns
[2022-09-21T09:38:42.030+0000][7][safepoint    ] Safepoint "Cleanup", Time since last: 1003377583 ns, Reaching safepoint: 207542 ns, At safepoint: 4167 ns, Total: 211709 ns
[2022-09-21T09:38:43.034+0000][7][safepoint    ] Safepoint "Cleanup", Time since last: 1002850292 ns, Reaching safepoint: 1216625 ns, At safepoint: 23541 ns, Total: 1240166 ns
[2022-09-21T09:38:44.047+0000][7][safepoint    ] Safepoint "Cleanup", Time since last: 1012525126 ns, Reaching safepoint: 458333 ns, At safepoint: 10084 ns, Total: 468417 ns
[2022-09-21T09:38:45.051+0000][7][safepoint    ] Safepoint "Cleanup", Time since last: 1003158042 ns, Reaching safepoint: 309833 ns, At safepoint: 6667 ns, Total: 316500 ns
[2022-09-21T09:38:46.054+0000][7][safepoint    ] Safepoint "Cleanup", Time since last: 1003322583 ns, Reaching safepoint: 402875 ns, At safepoint: 7875 ns, Total: 410750 ns
[2022-09-21T09:38:47.058+0000][7][safepoint    ] Safepoint "Cleanup", Time since last: 1003856209 ns, Reaching safepoint: 371375 ns, At safepoint: 5708 ns, Total: 377083 ns
[2022-09-21T09:38:48.065+0000][7][safepoint    ] Safepoint "Cleanup", Time since last: 1006283459 ns, Reaching safepoint: 361500 ns, At safepoint: 6000 ns, Total: 367500 ns
[2022-09-21T09:38:49.071+0000][7][safepoint    ] Safepoint "Cleanup", Time since last: 1005428875 ns, Reaching safepoint: 418750 ns, At safepoint: 6709 ns, Total: 425459 ns
[2022-09-21T09:38:50.077+0000][7][safepoint    ] Safepoint "Cleanup", Time since last: 1006110084 ns, Reaching safepoint: 380208 ns, At safepoint: 5833 ns, Total: 386041 ns
[2022-09-21T09:38:51.081+0000][7][safepoint    ] Safepoint "Cleanup", Time since last: 1003541001 ns, Reaching safepoint: 573625 ns, At safepoint: 12916 ns, Total: 586541 ns
[2022-09-21T09:38:52.093+0000][7][safepoint    ] Safepoint "Cleanup", Time since last: 1008633334 ns, Reaching safepoint: 2500458 ns, At safepoint: 21125 ns, Total: 2521583 ns
[2022-09-21T09:38:53.098+0000][7][safepoint    ] Safepoint "Cleanup", Time since last: 1004842293 ns, Reaching safepoint: 678833 ns, At safepoint: 28958 ns, Total: 707791 ns
[2022-09-21T09:38:54.105+0000][7][safepoint    ] Safepoint "Cleanup", Time since last: 1006656084 ns, Reaching safepoint: 371500 ns, At safepoint: 6125 ns, Total: 377625 ns
[2022-09-21T09:38:55.111+0000][7][safepoint    ] Safepoint "Cleanup", Time since last: 1005703667 ns, Reaching safepoint: 389375 ns, At safepoint: 5875 ns, Total: 395250 ns
[2022-09-21T09:38:56.117+0000][7][safepoint    ] Safepoint "Cleanup", Time since last: 1005290792 ns, Reaching safepoint: 291917 ns, At safepoint: 4708 ns, Total: 296625 ns
[2022-09-21T09:38:57.124+0000][7][safepoint    ] Safepoint "Cleanup", Time since last: 1007088959 ns, Reaching safepoint: 215500 ns, At safepoint: 4000 ns, Total: 219500 ns
[2022-09-21T09:38:58.128+0000][7][safepoint    ] Safepoint "Cleanup", Time since last: 1003227334 ns, Reaching safepoint: 275625 ns, At safepoint: 4083 ns, Total: 279708 ns
[2022-09-21T09:38:59.131+0000][7][safepoint    ] Safepoint "Cleanup", Time since last: 1002559668 ns, Reaching safepoint: 481375 ns, At safepoint: 7166 ns, Total: 488541 ns
[2022-09-21T09:39:00.144+0000][7][safepoint    ] Safepoint "Cleanup", Time since last: 1012857167 ns, Reaching safepoint: 399125 ns, At safepoint: 6875 ns, Total: 406000 ns
[2022-09-21T09:39:01.148+0000][7][safepoint    ] Safepoint "Cleanup", Time since last: 1004046751 ns, Reaching safepoint: 236958 ns, At safepoint: 3833 ns, Total: 240791 ns
[2022-09-21T09:39:02.156+0000][7][safepoint    ] Safepoint "Cleanup", Time since last: 1004962834 ns, Reaching safepoint: 2801417 ns, At safepoint: 28875 ns, Total: 2830292 ns
[2022-09-21T09:39:03.164+0000][7][safepoint    ] Safepoint "Cleanup", Time since last: 1005805250 ns, Reaching safepoint: 1686167 ns, At safepoint: 15750 ns, Total: 1701917 ns
[2022-09-21T09:39:04.172+0000][7][safepoint    ] Safepoint "Cleanup", Time since last: 1006521626 ns, Reaching safepoint: 1863166 ns, At safepoint: 15125 ns, Total: 1878291 ns
[2022-09-21T09:39:05.186+0000][7][safepoint    ] Safepoint "Cleanup", Time since last: 1014031626 ns, Reaching safepoint: 281458 ns, At safepoint: 4083 ns, Total: 285541 ns
[2022-09-21T09:39:06.194+0000][7][safepoint    ] Safepoint "Cleanup", Time since last: 1007105376 ns, Reaching safepoint: 304792 ns, At safepoint: 5208 ns, Total: 310000 ns
[2022-09-21T09:39:07.196+0000][7][safepoint    ] Safepoint "Cleanup", Time since last: 1002355000 ns, Reaching safepoint: 310125 ns, At safepoint: 7792 ns, Total: 317917 ns
[2022-09-21T09:39:08.202+0000][7][safepoint    ] Safepoint "Cleanup", Time since last: 1004851292 ns, Reaching safepoint: 541750 ns, At safepoint: 8917 ns, Total: 550667 ns
[2022-09-21T09:39:09.208+0000][7][safepoint    ] Safepoint "Cleanup", Time since last: 1005470917 ns, Reaching safepoint: 431875 ns, At safepoint: 7250 ns, Total: 439125 ns
[2022-09-21T09:39:10.213+0000][7][safepoint    ] Safepoint "Cleanup", Time since last: 1004156334 ns, Reaching safepoint: 1014708 ns, At safepoint: 23083 ns, Total: 1037791 ns
[2022-09-21T09:39:11.218+0000][7][safepoint    ] Safepoint "Cleanup", Time since last: 1004810584 ns, Reaching safepoint: 288709 ns, At safepoint: 5083 ns, Total: 293792 ns
[2022-09-21T09:39:12.223+0000][7][safepoint    ] Safepoint "Cleanup", Time since last: 1005018417 ns, Reaching safepoint: 147917 ns, At safepoint: 49875 ns, Total: 197792 ns
[2022-09-21T09:39:13.228+0000][7][safepoint    ] Safepoint "Cleanup", Time since last: 1004433667 ns, Reaching safepoint: 424458 ns, At safepoint: 7292 ns, Total: 431750 ns
[2022-09-21T09:39:14.233+0000][7][safepoint    ] Safepoint "Cleanup", Time since last: 1005050834 ns, Reaching safepoint: 266375 ns, At safepoint: 6875 ns, Total: 273250 ns
[2022-09-21T09:39:15.238+0000][7][safepoint    ] Safepoint "Cleanup", Time since last: 1004440542 ns, Reaching safepoint: 220208 ns, At safepoint: 3750 ns, Total: 223958 ns
[2022-09-21T09:39:16.244+0000][7][safepoint    ] Safepoint "Cleanup", Time since last: 1005407458 ns, Reaching safepoint: 341375 ns, At safepoint: 18209 ns, Total: 359584 ns
[2022-09-21T09:39:17.250+0000][7][safepoint    ] Safepoint "Cleanup", Time since last: 1005408542 ns, Reaching safepoint: 547583 ns, At safepoint: 5084 ns, Total: 552667 ns
[2022-09-21T09:39:18.257+0000][7][safepoint    ] Safepoint "Cleanup", Time since last: 1006919708 ns, Reaching safepoint: 347459 ns, At safepoint: 5625 ns, Total: 353084 ns
[2022-09-21T09:39:19.265+0000][7][safepoint    ] Safepoint "Cleanup", Time since last: 1007139167 ns, Reaching safepoint: 850625 ns, At safepoint: 9666 ns, Total: 860291 ns
[2022-09-21T09:39:20.272+0000][7][safepoint    ] Safepoint "Cleanup", Time since last: 1005610418 ns, Reaching safepoint: 721000 ns, At safepoint: 14500 ns, Total: 735500 ns
[2022-09-21T09:39:21.278+0000][7][safepoint    ] Safepoint "Cleanup", Time since last: 1006170875 ns, Reaching safepoint: 421292 ns, At safepoint: 7458 ns, Total: 428750 ns
[2022-09-21T09:39:22.284+0000][7][safepoint    ] Safepoint "Cleanup", Time since last: 1004416501 ns, Reaching safepoint: 1323750 ns, At safepoint: 11375 ns, Total: 1335125 ns
[2022-09-21T09:39:23.297+0000][7][safepoint    ] Safepoint "Cleanup", Time since last: 1012500083 ns, Reaching safepoint: 752000 ns, At safepoint: 14042 ns, Total: 766042 ns
[2022-09-21T09:39:24.302+0000][7][safepoint    ] Safepoint "Cleanup", Time since last: 1004026042 ns, Reaching safepoint: 342125 ns, At safepoint: 6792 ns, Total: 348917 ns
[2022-09-21T09:39:25.311+0000][7][safepoint    ] Safepoint "Cleanup", Time since last: 1009038625 ns, Reaching safepoint: 379959 ns, At safepoint: 22916 ns, Total: 402875 ns
[2022-09-21T09:39:26.329+0000][7][safepoint    ] Safepoint "Cleanup", Time since last: 1017322793 ns, Reaching safepoint: 510833 ns, At safepoint: 7875 ns, Total: 518708 ns
[2022-09-21T09:39:27.333+0000][7][safepoint    ] Safepoint "Cleanup", Time since last: 1003775292 ns, Reaching safepoint: 375458 ns, At safepoint: 7584 ns, Total: 383042 ns
[2022-09-21T09:39:28.341+0000][7][safepoint    ] Safepoint "Cleanup", Time since last: 1007943833 ns, Reaching safepoint: 364292 ns, At safepoint: 6250 ns, Total: 370542 ns
[2022-09-21T09:39:29.347+0000][7][safepoint    ] Safepoint "Cleanup", Time since last: 1004831584 ns, Reaching safepoint: 419000 ns, At safepoint: 7083 ns, Total: 426083 ns
[2022-09-21T09:39:30.353+0000][7][safepoint    ] Safepoint "Cleanup", Time since last: 1005434417 ns, Reaching safepoint: 405875 ns, At safepoint: 6834 ns, Total: 412709 ns
[2022-09-21T09:39:31.357+0000][7][safepoint    ] Safepoint "Cleanup", Time since last: 1004362667 ns, Reaching safepoint: 412917 ns, At safepoint: 6666 ns, Total: 419583 ns
[2022-09-21T09:39:32.362+0000][7][safepoint    ] Safepoint "Cleanup", Time since last: 1004068834 ns, Reaching safepoint: 278458 ns, At safepoint: 4250 ns, Total: 282708 ns
[2022-09-21T09:39:33.365+0000][7][safepoint    ] Safepoint "Cleanup", Time since last: 1002809668 ns, Reaching safepoint: 554541 ns, At safepoint: 7500 ns, Total: 562041 ns
[2022-09-21T09:39:34.371+0000][7][safepoint    ] Safepoint "Cleanup", Time since last: 1005691959 ns, Reaching safepoint: 357458 ns, At safepoint: 7334 ns, Total: 364792 ns
[2022-09-21T09:39:35.374+0000][7][safepoint    ] Safepoint "Cleanup", Time since last: 1002526625 ns, Reaching safepoint: 120375 ns, At safepoint: 1625 ns, Total: 122000 ns
[2022-09-21T09:39:36.376+0000][7][safepoint    ] Safepoint "Cleanup", Time since last: 1001918709 ns, Reaching safepoint: 346833 ns, At safepoint: 5667 ns, Total: 352500 ns
[2022-09-21T09:39:37.379+0000][7][safepoint    ] Safepoint "Cleanup", Time since last: 1002540709 ns, Reaching safepoint: 138333 ns, At safepoint: 1792 ns, Total: 140125 ns
[2022-09-21T09:39:38.383+0000][7][safepoint    ] Safepoint "Cleanup", Time since last: 1002752125 ns, Reaching safepoint: 1574292 ns, At safepoint: 9667 ns, Total: 1583959 ns
[2022-09-21T09:39:39.390+0000][7][safepoint    ] Safepoint "Cleanup", Time since last: 1006655667 ns, Reaching safepoint: 432125 ns, At safepoint: 6041 ns, Total: 438166 ns
[2022-09-21T09:39:40.844+0000][7][safepoint    ] Safepoint "Cleanup", Time since last: 1453058126 ns, Reaching safepoint: 586000 ns, At safepoint: 6958 ns, Total: 592958 ns
[2022-09-21T09:39:41.854+0000][7][safepoint    ] Safepoint "Cleanup", Time since last: 1009534959 ns, Reaching safepoint: 317500 ns, At safepoint: 6959 ns, Total: 324459 ns
[2022-09-21T09:39:42.858+0000][7][safepoint    ] Safepoint "Cleanup", Time since last: 1003034958 ns, Reaching safepoint: 1039542 ns, At safepoint: 5542 ns, Total: 1045084 ns
[2022-09-21T09:39:43.870+0000][7][safepoint    ] Safepoint "Cleanup", Time since last: 1011586417 ns, Reaching safepoint: 282875 ns, At safepoint: 3792 ns, Total: 286667 ns
[2022-09-21T09:39:44.877+0000][7][safepoint    ] Safepoint "Cleanup", Time since last: 1007196208 ns, Reaching safepoint: 455667 ns, At safepoint: 7833 ns, Total: 463500 ns
[2022-09-21T09:39:45.883+0000][7][safepoint    ] Safepoint "Cleanup", Time since last: 1006155083 ns, Reaching safepoint: 220042 ns, At safepoint: 4375 ns, Total: 224417 ns
[2022-09-21T09:39:46.886+0000][7][safepoint    ] Safepoint "Cleanup", Time since last: 1002857209 ns, Reaching safepoint: 143166 ns, At safepoint: 3167 ns, Total: 146333 ns
[2022-09-21T09:39:47.888+0000][7][safepoint    ] Safepoint "Cleanup", Time since last: 1001753084 ns, Reaching safepoint: 107083 ns, At safepoint: 1875 ns, Total: 108958 ns
[2022-09-21T09:39:48.891+0000][7][safepoint    ] Safepoint "Cleanup", Time since last: 1002610126 ns, Reaching safepoint: 153250 ns, At safepoint: 1708 ns, Total: 154958 ns
[2022-09-21T09:39:49.897+0000][7][safepoint    ] Safepoint "Cleanup", Time since last: 1005915834 ns, Reaching safepoint: 280083 ns, At safepoint: 4458 ns, Total: 284541 ns
[2022-09-21T09:39:50.903+0000][7][safepoint    ] Safepoint "Cleanup", Time since last: 1005593376 ns, Reaching safepoint: 464625 ns, At safepoint: 7500 ns, Total: 472125 ns
[2022-09-21T09:39:51.909+0000][7][safepoint    ] Safepoint "Cleanup", Time since last: 1004905834 ns, Reaching safepoint: 356000 ns, At safepoint: 52791 ns, Total: 408791 ns
[2022-09-21T09:39:52.917+0000][7][safepoint    ] Safepoint "Cleanup", Time since last: 1008432751 ns, Reaching safepoint: 430875 ns, At safepoint: 6042 ns, Total: 436917 ns
[2022-09-21T09:39:53.922+0000][7][safepoint    ] Safepoint "Cleanup", Time since last: 1004238333 ns, Reaching safepoint: 118500 ns, At safepoint: 1917 ns, Total: 120417 ns
[2022-09-21T09:39:54.924+0000][7][safepoint    ] Safepoint "Cleanup", Time since last: 1001904542 ns, Reaching safepoint: 343875 ns, At safepoint: 6417 ns, Total: 350292 ns
[2022-09-21T09:39:55.933+0000][7][safepoint    ] Safepoint "Cleanup", Time since last: 1008445875 ns, Reaching safepoint: 675709 ns, At safepoint: 9875 ns, Total: 685584 ns
[2022-09-21T09:39:56.940+0000][7][safepoint    ] Safepoint "Cleanup", Time since last: 1006367458 ns, Reaching safepoint: 245834 ns, At safepoint: 5250 ns, Total: 251084 ns
[2022-09-21T09:39:57.169+0000][7][safepoint    ] Safepoint "BulkRevokeBias", Time since last: 228560958 ns, Reaching safepoint: 148959 ns, At safepoint: 826166 ns, Total: 975125 ns
[2022-09-21T09:39:58.170+0000][7][safepoint    ] Safepoint "Cleanup", Time since last: 1000790626 ns, Reaching safepoint: 278666 ns, At safepoint: 7167 ns, Total: 285833 ns
[2022-09-21T09:39:59.177+0000][7][safepoint    ] Safepoint "Cleanup", Time since last: 1005984459 ns, Reaching safepoint: 615208 ns, At safepoint: 9042 ns, Total: 624250 ns
[2022-09-21T09:40:00.185+0000][7][safepoint    ] Safepoint "Cleanup", Time since last: 1007212167 ns, Reaching safepoint: 672250 ns, At safepoint: 12958 ns, Total: 685208 ns
[2022-09-21T09:40:01.193+0000][7][safepoint    ] Safepoint "Cleanup", Time since last: 1007708084 ns, Reaching safepoint: 332708 ns, At safepoint: 5000 ns, Total: 337708 ns
[2022-09-21T09:40:02.197+0000][7][safepoint    ] Safepoint "Cleanup", Time since last: 1003843543 ns, Reaching safepoint: 293458 ns, At safepoint: 4625 ns, Total: 298083 ns
[2022-09-21T09:40:03.202+0000][7][safepoint    ] Safepoint "Cleanup", Time since last: 1004272459 ns, Reaching safepoint: 768916 ns, At safepoint: 10292 ns, Total: 779208 ns
[2022-09-21T09:40:04.209+0000][7][safepoint    ] Safepoint "Cleanup", Time since last: 1005420417 ns, Reaching safepoint: 1314667 ns, At safepoint: 16000 ns, Total: 1330667 ns
[2022-09-21T09:40:05.227+0000][7][safepoint    ] Safepoint "Cleanup", Time since last: 1017511542 ns, Reaching safepoint: 537083 ns, At safepoint: 23209 ns, Total: 560292 ns
[2022-09-21T09:40:06.232+0000][7][safepoint    ] Safepoint "Cleanup", Time since last: 1004392709 ns, Reaching safepoint: 583333 ns, At safepoint: 8000 ns, Total: 591333 ns
[2022-09-21T09:40:07.237+0000][7][safepoint    ] Safepoint "Cleanup", Time since last: 1004656084 ns, Reaching safepoint: 262208 ns, At safepoint: 5167 ns, Total: 267375 ns
[2022-09-21T09:40:08.241+0000][7][safepoint    ] Safepoint "Cleanup", Time since last: 1003409459 ns, Reaching safepoint: 338916 ns, At safepoint: 4875 ns, Total: 343791 ns
[2022-09-21T09:40:09.244+0000][7][safepoint    ] Safepoint "Cleanup", Time since last: 1003291167 ns, Reaching safepoint: 315875 ns, At safepoint: 4875 ns, Total: 320750 ns
[2022-09-21T09:40:10.250+0000][7][safepoint    ] Safepoint "Cleanup", Time since last: 1005299167 ns, Reaching safepoint: 219959 ns, At safepoint: 14500 ns, Total: 234459 ns
[2022-09-21T09:40:11.255+0000][7][safepoint    ] Safepoint "Cleanup", Time since last: 1004168250 ns, Reaching safepoint: 471000 ns, At safepoint: 9750 ns, Total: 480750 ns
[2022-09-21T09:40:12.259+0000][7][safepoint    ] Safepoint "Cleanup", Time since last: 1004308959 ns, Reaching safepoint: 268417 ns, At safepoint: 3708 ns, Total: 272125 ns
[2022-09-21T09:40:13.267+0000][7][safepoint    ] Safepoint "Cleanup", Time since last: 1007548917 ns, Reaching safepoint: 295625 ns, At safepoint: 4667 ns, Total: 300292 ns
[2022-09-21T09:40:14.272+0000][7][safepoint    ] Safepoint "Cleanup", Time since last: 1004271792 ns, Reaching safepoint: 331583 ns, At safepoint: 5209 ns, Total: 336792 ns
[2022-09-21T09:40:15.278+0000][7][safepoint    ] Safepoint "Cleanup", Time since last: 1006242459 ns, Reaching safepoint: 239041 ns, At safepoint: 4084 ns, Total: 243125 ns
[2022-09-21T09:40:16.283+0000][7][safepoint    ] Safepoint "Cleanup", Time since last: 1004140207 ns, Reaching safepoint: 470459 ns, At safepoint: 8000 ns, Total: 478459 ns
[2022-09-21T09:40:17.290+0000][7][safepoint    ] Safepoint "Cleanup", Time since last: 1006737875 ns, Reaching safepoint: 111500 ns, At safepoint: 1584 ns, Total: 113084 ns
[2022-09-21T09:40:18.293+0000][7][safepoint    ] Safepoint "Cleanup", Time since last: 1002745333 ns, Reaching safepoint: 847834 ns, At safepoint: 10291 ns, Total: 858125 ns
[2022-09-21T09:40:19.303+0000][7][safepoint    ] Safepoint "Cleanup", Time since last: 1009474209 ns, Reaching safepoint: 550750 ns, At safepoint: 7167 ns, Total: 557917 ns
[2022-09-21T09:40:20.309+0000][7][safepoint    ] Safepoint "Cleanup", Time since last: 1005350917 ns, Reaching safepoint: 367958 ns, At safepoint: 6667 ns, Total: 374625 ns
[2022-09-21T09:40:21.316+0000][7][safepoint    ] Safepoint "Cleanup", Time since last: 1005878375 ns, Reaching safepoint: 682584 ns, At safepoint: 9416 ns, Total: 692000 ns
[2022-09-21T09:40:22.320+0000][7][safepoint    ] Safepoint "Cleanup", Time since last: 1004239709 ns, Reaching safepoint: 364000 ns, At safepoint: 5542 ns, Total: 369542 ns
[2022-09-21T09:40:23.328+0000][7][safepoint    ] Safepoint "Cleanup", Time since last: 1006902500 ns, Reaching safepoint: 299417 ns, At safepoint: 6375 ns, Total: 305792 ns
[2022-09-21T09:40:24.334+0000][7][safepoint    ] Safepoint "Cleanup", Time since last: 1005689292 ns, Reaching safepoint: 400709 ns, At safepoint: 6541 ns, Total: 407250 ns
[2022-09-21T09:40:25.340+0000][7][safepoint    ] Safepoint "Cleanup", Time since last: 1005668626 ns, Reaching safepoint: 255791 ns, At safepoint: 4125 ns, Total: 259916 ns
[2022-09-21T09:40:26.342+0000][7][safepoint    ] Safepoint "Cleanup", Time since last: 1002049376 ns, Reaching safepoint: 116000 ns, At safepoint: 6667 ns, Total: 122667 ns
[2022-09-21T09:40:27.343+0000][7][safepoint    ] Safepoint "Cleanup", Time since last: 1001251750 ns, Reaching safepoint: 384958 ns, At safepoint: 6459 ns, Total: 391417 ns
[2022-09-21T09:40:28.355+0000][7][safepoint    ] Safepoint "Cleanup", Time since last: 1011438292 ns, Reaching safepoint: 555500 ns, At safepoint: 32916 ns, Total: 588416 ns
[2022-09-21T09:40:29.366+0000][7][safepoint    ] Safepoint "Cleanup", Time since last: 1009354668 ns, Reaching safepoint: 768458 ns, At safepoint: 9958 ns, Total: 778416 ns
[2022-09-21T09:40:30.375+0000][7][safepoint    ] Safepoint "Cleanup", Time since last: 1008734042 ns, Reaching safepoint: 319834 ns, At safepoint: 6083 ns, Total: 325917 ns
[2022-09-21T09:40:31.378+0000][7][safepoint    ] Safepoint "Cleanup", Time since last: 1003086042 ns, Reaching safepoint: 348250 ns, At safepoint: 4542 ns, Total: 352792 ns
[2022-09-21T09:40:32.388+0000][7][safepoint    ] Safepoint "Cleanup", Time since last: 1007017000 ns, Reaching safepoint: 3264792 ns, At safepoint: 18125 ns, Total: 3282917 ns
[2022-09-21T09:40:33.395+0000][7][safepoint    ] Safepoint "Cleanup", Time since last: 1006430792 ns, Reaching safepoint: 426375 ns, At safepoint: 4792 ns, Total: 431167 ns
[2022-09-21T09:40:34.418+0000][7][safepoint    ] Safepoint "Cleanup", Time since last: 1021716834 ns, Reaching safepoint: 571583 ns, At safepoint: 8625 ns, Total: 580208 ns
[2022-09-21T09:40:35.422+0000][7][safepoint    ] Safepoint "Cleanup", Time since last: 1003715501 ns, Reaching safepoint: 352125 ns, At safepoint: 6791 ns, Total: 358916 ns
[2022-09-21T09:40:36.428+0000][7][safepoint    ] Safepoint "Cleanup", Time since last: 1006504709 ns, Reaching safepoint: 230250 ns, At safepoint: 3750 ns, Total: 234000 ns
[2022-09-21T09:40:37.485+0000][7][safepoint    ] Safepoint "Cleanup", Time since last: 1004359500 ns, Reaching safepoint: 52279250 ns, At safepoint: 65959 ns, Total: 52345209 ns
[2022-09-21T09:40:38.492+0000][7][safepoint    ] Safepoint "Cleanup", Time since last: 1005453625 ns, Reaching safepoint: 1552417 ns, At safepoint: 17833 ns, Total: 1570250 ns
[2022-09-21T09:40:39.518+0000][7][safepoint    ] Safepoint "Cleanup", Time since last: 1019161459 ns, Reaching safepoint: 6547958 ns, At safepoint: 22417 ns, Total: 6570375 ns
[2022-09-21T09:40:40.537+0000][7][safepoint    ] Safepoint "Cleanup", Time since last: 1017612542 ns, Reaching safepoint: 1790292 ns, At safepoint: 18792 ns, Total: 1809084 ns
[2022-09-21T09:40:41.550+0000][7][safepoint    ] Safepoint "Cleanup", Time since last: 1012448417 ns, Reaching safepoint: 354291 ns, At safepoint: 4875 ns, Total: 359166 ns
[2022-09-21T09:40:42.559+0000][7][safepoint    ] Safepoint "Cleanup", Time since last: 1007070001 ns, Reaching safepoint: 2112708 ns, At safepoint: 13667 ns, Total: 2126375 ns
[2022-09-21T09:40:43.570+0000][7][safepoint    ] Safepoint "Cleanup", Time since last: 1010618959 ns, Reaching safepoint: 296375 ns, At safepoint: 4000 ns, Total: 300375 ns
[2022-09-21T09:40:44.575+0000][7][safepoint    ] Safepoint "Cleanup", Time since last: 1004330084 ns, Reaching safepoint: 271416 ns, At safepoint: 5584 ns, Total: 277000 ns
[2022-09-21T09:40:45.577+0000][7][safepoint    ] Safepoint "Cleanup", Time since last: 1002140000 ns, Reaching safepoint: 138375 ns, At safepoint: 3083 ns, Total: 141458 ns
[2022-09-21T09:40:46.583+0000][7][safepoint    ] Safepoint "Cleanup", Time since last: 1003149042 ns, Reaching safepoint: 1653917 ns, At safepoint: 60500 ns, Total: 1714417 ns
[2022-09-21T09:40:47.592+0000][7][safepoint    ] Safepoint "Cleanup", Time since last: 1008902750 ns, Reaching safepoint: 313250 ns, At safepoint: 5417 ns, Total: 318667 ns
[2022-09-21T09:40:48.598+0000][7][safepoint    ] Safepoint "Cleanup", Time since last: 1005002417 ns, Reaching safepoint: 425458 ns, At safepoint: 8375 ns, Total: 433833 ns
[2022-09-21T09:40:49.607+0000][7][safepoint    ] Safepoint "Cleanup", Time since last: 1008934334 ns, Reaching safepoint: 258750 ns, At safepoint: 6292 ns, Total: 265042 ns
[2022-09-21T09:40:50.611+0000][7][safepoint    ] Safepoint "Cleanup", Time since last: 1003564834 ns, Reaching safepoint: 116416 ns, At safepoint: 2834 ns, Total: 119250 ns
[2022-09-21T09:40:51.614+0000][7][safepoint    ] Safepoint "Cleanup", Time since last: 1003653625 ns, Reaching safepoint: 291584 ns, At safepoint: 5291 ns, Total: 296875 ns
[2022-09-21T09:40:52.624+0000][7][safepoint    ] Safepoint "Cleanup", Time since last: 1009369001 ns, Reaching safepoint: 395541 ns, At safepoint: 6584 ns, Total: 402125 ns
[2022-09-21T09:40:53.630+0000][7][safepoint    ] Safepoint "Cleanup", Time since last: 1004507750 ns, Reaching safepoint: 780917 ns, At safepoint: 7750 ns, Total: 788667 ns
[2022-09-21T09:40:54.641+0000][7][safepoint    ] Safepoint "Cleanup", Time since last: 1010324584 ns, Reaching safepoint: 683166 ns, At safepoint: 36167 ns, Total: 719333 ns
[2022-09-21T09:40:55.647+0000][7][safepoint    ] Safepoint "Cleanup", Time since last: 1006440667 ns, Reaching safepoint: 135542 ns, At safepoint: 3042 ns, Total: 138584 ns
[2022-09-21T09:40:56.649+0000][7][safepoint    ] Safepoint "Cleanup", Time since last: 1001688000 ns, Reaching safepoint: 397917 ns, At safepoint: 5750 ns, Total: 403667 ns
[2022-09-21T09:40:57.656+0000][7][safepoint    ] Safepoint "Cleanup", Time since last: 1005663917 ns, Reaching safepoint: 826375 ns, At safepoint: 12791 ns, Total: 839166 ns
[2022-09-21T09:40:58.664+0000][7][safepoint    ] Safepoint "Cleanup", Time since last: 1007725043 ns, Reaching safepoint: 684750 ns, At safepoint: 8625 ns, Total: 693375 ns
[2022-09-21T09:40:59.671+0000][7][safepoint    ] Safepoint "Cleanup", Time since last: 1005877333 ns, Reaching safepoint: 632875 ns, At safepoint: 8084 ns, Total: 640959 ns
[2022-09-21T09:41:00.676+0000][7][safepoint    ] Safepoint "Cleanup", Time since last: 1004520584 ns, Reaching safepoint: 567666 ns, At safepoint: 60167 ns, Total: 627833 ns
[2022-09-21T09:41:01.685+0000][7][safepoint    ] Safepoint "Cleanup", Time since last: 1008211625 ns, Reaching safepoint: 524084 ns, At safepoint: 7666 ns, Total: 531750 ns
[2022-09-21T09:41:02.690+0000][7][safepoint    ] Safepoint "Cleanup", Time since last: 1005635334 ns, Reaching safepoint: 249750 ns, At safepoint: 3834 ns, Total: 253584 ns
[2022-09-21T09:41:03.698+0000][7][safepoint    ] Safepoint "Cleanup", Time since last: 1006961708 ns, Reaching safepoint: 412167 ns, At safepoint: 6875 ns, Total: 419042 ns
[2022-09-21T09:41:04.703+0000][7][safepoint    ] Safepoint "Cleanup", Time since last: 1005259375 ns, Reaching safepoint: 309167 ns, At safepoint: 26333 ns, Total: 335500 ns
[2022-09-21T09:41:05.710+0000][7][safepoint    ] Safepoint "Cleanup", Time since last: 1005968376 ns, Reaching safepoint: 329250 ns, At safepoint: 5000 ns, Total: 334250 ns
[2022-09-21T09:41:06.717+0000][7][safepoint    ] Safepoint "Cleanup", Time since last: 1006733459 ns, Reaching safepoint: 286583 ns, At safepoint: 5833 ns, Total: 292416 ns
[2022-09-21T09:41:07.723+0000][7][safepoint    ] Safepoint "Cleanup", Time since last: 1006358001 ns, Reaching safepoint: 232500 ns, At safepoint: 4667 ns, Total: 237167 ns
[2022-09-21T09:41:08.729+0000][7][safepoint    ] Safepoint "Cleanup", Time since last: 1004343917 ns, Reaching safepoint: 792500 ns, At safepoint: 9750 ns, Total: 802250 ns
[2022-09-21T09:41:09.734+0000][7][safepoint    ] Safepoint "Cleanup", Time since last: 1005283792 ns, Reaching safepoint: 471833 ns, At safepoint: 6084 ns, Total: 477917 ns
[2022-09-21T09:41:10.739+0000][7][safepoint    ] Safepoint "Cleanup", Time since last: 1003966583 ns, Reaching safepoint: 272500 ns, At safepoint: 3959 ns, Total: 276459 ns
[2022-09-21T09:41:11.742+0000][7][safepoint    ] Safepoint "Cleanup", Time since last: 1003213459 ns, Reaching safepoint: 560208 ns, At safepoint: 10042 ns, Total: 570250 ns
[2022-09-21T09:41:12.747+0000][7][safepoint    ] Safepoint "Cleanup", Time since last: 1003700833 ns, Reaching safepoint: 657500 ns, At safepoint: 34834 ns, Total: 692334 ns
[2022-09-21T09:41:13.753+0000][7][safepoint    ] Safepoint "Cleanup", Time since last: 1005612792 ns, Reaching safepoint: 485500 ns, At safepoint: 7458 ns, Total: 492958 ns
[2022-09-21T09:41:14.330+0000][7][gc,start     ] GC(29) Pause Young (Normal) (G1 Evacuation Pause)
[2022-09-21T09:41:14.333+0000][7][gc,task      ] GC(29) Using 4 workers of 4 for evacuation
[2022-09-21T09:41:14.337+0000][7][gc,age       ] GC(29) Desired survivor size 19922944 bytes, new threshold 15 (max threshold 15)
[2022-09-21T09:41:14.389+0000][7][gc,age       ] GC(29) Age table with threshold 15 (max threshold 15)
[2022-09-21T09:41:14.390+0000][7][gc,age       ] GC(29) - age   1:     192472 bytes,     192472 total
[2022-09-21T09:41:14.391+0000][7][gc,age       ] GC(29) - age   2:     140072 bytes,     332544 total
[2022-09-21T09:41:14.392+0000][7][gc,age       ] GC(29) - age   3:       9240 bytes,     341784 total
[2022-09-21T09:41:14.393+0000][7][gc,age       ] GC(29) - age   4:     489936 bytes,     831720 total
[2022-09-21T09:41:14.393+0000][7][gc,age       ] GC(29) - age   5:     749632 bytes,    1581352 total
[2022-09-21T09:41:14.394+0000][7][gc,age       ] GC(29) - age   6:     271992 bytes,    1853344 total
[2022-09-21T09:41:14.395+0000][7][gc,age       ] GC(29) - age   7:     190832 bytes,    2044176 total
[2022-09-21T09:41:14.395+0000][7][gc,age       ] GC(29) - age   8:     437104 bytes,    2481280 total
[2022-09-21T09:41:14.396+0000][7][gc,age       ] GC(29) - age   9:     222248 bytes,    2703528 total
[2022-09-21T09:41:14.397+0000][7][gc,age       ] GC(29) - age  10:     420064 bytes,    3123592 total
[2022-09-21T09:41:14.397+0000][7][gc,age       ] GC(29) - age  11:     524296 bytes,    3647888 total
[2022-09-21T09:41:14.398+0000][7][gc,age       ] GC(29) - age  12:    1408896 bytes,    5056784 total
[2022-09-21T09:41:14.399+0000][7][gc,age       ] GC(29) - age  13:    3608144 bytes,    8664928 total
[2022-09-21T09:41:14.399+0000][7][gc,age       ] GC(29) - age  14:    5198576 bytes,   13863504 total
[2022-09-21T09:41:14.400+0000][7][gc,phases    ] GC(29)   Pre Evacuate Collection Set: 0.4ms
[2022-09-21T09:41:14.400+0000][7][gc,phases    ] GC(29)   Merge Heap Roots: 0.4ms
[2022-09-21T09:41:14.401+0000][7][gc,phases    ] GC(29)   Evacuate Collection Set: 42.6ms
[2022-09-21T09:41:14.402+0000][7][gc,phases    ] GC(29)   Post Evacuate Collection Set: 6.3ms
[2022-09-21T09:41:14.402+0000][7][gc,phases    ] GC(29)   Other: 21.0ms
[2022-09-21T09:41:14.403+0000][7][gc,heap      ] GC(29) Eden regions: 287->0(289)
[2022-09-21T09:41:14.404+0000][7][gc,heap      ] GC(29) Survivor regions: 15->14(38)
[2022-09-21T09:41:14.405+0000][7][gc,heap      ] GC(29) Old regions: 60->60
[2022-09-21T09:41:14.406+0000][7][gc,heap      ] GC(29) Archive regions: 0->0
[2022-09-21T09:41:14.406+0000][7][gc,heap      ] GC(29) Humongous regions: 7->7
[2022-09-21T09:41:14.407+0000][7][gc,metaspace ] GC(29) Metaspace: 110426K(118556K)->110426K(118556K) NonClass: 96447K(101296K)->96447K(101296K) Class: 13978K(17260K)->13978K(17260K)
[2022-09-21T09:41:14.408+0000][7][gc           ] GC(29) Pause Young (Normal) (G1 Evacuation Pause) 368M->80M(512M) 78.100ms
[2022-09-21T09:41:14.408+0000][7][gc,cpu       ] GC(29) User=0.18s Sys=0.00s Real=0.07s
[2022-09-21T09:41:14.409+0000][7][safepoint    ] Safepoint "G1CollectForAllocation", Time since last: 575729584 ns, Reaching safepoint: 374666 ns, At safepoint: 79736834 ns, Total: 80111500 ns
[2022-09-21T09:41:15.412+0000][7][safepoint    ] Safepoint "Cleanup", Time since last: 1002127500 ns, Reaching safepoint: 1137000 ns, At safepoint: 10209 ns, Total: 1147209 ns
[2022-09-21T09:41:16.439+0000][7][safepoint    ] Safepoint "Cleanup", Time since last: 1007686458 ns, Reaching safepoint: 491666 ns, At safepoint: 5959 ns, Total: 497625 ns
[2022-09-21T09:41:17.450+0000][7][safepoint    ] Safepoint "Cleanup", Time since last: 1010201959 ns, Reaching safepoint: 161833 ns, At safepoint: 3083 ns, Total: 164916 ns
[2022-09-21T09:41:18.455+0000][7][safepoint    ] Safepoint "Cleanup", Time since last: 1004121292 ns, Reaching safepoint: 1170500 ns, At safepoint: 17167 ns, Total: 1187667 ns
[2022-09-21T09:41:19.462+0000][7][safepoint    ] Safepoint "Cleanup", Time since last: 1005893625 ns, Reaching safepoint: 834167 ns, At safepoint: 6958 ns, Total: 841125 ns
[2022-09-21T09:41:20.469+0000][7][safepoint    ] Safepoint "Cleanup", Time since last: 1007092334 ns, Reaching safepoint: 265292 ns, At safepoint: 5333 ns, Total: 270625 ns
[2022-09-21T09:41:21.473+0000][7][safepoint    ] Safepoint "Cleanup", Time since last: 1003304959 ns, Reaching safepoint: 410500 ns, At safepoint: 6875 ns, Total: 417375 ns
[2022-09-21T09:41:22.480+0000][7][safepoint    ] Safepoint "Cleanup", Time since last: 1006797209 ns, Reaching safepoint: 251958 ns, At safepoint: 4084 ns, Total: 256042 ns
[2022-09-21T09:41:23.484+0000][7][safepoint    ] Safepoint "Cleanup", Time since last: 1003374042 ns, Reaching safepoint: 330166 ns, At safepoint: 6375 ns, Total: 336541 ns
[2022-09-21T09:41:24.488+0000][7][safepoint    ] Safepoint "Cleanup", Time since last: 1004589293 ns, Reaching safepoint: 368750 ns, At safepoint: 5041 ns, Total: 373791 ns
[2022-09-21T09:41:25.494+0000][7][safepoint    ] Safepoint "Cleanup", Time since last: 1005336542 ns, Reaching safepoint: 261834 ns, At safepoint: 5708 ns, Total: 267542 ns
[2022-09-21T09:41:26.500+0000][7][safepoint    ] Safepoint "Cleanup", Time since last: 1005571250 ns, Reaching safepoint: 213042 ns, At safepoint: 4000 ns, Total: 217042 ns
[2022-09-21T09:41:27.504+0000][7][safepoint    ] Safepoint "Cleanup", Time since last: 1003248751 ns, Reaching safepoint: 415708 ns, At safepoint: 6792 ns, Total: 422500 ns
[2022-09-21T09:41:28.508+0000][7][safepoint    ] Safepoint "Cleanup", Time since last: 1004296167 ns, Reaching safepoint: 270458 ns, At safepoint: 9542 ns, Total: 280000 ns
[2022-09-21T09:41:29.515+0000][7][safepoint    ] Safepoint "Cleanup", Time since last: 1006788334 ns, Reaching safepoint: 488500 ns, At safepoint: 7541 ns, Total: 496041 ns
[2022-09-21T09:41:30.524+0000][7][safepoint    ] Safepoint "Cleanup", Time since last: 1008573834 ns, Reaching safepoint: 371958 ns, At safepoint: 4959 ns, Total: 376917 ns
[2022-09-21T09:41:31.530+0000][7][safepoint    ] Safepoint "Cleanup", Time since last: 1004731292 ns, Reaching safepoint: 397042 ns, At safepoint: 5291 ns, Total: 402333 ns
[2022-09-21T09:41:32.546+0000][7][safepoint    ] Safepoint "Cleanup", Time since last: 1015857751 ns, Reaching safepoint: 307958 ns, At safepoint: 5542 ns, Total: 313500 ns
[2022-09-21T09:41:33.550+0000][7][safepoint    ] Safepoint "Cleanup", Time since last: 1003687667 ns, Reaching safepoint: 267875 ns, At safepoint: 4042 ns, Total: 271917 ns
[2022-09-21T09:41:34.559+0000][7][safepoint    ] Safepoint "Cleanup", Time since last: 1009261208 ns, Reaching safepoint: 245959 ns, At safepoint: 5041 ns, Total: 251000 ns
[2022-09-21T09:41:35.568+0000][7][safepoint    ] Safepoint "Cleanup", Time since last: 1008943001 ns, Reaching safepoint: 164333 ns, At safepoint: 2708 ns, Total: 167041 ns
[2022-09-21T09:41:36.571+0000][7][safepoint    ] Safepoint "Cleanup", Time since last: 1001488834 ns, Reaching safepoint: 1303917 ns, At safepoint: 10333 ns, Total: 1314250 ns
[2022-09-21T09:41:37.580+0000][7][safepoint    ] Safepoint "Cleanup", Time since last: 1008460251 ns, Reaching safepoint: 253958 ns, At safepoint: 5667 ns, Total: 259625 ns
[2022-09-21T09:41:38.583+0000][7][safepoint    ] Safepoint "Cleanup", Time since last: 1003428542 ns, Reaching safepoint: 275333 ns, At safepoint: 6917 ns, Total: 282250 ns
[2022-09-21T09:41:39.588+0000][7][safepoint    ] Safepoint "Cleanup", Time since last: 1004276750 ns, Reaching safepoint: 357084 ns, At safepoint: 5875 ns, Total: 362959 ns
[2022-09-21T09:41:40.592+0000][7][safepoint    ] Safepoint "Cleanup", Time since last: 1004050334 ns, Reaching safepoint: 170041 ns, At safepoint: 3459 ns, Total: 173500 ns
[2022-09-21T09:41:41.595+0000][7][safepoint    ] Safepoint "Cleanup", Time since last: 1002493625 ns, Reaching safepoint: 235708 ns, At safepoint: 5084 ns, Total: 240792 ns
[2022-09-21T09:41:42.600+0000][7][safepoint    ] Safepoint "Cleanup", Time since last: 1004342875 ns, Reaching safepoint: 513667 ns, At safepoint: 8792 ns, Total: 522459 ns
[2022-09-21T09:41:43.605+0000][7][safepoint    ] Safepoint "Cleanup", Time since last: 1004161250 ns, Reaching safepoint: 472000 ns, At safepoint: 6125 ns, Total: 478125 ns
[2022-09-21T09:41:44.609+0000][7][safepoint    ] Safepoint "Cleanup", Time since last: 1003801042 ns, Reaching safepoint: 228750 ns, At safepoint: 3708 ns, Total: 232458 ns
[2022-09-21T09:41:45.612+0000][7][safepoint    ] Safepoint "Cleanup", Time since last: 1003426709 ns, Reaching safepoint: 168750 ns, At safepoint: 2500 ns, Total: 171250 ns
[2022-09-21T09:41:46.598+0000][7][safepoint    ] Safepoint "Cleanup", Time since last: 1004664459 ns, Reaching safepoint: 538625 ns, At safepoint: 7875 ns, Total: 546500 ns
[2022-09-21T09:41:47.601+0000][7][safepoint    ] Safepoint "Cleanup", Time since last: 1003148750 ns, Reaching safepoint: 359125 ns, At safepoint: 4834 ns, Total: 363959 ns
[2022-09-21T09:41:48.607+0000][7][safepoint    ] Safepoint "Cleanup", Time since last: 1005180333 ns, Reaching safepoint: 507625 ns, At safepoint: 4084 ns, Total: 511709 ns
[2022-09-21T09:41:49.615+0000][7][safepoint    ] Safepoint "Cleanup", Time since last: 1007366042 ns, Reaching safepoint: 436958 ns, At safepoint: 8042 ns, Total: 445000 ns
[2022-09-21T09:41:50.624+0000][7][safepoint    ] Safepoint "Cleanup", Time since last: 1008460292 ns, Reaching safepoint: 397500 ns, At safepoint: 5958 ns, Total: 403458 ns
[2022-09-21T09:41:51.627+0000][7][safepoint    ] Safepoint "Cleanup", Time since last: 1003352334 ns, Reaching safepoint: 244167 ns, At safepoint: 4250 ns, Total: 248417 ns
[2022-09-21T09:41:52.630+0000][7][safepoint    ] Safepoint "Cleanup", Time since last: 1002492584 ns, Reaching safepoint: 577250 ns, At safepoint: 5250 ns, Total: 582500 ns
[2022-09-21T09:41:53.636+0000][7][safepoint    ] Safepoint "Cleanup", Time since last: 1004949917 ns, Reaching safepoint: 131041 ns, At safepoint: 1417 ns, Total: 132458 ns
[2022-09-21T09:41:54.641+0000][7][safepoint    ] Safepoint "Cleanup", Time since last: 1004783042 ns, Reaching safepoint: 315917 ns, At safepoint: 5708 ns, Total: 321625 ns
[2022-09-21T09:41:55.644+0000][7][safepoint    ] Safepoint "Cleanup", Time since last: 1002562334 ns, Reaching safepoint: 315958 ns, At safepoint: 5625 ns, Total: 321583 ns
[2022-09-21T09:41:56.652+0000][7][safepoint    ] Safepoint "Cleanup", Time since last: 1008198168 ns, Reaching safepoint: 365125 ns, At safepoint: 6166 ns, Total: 371291 ns
[2022-09-21T09:41:57.660+0000][7][safepoint    ] Safepoint "Cleanup", Time since last: 1007392751 ns, Reaching safepoint: 544958 ns, At safepoint: 8000 ns, Total: 552958 ns
[2022-09-21T09:41:58.665+0000][7][safepoint    ] Safepoint "Cleanup", Time since last: 1004849209 ns, Reaching safepoint: 407125 ns, At safepoint: 6000 ns, Total: 413125 ns
[2022-09-21T09:41:59.671+0000][7][safepoint    ] Safepoint "Cleanup", Time since last: 1005476834 ns, Reaching safepoint: 229791 ns, At safepoint: 4250 ns, Total: 234041 ns
[2022-09-21T09:42:00.676+0000][7][safepoint    ] Safepoint "Cleanup", Time since last: 1005013001 ns, Reaching safepoint: 307750 ns, At safepoint: 4041 ns, Total: 311791 ns
[2022-09-21T09:42:01.681+0000][7][safepoint    ] Safepoint "Cleanup", Time since last: 1004396876 ns, Reaching safepoint: 289458 ns, At safepoint: 5125 ns, Total: 294583 ns
[2022-09-21T09:42:02.686+0000][7][safepoint    ] Safepoint "Cleanup", Time since last: 1004499084 ns, Reaching safepoint: 831667 ns, At safepoint: 11083 ns, Total: 842750 ns
[2022-09-21T09:42:03.693+0000][7][safepoint    ] Safepoint "Cleanup", Time since last: 1006453834 ns, Reaching safepoint: 470292 ns, At safepoint: 6041 ns, Total: 476333 ns
[2022-09-21T09:42:04.697+0000][7][safepoint    ] Safepoint "Cleanup", Time since last: 1003118959 ns, Reaching safepoint: 631458 ns, At safepoint: 10667 ns, Total: 642125 ns
[2022-09-21T09:42:05.705+0000][7][safepoint    ] Safepoint "Cleanup", Time since last: 1007969876 ns, Reaching safepoint: 310291 ns, At safepoint: 4917 ns, Total: 315208 ns
[2022-09-21T09:42:06.713+0000][7][safepoint    ] Safepoint "Cleanup", Time since last: 1007808167 ns, Reaching safepoint: 230292 ns, At safepoint: 3750 ns, Total: 234042 ns
[2022-09-21T09:42:07.718+0000][7][safepoint    ] Safepoint "Cleanup", Time since last: 1004599875 ns, Reaching safepoint: 308709 ns, At safepoint: 4041 ns, Total: 312750 ns
[2022-09-21T09:42:09.341+0000][7][safepoint    ] Safepoint "Cleanup", Time since last: 1622186751 ns, Reaching safepoint: 418125 ns, At safepoint: 9042 ns, Total: 427167 ns
[2022-09-21T09:42:10.348+0000][7][safepoint    ] Safepoint "Cleanup", Time since last: 1006832833 ns, Reaching safepoint: 244792 ns, At safepoint: 3750 ns, Total: 248542 ns
[2022-09-21T09:42:11.352+0000][7][safepoint    ] Safepoint "Cleanup", Time since last: 1003491501 ns, Reaching safepoint: 283875 ns, At safepoint: 4750 ns, Total: 288625 ns
[2022-09-21T09:42:12.355+0000][7][safepoint    ] Safepoint "Cleanup", Time since last: 1003116792 ns, Reaching safepoint: 167708 ns, At safepoint: 4375 ns, Total: 172083 ns
[2022-09-21T09:42:13.359+0000][7][safepoint    ] Safepoint "Cleanup", Time since last: 1002951917 ns, Reaching safepoint: 464667 ns, At safepoint: 6458 ns, Total: 471125 ns
[2022-09-21T09:42:14.361+0000][7][safepoint    ] Safepoint "Cleanup", Time since last: 1002775084 ns, Reaching safepoint: 186708 ns, At safepoint: 1125 ns, Total: 187833 ns
[2022-09-21T09:42:15.365+0000][7][safepoint    ] Safepoint "Cleanup", Time since last: 1002801167 ns, Reaching safepoint: 262500 ns, At safepoint: 6042 ns, Total: 268542 ns
[2022-09-21T09:42:16.370+0000][7][safepoint    ] Safepoint "Cleanup", Time since last: 1005606417 ns, Reaching safepoint: 384458 ns, At safepoint: 5459 ns, Total: 389917 ns
[2022-09-21T09:42:17.373+0000][7][safepoint    ] Safepoint "Cleanup", Time since last: 1002837333 ns, Reaching safepoint: 147500 ns, At safepoint: 2375 ns, Total: 149875 ns
[2022-09-21T09:42:18.388+0000][7][safepoint    ] Safepoint "Cleanup", Time since last: 1015142501 ns, Reaching safepoint: 303458 ns, At safepoint: 5334 ns, Total: 308792 ns
[2022-09-21T09:42:19.392+0000][7][safepoint    ] Safepoint "Cleanup", Time since last: 1003403542 ns, Reaching safepoint: 595541 ns, At safepoint: 9334 ns, Total: 604875 ns
[2022-09-21T09:42:20.404+0000][7][safepoint    ] Safepoint "Cleanup", Time since last: 1010865167 ns, Reaching safepoint: 482667 ns, At safepoint: 6833 ns, Total: 489500 ns
[2022-09-21T09:42:21.407+0000][7][safepoint    ] Safepoint "Cleanup", Time since last: 1002656834 ns, Reaching safepoint: 222333 ns, At safepoint: 4875 ns, Total: 227208 ns
[2022-09-21T09:42:22.413+0000][7][safepoint    ] Safepoint "Cleanup", Time since last: 1006051167 ns, Reaching safepoint: 260709 ns, At safepoint: 4833 ns, Total: 265542 ns
[2022-09-21T09:42:23.416+0000][7][safepoint    ] Safepoint "Cleanup", Time since last: 1002578917 ns, Reaching safepoint: 407375 ns, At safepoint: 3667 ns, Total: 411042 ns
[2022-09-21T09:42:24.421+0000][7][safepoint    ] Safepoint "Cleanup", Time since last: 1004272542 ns, Reaching safepoint: 449708 ns, At safepoint: 5375 ns, Total: 455083 ns
[2022-09-21T09:42:25.427+0000][7][safepoint    ] Safepoint "Cleanup", Time since last: 1005351292 ns, Reaching safepoint: 460792 ns, At safepoint: 8250 ns, Total: 469042 ns
[2022-09-21T09:42:26.433+0000][7][safepoint    ] Safepoint "Cleanup", Time since last: 1006499417 ns, Reaching safepoint: 309708 ns, At safepoint: 4667 ns, Total: 314375 ns
[2022-09-21T09:42:27.443+0000][7][safepoint    ] Safepoint "Cleanup", Time since last: 1009274042 ns, Reaching safepoint: 282334 ns, At safepoint: 7791 ns, Total: 290125 ns
[2022-09-21T09:42:28.455+0000][7][safepoint    ] Safepoint "Cleanup", Time since last: 1011426292 ns, Reaching safepoint: 318917 ns, At safepoint: 4875 ns, Total: 323792 ns
[2022-09-21T09:42:29.461+0000][7][safepoint    ] Safepoint "Cleanup", Time since last: 1006157667 ns, Reaching safepoint: 223334 ns, At safepoint: 3541 ns, Total: 226875 ns
[2022-09-21T09:42:30.464+0000][7][safepoint    ] Safepoint "Cleanup", Time since last: 1002591001 ns, Reaching safepoint: 237333 ns, At safepoint: 4000 ns, Total: 241333 ns
[2022-09-21T09:42:31.470+0000][7][safepoint    ] Safepoint "Cleanup", Time since last: 1006362376 ns, Reaching safepoint: 231916 ns, At safepoint: 3459 ns, Total: 235375 ns
[2022-09-21T09:42:32.473+0000][7][safepoint    ] Safepoint "Cleanup", Time since last: 1001985667 ns, Reaching safepoint: 268625 ns, At safepoint: 5958 ns, Total: 274583 ns
[2022-09-21T09:42:33.478+0000][7][safepoint    ] Safepoint "Cleanup", Time since last: 1004005959 ns, Reaching safepoint: 1282958 ns, At safepoint: 18000 ns, Total: 1300958 ns
[2022-09-21T09:42:34.490+0000][7][safepoint    ] Safepoint "Cleanup", Time since last: 1009945917 ns, Reaching safepoint: 2129959 ns, At safepoint: 17583 ns, Total: 2147542 ns
[2022-09-21T09:42:35.510+0000][7][safepoint    ] Safepoint "Cleanup", Time since last: 1019499709 ns, Reaching safepoint: 370083 ns, At safepoint: 9250 ns, Total: 379333 ns
[2022-09-21T09:42:36.520+0000][7][safepoint    ] Safepoint "Cleanup", Time since last: 1009169542 ns, Reaching safepoint: 893625 ns, At safepoint: 62750 ns, Total: 956375 ns
[2022-09-21T09:42:37.535+0000][7][safepoint    ] Safepoint "Cleanup", Time since last: 1014243084 ns, Reaching safepoint: 631292 ns, At safepoint: 11416 ns, Total: 642708 ns
[2022-09-21T09:42:38.540+0000][7][safepoint    ] Safepoint "Cleanup", Time since last: 1004708709 ns, Reaching safepoint: 196417 ns, At safepoint: 4583 ns, Total: 201000 ns
[2022-09-21T09:42:39.543+0000][7][safepoint    ] Safepoint "Cleanup", Time since last: 1002538751 ns, Reaching safepoint: 203958 ns, At safepoint: 4000 ns, Total: 207958 ns
[2022-09-21T09:42:40.567+0000][7][safepoint    ] Safepoint "Cleanup", Time since last: 1023765709 ns, Reaching safepoint: 521583 ns, At safepoint: 7667 ns, Total: 529250 ns
[2022-09-21T09:42:41.573+0000][7][safepoint    ] Safepoint "Cleanup", Time since last: 1006002375 ns, Reaching safepoint: 374917 ns, At safepoint: 7167 ns, Total: 382084 ns
[2022-09-21T09:42:42.577+0000][7][safepoint    ] Safepoint "Cleanup", Time since last: 1003507500 ns, Reaching safepoint: 589958 ns, At safepoint: 8917 ns, Total: 598875 ns
[2022-09-21T09:42:43.582+0000][7][safepoint    ] Safepoint "Cleanup", Time since last: 1003801584 ns, Reaching safepoint: 755750 ns, At safepoint: 9917 ns, Total: 765667 ns
[2022-09-21T09:42:44.620+0000][7][safepoint    ] Safepoint "Cleanup", Time since last: 1036852667 ns, Reaching safepoint: 1522125 ns, At safepoint: 14750 ns, Total: 1536875 ns
[2022-09-21T09:42:45.626+0000][7][safepoint    ] Safepoint "Cleanup", Time since last: 1005681459 ns, Reaching safepoint: 138625 ns, At safepoint: 3000 ns, Total: 141625 ns
[2022-09-21T09:42:46.632+0000][7][safepoint    ] Safepoint "Cleanup", Time since last: 1004049250 ns, Reaching safepoint: 304083 ns, At safepoint: 4875 ns, Total: 308958 ns
[2022-09-21T09:42:47.638+0000][7][safepoint    ] Safepoint "Cleanup", Time since last: 1006393751 ns, Reaching safepoint: 487416 ns, At safepoint: 5042 ns, Total: 492458 ns
[2022-09-21T09:42:48.645+0000][7][safepoint    ] Safepoint "Cleanup", Time since last: 1006216792 ns, Reaching safepoint: 337875 ns, At safepoint: 6125 ns, Total: 344000 ns
[2022-09-21T09:42:49.656+0000][7][safepoint    ] Safepoint "Cleanup", Time since last: 1008163876 ns, Reaching safepoint: 2769625 ns, At safepoint: 27500 ns, Total: 2797125 ns
[2022-09-21T09:42:50.672+0000][7][safepoint    ] Safepoint "Cleanup", Time since last: 1015278583 ns, Reaching safepoint: 507792 ns, At safepoint: 7458 ns, Total: 515250 ns
[2022-09-21T09:42:51.682+0000][7][safepoint    ] Safepoint "Cleanup", Time since last: 1004092001 ns, Reaching safepoint: 5785875 ns, At safepoint: 81875 ns, Total: 5867750 ns
[2022-09-21T09:42:52.701+0000][7][safepoint    ] Safepoint "Cleanup", Time since last: 1015517209 ns, Reaching safepoint: 4039208 ns, At safepoint: 47167 ns, Total: 4086375 ns
[2022-09-21T09:42:53.713+0000][7][safepoint    ] Safepoint "Cleanup", Time since last: 1008182333 ns, Reaching safepoint: 3390709 ns, At safepoint: 21375 ns, Total: 3412084 ns
[2022-09-21T09:42:54.733+0000][7][safepoint    ] Safepoint "Cleanup", Time since last: 1019576125 ns, Reaching safepoint: 392209 ns, At safepoint: 9125 ns, Total: 401334 ns
[2022-09-21T09:42:55.741+0000][7][safepoint    ] Safepoint "Cleanup", Time since last: 1007715542 ns, Reaching safepoint: 405541 ns, At safepoint: 7625 ns, Total: 413166 ns
[2022-09-21T09:42:56.745+0000][7][safepoint    ] Safepoint "Cleanup", Time since last: 1003218293 ns, Reaching safepoint: 363416 ns, At safepoint: 5334 ns, Total: 368750 ns
[2022-09-21T09:42:57.756+0000][7][safepoint    ] Safepoint "Cleanup", Time since last: 1011002750 ns, Reaching safepoint: 245375 ns, At safepoint: 4333 ns, Total: 249708 ns
[2022-09-21T09:42:58.761+0000][7][safepoint    ] Safepoint "Cleanup", Time since last: 1004581001 ns, Reaching safepoint: 316708 ns, At safepoint: 3959 ns, Total: 320667 ns
[2022-09-21T09:42:59.766+0000][7][safepoint    ] Safepoint "Cleanup", Time since last: 1004220083 ns, Reaching safepoint: 740667 ns, At safepoint: 9333 ns, Total: 750000 ns
[2022-09-21T09:43:00.773+0000][7][safepoint    ] Safepoint "Cleanup", Time since last: 1006796709 ns, Reaching safepoint: 382917 ns, At safepoint: 5375 ns, Total: 388292 ns
[2022-09-21T09:43:02.607+0000][7][safepoint    ] Safepoint "Cleanup", Time since last: 1833681584 ns, Reaching safepoint: 291458 ns, At safepoint: 6000 ns, Total: 297458 ns
[2022-09-21T09:43:03.613+0000][7][safepoint    ] Safepoint "Cleanup", Time since last: 1005867668 ns, Reaching safepoint: 434000 ns, At safepoint: 6625 ns, Total: 440625 ns
[2022-09-21T09:43:04.631+0000][7][safepoint    ] Safepoint "Cleanup", Time since last: 1017116583 ns, Reaching safepoint: 263084 ns, At safepoint: 4458 ns, Total: 267542 ns
[2022-09-21T09:43:05.635+0000][7][safepoint    ] Safepoint "Cleanup", Time since last: 1003990876 ns, Reaching safepoint: 137416 ns, At safepoint: 1667 ns, Total: 139083 ns
[2022-09-21T09:43:06.639+0000][7][safepoint    ] Safepoint "Cleanup", Time since last: 1003582125 ns, Reaching safepoint: 684709 ns, At safepoint: 6166 ns, Total: 690875 ns
[2022-09-21T09:43:07.642+0000][7][safepoint    ] Safepoint "Cleanup", Time since last: 1002589917 ns, Reaching safepoint: 243917 ns, At safepoint: 4542 ns, Total: 248459 ns
[2022-09-21T09:43:08.650+0000][7][safepoint    ] Safepoint "Cleanup", Time since last: 1007517625 ns, Reaching safepoint: 361042 ns, At safepoint: 5458 ns, Total: 366500 ns
[2022-09-21T09:43:09.671+0000][7][safepoint    ] Safepoint "Cleanup", Time since last: 1020871792 ns, Reaching safepoint: 215959 ns, At safepoint: 4375 ns, Total: 220334 ns
[2022-09-21T09:43:10.678+0000][7][safepoint    ] Safepoint "Cleanup", Time since last: 1006565250 ns, Reaching safepoint: 1076209 ns, At safepoint: 7083 ns, Total: 1083292 ns
[2022-09-21T09:43:11.682+0000][7][safepoint    ] Safepoint "Cleanup", Time since last: 1002921542 ns, Reaching safepoint: 426583 ns, At safepoint: 5959 ns, Total: 432542 ns
[2022-09-21T09:43:12.687+0000][7][safepoint    ] Safepoint "Cleanup", Time since last: 1005311584 ns, Reaching safepoint: 320083 ns, At safepoint: 5917 ns, Total: 326000 ns
[2022-09-21T09:43:13.695+0000][7][safepoint    ] Safepoint "Cleanup", Time since last: 1006978167 ns, Reaching safepoint: 167166 ns, At safepoint: 3375 ns, Total: 170541 ns
[2022-09-21T09:43:14.699+0000][7][safepoint    ] Safepoint "Cleanup", Time since last: 1004031459 ns, Reaching safepoint: 633959 ns, At safepoint: 8416 ns, Total: 642375 ns
[2022-09-21T09:43:15.703+0000][7][safepoint    ] Safepoint "Cleanup", Time since last: 1002965209 ns, Reaching safepoint: 368292 ns, At safepoint: 7791 ns, Total: 376083 ns
[2022-09-21T09:43:16.709+0000][7][safepoint    ] Safepoint "Cleanup", Time since last: 1006000041 ns, Reaching safepoint: 247917 ns, At safepoint: 3833 ns, Total: 251750 ns
[2022-09-21T09:43:17.711+0000][7][safepoint    ] Safepoint "Cleanup", Time since last: 1002218709 ns, Reaching safepoint: 264000 ns, At safepoint: 4084 ns, Total: 268084 ns
[2022-09-21T09:43:18.719+0000][7][safepoint    ] Safepoint "Cleanup", Time since last: 1007514667 ns, Reaching safepoint: 581291 ns, At safepoint: 7917 ns, Total: 589208 ns
[2022-09-21T09:43:19.723+0000][7][safepoint    ] Safepoint "Cleanup", Time since last: 1002974542 ns, Reaching safepoint: 211292 ns, At safepoint: 4542 ns, Total: 215834 ns
[2022-09-21T09:43:20.726+0000][7][safepoint    ] Safepoint "Cleanup", Time since last: 1002929208 ns, Reaching safepoint: 219584 ns, At safepoint: 3500 ns, Total: 223084 ns
[2022-09-21T09:43:21.731+0000][7][safepoint    ] Safepoint "Cleanup", Time since last: 1005104792 ns, Reaching safepoint: 511625 ns, At safepoint: 7667 ns, Total: 519292 ns
[2022-09-21T09:43:22.736+0000][7][safepoint    ] Safepoint "Cleanup", Time since last: 1004064333 ns, Reaching safepoint: 314000 ns, At safepoint: 5334 ns, Total: 319334 ns
[2022-09-21T09:43:23.743+0000][7][safepoint    ] Safepoint "Cleanup", Time since last: 1007081417 ns, Reaching safepoint: 344500 ns, At safepoint: 5375 ns, Total: 349875 ns
[2022-09-21T09:43:24.747+0000][7][safepoint    ] Safepoint "Cleanup", Time since last: 1003605709 ns, Reaching safepoint: 416708 ns, At safepoint: 5542 ns, Total: 422250 ns
[2022-09-21T09:43:25.752+0000][7][safepoint    ] Safepoint "Cleanup", Time since last: 1004932125 ns, Reaching safepoint: 282417 ns, At safepoint: 4250 ns, Total: 286667 ns
[2022-09-21T09:43:26.763+0000][7][safepoint    ] Safepoint "Cleanup", Time since last: 1009157292 ns, Reaching safepoint: 905833 ns, At safepoint: 7542 ns, Total: 913375 ns
[2022-09-21T09:43:27.767+0000][7][safepoint    ] Safepoint "Cleanup", Time since last: 1004629542 ns, Reaching safepoint: 199708 ns, At safepoint: 3959 ns, Total: 203667 ns
[2022-09-21T09:43:28.775+0000][7][safepoint    ] Safepoint "Cleanup", Time since last: 1007651167 ns, Reaching safepoint: 361833 ns, At safepoint: 3709 ns, Total: 365542 ns
[2022-09-21T09:43:29.786+0000][7][safepoint    ] Safepoint "Cleanup", Time since last: 1009487500 ns, Reaching safepoint: 1017708 ns, At safepoint: 13625 ns, Total: 1031333 ns
[2022-09-21T09:43:30.793+0000][7][safepoint    ] Safepoint "Cleanup", Time since last: 1007008293 ns, Reaching safepoint: 511916 ns, At safepoint: 6625 ns, Total: 518541 ns
[2022-09-21T09:43:31.798+0000][7][safepoint    ] Safepoint "Cleanup", Time since last: 1004440459 ns, Reaching safepoint: 549542 ns, At safepoint: 6208 ns, Total: 555750 ns
[2022-09-21T09:43:32.810+0000][7][safepoint    ] Safepoint "Cleanup", Time since last: 1011104459 ns, Reaching safepoint: 263833 ns, At safepoint: 3958 ns, Total: 267791 ns
[2022-09-21T09:43:33.817+0000][7][safepoint    ] Safepoint "Cleanup", Time since last: 1006468084 ns, Reaching safepoint: 387750 ns, At safepoint: 8167 ns, Total: 395917 ns
[2022-09-21T09:43:34.824+0000][7][safepoint    ] Safepoint "Cleanup", Time since last: 1006660584 ns, Reaching safepoint: 468000 ns, At safepoint: 5625 ns, Total: 473625 ns
[2022-09-21T09:43:35.830+0000][7][safepoint    ] Safepoint "Cleanup", Time since last: 1006117959 ns, Reaching safepoint: 370875 ns, At safepoint: 4416 ns, Total: 375291 ns
[2022-09-21T09:43:36.836+0000][7][safepoint    ] Safepoint "Cleanup", Time since last: 1005508751 ns, Reaching safepoint: 557875 ns, At safepoint: 8416 ns, Total: 566291 ns
[2022-09-21T09:43:37.844+0000][7][safepoint    ] Safepoint "Cleanup", Time since last: 1006320293 ns, Reaching safepoint: 1263000 ns, At safepoint: 10625 ns, Total: 1273625 ns
[2022-09-21T09:43:38.854+0000][7][safepoint    ] Safepoint "Cleanup", Time since last: 1008836292 ns, Reaching safepoint: 839833 ns, At safepoint: 9333 ns, Total: 849166 ns
[2022-09-21T09:43:39.862+0000][7][safepoint    ] Safepoint "Cleanup", Time since last: 1007753668 ns, Reaching safepoint: 419291 ns, At safepoint: 4667 ns, Total: 423958 ns
[2022-09-21T09:43:40.876+0000][7][safepoint    ] Safepoint "Cleanup", Time since last: 1011991417 ns, Reaching safepoint: 1720500 ns, At safepoint: 34667 ns, Total: 1755167 ns
[2022-09-21T09:43:41.880+0000][7][safepoint    ] Safepoint "Cleanup", Time since last: 1003974250 ns, Reaching safepoint: 298292 ns, At safepoint: 5708 ns, Total: 304000 ns
[2022-09-21T09:43:42.896+0000][7][safepoint    ] Safepoint "Cleanup", Time since last: 1015697001 ns, Reaching safepoint: 337416 ns, At safepoint: 5084 ns, Total: 342500 ns
[2022-09-21T09:43:43.899+0000][7][safepoint    ] Safepoint "Cleanup", Time since last: 1002982583 ns, Reaching safepoint: 248000 ns, At safepoint: 2500 ns, Total: 250500 ns
[2022-09-21T09:43:44.907+0000][7][safepoint    ] Safepoint "Cleanup", Time since last: 1006322876 ns, Reaching safepoint: 1975958 ns, At safepoint: 13334 ns, Total: 1989292 ns
[2022-09-21T09:43:45.914+0000][7][safepoint    ] Safepoint "Cleanup", Time since last: 1006175083 ns, Reaching safepoint: 210584 ns, At safepoint: 3041 ns, Total: 213625 ns
[2022-09-21T09:43:46.924+0000][7][safepoint    ] Safepoint "Cleanup", Time since last: 1006629583 ns, Reaching safepoint: 3005000 ns, At safepoint: 14750 ns, Total: 3019750 ns
[2022-09-21T09:43:47.937+0000][7][safepoint    ] Safepoint "Cleanup", Time since last: 1012976917 ns, Reaching safepoint: 533750 ns, At safepoint: 10125 ns, Total: 543875 ns
[2022-09-21T09:43:48.958+0000][7][safepoint    ] Safepoint "Cleanup", Time since last: 1007812209 ns, Reaching safepoint: 12447542 ns, At safepoint: 15625 ns, Total: 12463167 ns
[2022-09-21T09:43:49.980+0000][7][safepoint    ] Safepoint "Cleanup", Time since last: 1022144917 ns, Reaching safepoint: 372125 ns, At safepoint: 4875 ns, Total: 377000 ns
[2022-09-21T09:43:50.988+0000][7][safepoint    ] Safepoint "Cleanup", Time since last: 1007548001 ns, Reaching safepoint: 283583 ns, At safepoint: 5083 ns, Total: 288666 ns
[2022-09-21T09:43:51.992+0000][7][safepoint    ] Safepoint "Cleanup", Time since last: 1003948626 ns, Reaching safepoint: 333500 ns, At safepoint: 7083 ns, Total: 340583 ns
[2022-09-21T09:43:53.001+0000][7][safepoint    ] Safepoint "Cleanup", Time since last: 1004499334 ns, Reaching safepoint: 4490666 ns, At safepoint: 45917 ns, Total: 4536583 ns
[2022-09-21T09:43:54.026+0000][7][safepoint    ] Safepoint "Cleanup", Time since last: 1024210167 ns, Reaching safepoint: 227000 ns, At safepoint: 3709 ns, Total: 230709 ns
[2022-09-21T09:43:55.029+0000][7][safepoint    ] Safepoint "Cleanup", Time since last: 1002882167 ns, Reaching safepoint: 505958 ns, At safepoint: 6500 ns, Total: 512458 ns
[2022-09-21T09:43:56.052+0000][7][safepoint    ] Safepoint "Cleanup", Time since last: 1022947042 ns, Reaching safepoint: 465959 ns, At safepoint: 9583 ns, Total: 475542 ns
[2022-09-21T09:43:57.063+0000][7][safepoint    ] Safepoint "Cleanup", Time since last: 1009848459 ns, Reaching safepoint: 252500 ns, At safepoint: 4625 ns, Total: 257125 ns
[2022-09-21T09:43:58.066+0000][7][safepoint    ] Safepoint "Cleanup", Time since last: 1002964459 ns, Reaching safepoint: 273041 ns, At safepoint: 4500 ns, Total: 277541 ns
[2022-09-21T09:43:59.069+0000][7][safepoint    ] Safepoint "Cleanup", Time since last: 1002994417 ns, Reaching safepoint: 258834 ns, At safepoint: 4791 ns, Total: 263625 ns
[2022-09-21T09:44:00.076+0000][7][safepoint    ] Safepoint "Cleanup", Time since last: 1006266543 ns, Reaching safepoint: 283000 ns, At safepoint: 5625 ns, Total: 288625 ns
[2022-09-21T09:44:01.084+0000][7][safepoint    ] Safepoint "Cleanup", Time since last: 1004900542 ns, Reaching safepoint: 3318416 ns, At safepoint: 36042 ns, Total: 3354458 ns
[2022-09-21T09:44:02.634+0000][7][safepoint    ] Safepoint "Cleanup", Time since last: 1545632001 ns, Reaching safepoint: 4322000 ns, At safepoint: 25416 ns, Total: 4347416 ns
[2022-09-21T09:44:03.669+0000][7][safepoint    ] Safepoint "Cleanup", Time since last: 1031879793 ns, Reaching safepoint: 2343708 ns, At safepoint: 18500 ns, Total: 2362208 ns
[2022-09-21T09:44:04.682+0000][7][safepoint    ] Safepoint "Cleanup", Time since last: 1012990292 ns, Reaching safepoint: 1261083 ns, At safepoint: 14375 ns, Total: 1275458 ns
[2022-09-21T09:44:05.713+0000][7][safepoint    ] Safepoint "Cleanup", Time since last: 1014360876 ns, Reaching safepoint: 15848083 ns, At safepoint: 27500 ns, Total: 15875583 ns
[2022-09-21T09:44:06.736+0000][7][safepoint    ] Safepoint "Cleanup", Time since last: 1020175376 ns, Reaching safepoint: 2937291 ns, At safepoint: 27250 ns, Total: 2964541 ns
[2022-09-21T09:44:07.765+0000][7][safepoint    ] Safepoint "Cleanup", Time since last: 1028012293 ns, Reaching safepoint: 1439125 ns, At safepoint: 17750 ns, Total: 1456875 ns
[2022-09-21T09:44:08.781+0000][7][safepoint    ] Safepoint "Cleanup", Time since last: 1015454542 ns, Reaching safepoint: 553541 ns, At safepoint: 8292 ns, Total: 561833 ns
[2022-09-21T09:44:09.797+0000][7][safepoint    ] Safepoint "Cleanup", Time since last: 1014712084 ns, Reaching safepoint: 848208 ns, At safepoint: 6917 ns, Total: 855125 ns
[2022-09-21T09:44:10.803+0000][7][safepoint    ] Safepoint "Cleanup", Time since last: 1003777917 ns, Reaching safepoint: 2165000 ns, At safepoint: 11000 ns, Total: 2176000 ns
[2022-09-21T09:44:11.816+0000][7][safepoint    ] Safepoint "Cleanup", Time since last: 1012699167 ns, Reaching safepoint: 504458 ns, At safepoint: 6292 ns, Total: 510750 ns
[2022-09-21T09:44:12.825+0000][7][safepoint    ] Safepoint "Cleanup", Time since last: 1008162917 ns, Reaching safepoint: 884917 ns, At safepoint: 16125 ns, Total: 901042 ns
[2022-09-21T09:44:13.831+0000][7][safepoint    ] Safepoint "Cleanup", Time since last: 1004826875 ns, Reaching safepoint: 1181334 ns, At safepoint: 9583 ns, Total: 1190917 ns
[2022-09-21T09:44:14.841+0000][7][safepoint    ] Safepoint "Cleanup", Time since last: 1009859167 ns, Reaching safepoint: 248584 ns, At safepoint: 4791 ns, Total: 253375 ns
[2022-09-21T09:44:15.848+0000][7][safepoint    ] Safepoint "Cleanup", Time since last: 1005090209 ns, Reaching safepoint: 1793000 ns, At safepoint: 8417 ns, Total: 1801417 ns
[2022-09-21T09:44:16.865+0000][7][safepoint    ] Safepoint "Cleanup", Time since last: 1012920750 ns, Reaching safepoint: 1610000 ns, At safepoint: 16292 ns, Total: 1626292 ns
[2022-09-21T09:44:17.872+0000][7][safepoint    ] Safepoint "Cleanup", Time since last: 1006919083 ns, Reaching safepoint: 281750 ns, At safepoint: 49625 ns, Total: 331375 ns
[2022-09-21T09:44:18.878+0000][7][safepoint    ] Safepoint "Cleanup", Time since last: 1006009668 ns, Reaching safepoint: 314208 ns, At safepoint: 6375 ns, Total: 320583 ns
[2022-09-21T09:44:19.886+0000][7][safepoint    ] Safepoint "Cleanup", Time since last: 1008057542 ns, Reaching safepoint: 248750 ns, At safepoint: 4500 ns, Total: 253250 ns
[2022-09-21T09:44:20.894+0000][7][safepoint    ] Safepoint "Cleanup", Time since last: 1006960834 ns, Reaching safepoint: 786833 ns, At safepoint: 12750 ns, Total: 799583 ns
[2022-09-21T09:44:21.900+0000][7][safepoint    ] Safepoint "Cleanup", Time since last: 1003916167 ns, Reaching safepoint: 1639417 ns, At safepoint: 6750 ns, Total: 1646167 ns
[2022-09-21T09:44:22.916+0000][7][safepoint    ] Safepoint "Cleanup", Time since last: 1015693125 ns, Reaching safepoint: 878417 ns, At safepoint: 14125 ns, Total: 892542 ns
[2022-09-21T09:44:23.931+0000][7][safepoint    ] Safepoint "Cleanup", Time since last: 1013281376 ns, Reaching safepoint: 1648833 ns, At safepoint: 26333 ns, Total: 1675166 ns
[2022-09-21T09:44:24.948+0000][7][safepoint    ] Safepoint "Cleanup", Time since last: 1015055542 ns, Reaching safepoint: 1812125 ns, At safepoint: 21042 ns, Total: 1833167 ns
[2022-09-21T09:44:25.958+0000][7][safepoint    ] Safepoint "Cleanup", Time since last: 1006583584 ns, Reaching safepoint: 3350250 ns, At safepoint: 19333 ns, Total: 3369583 ns
[2022-09-21T09:44:26.982+0000][7][safepoint    ] Safepoint "Cleanup", Time since last: 1023552709 ns, Reaching safepoint: 524125 ns, At safepoint: 7542 ns, Total: 531667 ns
[2022-09-21T09:44:27.992+0000][7][safepoint    ] Safepoint "Cleanup", Time since last: 1009755834 ns, Reaching safepoint: 465625 ns, At safepoint: 6125 ns, Total: 471750 ns
[2022-09-21T09:44:29.011+0000][7][safepoint    ] Safepoint "Cleanup", Time since last: 1017606792 ns, Reaching safepoint: 589166 ns, At safepoint: 4084 ns, Total: 593250 ns
[2022-09-21T09:44:30.015+0000][7][safepoint    ] Safepoint "Cleanup", Time since last: 1003506667 ns, Reaching safepoint: 480708 ns, At safepoint: 9292 ns, Total: 490000 ns
[2022-09-21T09:44:31.023+0000][7][safepoint    ] Safepoint "Cleanup", Time since last: 1008057292 ns, Reaching safepoint: 286583 ns, At safepoint: 4709 ns, Total: 291292 ns
[2022-09-21T09:44:32.031+0000][7][safepoint    ] Safepoint "Cleanup", Time since last: 1006658625 ns, Reaching safepoint: 927750 ns, At safepoint: 6792 ns, Total: 934542 ns
[2022-09-21T09:44:33.038+0000][7][safepoint    ] Safepoint "Cleanup", Time since last: 1006739209 ns, Reaching safepoint: 480166 ns, At safepoint: 6334 ns, Total: 486500 ns
[2022-09-21T09:44:34.048+0000][7][safepoint    ] Safepoint "Cleanup", Time since last: 1007666458 ns, Reaching safepoint: 2870875 ns, At safepoint: 19250 ns, Total: 2890125 ns
[2022-09-21T09:44:35.079+0000][7][safepoint    ] Safepoint "Cleanup", Time since last: 1029972376 ns, Reaching safepoint: 511167 ns, At safepoint: 6291 ns, Total: 517458 ns
[2022-09-21T09:44:36.096+0000][7][safepoint    ] Safepoint "Cleanup", Time since last: 1016976876 ns, Reaching safepoint: 184833 ns, At safepoint: 3667 ns, Total: 188500 ns
[2022-09-21T09:44:37.102+0000][7][safepoint    ] Safepoint "Cleanup", Time since last: 1005781167 ns, Reaching safepoint: 369250 ns, At safepoint: 5667 ns, Total: 374917 ns
[2022-09-21T09:44:38.107+0000][7][safepoint    ] Safepoint "Cleanup", Time since last: 1004118500 ns, Reaching safepoint: 361333 ns, At safepoint: 6250 ns, Total: 367583 ns
[2022-09-21T09:44:39.112+0000][7][safepoint    ] Safepoint "Cleanup", Time since last: 1003068667 ns, Reaching safepoint: 2158417 ns, At safepoint: 17458 ns, Total: 2175875 ns
[2022-09-21T09:44:40.117+0000][7][safepoint    ] Safepoint "Cleanup", Time since last: 1004494043 ns, Reaching safepoint: 787416 ns, At safepoint: 9959 ns, Total: 797375 ns
[2022-09-21T09:44:41.132+0000][7][safepoint    ] Safepoint "Cleanup", Time since last: 1011711583 ns, Reaching safepoint: 3092875 ns, At safepoint: 20875 ns, Total: 3113750 ns
[2022-09-21T09:44:42.153+0000][7][safepoint    ] Safepoint "Cleanup", Time since last: 1013364668 ns, Reaching safepoint: 3504583 ns, At safepoint: 19667 ns, Total: 3524250 ns
[2022-09-21T09:44:43.174+0000][7][safepoint    ] Safepoint "Cleanup", Time since last: 1018227042 ns, Reaching safepoint: 6742333 ns, At safepoint: 17000 ns, Total: 6759333 ns
[2022-09-21T09:44:44.204+0000][7][safepoint    ] Safepoint "Cleanup", Time since last: 1021016917 ns, Reaching safepoint: 8375625 ns, At safepoint: 39417 ns, Total: 8415042 ns
[2022-09-21T09:44:45.212+0000][7][safepoint    ] Safepoint "Cleanup", Time since last: 1007211584 ns, Reaching safepoint: 1305875 ns, At safepoint: 11708 ns, Total: 1317583 ns
[2022-09-21T09:44:46.220+0000][7][safepoint    ] Safepoint "Cleanup", Time since last: 1009223167 ns, Reaching safepoint: 352500 ns, At safepoint: 4416 ns, Total: 356916 ns
[2022-09-21T09:44:47.242+0000][7][safepoint    ] Safepoint "Cleanup", Time since last: 1021717834 ns, Reaching safepoint: 389042 ns, At safepoint: 8791 ns, Total: 397833 ns
[2022-09-21T09:44:48.249+0000][7][safepoint    ] Safepoint "Cleanup", Time since last: 1004939501 ns, Reaching safepoint: 1486042 ns, At safepoint: 10250 ns, Total: 1496292 ns
[2022-09-21T09:44:49.266+0000][7][safepoint    ] Safepoint "Cleanup", Time since last: 1016870000 ns, Reaching safepoint: 133208 ns, At safepoint: 3084 ns, Total: 136292 ns
[2022-09-21T09:44:50.271+0000][7][safepoint    ] Safepoint "Cleanup", Time since last: 1004001834 ns, Reaching safepoint: 1598916 ns, At safepoint: 15834 ns, Total: 1614750 ns
[2022-09-21T09:44:51.285+0000][7][safepoint    ] Safepoint "Cleanup", Time since last: 1013504792 ns, Reaching safepoint: 374166 ns, At safepoint: 5584 ns, Total: 379750 ns
[2022-09-21T09:44:52.292+0000][7][safepoint    ] Safepoint "Cleanup", Time since last: 1006432042 ns, Reaching safepoint: 449541 ns, At safepoint: 6417 ns, Total: 455958 ns
[2022-09-21T09:44:53.298+0000][7][safepoint    ] Safepoint "Cleanup", Time since last: 1005294876 ns, Reaching safepoint: 673833 ns, At safepoint: 9667 ns, Total: 683500 ns
[2022-09-21T09:44:54.305+0000][7][safepoint    ] Safepoint "Cleanup", Time since last: 1005929833 ns, Reaching safepoint: 806167 ns, At safepoint: 8792 ns, Total: 814959 ns
[2022-09-21T09:44:55.315+0000][7][safepoint    ] Safepoint "Cleanup", Time since last: 1009825000 ns, Reaching safepoint: 493292 ns, At safepoint: 8500 ns, Total: 501792 ns
[2022-09-21T09:44:56.322+0000][7][safepoint    ] Safepoint "Cleanup", Time since last: 1005148917 ns, Reaching safepoint: 1346125 ns, At safepoint: 14500 ns, Total: 1360625 ns
[2022-09-21T09:44:57.333+0000][7][safepoint    ] Safepoint "Cleanup", Time since last: 1007914542 ns, Reaching safepoint: 2783375 ns, At safepoint: 19459 ns, Total: 2802834 ns
[2022-09-21T09:44:58.707+0000][7][safepoint    ] Safepoint "Cleanup", Time since last: 1370729459 ns, Reaching safepoint: 3541875 ns, At safepoint: 25458 ns, Total: 3567333 ns
[2022-09-21T09:44:59.737+0000][7][safepoint    ] Safepoint "Cleanup", Time since last: 1027841834 ns, Reaching safepoint: 2455416 ns, At safepoint: 14042 ns, Total: 2469458 ns
[2022-09-21T09:45:00.749+0000][7][safepoint    ] Safepoint "Cleanup", Time since last: 1010910959 ns, Reaching safepoint: 511916 ns, At safepoint: 6792 ns, Total: 518708 ns
[2022-09-21T09:45:01.761+0000][7][safepoint    ] Safepoint "Cleanup", Time since last: 1006329876 ns, Reaching safepoint: 5453291 ns, At safepoint: 60250 ns, Total: 5513541 ns
[2022-09-21T09:45:02.789+0000][7][safepoint    ] Safepoint "Cleanup", Time since last: 1018969751 ns, Reaching safepoint: 9926041 ns, At safepoint: 36542 ns, Total: 9962583 ns
[2022-09-21T09:45:03.818+0000][7][safepoint    ] Safepoint "Cleanup", Time since last: 1026095709 ns, Reaching safepoint: 2477542 ns, At safepoint: 15333 ns, Total: 2492875 ns
[2022-09-21T09:45:04.848+0000][7][safepoint    ] Safepoint "Cleanup", Time since last: 1029405875 ns, Reaching safepoint: 1073000 ns, At safepoint: 9542 ns, Total: 1082542 ns
[2022-09-21T09:45:05.858+0000][7][safepoint    ] Safepoint "Cleanup", Time since last: 1009649334 ns, Reaching safepoint: 334458 ns, At safepoint: 5792 ns, Total: 340250 ns
[2022-09-21T09:45:06.867+0000][7][safepoint    ] Safepoint "Cleanup", Time since last: 1007460292 ns, Reaching safepoint: 1246958 ns, At safepoint: 9375 ns, Total: 1256333 ns
[2022-09-21T09:45:07.872+0000][7][safepoint    ] Safepoint "Cleanup", Time since last: 1004333543 ns, Reaching safepoint: 225875 ns, At safepoint: 4708 ns, Total: 230583 ns
[2022-09-21T09:45:08.885+0000][7][safepoint    ] Safepoint "Cleanup", Time since last: 1007926250 ns, Reaching safepoint: 5157792 ns, At safepoint: 20583 ns, Total: 5178375 ns
[2022-09-21T09:45:09.900+0000][7][safepoint    ] Safepoint "Cleanup", Time since last: 1014808001 ns, Reaching safepoint: 431250 ns, At safepoint: 9417 ns, Total: 440667 ns
[2022-09-21T09:45:10.907+0000][7][safepoint    ] Safepoint "Cleanup", Time since last: 1006412583 ns, Reaching safepoint: 558709 ns, At safepoint: 4958 ns, Total: 563667 ns
[2022-09-21T09:45:11.923+0000][7][safepoint    ] Safepoint "Cleanup", Time since last: 1013759084 ns, Reaching safepoint: 1792416 ns, At safepoint: 10875 ns, Total: 1803291 ns
[2022-09-21T09:45:12.940+0000][7][safepoint    ] Safepoint "Cleanup", Time since last: 1014955376 ns, Reaching safepoint: 2079083 ns, At safepoint: 28709 ns, Total: 2107792 ns
[2022-09-21T09:45:13.952+0000][7][safepoint    ] Safepoint "Cleanup", Time since last: 1012283000 ns, Reaching safepoint: 245875 ns, At safepoint: 4250 ns, Total: 250125 ns
[2022-09-21T09:45:14.960+0000][7][safepoint    ] Safepoint "Cleanup", Time since last: 1007621126 ns, Reaching safepoint: 606625 ns, At safepoint: 25958 ns, Total: 632583 ns
[2022-09-21T09:45:15.966+0000][7][safepoint    ] Safepoint "Cleanup", Time since last: 1004991042 ns, Reaching safepoint: 606917 ns, At safepoint: 21791 ns, Total: 628708 ns
[2022-09-21T09:45:16.971+0000][7][safepoint    ] Safepoint "Cleanup", Time since last: 1003879792 ns, Reaching safepoint: 1088333 ns, At safepoint: 9750 ns, Total: 1098083 ns
[2022-09-21T09:45:17.985+0000][7][safepoint    ] Safepoint "Cleanup", Time since last: 1012967000 ns, Reaching safepoint: 328875 ns, At safepoint: 6959 ns, Total: 335834 ns
[2022-09-21T09:45:18.993+0000][7][safepoint    ] Safepoint "Cleanup", Time since last: 1006713125 ns, Reaching safepoint: 1295834 ns, At safepoint: 8125 ns, Total: 1303959 ns
[2022-09-21T09:45:20.000+0000][7][safepoint    ] Safepoint "Cleanup", Time since last: 1006528125 ns, Reaching safepoint: 604292 ns, At safepoint: 6000 ns, Total: 610292 ns
[2022-09-21T09:45:21.005+0000][7][safepoint    ] Safepoint "Cleanup", Time since last: 1003715375 ns, Reaching safepoint: 1843209 ns, At safepoint: 22458 ns, Total: 1865667 ns
[2022-09-21T09:45:22.019+0000][7][safepoint    ] Safepoint "Cleanup", Time since last: 1012558334 ns, Reaching safepoint: 1012708 ns, At safepoint: 7375 ns, Total: 1020083 ns
[2022-09-21T09:45:23.032+0000][7][safepoint    ] Safepoint "Cleanup", Time since last: 1010226625 ns, Reaching safepoint: 2261792 ns, At safepoint: 14708 ns, Total: 2276500 ns
[2022-09-21T09:45:24.060+0000][7][safepoint    ] Safepoint "Cleanup", Time since last: 1027151418 ns, Reaching safepoint: 1241541 ns, At safepoint: 11750 ns, Total: 1253291 ns
[2022-09-21T09:45:25.079+0000][7][safepoint    ] Safepoint "Cleanup", Time since last: 1017284917 ns, Reaching safepoint: 1538875 ns, At safepoint: 17625 ns, Total: 1556500 ns
[2022-09-21T09:45:26.099+0000][7][safepoint    ] Safepoint "Cleanup", Time since last: 1017828126 ns, Reaching safepoint: 2122792 ns, At safepoint: 12333 ns, Total: 2135125 ns
[2022-09-21T09:45:27.115+0000][7][safepoint    ] Safepoint "Cleanup", Time since last: 1013225542 ns, Reaching safepoint: 2736583 ns, At safepoint: 13084 ns, Total: 2749667 ns
[2022-09-21T09:45:28.130+0000][7][safepoint    ] Safepoint "Cleanup", Time since last: 1011154459 ns, Reaching safepoint: 3590791 ns, At safepoint: 69084 ns, Total: 3659875 ns
[2022-09-21T09:45:29.150+0000][7][safepoint    ] Safepoint "Cleanup", Time since last: 1019650083 ns, Reaching safepoint: 1310917 ns, At safepoint: 16667 ns, Total: 1327584 ns
[2022-09-21T09:45:30.161+0000][7][safepoint    ] Safepoint "Cleanup", Time since last: 1009000667 ns, Reaching safepoint: 1227542 ns, At safepoint: 7208 ns, Total: 1234750 ns
[2022-09-21T09:45:31.167+0000][7][safepoint    ] Safepoint "Cleanup", Time since last: 1006221917 ns, Reaching safepoint: 349667 ns, At safepoint: 6791 ns, Total: 356458 ns
[2022-09-21T09:45:32.175+0000][7][safepoint    ] Safepoint "Cleanup", Time since last: 1006958876 ns, Reaching safepoint: 445042 ns, At safepoint: 8916 ns, Total: 453958 ns
[2022-09-21T09:45:33.198+0000][7][safepoint    ] Safepoint "Cleanup", Time since last: 1022889542 ns, Reaching safepoint: 930834 ns, At safepoint: 10166 ns, Total: 941000 ns
[2022-09-21T09:45:34.212+0000][7][safepoint    ] Safepoint "Cleanup", Time since last: 1012355001 ns, Reaching safepoint: 985625 ns, At safepoint: 6416 ns, Total: 992041 ns
[2022-09-21T09:45:35.223+0000][7][safepoint    ] Safepoint "Cleanup", Time since last: 1010632459 ns, Reaching safepoint: 235959 ns, At safepoint: 4541 ns, Total: 240500 ns
[2022-09-21T09:45:36.229+0000][7][safepoint    ] Safepoint "Cleanup", Time since last: 1006219209 ns, Reaching safepoint: 331083 ns, At safepoint: 4375 ns, Total: 335458 ns
[2022-09-21T09:45:37.238+0000][7][safepoint    ] Safepoint "Cleanup", Time since last: 1006760418 ns, Reaching safepoint: 2128875 ns, At safepoint: 17208 ns, Total: 2146083 ns
[2022-09-21T09:45:38.253+0000][7][safepoint    ] Safepoint "Cleanup", Time since last: 1013896084 ns, Reaching safepoint: 568500 ns, At safepoint: 17666 ns, Total: 586166 ns
[2022-09-21T09:45:39.267+0000][7][safepoint    ] Safepoint "Cleanup", Time since last: 1011496959 ns, Reaching safepoint: 2780500 ns, At safepoint: 13209 ns, Total: 2793709 ns
[2022-09-21T09:45:40.287+0000][7][safepoint    ] Safepoint "Cleanup", Time since last: 1019553583 ns, Reaching safepoint: 461875 ns, At safepoint: 8375 ns, Total: 470250 ns
[2022-09-21T09:45:41.293+0000][7][safepoint    ] Safepoint "Cleanup", Time since last: 1005482876 ns, Reaching safepoint: 709042 ns, At safepoint: 10083 ns, Total: 719125 ns
[2022-09-21T09:45:42.298+0000][7][safepoint    ] Safepoint "Cleanup", Time since last: 1004388459 ns, Reaching safepoint: 347583 ns, At safepoint: 9292 ns, Total: 356875 ns
[2022-09-21T09:45:43.312+0000][7][safepoint    ] Safepoint "Cleanup", Time since last: 1013028167 ns, Reaching safepoint: 710666 ns, At safepoint: 7375 ns, Total: 718041 ns
[2022-09-21T09:45:44.317+0000][7][safepoint    ] Safepoint "Cleanup", Time since last: 1004612168 ns, Reaching safepoint: 391916 ns, At safepoint: 5750 ns, Total: 397666 ns
[2022-09-21T09:45:45.322+0000][7][safepoint    ] Safepoint "Cleanup", Time since last: 1001927251 ns, Reaching safepoint: 3590916 ns, At safepoint: 24959 ns, Total: 3615875 ns
[2022-09-21T09:45:46.334+0000][7][safepoint    ] Safepoint "Cleanup", Time since last: 1009986749 ns, Reaching safepoint: 1636500 ns, At safepoint: 13709 ns, Total: 1650209 ns
[2022-09-21T09:45:47.345+0000][7][safepoint    ] Safepoint "Cleanup", Time since last: 1010387708 ns, Reaching safepoint: 826209 ns, At safepoint: 6666 ns, Total: 832875 ns
[2022-09-21T09:45:48.365+0000][7][safepoint    ] Safepoint "Cleanup", Time since last: 1010435709 ns, Reaching safepoint: 8453084 ns, At safepoint: 21958 ns, Total: 8475042 ns
[2022-09-21T09:45:49.381+0000][7][safepoint    ] Safepoint "Cleanup", Time since last: 1014763834 ns, Reaching safepoint: 1851166 ns, At safepoint: 9584 ns, Total: 1860750 ns
[2022-09-21T09:45:50.424+0000][7][safepoint    ] Safepoint "Cleanup", Time since last: 1043171834 ns, Reaching safepoint: 223750 ns, At safepoint: 6083 ns, Total: 229833 ns
[2022-09-21T09:45:51.429+0000][7][safepoint    ] Safepoint "Cleanup", Time since last: 1003955709 ns, Reaching safepoint: 625583 ns, At safepoint: 10000 ns, Total: 635583 ns
[2022-09-21T09:45:52.436+0000][7][safepoint    ] Safepoint "Cleanup", Time since last: 1005879959 ns, Reaching safepoint: 847417 ns, At safepoint: 13208 ns, Total: 860625 ns
[2022-09-21T09:45:53.442+0000][7][safepoint    ] Safepoint "Cleanup", Time since last: 1004645959 ns, Reaching safepoint: 1293333 ns, At safepoint: 11667 ns, Total: 1305000 ns
[2022-09-21T09:45:54.449+0000][7][safepoint    ] Safepoint "Cleanup", Time since last: 1006937625 ns, Reaching safepoint: 350917 ns, At safepoint: 6625 ns, Total: 357542 ns
[2022-09-21T09:45:55.455+0000][7][safepoint    ] Safepoint "Cleanup", Time since last: 1006080709 ns, Reaching safepoint: 365458 ns, At safepoint: 5917 ns, Total: 371375 ns
[2022-09-21T09:45:56.467+0000][7][safepoint    ] Safepoint "Cleanup", Time since last: 1011151583 ns, Reaching safepoint: 584000 ns, At safepoint: 9292 ns, Total: 593292 ns
[2022-09-21T09:45:57.477+0000][7][safepoint    ] Safepoint "Cleanup", Time since last: 1008587751 ns, Reaching safepoint: 789666 ns, At safepoint: 9375 ns, Total: 799041 ns
[2022-09-21T09:45:58.491+0000][7][safepoint    ] Safepoint "Cleanup", Time since last: 1014376042 ns, Reaching safepoint: 285709 ns, At safepoint: 6125 ns, Total: 291834 ns
[2022-09-21T09:45:59.498+0000][7][safepoint    ] Safepoint "Cleanup", Time since last: 1006454167 ns, Reaching safepoint: 417750 ns, At safepoint: 7167 ns, Total: 424917 ns
[2022-09-21T09:46:00.502+0000][7][safepoint    ] Safepoint "Cleanup", Time since last: 1003887792 ns, Reaching safepoint: 363291 ns, At safepoint: 5209 ns, Total: 368500 ns
[2022-09-21T09:46:01.509+0000][7][safepoint    ] Safepoint "Cleanup", Time since last: 1005759125 ns, Reaching safepoint: 514000 ns, At safepoint: 10084 ns, Total: 524084 ns
[2022-09-21T09:46:02.515+0000][7][safepoint    ] Safepoint "Cleanup", Time since last: 1005709417 ns, Reaching safepoint: 219791 ns, At safepoint: 4584 ns, Total: 224375 ns
[2022-09-21T09:46:03.522+0000][7][safepoint    ] Safepoint "Cleanup", Time since last: 1005395667 ns, Reaching safepoint: 2025000 ns, At safepoint: 9208 ns, Total: 2034208 ns
[2022-09-21T09:46:04.535+0000][7][safepoint    ] Safepoint "Cleanup", Time since last: 1011818792 ns, Reaching safepoint: 873875 ns, At safepoint: 7375 ns, Total: 881250 ns
[2022-09-21T09:46:05.549+0000][7][safepoint    ] Safepoint "Cleanup", Time since last: 1012521167 ns, Reaching safepoint: 1423709 ns, At safepoint: 6750 ns, Total: 1430459 ns
[2022-09-21T09:46:06.564+0000][7][safepoint    ] Safepoint "Cleanup", Time since last: 1014081917 ns, Reaching safepoint: 948167 ns, At safepoint: 9375 ns, Total: 957542 ns
[2022-09-21T09:46:07.578+0000][7][safepoint    ] Safepoint "Cleanup", Time since last: 1013954125 ns, Reaching safepoint: 335208 ns, At safepoint: 6834 ns, Total: 342042 ns
[2022-09-21T09:46:08.584+0000][7][safepoint    ] Safepoint "Cleanup", Time since last: 1005198292 ns, Reaching safepoint: 397667 ns, At safepoint: 8250 ns, Total: 405917 ns
[2022-09-21T09:46:09.591+0000][7][safepoint    ] Safepoint "Cleanup", Time since last: 1006707958 ns, Reaching safepoint: 283584 ns, At safepoint: 5958 ns, Total: 289542 ns
[2022-09-21T09:46:10.607+0000][7][safepoint    ] Safepoint "Cleanup", Time since last: 1016288001 ns, Reaching safepoint: 373875 ns, At safepoint: 5291 ns, Total: 379166 ns
[2022-09-21T09:46:11.613+0000][7][safepoint    ] Safepoint "Cleanup", Time since last: 1005249459 ns, Reaching safepoint: 878375 ns, At safepoint: 7292 ns, Total: 885667 ns
[2022-09-21T09:46:12.619+0000][7][safepoint    ] Safepoint "Cleanup", Time since last: 1005123292 ns, Reaching safepoint: 709208 ns, At safepoint: 34458 ns, Total: 743666 ns
[2022-09-21T09:46:13.631+0000][7][safepoint    ] Safepoint "Cleanup", Time since last: 1010719751 ns, Reaching safepoint: 555333 ns, At safepoint: 61334 ns, Total: 616667 ns
[2022-09-21T09:46:14.661+0000][7][safepoint    ] Safepoint "Cleanup", Time since last: 1027549583 ns, Reaching safepoint: 2405584 ns, At safepoint: 10875 ns, Total: 2416459 ns
[2022-09-21T09:46:15.665+0000][7][safepoint    ] Safepoint "Cleanup", Time since last: 1004288709 ns, Reaching safepoint: 361333 ns, At safepoint: 5375 ns, Total: 366708 ns
[2022-09-21T09:46:16.669+0000][7][safepoint    ] Safepoint "Cleanup", Time since last: 1003210124 ns, Reaching safepoint: 309459 ns, At safepoint: 6333 ns, Total: 315792 ns
[2022-09-21T09:46:18.651+0000][7][safepoint    ] Safepoint "Cleanup", Time since last: 1982264876 ns, Reaching safepoint: 506500 ns, At safepoint: 6833 ns, Total: 513333 ns
[2022-09-21T09:46:19.667+0000][7][safepoint    ] Safepoint "Cleanup", Time since last: 1015360293 ns, Reaching safepoint: 713041 ns, At safepoint: 7000 ns, Total: 720041 ns
[2022-09-21T09:46:20.671+0000][7][safepoint    ] Safepoint "Cleanup", Time since last: 1003128376 ns, Reaching safepoint: 759250 ns, At safepoint: 10208 ns, Total: 769458 ns
[2022-09-21T09:46:21.680+0000][7][safepoint    ] Safepoint "Cleanup", Time since last: 1007512417 ns, Reaching safepoint: 1216042 ns, At safepoint: 11291 ns, Total: 1227333 ns
[2022-09-21T09:46:22.698+0000][7][safepoint    ] Safepoint "Cleanup", Time since last: 1016131751 ns, Reaching safepoint: 1315458 ns, At safepoint: 18834 ns, Total: 1334292 ns
[2022-09-21T09:46:23.035+0000][7][gc,start     ] GC(30) Pause Young (Normal) (G1 Evacuation Pause)
[2022-09-21T09:46:23.041+0000][7][gc,task      ] GC(30) Using 4 workers of 4 for evacuation
[2022-09-21T09:46:23.049+0000][7][gc,age       ] GC(30) Desired survivor size 19922944 bytes, new threshold 15 (max threshold 15)
[2022-09-21T09:46:23.171+0000][7][gc,age       ] GC(30) Age table with threshold 15 (max threshold 15)
[2022-09-21T09:46:23.174+0000][7][gc,age       ] GC(30) - age   1:     122480 bytes,     122480 total
[2022-09-21T09:46:23.178+0000][7][gc,age       ] GC(30) - age   2:      83360 bytes,     205840 total
[2022-09-21T09:46:23.179+0000][7][gc,age       ] GC(30) - age   3:     129800 bytes,     335640 total
[2022-09-21T09:46:23.180+0000][7][gc,age       ] GC(30) - age   4:       9240 bytes,     344880 total
[2022-09-21T09:46:23.182+0000][7][gc,age       ] GC(30) - age   5:     489904 bytes,     834784 total
[2022-09-21T09:46:23.183+0000][7][gc,age       ] GC(30) - age   6:     733480 bytes,    1568264 total
[2022-09-21T09:46:23.184+0000][7][gc,age       ] GC(30) - age   7:     271696 bytes,    1839960 total
[2022-09-21T09:46:23.186+0000][7][gc,age       ] GC(30) - age   8:     190832 bytes,    2030792 total
[2022-09-21T09:46:23.187+0000][7][gc,age       ] GC(30) - age   9:     437104 bytes,    2467896 total
[2022-09-21T09:46:23.194+0000][7][gc,age       ] GC(30) - age  10:     222248 bytes,    2690144 total
[2022-09-21T09:46:23.197+0000][7][gc,age       ] GC(30) - age  11:     420064 bytes,    3110208 total
[2022-09-21T09:46:23.198+0000][7][gc,age       ] GC(30) - age  12:     524296 bytes,    3634504 total
[2022-09-21T09:46:23.199+0000][7][gc,age       ] GC(30) - age  13:    1392648 bytes,    5027152 total
[2022-09-21T09:46:23.200+0000][7][gc,age       ] GC(30) - age  14:    3608144 bytes,    8635296 total
[2022-09-21T09:46:23.201+0000][7][gc,age       ] GC(30) - age  15:    5196696 bytes,   13831992 total
[2022-09-21T09:46:23.202+0000][7][gc,phases    ] GC(30)   Pre Evacuate Collection Set: 1.9ms
[2022-09-21T09:46:23.203+0000][7][gc,phases    ] GC(30)   Merge Heap Roots: 0.9ms
[2022-09-21T09:46:23.205+0000][7][gc,phases    ] GC(30)   Evacuate Collection Set: 106.9ms
[2022-09-21T09:46:23.209+0000][7][gc,phases    ] GC(30)   Post Evacuate Collection Set: 7.4ms
[2022-09-21T09:46:23.211+0000][7][gc,phases    ] GC(30)   Other: 52.2ms
[2022-09-21T09:46:23.212+0000][7][gc,heap      ] GC(30) Eden regions: 289->0(289)
[2022-09-21T09:46:23.213+0000][7][gc,heap      ] GC(30) Survivor regions: 14->14(38)
[2022-09-21T09:46:23.214+0000][7][gc,heap      ] GC(30) Old regions: 60->60
[2022-09-21T09:46:23.214+0000][7][gc,heap      ] GC(30) Archive regions: 0->0
[2022-09-21T09:46:23.215+0000][7][gc,heap      ] GC(30) Humongous regions: 7->7
[2022-09-21T09:46:23.215+0000][7][gc,metaspace ] GC(30) Metaspace: 110456K(118556K)->110456K(118556K) NonClass: 96477K(101296K)->96477K(101296K) Class: 13978K(17260K)->13978K(17260K)
[2022-09-21T09:46:23.217+0000][7][gc           ] GC(30) Pause Young (Normal) (G1 Evacuation Pause) 369M->80M(512M) 181.668ms
[2022-09-21T09:46:23.217+0000][7][gc,cpu       ] GC(30) User=0.41s Sys=0.00s Real=0.18s
[2022-09-21T09:46:23.228+0000][7][safepoint    ] Safepoint "G1CollectForAllocation", Time since last: 333277333 ns, Reaching safepoint: 1980375 ns, At safepoint: 194761375 ns, Total: 196741750 ns
[2022-09-21T09:46:24.234+0000][7][safepoint    ] Safepoint "Cleanup", Time since last: 1001736626 ns, Reaching safepoint: 4813500 ns, At safepoint: 20958 ns, Total: 4834458 ns
[2022-09-21T09:46:25.241+0000][7][safepoint    ] Safepoint "Cleanup", Time since last: 1006685792 ns, Reaching safepoint: 294917 ns, At safepoint: 7250 ns, Total: 302167 ns
[2022-09-21T09:46:26.250+0000][7][safepoint    ] Safepoint "Cleanup", Time since last: 1008849750 ns, Reaching safepoint: 338042 ns, At safepoint: 8125 ns, Total: 346167 ns
[2022-09-21T09:46:27.257+0000][7][safepoint    ] Safepoint "Cleanup", Time since last: 1006088459 ns, Reaching safepoint: 760958 ns, At safepoint: 9792 ns, Total: 770750 ns
[2022-09-21T09:46:28.265+0000][7][safepoint    ] Safepoint "Cleanup", Time since last: 1007315125 ns, Reaching safepoint: 322709 ns, At safepoint: 6458 ns, Total: 329167 ns
[2022-09-21T09:46:29.277+0000][7][safepoint    ] Safepoint "Cleanup", Time since last: 1006159792 ns, Reaching safepoint: 5243333 ns, At safepoint: 22334 ns, Total: 5265667 ns
[2022-09-21T09:46:30.322+0000][7][safepoint    ] Safepoint "Cleanup", Time since last: 1044908834 ns, Reaching safepoint: 357708 ns, At safepoint: 6292 ns, Total: 364000 ns
[2022-09-21T09:46:31.357+0000][7][safepoint    ] Safepoint "Cleanup", Time since last: 1034882583 ns, Reaching safepoint: 577959 ns, At safepoint: 8166 ns, Total: 586125 ns
[2022-09-21T09:46:32.363+0000][7][safepoint    ] Safepoint "Cleanup", Time since last: 1005013626 ns, Reaching safepoint: 982625 ns, At safepoint: 9417 ns, Total: 992042 ns
[2022-09-21T09:46:33.672+0000][7][safepoint    ] Safepoint "Cleanup", Time since last: 1306362000 ns, Reaching safepoint: 3085167 ns, At safepoint: 13042 ns, Total: 3098209 ns
[2022-09-21T09:46:34.676+0000][7][safepoint    ] Safepoint "Cleanup", Time since last: 1003323833 ns, Reaching safepoint: 345042 ns, At safepoint: 4458 ns, Total: 349500 ns
[2022-09-21T09:46:35.680+0000][7][safepoint    ] Safepoint "Cleanup", Time since last: 1003788084 ns, Reaching safepoint: 251917 ns, At safepoint: 7000 ns, Total: 258917 ns
[2022-09-21T09:46:36.691+0000][7][safepoint    ] Safepoint "Cleanup", Time since last: 1010372209 ns, Reaching safepoint: 859791 ns, At safepoint: 9792 ns, Total: 869583 ns
[2022-09-21T09:46:37.702+0000][7][safepoint    ] Safepoint "Cleanup", Time since last: 1008739459 ns, Reaching safepoint: 1450083 ns, At safepoint: 78000 ns, Total: 1528083 ns
[2022-09-21T09:46:38.712+0000][7][safepoint    ] Safepoint "Cleanup", Time since last: 1010165417 ns, Reaching safepoint: 214584 ns, At safepoint: 4291 ns, Total: 218875 ns
[2022-09-21T09:46:39.720+0000][7][safepoint    ] Safepoint "Cleanup", Time since last: 1007415167 ns, Reaching safepoint: 677500 ns, At safepoint: 9709 ns, Total: 687209 ns
[2022-09-21T09:46:41.209+0000][7][safepoint    ] Safepoint "Cleanup", Time since last: 1488361542 ns, Reaching safepoint: 537042 ns, At safepoint: 7333 ns, Total: 544375 ns
[2022-09-21T09:46:42.214+0000][7][safepoint    ] Safepoint "Cleanup", Time since last: 1004675209 ns, Reaching safepoint: 382792 ns, At safepoint: 9208 ns, Total: 392000 ns
[2022-09-21T09:46:43.219+0000][7][safepoint    ] Safepoint "Cleanup", Time since last: 1004126292 ns, Reaching safepoint: 823750 ns, At safepoint: 14167 ns, Total: 837917 ns
[2022-09-21T09:46:44.229+0000][7][safepoint    ] Safepoint "Cleanup", Time since last: 1008852750 ns, Reaching safepoint: 1123667 ns, At safepoint: 15667 ns, Total: 1139334 ns
[2022-09-21T09:46:45.237+0000][7][safepoint    ] Safepoint "Cleanup", Time since last: 1007284958 ns, Reaching safepoint: 555084 ns, At safepoint: 10166 ns, Total: 565250 ns
[2022-09-21T09:46:46.246+0000][7][safepoint    ] Safepoint "Cleanup", Time since last: 1008739709 ns, Reaching safepoint: 269875 ns, At safepoint: 5875 ns, Total: 275750 ns
[2022-09-21T09:46:47.255+0000][7][safepoint    ] Safepoint "Cleanup", Time since last: 1008589000 ns, Reaching safepoint: 438167 ns, At safepoint: 5666 ns, Total: 443833 ns
[2022-09-21T09:46:48.260+0000][7][safepoint    ] Safepoint "Cleanup", Time since last: 1003852334 ns, Reaching safepoint: 797709 ns, At safepoint: 10458 ns, Total: 808167 ns
