[2022-09-21T08:26:41.585+0000][7][gc,heap] Heap region size: 1M
[2022-09-21T08:26:41.596+0000][7][gc,heap,coops] Heap address: 0x00000000e0000000, size: 512 MB, Compressed Oops mode: 32-bit
[2022-09-21T08:26:42.407+0000][7][gc           ] Using G1
[2022-09-21T08:26:42.487+0000][7][gc           ] Periodic GC disabled
[2022-09-21T08:26:42.987+0000][7][safepoint    ] Safepoint "ICBufferFull", Time since last: 538042376 ns, Reaching safepoint: 354333 ns, At safepoint: 5167 ns, Total: 359500 ns
[2022-09-21T08:26:43.503+0000][7][gc,start     ] GC(0) Pause Young (Normal) (G1 Evacuation Pause)
[2022-09-21T08:26:43.509+0000][7][gc,task      ] GC(0) Using 4 workers of 4 for evacuation
[2022-09-21T08:26:43.516+0000][7][gc,age       ] GC(0) Desired survivor size 2097152 bytes, new threshold 15 (max threshold 15)
[2022-09-21T08:26:43.551+0000][7][gc,age       ] GC(0) Age table with threshold 15 (max threshold 15)
[2022-09-21T08:26:43.588+0000][7][gc,age       ] GC(0) - age   1:    3374304 bytes,    3374304 total
[2022-09-21T08:26:43.659+0000][7][gc,phases    ] GC(0)   Pre Evacuate Collection Set: 0.2ms
[2022-09-21T08:26:43.688+0000][7][gc,phases    ] GC(0)   Merge Heap Roots: 0.1ms
[2022-09-21T08:26:43.694+0000][7][gc,phases    ] GC(0)   Evacuate Collection Set: 15.1ms
[2022-09-21T08:26:43.695+0000][7][gc,phases    ] GC(0)   Post Evacuate Collection Set: 3.4ms
[2022-09-21T08:26:43.701+0000][7][gc,phases    ] GC(0)   Other: 130.8ms
[2022-09-21T08:26:43.705+0000][7][gc,heap      ] GC(0) Eden regions: 25->0(23)
[2022-09-21T08:26:43.706+0000][7][gc,heap      ] GC(0) Survivor regions: 0->4(4)
[2022-09-21T08:26:43.709+0000][7][gc,heap      ] GC(0) Old regions: 0->0
[2022-09-21T08:26:43.713+0000][7][gc,heap      ] GC(0) Archive regions: 0->0
[2022-09-21T08:26:43.720+0000][7][gc,heap      ] GC(0) Humongous regions: 1->1
[2022-09-21T08:26:43.728+0000][7][gc,metaspace ] GC(0) Metaspace: 14275K(14848K)->14275K(14848K) NonClass: 12863K(13312K)->12863K(13312K) Class: 1411K(1536K)->1411K(1536K)
[2022-09-21T08:26:43.742+0000][7][gc           ] GC(0) Pause Young (Normal) (G1 Evacuation Pause) 26M->4M(512M) 239.362ms
[2022-09-21T08:26:43.750+0000][7][gc,cpu       ] GC(0) User=0.03s Sys=0.00s Real=0.25s
[2022-09-21T08:26:43.761+0000][7][safepoint    ] Safepoint "G1CollectForAllocation", Time since last: 514201708 ns, Reaching safepoint: 1081125 ns, At safepoint: 258977917 ns, Total: 260059042 ns
[2022-09-21T08:26:44.979+0000][7][safepoint    ] Safepoint "Cleanup", Time since last: 1168040208 ns, Reaching safepoint: 47158750 ns, At safepoint: 13334 ns, Total: 47172084 ns
[2022-09-21T08:26:46.435+0000][7][safepoint    ] Safepoint "Cleanup", Time since last: 1441397125 ns, Reaching safepoint: 14578625 ns, At safepoint: 16125 ns, Total: 14594750 ns
[2022-09-21T08:26:47.524+0000][7][safepoint    ] Safepoint "Cleanup", Time since last: 1087468376 ns, Reaching safepoint: 668208 ns, At safepoint: 36750 ns, Total: 704958 ns
[2022-09-21T08:26:48.719+0000][7][gc,start     ] GC(1) Pause Young (Normal) (G1 Evacuation Pause)
[2022-09-21T08:26:48.734+0000][7][gc,task      ] GC(1) Using 4 workers of 4 for evacuation
[2022-09-21T08:26:48.742+0000][7][gc,age       ] GC(1) Desired survivor size 2097152 bytes, new threshold 1 (max threshold 15)
[2022-09-21T08:26:48.786+0000][7][gc,age       ] GC(1) Age table with threshold 1 (max threshold 15)
[2022-09-21T08:26:48.790+0000][7][gc,age       ] GC(1) - age   1:    1193104 bytes,    1193104 total
[2022-09-21T08:26:48.795+0000][7][gc,phases    ] GC(1)   Pre Evacuate Collection Set: 1.0ms
[2022-09-21T08:26:48.800+0000][7][gc,phases    ] GC(1)   Merge Heap Roots: 0.3ms
[2022-09-21T08:26:48.802+0000][7][gc,phases    ] GC(1)   Evacuate Collection Set: 37.6ms
[2022-09-21T08:26:48.812+0000][7][gc,phases    ] GC(1)   Post Evacuate Collection Set: 2.6ms
[2022-09-21T08:26:48.816+0000][7][gc,phases    ] GC(1)   Other: 35.5ms
[2022-09-21T08:26:48.824+0000][7][gc,heap      ] GC(1) Eden regions: 23->0(31)
[2022-09-21T08:26:48.827+0000][7][gc,heap      ] GC(1) Survivor regions: 4->2(4)
[2022-09-21T08:26:48.830+0000][7][gc,heap      ] GC(1) Old regions: 0->4
[2022-09-21T08:26:48.841+0000][7][gc,heap      ] GC(1) Archive regions: 0->0
[2022-09-21T08:26:48.844+0000][7][gc,heap      ] GC(1) Humongous regions: 1->1
[2022-09-21T08:26:48.852+0000][7][gc,metaspace ] GC(1) Metaspace: 18949K(19712K)->18949K(19712K) NonClass: 16919K(17408K)->16919K(17408K) Class: 2030K(2304K)->2030K(2304K)
[2022-09-21T08:26:48.859+0000][7][gc           ] GC(1) Pause Young (Normal) (G1 Evacuation Pause) 27M->5M(512M) 140.166ms
[2022-09-21T08:26:48.862+0000][7][gc,cpu       ] GC(1) User=0.06s Sys=0.01s Real=0.15s
[2022-09-21T08:26:48.865+0000][7][safepoint    ] Safepoint "G1CollectForAllocation", Time since last: 1189973251 ns, Reaching safepoint: 3890083 ns, At safepoint: 147900084 ns, Total: 151790167 ns
[2022-09-21T08:26:49.330+0000][7][safepoint    ] Safepoint "ICBufferFull", Time since last: 462299250 ns, Reaching safepoint: 1982292 ns, At safepoint: 9916 ns, Total: 1992208 ns
[2022-09-21T08:26:49.343+0000][7][gc,start     ] GC(2) Pause Young (Concurrent Start) (Metadata GC Threshold)
[2022-09-21T08:26:49.347+0000][7][gc,task      ] GC(2) Using 4 workers of 4 for evacuation
[2022-09-21T08:26:49.349+0000][7][gc,age       ] GC(2) Desired survivor size 2621440 bytes, new threshold 15 (max threshold 15)
[2022-09-21T08:26:49.356+0000][7][gc,age       ] GC(2) Age table with threshold 15 (max threshold 15)
[2022-09-21T08:26:49.358+0000][7][gc,age       ] GC(2) - age   1:    1374584 bytes,    1374584 total
[2022-09-21T08:26:49.360+0000][7][gc,age       ] GC(2) - age   2:    1159272 bytes,    2533856 total
[2022-09-21T08:26:49.362+0000][7][gc,phases    ] GC(2)   Pre Evacuate Collection Set: 0.7ms
[2022-09-21T08:26:49.363+0000][7][gc,phases    ] GC(2)   Merge Heap Roots: 0.2ms
[2022-09-21T08:26:49.364+0000][7][gc,phases    ] GC(2)   Evacuate Collection Set: 4.6ms
[2022-09-21T08:26:49.366+0000][7][gc,phases    ] GC(2)   Post Evacuate Collection Set: 0.2ms
[2022-09-21T08:26:49.367+0000][7][gc,phases    ] GC(2)   Other: 13.0ms
[2022-09-21T08:26:49.369+0000][7][gc,heap      ] GC(2) Eden regions: 14->0(46)
[2022-09-21T08:26:49.370+0000][7][gc,heap      ] GC(2) Survivor regions: 2->3(5)
[2022-09-21T08:26:49.373+0000][7][gc,heap      ] GC(2) Old regions: 4->4
[2022-09-21T08:26:49.377+0000][7][gc,heap      ] GC(2) Archive regions: 0->0
[2022-09-21T08:26:49.379+0000][7][gc,heap      ] GC(2) Humongous regions: 1->1
[2022-09-21T08:26:49.381+0000][7][gc,metaspace ] GC(2) Metaspace: 20721K(21296K)->20721K(21296K) NonClass: 18499K(18864K)->18499K(18864K) Class: 2222K(2432K)->2222K(2432K)
[2022-09-21T08:26:49.385+0000][7][gc           ] GC(2) Pause Young (Concurrent Start) (Metadata GC Threshold) 19M->7M(512M) 41.865ms
[2022-09-21T08:26:49.387+0000][7][gc,cpu       ] GC(2) User=0.01s Sys=0.00s Real=0.04s
[2022-09-21T08:26:49.391+0000][7][gc           ] GC(3) Concurrent Cycle
[2022-09-21T08:26:49.393+0000][7][gc,marking   ] GC(3) Concurrent Clear Claimed Marks
[2022-09-21T08:26:49.398+0000][7][gc,marking   ] GC(3) Concurrent Clear Claimed Marks 5.315ms
[2022-09-21T08:26:49.400+0000][7][gc,marking   ] GC(3) Concurrent Scan Root Regions
[2022-09-21T08:26:49.404+0000][7][gc,marking   ] GC(3) Concurrent Scan Root Regions 3.245ms
[2022-09-21T08:26:49.406+0000][7][gc,marking   ] GC(3) Concurrent Mark (7.973s)
[2022-09-21T08:26:49.408+0000][7][gc,marking   ] GC(3) Concurrent Mark From Roots
[2022-09-21T08:26:49.410+0000][7][gc,task      ] GC(3) Using 1 workers of 1 for marking
[2022-09-21T08:26:49.414+0000][7][gc,marking   ] GC(3) Concurrent Mark From Roots 6.354ms
[2022-09-21T08:26:49.416+0000][7][gc,marking   ] GC(3) Concurrent Preclean
[2022-09-21T08:26:49.418+0000][7][gc,marking   ] GC(3) Concurrent Preclean 2.275ms
[2022-09-21T08:26:49.420+0000][7][gc,marking   ] GC(3) Concurrent Mark (7.973s, 7.987s) 13.753ms
[2022-09-21T08:26:49.392+0000][7][safepoint    ] Safepoint "CollectForMetadataAllocation", Time since last: 11239750 ns, Reaching safepoint: 2331709 ns, At safepoint: 48364375 ns, Total: 50696084 ns
[2022-09-21T08:26:49.424+0000][7][gc,start     ] GC(3) Pause Remark
[2022-09-21T08:26:49.428+0000][7][gc           ] GC(3) Pause Remark 7M->7M(512M) 3.096ms
[2022-09-21T08:26:49.430+0000][7][gc,cpu       ] GC(3) User=0.00s Sys=0.00s Real=0.00s
[2022-09-21T08:26:49.431+0000][7][safepoint    ] Safepoint "G1Concurrent", Time since last: 32646750 ns, Reaching safepoint: 233541 ns, At safepoint: 6577709 ns, Total: 6811250 ns
[2022-09-21T08:26:49.432+0000][7][gc,marking   ] GC(3) Concurrent Rebuild Remembered Sets
[2022-09-21T08:26:49.435+0000][7][gc,marking   ] GC(3) Concurrent Rebuild Remembered Sets 2.853ms
[2022-09-21T08:26:49.437+0000][7][gc,start     ] GC(3) Pause Cleanup
[2022-09-21T08:26:49.438+0000][7][gc           ] GC(3) Pause Cleanup 7M->7M(512M) 0.913ms
[2022-09-21T08:26:49.439+0000][7][gc,cpu       ] GC(3) User=0.00s Sys=0.00s Real=0.00s
[2022-09-21T08:26:49.441+0000][7][safepoint    ] Safepoint "G1Concurrent", Time since last: 5620500 ns, Reaching safepoint: 425125 ns, At safepoint: 3846333 ns, Total: 4271458 ns
[2022-09-21T08:26:49.442+0000][7][gc,marking   ] GC(3) Concurrent Cleanup for Next Mark
[2022-09-21T08:26:49.448+0000][7][gc,marking   ] GC(3) Concurrent Cleanup for Next Mark 5.970ms
[2022-09-21T08:26:49.449+0000][7][gc           ] GC(3) Concurrent Cycle 57.978ms
[2022-09-21T08:26:49.952+0000][7][safepoint    ] Safepoint "ICBufferFull", Time since last: 507772000 ns, Reaching safepoint: 2844292 ns, At safepoint: 50125 ns, Total: 2894417 ns
[2022-09-21T08:26:50.114+0000][7][gc,start     ] GC(4) Pause Young (Normal) (G1 Evacuation Pause)
[2022-09-21T08:26:50.115+0000][7][gc,task      ] GC(4) Using 4 workers of 4 for evacuation
[2022-09-21T08:26:50.116+0000][7][gc,age       ] GC(4) Desired survivor size 3670016 bytes, new threshold 15 (max threshold 15)
[2022-09-21T08:26:50.125+0000][7][gc,age       ] GC(4) Age table with threshold 15 (max threshold 15)
[2022-09-21T08:26:50.128+0000][7][gc,age       ] GC(4) - age   1:    2220776 bytes,    2220776 total
[2022-09-21T08:26:50.129+0000][7][gc,age       ] GC(4) - age   2:    1319176 bytes,    3539952 total
[2022-09-21T08:26:50.130+0000][7][gc,age       ] GC(4) - age   3:    1142752 bytes,    4682704 total
[2022-09-21T08:26:50.131+0000][7][gc,phases    ] GC(4)   Pre Evacuate Collection Set: 0.1ms
[2022-09-21T08:26:50.132+0000][7][gc,phases    ] GC(4)   Merge Heap Roots: 0.0ms
[2022-09-21T08:26:50.133+0000][7][gc,phases    ] GC(4)   Evacuate Collection Set: 4.1ms
[2022-09-21T08:26:50.133+0000][7][gc,phases    ] GC(4)   Post Evacuate Collection Set: 3.8ms
[2022-09-21T08:26:50.134+0000][7][gc,phases    ] GC(4)   Other: 9.5ms
[2022-09-21T08:26:50.135+0000][7][gc,heap      ] GC(4) Eden regions: 50->0(302)
[2022-09-21T08:26:50.137+0000][7][gc,heap      ] GC(4) Survivor regions: 3->5(7)
[2022-09-21T08:26:50.139+0000][7][gc,heap      ] GC(4) Old regions: 4->4
[2022-09-21T08:26:50.140+0000][7][gc,heap      ] GC(4) Archive regions: 0->0
[2022-09-21T08:26:50.141+0000][7][gc,heap      ] GC(4) Humongous regions: 2->1
[2022-09-21T08:26:50.143+0000][7][gc,metaspace ] GC(4) Metaspace: 23272K(23984K)->23272K(23984K) NonClass: 20755K(21168K)->20755K(21168K) Class: 2516K(2816K)->2516K(2816K)
[2022-09-21T08:26:50.144+0000][7][gc           ] GC(4) Pause Young (Normal) (G1 Evacuation Pause) 58M->9M(512M) 30.036ms
[2022-09-21T08:26:50.145+0000][7][gc,cpu       ] GC(4) User=0.01s Sys=0.00s Real=0.03s
[2022-09-21T08:26:50.145+0000][7][safepoint    ] Safepoint "G1CollectForAllocation", Time since last: 161886250 ns, Reaching safepoint: 109542 ns, At safepoint: 31784666 ns, Total: 31894208 ns
[2022-09-21T08:26:50.147+0000][7][safepoint    ] Safepoint "BulkRevokeBias", Time since last: 939709 ns, Reaching safepoint: 208291 ns, At safepoint: 29750 ns, Total: 238041 ns
[2022-09-21T08:26:50.149+0000][7][safepoint    ] Safepoint "BulkRevokeBias", Time since last: 1795250 ns, Reaching safepoint: 189667 ns, At safepoint: 20708 ns, Total: 210375 ns
[2022-09-21T08:26:50.150+0000][7][safepoint    ] Safepoint "BulkRevokeBias", Time since last: 1312917 ns, Reaching safepoint: 178792 ns, At safepoint: 138833 ns, Total: 317625 ns
[2022-09-21T08:26:50.575+0000][7][safepoint    ] Safepoint "ICBufferFull", Time since last: 424266542 ns, Reaching safepoint: 435208 ns, At safepoint: 7167 ns, Total: 442375 ns
[2022-09-21T08:26:51.310+0000][7][gc,start     ] GC(5) Pause Young (Normal) (G1 Evacuation Pause)
[2022-09-21T08:26:51.315+0000][7][gc,task      ] GC(5) Using 4 workers of 4 for evacuation
[2022-09-21T08:26:51.317+0000][7][gc,age       ] GC(5) Desired survivor size 20447232 bytes, new threshold 15 (max threshold 15)
[2022-09-21T08:26:51.346+0000][7][gc,age       ] GC(5) Age table with threshold 15 (max threshold 15)
[2022-09-21T08:26:51.350+0000][7][gc,age       ] GC(5) - age   1:    3317704 bytes,    3317704 total
[2022-09-21T08:26:51.351+0000][7][gc,age       ] GC(5) - age   2:    2192560 bytes,    5510264 total
[2022-09-21T08:26:51.352+0000][7][gc,age       ] GC(5) - age   3:    1318904 bytes,    6829168 total
[2022-09-21T08:26:51.353+0000][7][gc,age       ] GC(5) - age   4:    1128608 bytes,    7957776 total
[2022-09-21T08:26:51.355+0000][7][gc,phases    ] GC(5)   Pre Evacuate Collection Set: 3.1ms
[2022-09-21T08:26:51.356+0000][7][gc,phases    ] GC(5)   Merge Heap Roots: 0.1ms
[2022-09-21T08:26:51.357+0000][7][gc,phases    ] GC(5)   Evacuate Collection Set: 16.7ms
[2022-09-21T08:26:51.358+0000][7][gc,phases    ] GC(5)   Post Evacuate Collection Set: 7.1ms
[2022-09-21T08:26:51.360+0000][7][gc,phases    ] GC(5)   Other: 18.1ms
[2022-09-21T08:26:51.361+0000][7][gc,heap      ] GC(5) Eden regions: 302->0(299)
[2022-09-21T08:26:51.363+0000][7][gc,heap      ] GC(5) Survivor regions: 5->8(39)
[2022-09-21T08:26:51.365+0000][7][gc,heap      ] GC(5) Old regions: 4->4
[2022-09-21T08:26:51.367+0000][7][gc,heap      ] GC(5) Archive regions: 0->0
[2022-09-21T08:26:51.369+0000][7][gc,heap      ] GC(5) Humongous regions: 1->1
[2022-09-21T08:26:51.370+0000][7][gc,metaspace ] GC(5) Metaspace: 26280K(27312K)->26280K(27312K) NonClass: 23359K(23984K)->23359K(23984K) Class: 2920K(3328K)->2920K(3328K)
[2022-09-21T08:26:51.372+0000][7][gc           ] GC(5) Pause Young (Normal) (G1 Evacuation Pause) 311M->12M(512M) 62.027ms
[2022-09-21T08:26:51.374+0000][7][gc,cpu       ] GC(5) User=0.02s Sys=0.01s Real=0.07s
[2022-09-21T08:26:51.375+0000][7][safepoint    ] Safepoint "G1CollectForAllocation", Time since last: 734366208 ns, Reaching safepoint: 208959 ns, At safepoint: 65477875 ns, Total: 65686834 ns
[2022-09-21T08:26:51.379+0000][7][safepoint    ] Safepoint "BulkRevokeBias", Time since last: 1758500 ns, Reaching safepoint: 1746292 ns, At safepoint: 365666 ns, Total: 2111958 ns
[2022-09-21T08:26:51.391+0000][7][safepoint    ] Safepoint "BulkRevokeBias", Time since last: 7615875 ns, Reaching safepoint: 4219292 ns, At safepoint: 36750 ns, Total: 4256042 ns
[2022-09-21T08:26:51.971+0000][7][gc,start     ] GC(6) Pause Young (Normal) (G1 Evacuation Pause)
[2022-09-21T08:26:51.973+0000][7][gc,task      ] GC(6) Using 4 workers of 4 for evacuation
[2022-09-21T08:26:51.976+0000][7][gc,age       ] GC(6) Desired survivor size 20447232 bytes, new threshold 15 (max threshold 15)
[2022-09-21T08:26:52.003+0000][7][gc,age       ] GC(6) Age table with threshold 15 (max threshold 15)
[2022-09-21T08:26:52.007+0000][7][gc,age       ] GC(6) - age   1:    4966776 bytes,    4966776 total
[2022-09-21T08:26:52.010+0000][7][gc,age       ] GC(6) - age   2:    3267232 bytes,    8234008 total
[2022-09-21T08:26:52.012+0000][7][gc,age       ] GC(6) - age   3:    2192248 bytes,   10426256 total
[2022-09-21T08:26:52.014+0000][7][gc,age       ] GC(6) - age   4:    1318904 bytes,   11745160 total
[2022-09-21T08:26:52.016+0000][7][gc,age       ] GC(6) - age   5:    1128608 bytes,   12873768 total
[2022-09-21T08:26:52.019+0000][7][gc,phases    ] GC(6)   Pre Evacuate Collection Set: 0.1ms
[2022-09-21T08:26:52.020+0000][7][gc,phases    ] GC(6)   Merge Heap Roots: 0.0ms
[2022-09-21T08:26:52.023+0000][7][gc,phases    ] GC(6)   Evacuate Collection Set: 18.8ms
[2022-09-21T08:26:52.024+0000][7][gc,phases    ] GC(6)   Post Evacuate Collection Set: 5.8ms
[2022-09-21T08:26:52.026+0000][7][gc,phases    ] GC(6)   Other: 23.7ms
[2022-09-21T08:26:52.027+0000][7][gc,heap      ] GC(6) Eden regions: 299->0(294)
[2022-09-21T08:26:52.030+0000][7][gc,heap      ] GC(6) Survivor regions: 8->13(39)
[2022-09-21T08:26:52.031+0000][7][gc,heap      ] GC(6) Old regions: 4->4
[2022-09-21T08:26:52.032+0000][7][gc,heap      ] GC(6) Archive regions: 0->0
[2022-09-21T08:26:52.033+0000][7][gc,heap      ] GC(6) Humongous regions: 1->1
[2022-09-21T08:26:52.034+0000][7][gc,metaspace ] GC(6) Metaspace: 27144K(28464K)->27144K(28464K) NonClass: 24081K(25008K)->24081K(25008K) Class: 3063K(3456K)->3063K(3456K)
[2022-09-21T08:26:52.036+0000][7][gc           ] GC(6) Pause Young (Normal) (G1 Evacuation Pause) 311M->17M(512M) 65.134ms
[2022-09-21T08:26:52.037+0000][7][gc,cpu       ] GC(6) User=0.07s Sys=0.00s Real=0.07s
[2022-09-21T08:26:52.038+0000][7][safepoint    ] Safepoint "G1CollectForAllocation", Time since last: 579454083 ns, Reaching safepoint: 526209 ns, At safepoint: 67338791 ns, Total: 67865000 ns
[2022-09-21T08:26:52.040+0000][7][safepoint    ] Safepoint "BulkRevokeBias", Time since last: 1720376 ns, Reaching safepoint: 581958 ns, At safepoint: 119958 ns, Total: 701916 ns
[2022-09-21T08:26:52.686+0000][7][gc,start     ] GC(7) Pause Young (Normal) (G1 Evacuation Pause)
[2022-09-21T08:26:52.687+0000][7][gc,task      ] GC(7) Using 4 workers of 4 for evacuation
[2022-09-21T08:26:52.689+0000][7][gc,age       ] GC(7) Desired survivor size 20447232 bytes, new threshold 15 (max threshold 15)
[2022-09-21T08:26:52.712+0000][7][gc,age       ] GC(7) Age table with threshold 15 (max threshold 15)
[2022-09-21T08:26:52.714+0000][7][gc,age       ] GC(7) - age   1:    2868272 bytes,    2868272 total
[2022-09-21T08:26:52.716+0000][7][gc,age       ] GC(7) - age   2:    3270440 bytes,    6138712 total
[2022-09-21T08:26:52.717+0000][7][gc,age       ] GC(7) - age   3:    3266000 bytes,    9404712 total
[2022-09-21T08:26:52.718+0000][7][gc,age       ] GC(7) - age   4:    2191144 bytes,   11595856 total
[2022-09-21T08:26:52.719+0000][7][gc,age       ] GC(7) - age   5:    1318904 bytes,   12914760 total
[2022-09-21T08:26:52.720+0000][7][gc,age       ] GC(7) - age   6:    1128352 bytes,   14043112 total
[2022-09-21T08:26:52.721+0000][7][gc,phases    ] GC(7)   Pre Evacuate Collection Set: 0.3ms
[2022-09-21T08:26:52.724+0000][7][gc,phases    ] GC(7)   Merge Heap Roots: 0.1ms
[2022-09-21T08:26:52.725+0000][7][gc,phases    ] GC(7)   Evacuate Collection Set: 20.9ms
[2022-09-21T08:26:52.728+0000][7][gc,phases    ] GC(7)   Post Evacuate Collection Set: 0.7ms
[2022-09-21T08:26:52.729+0000][7][gc,phases    ] GC(7)   Other: 13.8ms
[2022-09-21T08:26:52.730+0000][7][gc,heap      ] GC(7) Eden regions: 294->0(292)
[2022-09-21T08:26:52.731+0000][7][gc,heap      ] GC(7) Survivor regions: 13->15(39)
[2022-09-21T08:26:52.732+0000][7][gc,heap      ] GC(7) Old regions: 4->4
[2022-09-21T08:26:52.733+0000][7][gc,heap      ] GC(7) Archive regions: 0->0
[2022-09-21T08:26:52.734+0000][7][gc,heap      ] GC(7) Humongous regions: 1->1
[2022-09-21T08:26:52.736+0000][7][gc,metaspace ] GC(7) Metaspace: 28301K(29872K)->28301K(29872K) NonClass: 25121K(26288K)->25121K(26288K) Class: 3180K(3584K)->3180K(3584K)
[2022-09-21T08:26:52.737+0000][7][gc           ] GC(7) Pause Young (Normal) (G1 Evacuation Pause) 311M->18M(512M) 51.172ms
[2022-09-21T08:26:52.738+0000][7][gc,cpu       ] GC(7) User=0.03s Sys=0.00s Real=0.05s
[2022-09-21T08:26:52.739+0000][7][safepoint    ] Safepoint "G1CollectForAllocation", Time since last: 642150292 ns, Reaching safepoint: 2955875 ns, At safepoint: 53624625 ns, Total: 56580500 ns
[2022-09-21T08:26:53.141+0000][7][gc,start     ] GC(8) Pause Young (Normal) (G1 Evacuation Pause)
[2022-09-21T08:26:53.146+0000][7][gc,task      ] GC(8) Using 4 workers of 4 for evacuation
[2022-09-21T08:26:53.147+0000][7][gc,age       ] GC(8) Desired survivor size 20447232 bytes, new threshold 15 (max threshold 15)
[2022-09-21T08:26:53.167+0000][7][gc,age       ] GC(8) Age table with threshold 15 (max threshold 15)
[2022-09-21T08:26:53.168+0000][7][gc,age       ] GC(8) - age   1:    2143272 bytes,    2143272 total
[2022-09-21T08:26:53.169+0000][7][gc,age       ] GC(8) - age   2:    2312136 bytes,    4455408 total
[2022-09-21T08:26:53.172+0000][7][gc,age       ] GC(8) - age   3:    3270200 bytes,    7725608 total
[2022-09-21T08:26:53.174+0000][7][gc,age       ] GC(8) - age   4:    3264976 bytes,   10990584 total
[2022-09-21T08:26:53.175+0000][7][gc,age       ] GC(8) - age   5:    2190968 bytes,   13181552 total
[2022-09-21T08:26:53.175+0000][7][gc,age       ] GC(8) - age   6:    1318904 bytes,   14500456 total
[2022-09-21T08:26:53.176+0000][7][gc,age       ] GC(8) - age   7:    1128352 bytes,   15628808 total
[2022-09-21T08:26:53.178+0000][7][gc,phases    ] GC(8)   Pre Evacuate Collection Set: 0.2ms
[2022-09-21T08:26:53.180+0000][7][gc,phases    ] GC(8)   Merge Heap Roots: 0.3ms
[2022-09-21T08:26:53.181+0000][7][gc,phases    ] GC(8)   Evacuate Collection Set: 12.6ms
[2022-09-21T08:26:53.182+0000][7][gc,phases    ] GC(8)   Post Evacuate Collection Set: 4.3ms
[2022-09-21T08:26:53.183+0000][7][gc,phases    ] GC(8)   Other: 19.6ms
[2022-09-21T08:26:53.184+0000][7][gc,heap      ] GC(8) Eden regions: 292->0(290)
[2022-09-21T08:26:53.185+0000][7][gc,heap      ] GC(8) Survivor regions: 15->17(39)
[2022-09-21T08:26:53.186+0000][7][gc,heap      ] GC(8) Old regions: 4->4
[2022-09-21T08:26:53.188+0000][7][gc,heap      ] GC(8) Archive regions: 0->0
[2022-09-21T08:26:53.188+0000][7][gc,heap      ] GC(8) Humongous regions: 1->1
[2022-09-21T08:26:53.190+0000][7][gc,metaspace ] GC(8) Metaspace: 28714K(30512K)->28714K(30512K) NonClass: 25455K(26800K)->25455K(26800K) Class: 3258K(3712K)->3258K(3712K)
[2022-09-21T08:26:53.191+0000][7][gc           ] GC(8) Pause Young (Normal) (G1 Evacuation Pause) 310M->20M(512M) 49.549ms
[2022-09-21T08:26:53.192+0000][7][gc,cpu       ] GC(8) User=0.02s Sys=0.00s Real=0.06s
[2022-09-21T08:26:53.193+0000][7][safepoint    ] Safepoint "G1CollectForAllocation", Time since last: 401688750 ns, Reaching safepoint: 246459 ns, At safepoint: 51848458 ns, Total: 52094917 ns
[2022-09-21T08:26:53.796+0000][7][safepoint    ] Safepoint "ICBufferFull", Time since last: 602740625 ns, Reaching safepoint: 316959 ns, At safepoint: 45083 ns, Total: 362042 ns
[2022-09-21T08:26:54.096+0000][7][gc,start     ] GC(9) Pause Young (Concurrent Start) (Metadata GC Threshold)
[2022-09-21T08:26:54.099+0000][7][gc,task      ] GC(9) Using 4 workers of 4 for evacuation
[2022-09-21T08:26:54.100+0000][7][gc,age       ] GC(9) Desired survivor size 20447232 bytes, new threshold 15 (max threshold 15)
[2022-09-21T08:26:54.139+0000][7][gc,age       ] GC(9) Age table with threshold 15 (max threshold 15)
[2022-09-21T08:26:54.140+0000][7][gc,age       ] GC(9) - age   1:    1761896 bytes,    1761896 total
[2022-09-21T08:26:54.142+0000][7][gc,age       ] GC(9) - age   2:     718160 bytes,    2480056 total
[2022-09-21T08:26:54.143+0000][7][gc,age       ] GC(9) - age   3:    2299432 bytes,    4779488 total
[2022-09-21T08:26:54.145+0000][7][gc,age       ] GC(9) - age   4:    3251672 bytes,    8031160 total
[2022-09-21T08:26:54.146+0000][7][gc,age       ] GC(9) - age   5:    3248632 bytes,   11279792 total
[2022-09-21T08:26:54.147+0000][7][gc,age       ] GC(9) - age   6:    2151800 bytes,   13431592 total
[2022-09-21T08:26:54.149+0000][7][gc,age       ] GC(9) - age   7:    1318296 bytes,   14749888 total
[2022-09-21T08:26:54.150+0000][7][gc,age       ] GC(9) - age   8:    1124136 bytes,   15874024 total
[2022-09-21T08:26:54.151+0000][7][gc,phases    ] GC(9)   Pre Evacuate Collection Set: 3.0ms
[2022-09-21T08:26:54.153+0000][7][gc,phases    ] GC(9)   Merge Heap Roots: 0.1ms
[2022-09-21T08:26:54.154+0000][7][gc,phases    ] GC(9)   Evacuate Collection Set: 26.1ms
[2022-09-21T08:26:54.155+0000][7][gc,phases    ] GC(9)   Post Evacuate Collection Set: 5.7ms
[2022-09-21T08:26:54.157+0000][7][gc,phases    ] GC(9)   Other: 21.2ms
[2022-09-21T08:26:54.158+0000][7][gc,heap      ] GC(9) Eden regions: 80->0(290)
[2022-09-21T08:26:54.159+0000][7][gc,heap      ] GC(9) Survivor regions: 17->17(39)
[2022-09-21T08:26:54.160+0000][7][gc,heap      ] GC(9) Old regions: 4->4
[2022-09-21T08:26:54.161+0000][7][gc,heap      ] GC(9) Archive regions: 0->0
[2022-09-21T08:26:54.162+0000][7][gc,heap      ] GC(9) Humongous regions: 1->1
[2022-09-21T08:26:54.164+0000][7][gc,metaspace ] GC(9) Metaspace: 33615K(35920K)->33615K(35920K) NonClass: 29708K(31312K)->29708K(31312K) Class: 3907K(4608K)->3907K(4608K)
[2022-09-21T08:26:54.166+0000][7][gc           ] GC(9) Pause Young (Concurrent Start) (Metadata GC Threshold) 100M->20M(512M) 69.779ms
[2022-09-21T08:26:54.167+0000][7][gc,cpu       ] GC(9) User=0.03s Sys=0.00s Real=0.07s
[2022-09-21T08:26:54.168+0000][7][gc           ] GC(10) Concurrent Cycle
[2022-09-21T08:26:54.170+0000][7][gc,marking   ] GC(10) Concurrent Clear Claimed Marks
[2022-09-21T08:26:54.172+0000][7][gc,marking   ] GC(10) Concurrent Clear Claimed Marks 1.800ms
[2022-09-21T08:26:54.173+0000][7][gc,marking   ] GC(10) Concurrent Scan Root Regions
[2022-09-21T08:26:54.180+0000][7][gc,marking   ] GC(10) Concurrent Scan Root Regions 7.501ms
[2022-09-21T08:26:54.182+0000][7][gc,marking   ] GC(10) Concurrent Mark (12.749s)
[2022-09-21T08:26:54.185+0000][7][gc,marking   ] GC(10) Concurrent Mark From Roots
[2022-09-21T08:26:54.186+0000][7][gc,task      ] GC(10) Using 1 workers of 1 for marking
[2022-09-21T08:26:54.169+0000][7][safepoint    ] Safepoint "CollectForMetadataAllocation", Time since last: 298898625 ns, Reaching safepoint: 441417 ns, At safepoint: 73833542 ns, Total: 74274959 ns
[2022-09-21T08:26:54.191+0000][7][gc,marking   ] GC(10) Concurrent Mark From Roots 6.186ms
[2022-09-21T08:26:54.193+0000][7][gc,marking   ] GC(10) Concurrent Preclean
[2022-09-21T08:26:54.194+0000][7][gc,marking   ] GC(10) Concurrent Preclean 1.408ms
[2022-09-21T08:26:54.196+0000][7][gc,marking   ] GC(10) Concurrent Mark (12.749s, 12.763s) 13.340ms
[2022-09-21T08:26:54.198+0000][7][gc,start     ] GC(10) Pause Remark
[2022-09-21T08:26:54.209+0000][7][gc           ] GC(10) Pause Remark 21M->21M(512M) 10.801ms
[2022-09-21T08:26:54.212+0000][7][gc,cpu       ] GC(10) User=0.01s Sys=0.00s Real=0.01s
[2022-09-21T08:26:54.215+0000][7][safepoint    ] Safepoint "G1Concurrent", Time since last: 28386083 ns, Reaching safepoint: 490917 ns, At safepoint: 17263208 ns, Total: 17754125 ns
[2022-09-21T08:26:54.217+0000][7][gc,marking   ] GC(10) Concurrent Rebuild Remembered Sets
[2022-09-21T08:26:54.221+0000][7][gc,marking   ] GC(10) Concurrent Rebuild Remembered Sets 3.821ms
[2022-09-21T08:26:54.223+0000][7][gc,start     ] GC(10) Pause Cleanup
[2022-09-21T08:26:54.224+0000][7][gc           ] GC(10) Pause Cleanup 22M->22M(512M) 1.396ms
[2022-09-21T08:26:54.226+0000][7][gc,cpu       ] GC(10) User=0.00s Sys=0.00s Real=0.00s
[2022-09-21T08:26:54.227+0000][7][safepoint    ] Safepoint "G1Concurrent", Time since last: 6805458 ns, Reaching safepoint: 704084 ns, At safepoint: 4385666 ns, Total: 5089750 ns
[2022-09-21T08:26:54.230+0000][7][gc,marking   ] GC(10) Concurrent Cleanup for Next Mark
[2022-09-21T08:26:54.233+0000][7][gc,marking   ] GC(10) Concurrent Cleanup for Next Mark 3.682ms
[2022-09-21T08:26:54.237+0000][7][gc           ] GC(10) Concurrent Cycle 68.847ms
[2022-09-21T08:26:54.721+0000][7][safepoint    ] Safepoint "ICBufferFull", Time since last: 493348542 ns, Reaching safepoint: 350083 ns, At safepoint: 29084 ns, Total: 379167 ns
[2022-09-21T08:26:55.265+0000][7][safepoint    ] Safepoint "ICBufferFull", Time since last: 543392958 ns, Reaching safepoint: 244875 ns, At safepoint: 3875 ns, Total: 248750 ns
[2022-09-21T08:26:56.135+0000][7][safepoint    ] Safepoint "ICBufferFull", Time since last: 866646667 ns, Reaching safepoint: 3318084 ns, At safepoint: 15250 ns, Total: 3333334 ns
[2022-09-21T08:26:56.583+0000][7][safepoint    ] Safepoint "ICBufferFull", Time since last: 447833583 ns, Reaching safepoint: 310417 ns, At safepoint: 12667 ns, Total: 323084 ns
[2022-09-21T08:26:57.273+0000][7][safepoint    ] Safepoint "ICBufferFull", Time since last: 689542375 ns, Reaching safepoint: 316292 ns, At safepoint: 9291 ns, Total: 325583 ns
[2022-09-21T08:26:57.313+0000][7][gc,start     ] GC(11) Pause Young (Normal) (G1 Evacuation Pause)
[2022-09-21T08:26:57.315+0000][7][gc,task      ] GC(11) Using 4 workers of 4 for evacuation
[2022-09-21T08:26:57.319+0000][7][gc,age       ] GC(11) Desired survivor size 20447232 bytes, new threshold 15 (max threshold 15)
[2022-09-21T08:26:57.612+0000][7][gc,age       ] GC(11) Age table with threshold 15 (max threshold 15)
[2022-09-21T08:26:57.635+0000][7][gc,age       ] GC(11) - age   1:   25078072 bytes,   25078072 total
[2022-09-21T08:26:57.642+0000][7][gc,age       ] GC(11) - age   2:    1674592 bytes,   26752664 total
[2022-09-21T08:26:57.650+0000][7][gc,age       ] GC(11) - age   3:     715056 bytes,   27467720 total
[2022-09-21T08:26:57.670+0000][7][gc,age       ] GC(11) - age   4:    2294752 bytes,   29762472 total
[2022-09-21T08:26:57.695+0000][7][gc,age       ] GC(11) - age   5:    3241080 bytes,   33003552 total
[2022-09-21T08:26:57.704+0000][7][gc,age       ] GC(11) - age   6:    3227432 bytes,   36230984 total
[2022-09-21T08:26:57.708+0000][7][gc,age       ] GC(11) - age   7:    2136600 bytes,   38367584 total
[2022-09-21T08:26:57.715+0000][7][gc,age       ] GC(11) - age   8:    1316296 bytes,   39683880 total
[2022-09-21T08:26:57.732+0000][7][gc,age       ] GC(11) - age   9:    1116328 bytes,   40800208 total
[2022-09-21T08:26:57.743+0000][7][gc,mmu       ] GC(11) MMU target violated: 201.0ms (200.0ms/201.0ms)
[2022-09-21T08:26:57.745+0000][7][gc,phases    ] GC(11)   Pre Evacuate Collection Set: 0.2ms
[2022-09-21T08:26:57.760+0000][7][gc,phases    ] GC(11)   Merge Heap Roots: 0.4ms
[2022-09-21T08:26:57.783+0000][7][gc,phases    ] GC(11)   Evacuate Collection Set: 274.9ms
[2022-09-21T08:26:57.798+0000][7][gc,phases    ] GC(11)   Post Evacuate Collection Set: 10.1ms
[2022-09-21T08:26:57.813+0000][7][gc,phases    ] GC(11)   Other: 147.3ms
[2022-09-21T08:26:57.819+0000][7][gc,heap      ] GC(11) Eden regions: 290->0(205)
[2022-09-21T08:26:57.823+0000][7][gc,heap      ] GC(11) Survivor regions: 17->39(39)
[2022-09-21T08:26:57.833+0000][7][gc,heap      ] GC(11) Old regions: 4->6
[2022-09-21T08:26:57.860+0000][7][gc,heap      ] GC(11) Archive regions: 0->0
[2022-09-21T08:26:57.866+0000][7][gc,heap      ] GC(11) Humongous regions: 1->1
[2022-09-21T08:26:57.874+0000][7][gc,metaspace ] GC(11) Metaspace: 42548K(46032K)->42548K(46032K) NonClass: 37366K(39760K)->37366K(39760K) Class: 5182K(6272K)->5182K(6272K)
[2022-09-21T08:26:57.882+0000][7][gc           ] GC(11) Pause Young (Normal) (G1 Evacuation Pause) 310M->45M(512M) 569.440ms
[2022-09-21T08:26:57.891+0000][7][gc,cpu       ] GC(11) User=0.49s Sys=0.02s Real=0.57s
[2022-09-21T08:26:57.918+0000][7][safepoint    ] Safepoint "G1CollectForAllocation", Time since last: 39954917 ns, Reaching safepoint: 93292 ns, At safepoint: 604776083 ns, Total: 604869375 ns
[2022-09-21T08:26:58.953+0000][7][safepoint    ] Safepoint "Cleanup", Time since last: 1009764209 ns, Reaching safepoint: 25668750 ns, At safepoint: 22917 ns, Total: 25691667 ns
[2022-09-21T08:27:00.304+0000][7][safepoint    ] Safepoint "Cleanup", Time since last: 1337609125 ns, Reaching safepoint: 13098000 ns, At safepoint: 30417 ns, Total: 13128417 ns
[2022-09-21T08:27:01.368+0000][7][safepoint    ] Safepoint "Cleanup", Time since last: 1060733376 ns, Reaching safepoint: 3287291 ns, At safepoint: 21209 ns, Total: 3308500 ns
[2022-09-21T08:27:02.387+0000][7][safepoint    ] Safepoint "Cleanup", Time since last: 1018921833 ns, Reaching safepoint: 368792 ns, At safepoint: 4167 ns, Total: 372959 ns
[2022-09-21T08:27:03.821+0000][7][safepoint    ] Safepoint "Cleanup", Time since last: 1432090209 ns, Reaching safepoint: 1782375 ns, At safepoint: 7416 ns, Total: 1789791 ns
[2022-09-21T08:27:04.096+0000][7][gc,start     ] GC(12) Pause Young (Concurrent Start) (Metadata GC Threshold)
[2022-09-21T08:27:04.105+0000][7][gc,task      ] GC(12) Using 4 workers of 4 for evacuation
[2022-09-21T08:27:04.107+0000][7][gc,age       ] GC(12) Desired survivor size 16252928 bytes, new threshold 1 (max threshold 15)
[2022-09-21T08:27:04.281+0000][7][gc,age       ] GC(12) Age table with threshold 1 (max threshold 15)
[2022-09-21T08:27:04.283+0000][7][gc,age       ] GC(12) - age   1:    4706416 bytes,    4706416 total
[2022-09-21T08:27:04.288+0000][7][gc,phases    ] GC(12)   Pre Evacuate Collection Set: 1.3ms
[2022-09-21T08:27:04.290+0000][7][gc,phases    ] GC(12)   Merge Heap Roots: 0.2ms
[2022-09-21T08:27:04.292+0000][7][gc,phases    ] GC(12)   Evacuate Collection Set: 163.0ms
[2022-09-21T08:27:04.294+0000][7][gc,phases    ] GC(12)   Post Evacuate Collection Set: 2.2ms
[2022-09-21T08:27:04.295+0000][7][gc,phases    ] GC(12)   Other: 25.2ms
[2022-09-21T08:27:04.297+0000][7][gc,heap      ] GC(12) Eden regions: 130->0(298)
[2022-09-21T08:27:04.297+0000][7][gc,heap      ] GC(12) Survivor regions: 39->6(31)
[2022-09-21T08:27:04.298+0000][7][gc,heap      ] GC(12) Old regions: 6->46
[2022-09-21T08:27:04.299+0000][7][gc,heap      ] GC(12) Archive regions: 0->0
[2022-09-21T08:27:04.299+0000][7][gc,heap      ] GC(12) Humongous regions: 1->1
[2022-09-21T08:27:04.302+0000][7][gc,metaspace ] GC(12) Metaspace: 55520K(60240K)->55520K(60240K) NonClass: 48340K(51280K)->48340K(51280K) Class: 7179K(8960K)->7179K(8960K)
[2022-09-21T08:27:04.302+0000][7][gc           ] GC(12) Pause Young (Concurrent Start) (Metadata GC Threshold) 175M->51M(512M) 206.669ms
[2022-09-21T08:27:04.303+0000][7][gc,cpu       ] GC(12) User=0.24s Sys=0.00s Real=0.21s
[2022-09-21T08:27:04.304+0000][7][gc           ] GC(13) Concurrent Cycle
[2022-09-21T08:27:04.309+0000][7][gc,marking   ] GC(13) Concurrent Clear Claimed Marks
[2022-09-21T08:27:04.312+0000][7][gc,marking   ] GC(13) Concurrent Clear Claimed Marks 3.495ms
[2022-09-21T08:27:04.313+0000][7][gc,marking   ] GC(13) Concurrent Scan Root Regions
[2022-09-21T08:27:04.304+0000][7][safepoint    ] Safepoint "CollectForMetadataAllocation", Time since last: 274422459 ns, Reaching safepoint: 167833 ns, At safepoint: 208737959 ns, Total: 208905792 ns
[2022-09-21T08:27:04.362+0000][7][gc,marking   ] GC(13) Concurrent Scan Root Regions 48.743ms
[2022-09-21T08:27:04.363+0000][7][gc,marking   ] GC(13) Concurrent Mark (22.930s)
[2022-09-21T08:27:04.366+0000][7][gc,marking   ] GC(13) Concurrent Mark From Roots
[2022-09-21T08:27:04.368+0000][7][gc,task      ] GC(13) Using 1 workers of 1 for marking
[2022-09-21T08:27:04.378+0000][7][gc,marking   ] GC(13) Concurrent Mark From Roots 12.639ms
[2022-09-21T08:27:04.380+0000][7][gc,marking   ] GC(13) Concurrent Preclean
[2022-09-21T08:27:04.381+0000][7][gc,marking   ] GC(13) Concurrent Preclean 1.556ms
[2022-09-21T08:27:04.382+0000][7][gc,marking   ] GC(13) Concurrent Mark (22.930s, 22.950s) 19.256ms
[2022-09-21T08:27:04.390+0000][7][gc,start     ] GC(13) Pause Remark
[2022-09-21T08:27:04.412+0000][7][gc           ] GC(13) Pause Remark 54M->54M(512M) 22.090ms
[2022-09-21T08:27:04.414+0000][7][gc,cpu       ] GC(13) User=0.02s Sys=0.00s Real=0.03s
[2022-09-21T08:27:04.416+0000][7][safepoint    ] Safepoint "G1Concurrent", Time since last: 82444375 ns, Reaching safepoint: 3232041 ns, At safepoint: 26060375 ns, Total: 29292416 ns
[2022-09-21T08:27:04.418+0000][7][gc,marking   ] GC(13) Concurrent Rebuild Remembered Sets
[2022-09-21T08:27:04.495+0000][7][gc,marking   ] GC(13) Concurrent Rebuild Remembered Sets 76.955ms
[2022-09-21T08:27:04.499+0000][7][gc,start     ] GC(13) Pause Cleanup
[2022-09-21T08:27:04.501+0000][7][gc           ] GC(13) Pause Cleanup 58M->58M(512M) 2.009ms
[2022-09-21T08:27:04.504+0000][7][gc,cpu       ] GC(13) User=0.00s Sys=0.00s Real=0.01s
[2022-09-21T08:27:04.509+0000][7][safepoint    ] Safepoint "G1Concurrent", Time since last: 80272292 ns, Reaching safepoint: 3025083 ns, At safepoint: 9528875 ns, Total: 12553958 ns
[2022-09-21T08:27:04.513+0000][7][gc,marking   ] GC(13) Concurrent Cleanup for Next Mark
[2022-09-21T08:27:04.531+0000][7][gc,marking   ] GC(13) Concurrent Cleanup for Next Mark 17.827ms
[2022-09-21T08:27:04.533+0000][7][gc           ] GC(13) Concurrent Cycle 228.734ms
[2022-09-21T08:27:05.594+0000][7][safepoint    ] Safepoint "Cleanup", Time since last: 1084942043 ns, Reaching safepoint: 196333 ns, At safepoint: 7917 ns, Total: 204250 ns
[2022-09-21T08:27:06.008+0000][7][safepoint    ] Safepoint "ICBufferFull", Time since last: 413777250 ns, Reaching safepoint: 237875 ns, At safepoint: 7625 ns, Total: 245500 ns
[2022-09-21T08:27:06.087+0000][7][safepoint    ] Safepoint "ICBufferFull", Time since last: 79281500 ns, Reaching safepoint: 175750 ns, At safepoint: 4000 ns, Total: 179750 ns
[2022-09-21T08:27:06.596+0000][7][safepoint    ] Safepoint "ICBufferFull", Time since last: 506905250 ns, Reaching safepoint: 1588500 ns, At safepoint: 19042 ns, Total: 1607542 ns
[2022-09-21T08:27:06.914+0000][7][safepoint    ] Safepoint "BulkRevokeBias", Time since last: 318031375 ns, Reaching safepoint: 346708 ns, At safepoint: 47167 ns, Total: 393875 ns
[2022-09-21T08:27:06.960+0000][7][safepoint    ] Safepoint "BulkRevokeBias", Time since last: 45696708 ns, Reaching safepoint: 66959 ns, At safepoint: 30333 ns, Total: 97292 ns
[2022-09-21T08:27:07.030+0000][7][safepoint    ] Safepoint "BulkRevokeBias", Time since last: 67859625 ns, Reaching safepoint: 1628917 ns, At safepoint: 55375 ns, Total: 1684292 ns
[2022-09-21T08:27:08.207+0000][7][safepoint    ] Safepoint "ICBufferFull", Time since last: 1173588792 ns, Reaching safepoint: 4027792 ns, At safepoint: 7708 ns, Total: 4035500 ns
[2022-09-21T08:27:08.813+0000][7][safepoint    ] Safepoint "ICBufferFull", Time since last: 604334167 ns, Reaching safepoint: 1556125 ns, At safepoint: 7416 ns, Total: 1563541 ns
[2022-09-21T08:27:09.078+0000][7][safepoint    ] Safepoint "BulkRevokeBias", Time since last: 263866459 ns, Reaching safepoint: 289875 ns, At safepoint: 533375 ns, Total: 823250 ns
[2022-09-21T08:27:10.091+0000][7][gc,start     ] GC(14) Pause Young (Normal) (G1 Evacuation Pause)
[2022-09-21T08:27:10.102+0000][7][gc,task      ] GC(14) Using 4 workers of 4 for evacuation
[2022-09-21T08:27:10.108+0000][7][gc,age       ] GC(14) Desired survivor size 19922944 bytes, new threshold 15 (max threshold 15)
[2022-09-21T08:27:10.232+0000][7][gc,age       ] GC(14) Age table with threshold 15 (max threshold 15)
[2022-09-21T08:27:10.238+0000][7][gc,age       ] GC(14) - age   1:   10873280 bytes,   10873280 total
[2022-09-21T08:27:10.240+0000][7][gc,age       ] GC(14) - age   2:    4550664 bytes,   15423944 total
[2022-09-21T08:27:10.244+0000][7][gc,phases    ] GC(14)   Pre Evacuate Collection Set: 0.4ms
[2022-09-21T08:27:10.246+0000][7][gc,phases    ] GC(14)   Merge Heap Roots: 0.2ms
[2022-09-21T08:27:10.247+0000][7][gc,phases    ] GC(14)   Evacuate Collection Set: 110.2ms
[2022-09-21T08:27:10.248+0000][7][gc,phases    ] GC(14)   Post Evacuate Collection Set: 10.7ms
[2022-09-21T08:27:10.250+0000][7][gc,phases    ] GC(14)   Other: 31.2ms
[2022-09-21T08:27:10.252+0000][7][gc,heap      ] GC(14) Eden regions: 298->0(255)
[2022-09-21T08:27:10.257+0000][7][gc,heap      ] GC(14) Survivor regions: 6->16(38)
[2022-09-21T08:27:10.260+0000][7][gc,heap      ] GC(14) Old regions: 46->46
[2022-09-21T08:27:10.262+0000][7][gc,heap      ] GC(14) Archive regions: 0->0
[2022-09-21T08:27:10.264+0000][7][gc,heap      ] GC(14) Humongous regions: 1->1
[2022-09-21T08:27:10.266+0000][7][gc,metaspace ] GC(14) Metaspace: 79707K(85712K)->79707K(85712K) NonClass: 69165K(72528K)->69165K(72528K) Class: 10542K(13184K)->10542K(13184K)
[2022-09-21T08:27:10.269+0000][7][gc           ] GC(14) Pause Young (Normal) (G1 Evacuation Pause) 349M->62M(512M) 177.933ms
[2022-09-21T08:27:10.272+0000][7][gc,cpu       ] GC(14) User=0.16s Sys=0.00s Real=0.19s
[2022-09-21T08:27:10.275+0000][7][safepoint    ] Safepoint "G1CollectForAllocation", Time since last: 1012855459 ns, Reaching safepoint: 338583 ns, At safepoint: 183979292 ns, Total: 184317875 ns
[2022-09-21T08:27:11.414+0000][7][safepoint    ] Safepoint "Cleanup", Time since last: 1138787542 ns, Reaching safepoint: 249500 ns, At safepoint: 2667 ns, Total: 252167 ns
[2022-09-21T08:27:12.024+0000][7][safepoint    ] Safepoint "BulkRevokeBias", Time since last: 606628333 ns, Reaching safepoint: 2994709 ns, At safepoint: 114500 ns, Total: 3109209 ns
[2022-09-21T08:27:12.402+0000][7][safepoint    ] Safepoint "BulkRevokeBias", Time since last: 374464458 ns, Reaching safepoint: 3451125 ns, At safepoint: 64000 ns, Total: 3515125 ns
[2022-09-21T08:27:13.017+0000][7][safepoint    ] Safepoint "ICBufferFull", Time since last: 615297042 ns, Reaching safepoint: 220834 ns, At safepoint: 7458 ns, Total: 228292 ns
[2022-09-21T08:27:13.515+0000][7][safepoint    ] Safepoint "ICBufferFull", Time since last: 495144542 ns, Reaching safepoint: 2291083 ns, At safepoint: 13625 ns, Total: 2304708 ns
[2022-09-21T08:27:13.524+0000][7][safepoint    ] Safepoint "BulkRevokeBias", Time since last: 8897000 ns, Reaching safepoint: 148000 ns, At safepoint: 115917 ns, Total: 263917 ns
[2022-09-21T08:27:13.570+0000][7][safepoint    ] Safepoint "BulkRevokeBias", Time since last: 45699375 ns, Reaching safepoint: 307500 ns, At safepoint: 68083 ns, Total: 375583 ns
[2022-09-21T08:27:13.971+0000][7][safepoint    ] Safepoint "ICBufferFull", Time since last: 396981042 ns, Reaching safepoint: 3735667 ns, At safepoint: 6375 ns, Total: 3742042 ns
[2022-09-21T08:27:14.973+0000][7][safepoint    ] Safepoint "Cleanup", Time since last: 1005093291 ns, Reaching safepoint: 891500 ns, At safepoint: 3250 ns, Total: 894750 ns
[2022-09-21T08:27:15.438+0000][7][safepoint    ] Safepoint "ICBufferFull", Time since last: 457033459 ns, Reaching safepoint: 7961208 ns, At safepoint: 10959 ns, Total: 7972167 ns
[2022-09-21T08:27:16.270+0000][7][safepoint    ] Safepoint "ICBufferFull", Time since last: 831465083 ns, Reaching safepoint: 444209 ns, At safepoint: 8291 ns, Total: 452500 ns
[2022-09-21T08:27:17.239+0000][7][safepoint    ] Safepoint "ICBufferFull", Time since last: 968547751 ns, Reaching safepoint: 426083 ns, At safepoint: 32875 ns, Total: 458958 ns
[2022-09-21T08:27:18.161+0000][7][safepoint    ] Safepoint "ICBufferFull", Time since last: 922262251 ns, Reaching safepoint: 484291 ns, At safepoint: 6875 ns, Total: 491166 ns
[2022-09-21T08:27:19.196+0000][7][safepoint    ] Safepoint "Cleanup", Time since last: 1008314542 ns, Reaching safepoint: 26380792 ns, At safepoint: 22208 ns, Total: 26403000 ns
[2022-09-21T08:27:21.008+0000][7][safepoint    ] Safepoint "Cleanup", Time since last: 1811022376 ns, Reaching safepoint: 796625 ns, At safepoint: 9834 ns, Total: 806459 ns
[2022-09-21T08:27:22.054+0000][7][gc,start     ] GC(15) Pause Young (Normal) (G1 Evacuation Pause)
[2022-09-21T08:27:22.059+0000][7][gc,task      ] GC(15) Using 4 workers of 4 for evacuation
[2022-09-21T08:27:22.062+0000][7][gc,age       ] GC(15) Desired survivor size 17825792 bytes, new threshold 15 (max threshold 15)
[2022-09-21T08:27:22.276+0000][7][gc,age       ] GC(15) Age table with threshold 15 (max threshold 15)
[2022-09-21T08:27:22.284+0000][7][gc,age       ] GC(15) - age   1:    4479488 bytes,    4479488 total
[2022-09-21T08:27:22.287+0000][7][gc,age       ] GC(15) - age   2:   10570352 bytes,   15049840 total
[2022-09-21T08:27:22.289+0000][7][gc,age       ] GC(15) - age   3:    4525144 bytes,   19574984 total
[2022-09-21T08:27:22.293+0000][7][gc,mmu       ] GC(15) MMU target violated: 201.0ms (200.0ms/201.0ms)
[2022-09-21T08:27:22.296+0000][7][gc,phases    ] GC(15)   Pre Evacuate Collection Set: 2.3ms
[2022-09-21T08:27:22.298+0000][7][gc,phases    ] GC(15)   Merge Heap Roots: 0.8ms
[2022-09-21T08:27:22.299+0000][7][gc,phases    ] GC(15)   Evacuate Collection Set: 183.6ms
[2022-09-21T08:27:22.301+0000][7][gc,phases    ] GC(15)   Post Evacuate Collection Set: 15.1ms
[2022-09-21T08:27:22.306+0000][7][gc,phases    ] GC(15)   Other: 40.6ms
[2022-09-21T08:27:22.309+0000][7][gc,heap      ] GC(15) Eden regions: 255->0(139)
[2022-09-21T08:27:22.311+0000][7][gc,heap      ] GC(15) Survivor regions: 16->20(34)
[2022-09-21T08:27:22.313+0000][7][gc,heap      ] GC(15) Old regions: 46->46
[2022-09-21T08:27:22.315+0000][7][gc,heap      ] GC(15) Archive regions: 0->0
[2022-09-21T08:27:22.316+0000][7][gc,heap      ] GC(15) Humongous regions: 7->7
[2022-09-21T08:27:22.318+0000][7][gc,metaspace ] GC(15) Metaspace: 92040K(99024K)->92040K(99024K) NonClass: 79935K(84048K)->79935K(84048K) Class: 12105K(14976K)->12105K(14976K)
[2022-09-21T08:27:22.320+0000][7][gc           ] GC(15) Pause Young (Normal) (G1 Evacuation Pause) 323M->72M(512M) 266.339ms
[2022-09-21T08:27:22.324+0000][7][gc,cpu       ] GC(15) User=0.24s Sys=0.00s Real=0.27s
[2022-09-21T08:27:22.333+0000][7][safepoint    ] Safepoint "G1CollectForAllocation", Time since last: 1044059959 ns, Reaching safepoint: 1213208 ns, At safepoint: 279920958 ns, Total: 281134166 ns
[2022-09-21T08:27:22.984+0000][7][safepoint    ] Safepoint "BulkRevokeBias", Time since last: 650950917 ns, Reaching safepoint: 178417 ns, At safepoint: 73292 ns, Total: 251709 ns
[2022-09-21T08:27:24.254+0000][7][safepoint    ] Safepoint "Cleanup", Time since last: 1268581584 ns, Reaching safepoint: 1382416 ns, At safepoint: 10667 ns, Total: 1393083 ns
[2022-09-21T08:27:25.257+0000][7][safepoint    ] Safepoint "Cleanup", Time since last: 1002349084 ns, Reaching safepoint: 395166 ns, At safepoint: 4042 ns, Total: 399208 ns
[2022-09-21T08:27:26.045+0000][7][gc,start     ] GC(16) Pause Young (Concurrent Start) (Metadata GC Threshold)
[2022-09-21T08:27:26.047+0000][7][gc,task      ] GC(16) Using 4 workers of 4 for evacuation
[2022-09-21T08:27:26.048+0000][7][gc,age       ] GC(16) Desired survivor size 10485760 bytes, new threshold 2 (max threshold 15)
[2022-09-21T08:27:26.083+0000][7][gc,age       ] GC(16) Age table with threshold 2 (max threshold 15)
[2022-09-21T08:27:26.085+0000][7][gc,age       ] GC(16) - age   1:     531648 bytes,     531648 total
[2022-09-21T08:27:26.086+0000][7][gc,age       ] GC(16) - age   2:    4270408 bytes,    4802056 total
[2022-09-21T08:27:26.087+0000][7][gc,phases    ] GC(16)   Pre Evacuate Collection Set: 2.9ms
[2022-09-21T08:27:26.088+0000][7][gc,phases    ] GC(16)   Merge Heap Roots: 0.4ms
[2022-09-21T08:27:26.090+0000][7][gc,phases    ] GC(16)   Evacuate Collection Set: 28.5ms
[2022-09-21T08:27:26.091+0000][7][gc,phases    ] GC(16)   Post Evacuate Collection Set: 1.4ms
[2022-09-21T08:27:26.092+0000][7][gc,phases    ] GC(16)   Other: 9.2ms
[2022-09-21T08:27:26.094+0000][7][gc,heap      ] GC(16) Eden regions: 64->0(288)
[2022-09-21T08:27:26.095+0000][7][gc,heap      ] GC(16) Survivor regions: 20->6(20)
[2022-09-21T08:27:26.096+0000][7][gc,heap      ] GC(16) Old regions: 46->60
[2022-09-21T08:27:26.097+0000][7][gc,heap      ] GC(16) Archive regions: 0->0
[2022-09-21T08:27:26.098+0000][7][gc,heap      ] GC(16) Humongous regions: 7->7
[2022-09-21T08:27:26.099+0000][7][gc,metaspace ] GC(16) Metaspace: 94097K(100828K)->94097K(100828K) NonClass: 81735K(85724K)->81735K(85724K) Class: 12361K(15104K)->12361K(15104K)
[2022-09-21T08:27:26.100+0000][7][gc           ] GC(16) Pause Young (Concurrent Start) (Metadata GC Threshold) 135M->72M(512M) 55.298ms
[2022-09-21T08:27:26.101+0000][7][gc,cpu       ] GC(16) User=0.09s Sys=0.00s Real=0.06s
[2022-09-21T08:27:26.103+0000][7][safepoint    ] Safepoint "CollectForMetadataAllocation", Time since last: 787599167 ns, Reaching safepoint: 161625 ns, At safepoint: 58042667 ns, Total: 58204292 ns
[2022-09-21T08:27:26.103+0000][7][gc           ] GC(17) Concurrent Cycle
[2022-09-21T08:27:26.107+0000][7][gc,marking   ] GC(17) Concurrent Clear Claimed Marks
[2022-09-21T08:27:26.109+0000][7][gc,marking   ] GC(17) Concurrent Clear Claimed Marks 2.567ms
[2022-09-21T08:27:26.111+0000][7][gc,marking   ] GC(17) Concurrent Scan Root Regions
[2022-09-21T08:27:26.150+0000][7][gc,marking   ] GC(17) Concurrent Scan Root Regions 39.029ms
[2022-09-21T08:27:26.153+0000][7][gc,marking   ] GC(17) Concurrent Mark (44.724s)
[2022-09-21T08:27:26.156+0000][7][gc,marking   ] GC(17) Concurrent Mark From Roots
[2022-09-21T08:27:26.160+0000][7][gc,task      ] GC(17) Using 1 workers of 1 for marking
[2022-09-21T08:27:26.288+0000][7][safepoint    ] Safepoint "ICBufferFull", Time since last: 183675000 ns, Reaching safepoint: 1608542 ns, At safepoint: 46833 ns, Total: 1655375 ns
[2022-09-21T08:27:26.301+0000][7][gc,marking   ] GC(17) Concurrent Mark From Roots 144.968ms
[2022-09-21T08:27:26.304+0000][7][gc,marking   ] GC(17) Concurrent Preclean
[2022-09-21T08:27:26.310+0000][7][gc,marking   ] GC(17) Concurrent Preclean 6.659ms
[2022-09-21T08:27:26.315+0000][7][gc,marking   ] GC(17) Concurrent Mark (44.724s, 44.887s) 162.469ms
[2022-09-21T08:27:26.322+0000][7][gc,start     ] GC(17) Pause Remark
[2022-09-21T08:27:26.338+0000][7][gc           ] GC(17) Pause Remark 76M->76M(512M) 16.292ms
[2022-09-21T08:27:26.340+0000][7][gc,cpu       ] GC(17) User=0.01s Sys=0.00s Real=0.02s
[2022-09-21T08:27:26.342+0000][7][safepoint    ] Safepoint "G1Concurrent", Time since last: 33466542 ns, Reaching safepoint: 403916 ns, At safepoint: 19689584 ns, Total: 20093500 ns
[2022-09-21T08:27:26.343+0000][7][gc,marking   ] GC(17) Concurrent Rebuild Remembered Sets
[2022-09-21T08:27:26.494+0000][7][gc,marking   ] GC(17) Concurrent Rebuild Remembered Sets 150.361ms
[2022-09-21T08:27:26.501+0000][7][gc,start     ] GC(17) Pause Cleanup
[2022-09-21T08:27:26.504+0000][7][gc           ] GC(17) Pause Cleanup 79M->79M(512M) 3.679ms
[2022-09-21T08:27:26.506+0000][7][gc,cpu       ] GC(17) User=0.00s Sys=0.00s Real=0.00s
[2022-09-21T08:27:26.507+0000][7][safepoint    ] Safepoint "G1Concurrent", Time since last: 154667041 ns, Reaching safepoint: 4166792 ns, At safepoint: 6447542 ns, Total: 10614334 ns
[2022-09-21T08:27:26.510+0000][7][gc,marking   ] GC(17) Concurrent Cleanup for Next Mark
[2022-09-21T08:27:26.525+0000][7][gc,marking   ] GC(17) Concurrent Cleanup for Next Mark 14.808ms
[2022-09-21T08:27:26.527+0000][7][gc           ] GC(17) Concurrent Cycle 424.393ms
[2022-09-21T08:27:27.865+0000][7][safepoint    ] Safepoint "Cleanup", Time since last: 1357770167 ns, Reaching safepoint: 276208 ns, At safepoint: 7584 ns, Total: 283792 ns
[2022-09-21T08:27:39.884+0000][7][safepoint    ] Safepoint "Cleanup", Time since last: 12018694130 ns, Reaching safepoint: 498792 ns, At safepoint: 3167 ns, Total: 501959 ns
[2022-09-21T08:27:42.897+0000][7][safepoint    ] Safepoint "Cleanup", Time since last: 3012806001 ns, Reaching safepoint: 152417 ns, At safepoint: 9541 ns, Total: 161958 ns
[2022-09-21T08:27:50.506+0000][7][safepoint    ] Safepoint "Cleanup", Time since last: 7599844336 ns, Reaching safepoint: 9021292 ns, At safepoint: 17208 ns, Total: 9038500 ns
[2022-09-21T08:27:54.535+0000][7][safepoint    ] Safepoint "Cleanup", Time since last: 4028204127 ns, Reaching safepoint: 516917 ns, At safepoint: 7667 ns, Total: 524584 ns
[2022-09-21T08:27:57.543+0000][7][safepoint    ] Safepoint "Cleanup", Time since last: 3008010751 ns, Reaching safepoint: 253417 ns, At safepoint: 3250 ns, Total: 256667 ns
[2022-09-21T08:28:02.551+0000][7][safepoint    ] Safepoint "Cleanup", Time since last: 5006599002 ns, Reaching safepoint: 1279167 ns, At safepoint: 10458 ns, Total: 1289625 ns
[2022-09-21T08:28:03.570+0000][7][safepoint    ] Safepoint "Cleanup", Time since last: 1018924251 ns, Reaching safepoint: 245583 ns, At safepoint: 5000 ns, Total: 250583 ns
[2022-09-21T08:28:05.576+0000][7][safepoint    ] Safepoint "Cleanup", Time since last: 2005844626 ns, Reaching safepoint: 354167 ns, At safepoint: 6208 ns, Total: 360375 ns
[2022-09-21T08:28:08.583+0000][7][safepoint    ] Safepoint "Cleanup", Time since last: 3006904210 ns, Reaching safepoint: 156791 ns, At safepoint: 2750 ns, Total: 159541 ns
[2022-09-21T08:28:13.589+0000][7][safepoint    ] Safepoint "Cleanup", Time since last: 5005317836 ns, Reaching safepoint: 172875 ns, At safepoint: 5250 ns, Total: 178125 ns
[2022-09-21T08:28:24.599+0000][7][safepoint    ] Safepoint "Cleanup", Time since last: 11010407004 ns, Reaching safepoint: 618667 ns, At safepoint: 7917 ns, Total: 626584 ns
[2022-09-21T08:28:29.611+0000][7][safepoint    ] Safepoint "Cleanup", Time since last: 5011524419 ns, Reaching safepoint: 123875 ns, At safepoint: 2041 ns, Total: 125916 ns
[2022-09-21T08:28:32.614+0000][7][safepoint    ] Safepoint "Cleanup", Time since last: 3002766835 ns, Reaching safepoint: 145167 ns, At safepoint: 2542 ns, Total: 147709 ns
[2022-09-21T08:28:40.619+0000][7][safepoint    ] Safepoint "Cleanup", Time since last: 8004753545 ns, Reaching safepoint: 449542 ns, At safepoint: 3583 ns, Total: 453125 ns
[2022-09-21T08:28:43.631+0000][7][safepoint    ] Safepoint "Cleanup", Time since last: 3012024043 ns, Reaching safepoint: 126333 ns, At safepoint: 2292 ns, Total: 128625 ns
[2022-09-21T08:28:53.642+0000][7][safepoint    ] Safepoint "Cleanup", Time since last: 10010499588 ns, Reaching safepoint: 277291 ns, At safepoint: 3042 ns, Total: 280333 ns
[2022-09-21T08:28:54.645+0000][7][safepoint    ] Safepoint "Cleanup", Time since last: 1003040834 ns, Reaching safepoint: 155875 ns, At safepoint: 2833 ns, Total: 158708 ns
[2022-09-21T08:29:01.654+0000][7][safepoint    ] Safepoint "Cleanup", Time since last: 7008841087 ns, Reaching safepoint: 516958 ns, At safepoint: 11167 ns, Total: 528125 ns
[2022-09-21T08:29:13.751+0000][7][safepoint    ] Safepoint "Cleanup", Time since last: 12096590172 ns, Reaching safepoint: 540292 ns, At safepoint: 7250 ns, Total: 547542 ns
[2022-09-21T08:29:18.754+0000][7][safepoint    ] Safepoint "Cleanup", Time since last: 5002747543 ns, Reaching safepoint: 165000 ns, At safepoint: 5584 ns, Total: 170584 ns
[2022-09-21T08:29:21.757+0000][7][safepoint    ] Safepoint "Cleanup", Time since last: 3002996584 ns, Reaching safepoint: 336000 ns, At safepoint: 3542 ns, Total: 339542 ns
[2022-09-21T08:29:28.767+0000][7][safepoint    ] Safepoint "Cleanup", Time since last: 7009036003 ns, Reaching safepoint: 246667 ns, At safepoint: 6083 ns, Total: 252750 ns
[2022-09-21T08:29:45.783+0000][7][safepoint    ] Safepoint "Cleanup", Time since last: 17015070883 ns, Reaching safepoint: 144541 ns, At safepoint: 3125 ns, Total: 147666 ns
[2022-09-21T08:29:48.791+0000][7][safepoint    ] Safepoint "Cleanup", Time since last: 3007310168 ns, Reaching safepoint: 145917 ns, At safepoint: 2583 ns, Total: 148500 ns
[2022-09-21T08:30:05.805+0000][7][safepoint    ] Safepoint "Cleanup", Time since last: 17013721675 ns, Reaching safepoint: 568583 ns, At safepoint: 7375 ns, Total: 575958 ns
[2022-09-21T08:30:22.812+0000][7][safepoint    ] Safepoint "Cleanup", Time since last: 17008305549 ns, Reaching safepoint: 681459 ns, At safepoint: 6458 ns, Total: 687917 ns
[2022-09-21T08:30:30.823+0000][7][safepoint    ] Safepoint "Cleanup", Time since last: 8010610587 ns, Reaching safepoint: 207583 ns, At safepoint: 2917 ns, Total: 210500 ns
[2022-09-21T08:30:35.430+0000][7][safepoint    ] Safepoint "Cleanup", Time since last: 4607166461 ns, Reaching safepoint: 425166 ns, At safepoint: 17875 ns, Total: 443041 ns
[2022-09-21T08:30:36.470+0000][7][safepoint    ] Safepoint "Cleanup", Time since last: 1038981626 ns, Reaching safepoint: 184166 ns, At safepoint: 3459 ns, Total: 187625 ns
[2022-09-21T08:30:36.899+0000][7][safepoint    ] Safepoint "BulkRevokeBias", Time since last: 429549000 ns, Reaching safepoint: 161125 ns, At safepoint: 77208 ns, Total: 238333 ns
[2022-09-21T08:30:36.903+0000][7][safepoint    ] Safepoint "BulkRevokeBias", Time since last: 3303250 ns, Reaching safepoint: 406125 ns, At safepoint: 67875 ns, Total: 474000 ns
[2022-09-21T08:30:36.982+0000][7][safepoint    ] Safepoint "BulkRevokeBias", Time since last: 78272834 ns, Reaching safepoint: 105041 ns, At safepoint: 172959 ns, Total: 278000 ns
[2022-09-21T08:30:37.131+0000][7][safepoint    ] Safepoint "ICBufferFull", Time since last: 149061791 ns, Reaching safepoint: 251250 ns, At safepoint: 5792 ns, Total: 257042 ns
[2022-09-21T08:30:37.792+0000][7][safepoint    ] Safepoint "ICBufferFull", Time since last: 660833042 ns, Reaching safepoint: 279000 ns, At safepoint: 31292 ns, Total: 310292 ns
[2022-09-21T08:30:37.916+0000][7][safepoint    ] Safepoint "BulkRevokeBias", Time since last: 123520375 ns, Reaching safepoint: 448208 ns, At safepoint: 235500 ns, Total: 683708 ns
[2022-09-21T08:30:38.429+0000][7][safepoint    ] Safepoint "ICBufferFull", Time since last: 512853500 ns, Reaching safepoint: 185584 ns, At safepoint: 15833 ns, Total: 201417 ns
[2022-09-21T08:30:38.750+0000][7][safepoint    ] Safepoint "ICBufferFull", Time since last: 319778000 ns, Reaching safepoint: 438667 ns, At safepoint: 57958 ns, Total: 496625 ns
[2022-09-21T08:30:39.276+0000][7][safepoint    ] Safepoint "BulkRevokeBias", Time since last: 526010792 ns, Reaching safepoint: 166625 ns, At safepoint: 264833 ns, Total: 431458 ns
[2022-09-21T08:30:39.311+0000][7][gc,start     ] GC(18) Pause Young (Normal) (G1 Evacuation Pause)
[2022-09-21T08:30:39.312+0000][7][gc,task      ] GC(18) Using 4 workers of 4 for evacuation
[2022-09-21T08:30:39.313+0000][7][gc,age       ] GC(18) Desired survivor size 19398656 bytes, new threshold 15 (max threshold 15)
[2022-09-21T08:30:39.327+0000][7][gc,age       ] GC(18) Age table with threshold 15 (max threshold 15)
[2022-09-21T08:30:39.328+0000][7][gc,age       ] GC(18) - age   1:    3396488 bytes,    3396488 total
[2022-09-21T08:30:39.328+0000][7][gc,age       ] GC(18) - age   2:     450832 bytes,    3847320 total
[2022-09-21T08:30:39.329+0000][7][gc,age       ] GC(18) - age   3:    4229240 bytes,    8076560 total
[2022-09-21T08:30:39.330+0000][7][gc,phases    ] GC(18)   Pre Evacuate Collection Set: 0.3ms
[2022-09-21T08:30:39.330+0000][7][gc,phases    ] GC(18)   Merge Heap Roots: 0.2ms
[2022-09-21T08:30:39.331+0000][7][gc,phases    ] GC(18)   Evacuate Collection Set: 12.0ms
[2022-09-21T08:30:39.331+0000][7][gc,phases    ] GC(18)   Post Evacuate Collection Set: 1.1ms
[2022-09-21T08:30:39.332+0000][7][gc,phases    ] GC(18)   Other: 5.0ms
[2022-09-21T08:30:39.333+0000][7][gc,heap      ] GC(18) Eden regions: 288->0(287)
[2022-09-21T08:30:39.334+0000][7][gc,heap      ] GC(18) Survivor regions: 6->9(37)
[2022-09-21T08:30:39.334+0000][7][gc,heap      ] GC(18) Old regions: 60->60
[2022-09-21T08:30:39.335+0000][7][gc,heap      ] GC(18) Archive regions: 0->0
[2022-09-21T08:30:39.336+0000][7][gc,heap      ] GC(18) Humongous regions: 7->7
[2022-09-21T08:30:39.336+0000][7][gc,metaspace ] GC(18) Metaspace: 99281K(106920K)->99281K(106920K) NonClass: 86228K(90844K)->86228K(90844K) Class: 13053K(16076K)->13053K(16076K)
[2022-09-21T08:30:39.338+0000][7][gc           ] GC(18) Pause Young (Normal) (G1 Evacuation Pause) 360M->75M(512M) 26.918ms
[2022-09-21T08:30:39.339+0000][7][gc,cpu       ] GC(18) User=0.04s Sys=0.00s Real=0.03s
[2022-09-21T08:30:39.341+0000][7][safepoint    ] Safepoint "G1CollectForAllocation", Time since last: 34869125 ns, Reaching safepoint: 129417 ns, At safepoint: 29479375 ns, Total: 29608792 ns
[2022-09-21T08:30:40.670+0000][7][safepoint    ] Safepoint "Cleanup", Time since last: 1329461542 ns, Reaching safepoint: 272084 ns, At safepoint: 8250 ns, Total: 280334 ns
[2022-09-21T08:30:41.672+0000][7][safepoint    ] Safepoint "Cleanup", Time since last: 1001358959 ns, Reaching safepoint: 111875 ns, At safepoint: 3208 ns, Total: 115083 ns
[2022-09-21T08:30:42.682+0000][7][safepoint    ] Safepoint "Cleanup", Time since last: 1009500167 ns, Reaching safepoint: 671167 ns, At safepoint: 26083 ns, Total: 697250 ns
[2022-09-21T08:30:43.634+0000][7][safepoint    ] Safepoint "ICBufferFull", Time since last: 951654000 ns, Reaching safepoint: 445292 ns, At safepoint: 7917 ns, Total: 453209 ns
[2022-09-21T08:30:44.819+0000][7][safepoint    ] Safepoint "Cleanup", Time since last: 1184614708 ns, Reaching safepoint: 239667 ns, At safepoint: 3333 ns, Total: 243000 ns
[2022-09-21T08:30:45.868+0000][7][safepoint    ] Safepoint "Cleanup", Time since last: 1049330834 ns, Reaching safepoint: 145500 ns, At safepoint: 2208 ns, Total: 147708 ns
[2022-09-21T08:30:47.463+0000][7][safepoint    ] Safepoint "Cleanup", Time since last: 1594556043 ns, Reaching safepoint: 199666 ns, At safepoint: 6209 ns, Total: 205875 ns
[2022-09-21T08:30:48.827+0000][7][safepoint    ] Safepoint "Cleanup", Time since last: 1363833250 ns, Reaching safepoint: 223334 ns, At safepoint: 6083 ns, Total: 229417 ns
[2022-09-21T08:30:50.065+0000][7][safepoint    ] Safepoint "Cleanup", Time since last: 1235752167 ns, Reaching safepoint: 2550042 ns, At safepoint: 10000 ns, Total: 2560042 ns
[2022-09-21T08:30:51.067+0000][7][safepoint    ] Safepoint "Cleanup", Time since last: 1001887292 ns, Reaching safepoint: 150333 ns, At safepoint: 2459 ns, Total: 152792 ns
[2022-09-21T08:30:52.069+0000][7][safepoint    ] Safepoint "Cleanup", Time since last: 1001095750 ns, Reaching safepoint: 141083 ns, At safepoint: 2500 ns, Total: 143583 ns
[2022-09-21T08:30:52.458+0000][7][safepoint    ] Safepoint "BulkRevokeBias", Time since last: 389504626 ns, Reaching safepoint: 234833 ns, At safepoint: 105667 ns, Total: 340500 ns
[2022-09-21T08:30:52.966+0000][7][safepoint    ] Safepoint "BulkRevokeBias", Time since last: 507066542 ns, Reaching safepoint: 141791 ns, At safepoint: 135209 ns, Total: 277000 ns
[2022-09-21T08:30:53.225+0000][7][safepoint    ] Safepoint "BulkRevokeBias", Time since last: 258597875 ns, Reaching safepoint: 450875 ns, At safepoint: 123791 ns, Total: 574666 ns
[2022-09-21T08:30:54.281+0000][7][safepoint    ] Safepoint "Cleanup", Time since last: 1056061501 ns, Reaching safepoint: 355417 ns, At safepoint: 13916 ns, Total: 369333 ns
[2022-09-21T08:30:54.618+0000][7][safepoint    ] Safepoint "ICBufferFull", Time since last: 336459917 ns, Reaching safepoint: 535542 ns, At safepoint: 22375 ns, Total: 557917 ns
[2022-09-21T08:30:54.752+0000][7][safepoint    ] Safepoint "BulkRevokeBias", Time since last: 133766625 ns, Reaching safepoint: 216250 ns, At safepoint: 124458 ns, Total: 340708 ns
[2022-09-21T08:30:55.216+0000][7][safepoint    ] Safepoint "BulkRevokeBias", Time since last: 463539042 ns, Reaching safepoint: 143083 ns, At safepoint: 150459 ns, Total: 293542 ns
[2022-09-21T08:30:55.348+0000][7][safepoint    ] Safepoint "BulkRevokeBias", Time since last: 131289958 ns, Reaching safepoint: 184500 ns, At safepoint: 153500 ns, Total: 338000 ns
[2022-09-21T08:30:55.524+0000][7][gc,start     ] GC(19) Pause Young (Normal) (G1 Evacuation Pause)
[2022-09-21T08:30:55.524+0000][7][gc,task      ] GC(19) Using 4 workers of 4 for evacuation
[2022-09-21T08:30:55.525+0000][7][gc,age       ] GC(19) Desired survivor size 19398656 bytes, new threshold 15 (max threshold 15)
[2022-09-21T08:30:55.551+0000][7][gc,age       ] GC(19) Age table with threshold 15 (max threshold 15)
[2022-09-21T08:30:55.552+0000][7][gc,age       ] GC(19) - age   1:    3705256 bytes,    3705256 total
[2022-09-21T08:30:55.552+0000][7][gc,age       ] GC(19) - age   2:    2289368 bytes,    5994624 total
[2022-09-21T08:30:55.553+0000][7][gc,age       ] GC(19) - age   3:     450288 bytes,    6444912 total
[2022-09-21T08:30:55.553+0000][7][gc,age       ] GC(19) - age   4:    4223384 bytes,   10668296 total
[2022-09-21T08:30:55.554+0000][7][gc,phases    ] GC(19)   Pre Evacuate Collection Set: 0.3ms
[2022-09-21T08:30:55.555+0000][7][gc,phases    ] GC(19)   Merge Heap Roots: 0.1ms
[2022-09-21T08:30:55.555+0000][7][gc,phases    ] GC(19)   Evacuate Collection Set: 17.6ms
[2022-09-21T08:30:55.556+0000][7][gc,phases    ] GC(19)   Post Evacuate Collection Set: 7.1ms
[2022-09-21T08:30:55.557+0000][7][gc,phases    ] GC(19)   Other: 5.6ms
[2022-09-21T08:30:55.557+0000][7][gc,heap      ] GC(19) Eden regions: 287->0(287)
[2022-09-21T08:30:55.558+0000][7][gc,heap      ] GC(19) Survivor regions: 9->11(37)
[2022-09-21T08:30:55.558+0000][7][gc,heap      ] GC(19) Old regions: 60->60
[2022-09-21T08:30:55.559+0000][7][gc,heap      ] GC(19) Archive regions: 0->0
[2022-09-21T08:30:55.560+0000][7][gc,heap      ] GC(19) Humongous regions: 7->7
[2022-09-21T08:30:55.560+0000][7][gc,metaspace ] GC(19) Metaspace: 101826K(109736K)->101826K(109736K) NonClass: 88441K(93148K)->88441K(93148K) Class: 13384K(16588K)->13384K(16588K)
[2022-09-21T08:30:55.561+0000][7][gc           ] GC(19) Pause Young (Normal) (G1 Evacuation Pause) 362M->77M(512M) 37.553ms
[2022-09-21T08:30:55.562+0000][7][gc,cpu       ] GC(19) User=0.07s Sys=0.00s Real=0.04s
[2022-09-21T08:30:55.562+0000][7][safepoint    ] Safepoint "G1CollectForAllocation", Time since last: 174881583 ns, Reaching safepoint: 216375 ns, At safepoint: 39444375 ns, Total: 39660750 ns
[2022-09-21T08:30:55.690+0000][7][safepoint    ] Safepoint "BulkRevokeBias", Time since last: 127429792 ns, Reaching safepoint: 113084 ns, At safepoint: 119666 ns, Total: 232750 ns
[2022-09-21T08:30:55.969+0000][7][safepoint    ] Safepoint "BulkRevokeBias", Time since last: 278599042 ns, Reaching safepoint: 229458 ns, At safepoint: 149625 ns, Total: 379083 ns
[2022-09-21T08:30:56.472+0000][7][safepoint    ] Safepoint "BulkRevokeBias", Time since last: 502619709 ns, Reaching safepoint: 164917 ns, At safepoint: 133083 ns, Total: 298000 ns
[2022-09-21T08:30:56.578+0000][7][safepoint    ] Safepoint "BulkRevokeBias", Time since last: 105998875 ns, Reaching safepoint: 275875 ns, At safepoint: 109458 ns, Total: 385333 ns
[2022-09-21T08:30:56.613+0000][7][safepoint    ] Safepoint "BulkRevokeBias", Time since last: 33750625 ns, Reaching safepoint: 250375 ns, At safepoint: 104584 ns, Total: 354959 ns
[2022-09-21T08:30:56.616+0000][7][safepoint    ] Safepoint "BulkRevokeBias", Time since last: 3261500 ns, Reaching safepoint: 200166 ns, At safepoint: 113375 ns, Total: 313541 ns
[2022-09-21T08:30:57.068+0000][7][safepoint    ] Safepoint "BulkRevokeBias", Time since last: 451925084 ns, Reaching safepoint: 125500 ns, At safepoint: 219958 ns, Total: 345458 ns
[2022-09-21T08:30:58.079+0000][7][safepoint    ] Safepoint "Cleanup", Time since last: 1009995917 ns, Reaching safepoint: 617334 ns, At safepoint: 11208 ns, Total: 628542 ns
[2022-09-21T08:30:58.556+0000][7][safepoint    ] Safepoint "ICBufferFull", Time since last: 476487125 ns, Reaching safepoint: 238250 ns, At safepoint: 20042 ns, Total: 258292 ns
[2022-09-21T08:30:59.827+0000][7][safepoint    ] Safepoint "Cleanup", Time since last: 1269939917 ns, Reaching safepoint: 851584 ns, At safepoint: 36791 ns, Total: 888375 ns
[2022-09-21T08:31:00.831+0000][7][safepoint    ] Safepoint "Cleanup", Time since last: 1003460667 ns, Reaching safepoint: 557542 ns, At safepoint: 23042 ns, Total: 580584 ns
[2022-09-21T08:31:01.143+0000][7][safepoint    ] Safepoint "BulkRevokeBias", Time since last: 311474208 ns, Reaching safepoint: 444333 ns, At safepoint: 118667 ns, Total: 563000 ns
[2022-09-21T08:31:02.148+0000][7][safepoint    ] Safepoint "Cleanup", Time since last: 1004711084 ns, Reaching safepoint: 475750 ns, At safepoint: 9500 ns, Total: 485250 ns
[2022-09-21T08:31:03.158+0000][7][safepoint    ] Safepoint "Cleanup", Time since last: 1008873875 ns, Reaching safepoint: 815250 ns, At safepoint: 15500 ns, Total: 830750 ns
[2022-09-21T08:31:04.166+0000][7][safepoint    ] Safepoint "Cleanup", Time since last: 1008382251 ns, Reaching safepoint: 320458 ns, At safepoint: 4875 ns, Total: 325333 ns
[2022-09-21T08:31:05.169+0000][7][safepoint    ] Safepoint "Cleanup", Time since last: 1001888084 ns, Reaching safepoint: 484833 ns, At safepoint: 8709 ns, Total: 493542 ns
[2022-09-21T08:31:06.180+0000][7][safepoint    ] Safepoint "Cleanup", Time since last: 1010461459 ns, Reaching safepoint: 727250 ns, At safepoint: 13000 ns, Total: 740250 ns
[2022-09-21T08:31:07.205+0000][7][safepoint    ] Safepoint "Cleanup", Time since last: 1024670042 ns, Reaching safepoint: 966833 ns, At safepoint: 10542 ns, Total: 977375 ns
[2022-09-21T08:31:08.210+0000][7][safepoint    ] Safepoint "Cleanup", Time since last: 1004105292 ns, Reaching safepoint: 356292 ns, At safepoint: 7250 ns, Total: 363542 ns
[2022-09-21T08:31:09.541+0000][7][safepoint    ] Safepoint "Cleanup", Time since last: 1330326333 ns, Reaching safepoint: 841459 ns, At safepoint: 37708 ns, Total: 879167 ns
[2022-09-21T08:31:10.548+0000][7][safepoint    ] Safepoint "Cleanup", Time since last: 1005938667 ns, Reaching safepoint: 560667 ns, At safepoint: 10083 ns, Total: 570750 ns
[2022-09-21T08:31:11.554+0000][7][safepoint    ] Safepoint "Cleanup", Time since last: 1005491376 ns, Reaching safepoint: 483958 ns, At safepoint: 9750 ns, Total: 493708 ns
[2022-09-21T08:31:12.890+0000][7][safepoint    ] Safepoint "Cleanup", Time since last: 1335609834 ns, Reaching safepoint: 491792 ns, At safepoint: 20541 ns, Total: 512333 ns
[2022-09-21T08:31:14.871+0000][7][safepoint    ] Safepoint "Cleanup", Time since last: 1980542876 ns, Reaching safepoint: 458333 ns, At safepoint: 13292 ns, Total: 471625 ns
[2022-09-21T08:31:15.883+0000][7][safepoint    ] Safepoint "Cleanup", Time since last: 1010943042 ns, Reaching safepoint: 466125 ns, At safepoint: 48459 ns, Total: 514584 ns
[2022-09-21T08:31:16.890+0000][7][safepoint    ] Safepoint "Cleanup", Time since last: 1006778292 ns, Reaching safepoint: 625916 ns, At safepoint: 10209 ns, Total: 636125 ns
[2022-09-21T08:31:17.897+0000][7][safepoint    ] Safepoint "Cleanup", Time since last: 1006658417 ns, Reaching safepoint: 533125 ns, At safepoint: 6458 ns, Total: 539583 ns
[2022-09-21T08:31:18.907+0000][7][safepoint    ] Safepoint "Cleanup", Time since last: 1009890501 ns, Reaching safepoint: 141500 ns, At safepoint: 2916 ns, Total: 144416 ns
[2022-09-21T08:31:19.910+0000][7][safepoint    ] Safepoint "Cleanup", Time since last: 1001226292 ns, Reaching safepoint: 1058834 ns, At safepoint: 15500 ns, Total: 1074334 ns
[2022-09-21T08:31:20.915+0000][7][safepoint    ] Safepoint "Cleanup", Time since last: 1005075917 ns, Reaching safepoint: 392667 ns, At safepoint: 7625 ns, Total: 400292 ns
[2022-09-21T08:31:21.920+0000][7][safepoint    ] Safepoint "Cleanup", Time since last: 1004055625 ns, Reaching safepoint: 798542 ns, At safepoint: 12125 ns, Total: 810667 ns
[2022-09-21T08:31:22.929+0000][7][safepoint    ] Safepoint "Cleanup", Time since last: 1008133834 ns, Reaching safepoint: 790041 ns, At safepoint: 25917 ns, Total: 815958 ns
[2022-09-21T08:31:23.934+0000][7][safepoint    ] Safepoint "Cleanup", Time since last: 1004543417 ns, Reaching safepoint: 344583 ns, At safepoint: 21292 ns, Total: 365875 ns
[2022-09-21T08:31:24.938+0000][7][safepoint    ] Safepoint "Cleanup", Time since last: 1003490042 ns, Reaching safepoint: 634917 ns, At safepoint: 31333 ns, Total: 666250 ns
[2022-09-21T08:31:25.944+0000][7][safepoint    ] Safepoint "Cleanup", Time since last: 1005504084 ns, Reaching safepoint: 561375 ns, At safepoint: 9958 ns, Total: 571333 ns
[2022-09-21T08:31:26.950+0000][7][safepoint    ] Safepoint "Cleanup", Time since last: 1005889084 ns, Reaching safepoint: 438250 ns, At safepoint: 5833 ns, Total: 444083 ns
[2022-09-21T08:31:27.956+0000][7][safepoint    ] Safepoint "Cleanup", Time since last: 1004801543 ns, Reaching safepoint: 403958 ns, At safepoint: 9000 ns, Total: 412958 ns
[2022-09-21T08:31:28.962+0000][7][safepoint    ] Safepoint "Cleanup", Time since last: 1006313250 ns, Reaching safepoint: 450459 ns, At safepoint: 6833 ns, Total: 457292 ns
[2022-09-21T08:31:29.970+0000][7][safepoint    ] Safepoint "Cleanup", Time since last: 1007038417 ns, Reaching safepoint: 520542 ns, At safepoint: 34500 ns, Total: 555042 ns
[2022-09-21T08:31:30.976+0000][7][safepoint    ] Safepoint "Cleanup", Time since last: 1005453375 ns, Reaching safepoint: 618625 ns, At safepoint: 11917 ns, Total: 630542 ns
[2022-09-21T08:31:31.980+0000][7][safepoint    ] Safepoint "Cleanup", Time since last: 1003529501 ns, Reaching safepoint: 568750 ns, At safepoint: 12333 ns, Total: 581083 ns
[2022-09-21T08:31:32.985+0000][7][safepoint    ] Safepoint "Cleanup", Time since last: 1004320875 ns, Reaching safepoint: 389917 ns, At safepoint: 8625 ns, Total: 398542 ns
[2022-09-21T08:31:33.994+0000][7][safepoint    ] Safepoint "Cleanup", Time since last: 1007628501 ns, Reaching safepoint: 1513833 ns, At safepoint: 13208 ns, Total: 1527041 ns
[2022-09-21T08:31:35.003+0000][7][safepoint    ] Safepoint "Cleanup", Time since last: 1007677792 ns, Reaching safepoint: 809000 ns, At safepoint: 17250 ns, Total: 826250 ns
[2022-09-21T08:31:35.433+0000][7][gc,start     ] GC(20) Pause Young (Normal) (G1 Evacuation Pause)
[2022-09-21T08:31:35.439+0000][7][gc,task      ] GC(20) Using 4 workers of 4 for evacuation
[2022-09-21T08:31:35.442+0000][7][gc,age       ] GC(20) Desired survivor size 19922944 bytes, new threshold 15 (max threshold 15)
[2022-09-21T08:31:35.492+0000][7][gc,age       ] GC(20) Age table with threshold 15 (max threshold 15)
[2022-09-21T08:31:35.493+0000][7][gc,age       ] GC(20) - age   1:    3149408 bytes,    3149408 total
[2022-09-21T08:31:35.493+0000][7][gc,age       ] GC(20) - age   2:    2377016 bytes,    5526424 total
[2022-09-21T08:31:35.494+0000][7][gc,age       ] GC(20) - age   3:    2257192 bytes,    7783616 total
[2022-09-21T08:31:35.495+0000][7][gc,age       ] GC(20) - age   4:     448560 bytes,    8232176 total
[2022-09-21T08:31:35.496+0000][7][gc,age       ] GC(20) - age   5:    4199368 bytes,   12431544 total
[2022-09-21T08:31:35.497+0000][7][gc,phases    ] GC(20)   Pre Evacuate Collection Set: 0.6ms
[2022-09-21T08:31:35.498+0000][7][gc,phases    ] GC(20)   Merge Heap Roots: 0.2ms
[2022-09-21T08:31:35.499+0000][7][gc,phases    ] GC(20)   Evacuate Collection Set: 45.9ms
[2022-09-21T08:31:35.499+0000][7][gc,phases    ] GC(20)   Post Evacuate Collection Set: 1.4ms
[2022-09-21T08:31:35.500+0000][7][gc,phases    ] GC(20)   Other: 16.0ms
[2022-09-21T08:31:35.500+0000][7][gc,heap      ] GC(20) Eden regions: 287->0(286)
[2022-09-21T08:31:35.501+0000][7][gc,heap      ] GC(20) Survivor regions: 11->13(38)
[2022-09-21T08:31:35.501+0000][7][gc,heap      ] GC(20) Old regions: 60->60
[2022-09-21T08:31:35.502+0000][7][gc,heap      ] GC(20) Archive regions: 0->0
[2022-09-21T08:31:35.503+0000][7][gc,heap      ] GC(20) Humongous regions: 7->7
[2022-09-21T08:31:35.503+0000][7][gc,metaspace ] GC(20) Metaspace: 105425K(113448K)->105425K(113448K) NonClass: 91656K(96476K)->91656K(96476K) Class: 13769K(16972K)->13769K(16972K)
[2022-09-21T08:31:35.504+0000][7][gc           ] GC(20) Pause Young (Normal) (G1 Evacuation Pause) 364M->79M(512M) 71.104ms
[2022-09-21T08:31:35.505+0000][7][gc,cpu       ] GC(20) User=0.18s Sys=0.00s Real=0.07s
[2022-09-21T08:31:35.505+0000][7][safepoint    ] Safepoint "G1CollectForAllocation", Time since last: 429618709 ns, Reaching safepoint: 262667 ns, At safepoint: 72595166 ns, Total: 72857833 ns
[2022-09-21T08:31:36.507+0000][7][safepoint    ] Safepoint "Cleanup", Time since last: 1001783751 ns, Reaching safepoint: 233833 ns, At safepoint: 9833 ns, Total: 243666 ns
[2022-09-21T08:31:37.514+0000][7][safepoint    ] Safepoint "Cleanup", Time since last: 1005932751 ns, Reaching safepoint: 484625 ns, At safepoint: 16333 ns, Total: 500958 ns
[2022-09-21T08:31:38.518+0000][7][safepoint    ] Safepoint "Cleanup", Time since last: 1003935084 ns, Reaching safepoint: 634958 ns, At safepoint: 16209 ns, Total: 651167 ns
[2022-09-21T08:31:39.526+0000][7][safepoint    ] Safepoint "Cleanup", Time since last: 1006349500 ns, Reaching safepoint: 1010458 ns, At safepoint: 12834 ns, Total: 1023292 ns
[2022-09-21T08:31:40.531+0000][7][safepoint    ] Safepoint "Cleanup", Time since last: 1004713417 ns, Reaching safepoint: 512333 ns, At safepoint: 12125 ns, Total: 524458 ns
[2022-09-21T08:31:41.536+0000][7][safepoint    ] Safepoint "Cleanup", Time since last: 1004609334 ns, Reaching safepoint: 948875 ns, At safepoint: 13125 ns, Total: 962000 ns
[2022-09-21T08:31:42.542+0000][7][safepoint    ] Safepoint "Cleanup", Time since last: 1005521042 ns, Reaching safepoint: 414125 ns, At safepoint: 8750 ns, Total: 422875 ns
[2022-09-21T08:31:43.552+0000][7][safepoint    ] Safepoint "Cleanup", Time since last: 1007230251 ns, Reaching safepoint: 2958833 ns, At safepoint: 22000 ns, Total: 2980833 ns
[2022-09-21T08:31:44.557+0000][7][safepoint    ] Safepoint "Cleanup", Time since last: 1004851375 ns, Reaching safepoint: 477959 ns, At safepoint: 8958 ns, Total: 486917 ns
[2022-09-21T08:31:45.563+0000][7][safepoint    ] Safepoint "Cleanup", Time since last: 1005611000 ns, Reaching safepoint: 482959 ns, At safepoint: 6416 ns, Total: 489375 ns
[2022-09-21T08:31:46.568+0000][7][safepoint    ] Safepoint "Cleanup", Time since last: 1004054418 ns, Reaching safepoint: 727166 ns, At safepoint: 76750 ns, Total: 803916 ns
[2022-09-21T08:31:47.573+0000][7][safepoint    ] Safepoint "Cleanup", Time since last: 1004640376 ns, Reaching safepoint: 470416 ns, At safepoint: 10334 ns, Total: 480750 ns
[2022-09-21T08:31:48.578+0000][7][safepoint    ] Safepoint "Cleanup", Time since last: 1004759125 ns, Reaching safepoint: 328875 ns, At safepoint: 5500 ns, Total: 334375 ns
[2022-09-21T08:31:50.322+0000][7][safepoint    ] Safepoint "Cleanup", Time since last: 1743339418 ns, Reaching safepoint: 689458 ns, At safepoint: 9833 ns, Total: 699291 ns
[2022-09-21T08:31:51.328+0000][7][safepoint    ] Safepoint "Cleanup", Time since last: 1005173334 ns, Reaching safepoint: 435958 ns, At safepoint: 33084 ns, Total: 469042 ns
[2022-09-21T08:31:53.189+0000][7][safepoint    ] Safepoint "Cleanup", Time since last: 1860078292 ns, Reaching safepoint: 674125 ns, At safepoint: 8834 ns, Total: 682959 ns
[2022-09-21T08:31:55.162+0000][7][safepoint    ] Safepoint "Cleanup", Time since last: 1967514126 ns, Reaching safepoint: 5461875 ns, At safepoint: 31041 ns, Total: 5492916 ns
[2022-09-21T08:31:56.185+0000][7][safepoint    ] Safepoint "Cleanup", Time since last: 1021020376 ns, Reaching safepoint: 2229500 ns, At safepoint: 76958 ns, Total: 2306458 ns
[2022-09-21T08:31:57.199+0000][7][safepoint    ] Safepoint "Cleanup", Time since last: 1006014209 ns, Reaching safepoint: 7298250 ns, At safepoint: 323917 ns, Total: 7622167 ns
[2022-09-21T08:31:58.210+0000][7][safepoint    ] Safepoint "Cleanup", Time since last: 1011386917 ns, Reaching safepoint: 151916 ns, At safepoint: 3125 ns, Total: 155041 ns
[2022-09-21T08:31:59.213+0000][7][safepoint    ] Safepoint "Cleanup", Time since last: 1001967959 ns, Reaching safepoint: 1196209 ns, At safepoint: 14625 ns, Total: 1210834 ns
[2022-09-21T08:32:00.220+0000][7][safepoint    ] Safepoint "Cleanup", Time since last: 1005359417 ns, Reaching safepoint: 1257625 ns, At safepoint: 29333 ns, Total: 1286958 ns
[2022-09-21T08:32:01.239+0000][7][safepoint    ] Safepoint "Cleanup", Time since last: 1016428501 ns, Reaching safepoint: 2252916 ns, At safepoint: 40000 ns, Total: 2292916 ns
[2022-09-21T08:32:02.251+0000][7][safepoint    ] Safepoint "Cleanup", Time since last: 1006377917 ns, Reaching safepoint: 5551792 ns, At safepoint: 61083 ns, Total: 5612875 ns
[2022-09-21T08:32:03.270+0000][7][safepoint    ] Safepoint "Cleanup", Time since last: 1018740626 ns, Reaching safepoint: 294000 ns, At safepoint: 20417 ns, Total: 314417 ns
[2022-09-21T08:32:04.273+0000][7][safepoint    ] Safepoint "Cleanup", Time since last: 1002946625 ns, Reaching safepoint: 251458 ns, At safepoint: 5584 ns, Total: 257042 ns
[2022-09-21T08:32:05.285+0000][7][safepoint    ] Safepoint "Cleanup", Time since last: 1004800333 ns, Reaching safepoint: 6785667 ns, At safepoint: 18000 ns, Total: 6803667 ns
[2022-09-21T08:32:06.302+0000][7][safepoint    ] Safepoint "Cleanup", Time since last: 1016455209 ns, Reaching safepoint: 524292 ns, At safepoint: 15083 ns, Total: 539375 ns
[2022-09-21T08:32:07.311+0000][7][safepoint    ] Safepoint "Cleanup", Time since last: 1008560709 ns, Reaching safepoint: 427666 ns, At safepoint: 7709 ns, Total: 435375 ns
[2022-09-21T08:32:08.313+0000][7][safepoint    ] Safepoint "Cleanup", Time since last: 1001893500 ns, Reaching safepoint: 445500 ns, At safepoint: 7667 ns, Total: 453167 ns
[2022-09-21T08:32:09.317+0000][7][safepoint    ] Safepoint "Cleanup", Time since last: 1004088459 ns, Reaching safepoint: 267250 ns, At safepoint: 4041 ns, Total: 271291 ns
[2022-09-21T08:32:10.321+0000][7][safepoint    ] Safepoint "Cleanup", Time since last: 1002726293 ns, Reaching safepoint: 1350750 ns, At safepoint: 14041 ns, Total: 1364791 ns
[2022-09-21T08:32:11.330+0000][7][safepoint    ] Safepoint "Cleanup", Time since last: 1008213501 ns, Reaching safepoint: 448708 ns, At safepoint: 8958 ns, Total: 457666 ns
[2022-09-21T08:32:12.335+0000][7][safepoint    ] Safepoint "Cleanup", Time since last: 1004754042 ns, Reaching safepoint: 705625 ns, At safepoint: 8792 ns, Total: 714417 ns
[2022-09-21T08:32:12.736+0000][7][safepoint    ] Safepoint "BulkRevokeBias", Time since last: 399508834 ns, Reaching safepoint: 352208 ns, At safepoint: 692250 ns, Total: 1044458 ns
[2022-09-21T08:32:13.748+0000][7][safepoint    ] Safepoint "Cleanup", Time since last: 1010990625 ns, Reaching safepoint: 550500 ns, At safepoint: 11167 ns, Total: 561667 ns
[2022-09-21T08:32:14.763+0000][7][safepoint    ] Safepoint "Cleanup", Time since last: 1015768042 ns, Reaching safepoint: 459667 ns, At safepoint: 7666 ns, Total: 467333 ns
[2022-09-21T08:32:15.770+0000][7][safepoint    ] Safepoint "Cleanup", Time since last: 1005487501 ns, Reaching safepoint: 1000458 ns, At safepoint: 23792 ns, Total: 1024250 ns
[2022-09-21T08:32:16.780+0000][7][safepoint    ] Safepoint "Cleanup", Time since last: 1009961875 ns, Reaching safepoint: 394792 ns, At safepoint: 9542 ns, Total: 404334 ns
[2022-09-21T08:32:17.785+0000][7][safepoint    ] Safepoint "Cleanup", Time since last: 1004536292 ns, Reaching safepoint: 429625 ns, At safepoint: 7000 ns, Total: 436625 ns
[2022-09-21T08:32:18.797+0000][7][safepoint    ] Safepoint "Cleanup", Time since last: 1011034834 ns, Reaching safepoint: 516500 ns, At safepoint: 9250 ns, Total: 525750 ns
[2022-09-21T08:32:19.803+0000][7][safepoint    ] Safepoint "Cleanup", Time since last: 1005675625 ns, Reaching safepoint: 585292 ns, At safepoint: 11541 ns, Total: 596833 ns
[2022-09-21T08:32:20.809+0000][7][safepoint    ] Safepoint "Cleanup", Time since last: 1005519668 ns, Reaching safepoint: 283625 ns, At safepoint: 5333 ns, Total: 288958 ns
[2022-09-21T08:32:21.815+0000][7][safepoint    ] Safepoint "Cleanup", Time since last: 1005417417 ns, Reaching safepoint: 324625 ns, At safepoint: 18875 ns, Total: 343500 ns
[2022-09-21T08:32:22.819+0000][7][safepoint    ] Safepoint "Cleanup", Time since last: 1003325667 ns, Reaching safepoint: 508209 ns, At safepoint: 73125 ns, Total: 581334 ns
[2022-09-21T08:32:23.825+0000][7][safepoint    ] Safepoint "Cleanup", Time since last: 1004989917 ns, Reaching safepoint: 1718666 ns, At safepoint: 35375 ns, Total: 1754041 ns
[2022-09-21T08:32:24.834+0000][7][safepoint    ] Safepoint "Cleanup", Time since last: 1008519126 ns, Reaching safepoint: 545125 ns, At safepoint: 12791 ns, Total: 557916 ns
[2022-09-21T08:32:25.840+0000][7][safepoint    ] Safepoint "Cleanup", Time since last: 1005077501 ns, Reaching safepoint: 567917 ns, At safepoint: 8000 ns, Total: 575917 ns
[2022-09-21T08:32:26.843+0000][7][safepoint    ] Safepoint "Cleanup", Time since last: 1002666417 ns, Reaching safepoint: 332791 ns, At safepoint: 7250 ns, Total: 340041 ns
[2022-09-21T08:32:27.849+0000][7][safepoint    ] Safepoint "Cleanup", Time since last: 1005001418 ns, Reaching safepoint: 753083 ns, At safepoint: 8458 ns, Total: 761541 ns
[2022-09-21T08:32:28.854+0000][7][safepoint    ] Safepoint "Cleanup", Time since last: 1005512126 ns, Reaching safepoint: 181458 ns, At safepoint: 3417 ns, Total: 184875 ns
[2022-09-21T08:32:29.857+0000][7][safepoint    ] Safepoint "Cleanup", Time since last: 1002500834 ns, Reaching safepoint: 428791 ns, At safepoint: 10042 ns, Total: 438833 ns
[2022-09-21T08:32:30.863+0000][7][safepoint    ] Safepoint "Cleanup", Time since last: 1004755834 ns, Reaching safepoint: 355666 ns, At safepoint: 6792 ns, Total: 362458 ns
[2022-09-21T08:32:31.867+0000][7][safepoint    ] Safepoint "Cleanup", Time since last: 1003731084 ns, Reaching safepoint: 815750 ns, At safepoint: 24666 ns, Total: 840416 ns
[2022-09-21T08:32:32.872+0000][7][safepoint    ] Safepoint "Cleanup", Time since last: 1004260501 ns, Reaching safepoint: 410667 ns, At safepoint: 6916 ns, Total: 417583 ns
[2022-09-21T08:32:33.879+0000][7][safepoint    ] Safepoint "Cleanup", Time since last: 1006623042 ns, Reaching safepoint: 148292 ns, At safepoint: 2958 ns, Total: 151250 ns
[2022-09-21T08:32:35.045+0000][7][safepoint    ] Safepoint "Cleanup", Time since last: 1166124751 ns, Reaching safepoint: 568583 ns, At safepoint: 20709 ns, Total: 589292 ns
[2022-09-21T08:32:36.051+0000][7][safepoint    ] Safepoint "Cleanup", Time since last: 1005068792 ns, Reaching safepoint: 548375 ns, At safepoint: 10666 ns, Total: 559041 ns
[2022-09-21T08:32:37.058+0000][7][safepoint    ] Safepoint "Cleanup", Time since last: 1007220834 ns, Reaching safepoint: 375500 ns, At safepoint: 6834 ns, Total: 382334 ns
[2022-09-21T08:32:38.064+0000][7][safepoint    ] Safepoint "Cleanup", Time since last: 1005111417 ns, Reaching safepoint: 556250 ns, At safepoint: 8000 ns, Total: 564250 ns
[2022-09-21T08:32:39.069+0000][7][safepoint    ] Safepoint "Cleanup", Time since last: 1004952667 ns, Reaching safepoint: 355333 ns, At safepoint: 7959 ns, Total: 363292 ns
[2022-09-21T08:32:40.071+0000][7][safepoint    ] Safepoint "Cleanup", Time since last: 1001565042 ns, Reaching safepoint: 103708 ns, At safepoint: 2250 ns, Total: 105958 ns
[2022-09-21T08:32:41.075+0000][7][safepoint    ] Safepoint "Cleanup", Time since last: 1003833084 ns, Reaching safepoint: 435333 ns, At safepoint: 12167 ns, Total: 447500 ns
[2022-09-21T08:32:42.086+0000][7][safepoint    ] Safepoint "Cleanup", Time since last: 1010572459 ns, Reaching safepoint: 154416 ns, At safepoint: 3709 ns, Total: 158125 ns
[2022-09-21T08:32:43.088+0000][7][safepoint    ] Safepoint "Cleanup", Time since last: 1001652750 ns, Reaching safepoint: 445209 ns, At safepoint: 5708 ns, Total: 450917 ns
[2022-09-21T08:32:44.101+0000][7][safepoint    ] Safepoint "Cleanup", Time since last: 1012296917 ns, Reaching safepoint: 386042 ns, At safepoint: 7291 ns, Total: 393333 ns
[2022-09-21T08:32:45.106+0000][7][safepoint    ] Safepoint "Cleanup", Time since last: 1007239625 ns, Reaching safepoint: 541834 ns, At safepoint: 9791 ns, Total: 551625 ns
[2022-09-21T08:32:46.111+0000][7][safepoint    ] Safepoint "Cleanup", Time since last: 1004549876 ns, Reaching safepoint: 563750 ns, At safepoint: 7292 ns, Total: 571042 ns
[2022-09-21T08:32:47.115+0000][7][safepoint    ] Safepoint "Cleanup", Time since last: 1003273750 ns, Reaching safepoint: 133292 ns, At safepoint: 3250 ns, Total: 136542 ns
[2022-09-21T08:32:48.118+0000][7][safepoint    ] Safepoint "Cleanup", Time since last: 1002769584 ns, Reaching safepoint: 316000 ns, At safepoint: 5666 ns, Total: 321666 ns
[2022-09-21T08:32:49.132+0000][7][safepoint    ] Safepoint "Cleanup", Time since last: 1013638001 ns, Reaching safepoint: 360916 ns, At safepoint: 5375 ns, Total: 366291 ns
[2022-09-21T08:32:50.138+0000][7][safepoint    ] Safepoint "Cleanup", Time since last: 1006254834 ns, Reaching safepoint: 345875 ns, At safepoint: 7000 ns, Total: 352875 ns
[2022-09-21T08:32:51.148+0000][7][safepoint    ] Safepoint "Cleanup", Time since last: 1008128917 ns, Reaching safepoint: 904459 ns, At safepoint: 18750 ns, Total: 923209 ns
[2022-09-21T08:32:52.153+0000][7][safepoint    ] Safepoint "Cleanup", Time since last: 1005111875 ns, Reaching safepoint: 660625 ns, At safepoint: 15750 ns, Total: 676375 ns
[2022-09-21T08:32:53.157+0000][7][safepoint    ] Safepoint "Cleanup", Time since last: 1003796084 ns, Reaching safepoint: 386125 ns, At safepoint: 6250 ns, Total: 392375 ns
[2022-09-21T08:32:54.161+0000][7][safepoint    ] Safepoint "Cleanup", Time since last: 1003438959 ns, Reaching safepoint: 410625 ns, At safepoint: 8208 ns, Total: 418833 ns
[2022-09-21T08:32:55.166+0000][7][safepoint    ] Safepoint "Cleanup", Time since last: 1003626209 ns, Reaching safepoint: 598875 ns, At safepoint: 15083 ns, Total: 613958 ns
[2022-09-21T08:32:56.179+0000][7][safepoint    ] Safepoint "Cleanup", Time since last: 1012830417 ns, Reaching safepoint: 266209 ns, At safepoint: 5958 ns, Total: 272167 ns
[2022-09-21T08:32:57.181+0000][7][safepoint    ] Safepoint "Cleanup", Time since last: 1002120334 ns, Reaching safepoint: 322875 ns, At safepoint: 6042 ns, Total: 328917 ns
[2022-09-21T08:32:58.185+0000][7][safepoint    ] Safepoint "Cleanup", Time since last: 1003394958 ns, Reaching safepoint: 363709 ns, At safepoint: 6833 ns, Total: 370542 ns
[2022-09-21T08:32:59.191+0000][7][safepoint    ] Safepoint "Cleanup", Time since last: 1005289376 ns, Reaching safepoint: 373875 ns, At safepoint: 8333 ns, Total: 382208 ns
[2022-09-21T08:33:00.195+0000][7][safepoint    ] Safepoint "Cleanup", Time since last: 1004653834 ns, Reaching safepoint: 221083 ns, At safepoint: 5083 ns, Total: 226166 ns
[2022-09-21T08:33:01.201+0000][7][safepoint    ] Safepoint "Cleanup", Time since last: 1005317751 ns, Reaching safepoint: 452625 ns, At safepoint: 5917 ns, Total: 458542 ns
[2022-09-21T08:33:02.206+0000][7][safepoint    ] Safepoint "Cleanup", Time since last: 1004558292 ns, Reaching safepoint: 457958 ns, At safepoint: 8792 ns, Total: 466750 ns
[2022-09-21T08:33:03.212+0000][7][safepoint    ] Safepoint "Cleanup", Time since last: 1005740125 ns, Reaching safepoint: 466375 ns, At safepoint: 7833 ns, Total: 474208 ns
[2022-09-21T08:33:04.222+0000][7][safepoint    ] Safepoint "Cleanup", Time since last: 1007979543 ns, Reaching safepoint: 1531416 ns, At safepoint: 32125 ns, Total: 1563541 ns
[2022-09-21T08:33:05.246+0000][7][safepoint    ] Safepoint "Cleanup", Time since last: 1018348584 ns, Reaching safepoint: 5122458 ns, At safepoint: 19709 ns, Total: 5142167 ns
[2022-09-21T08:33:06.271+0000][7][safepoint    ] Safepoint "Cleanup", Time since last: 1016756834 ns, Reaching safepoint: 8994708 ns, At safepoint: 26208 ns, Total: 9020916 ns
[2022-09-21T08:33:07.281+0000][7][safepoint    ] Safepoint "Cleanup", Time since last: 1008348459 ns, Reaching safepoint: 897042 ns, At safepoint: 8583 ns, Total: 905625 ns
[2022-09-21T08:33:08.295+0000][7][safepoint    ] Safepoint "Cleanup", Time since last: 1013134126 ns, Reaching safepoint: 1299666 ns, At safepoint: 28417 ns, Total: 1328083 ns
[2022-09-21T08:33:09.311+0000][7][safepoint    ] Safepoint "Cleanup", Time since last: 1015174834 ns, Reaching safepoint: 356958 ns, At safepoint: 6500 ns, Total: 363458 ns
[2022-09-21T08:33:10.316+0000][7][safepoint    ] Safepoint "Cleanup", Time since last: 1002869209 ns, Reaching safepoint: 2356792 ns, At safepoint: 23000 ns, Total: 2379792 ns
[2022-09-21T08:33:11.328+0000][7][safepoint    ] Safepoint "Cleanup", Time since last: 1011434792 ns, Reaching safepoint: 1241541 ns, At safepoint: 12292 ns, Total: 1253833 ns
[2022-09-21T08:33:12.332+0000][7][safepoint    ] Safepoint "Cleanup", Time since last: 1003250584 ns, Reaching safepoint: 272791 ns, At safepoint: 5584 ns, Total: 278375 ns
[2022-09-21T08:33:13.337+0000][7][safepoint    ] Safepoint "Cleanup", Time since last: 1005132542 ns, Reaching safepoint: 125042 ns, At safepoint: 2833 ns, Total: 127875 ns
[2022-09-21T08:33:14.341+0000][7][safepoint    ] Safepoint "Cleanup", Time since last: 1003024334 ns, Reaching safepoint: 504125 ns, At safepoint: 9958 ns, Total: 514083 ns
[2022-09-21T08:33:15.348+0000][7][safepoint    ] Safepoint "Cleanup", Time since last: 1005318333 ns, Reaching safepoint: 347750 ns, At safepoint: 5792 ns, Total: 353542 ns
[2022-09-21T08:33:16.356+0000][7][safepoint    ] Safepoint "Cleanup", Time since last: 1007274709 ns, Reaching safepoint: 407583 ns, At safepoint: 6125 ns, Total: 413708 ns
[2022-09-21T08:33:17.361+0000][7][safepoint    ] Safepoint "Cleanup", Time since last: 1003723084 ns, Reaching safepoint: 940625 ns, At safepoint: 10875 ns, Total: 951500 ns
[2022-09-21T08:33:18.364+0000][7][safepoint    ] Safepoint "Cleanup", Time since last: 1003036667 ns, Reaching safepoint: 480125 ns, At safepoint: 9792 ns, Total: 489917 ns
[2022-09-21T08:33:19.369+0000][7][safepoint    ] Safepoint "Cleanup", Time since last: 1005033209 ns, Reaching safepoint: 91916 ns, At safepoint: 2750 ns, Total: 94666 ns
[2022-09-21T08:33:20.371+0000][7][safepoint    ] Safepoint "Cleanup", Time since last: 1001483542 ns, Reaching safepoint: 441709 ns, At safepoint: 8500 ns, Total: 450209 ns
[2022-09-21T08:33:21.377+0000][7][safepoint    ] Safepoint "Cleanup", Time since last: 1005108375 ns, Reaching safepoint: 1073375 ns, At safepoint: 19042 ns, Total: 1092417 ns
[2022-09-21T08:33:22.386+0000][7][safepoint    ] Safepoint "Cleanup", Time since last: 1008581625 ns, Reaching safepoint: 334125 ns, At safepoint: 5959 ns, Total: 340084 ns
[2022-09-21T08:33:23.392+0000][7][safepoint    ] Safepoint "Cleanup", Time since last: 1005445167 ns, Reaching safepoint: 442458 ns, At safepoint: 7625 ns, Total: 450083 ns
[2022-09-21T08:33:24.400+0000][7][safepoint    ] Safepoint "Cleanup", Time since last: 1007584959 ns, Reaching safepoint: 118833 ns, At safepoint: 3125 ns, Total: 121958 ns
[2022-09-21T08:33:25.402+0000][7][safepoint    ] Safepoint "Cleanup", Time since last: 1001608834 ns, Reaching safepoint: 700250 ns, At safepoint: 11958 ns, Total: 712208 ns
[2022-09-21T08:33:26.412+0000][7][safepoint    ] Safepoint "Cleanup", Time since last: 1009428293 ns, Reaching safepoint: 750125 ns, At safepoint: 12500 ns, Total: 762625 ns
[2022-09-21T08:33:27.418+0000][7][safepoint    ] Safepoint "Cleanup", Time since last: 1005597750 ns, Reaching safepoint: 331208 ns, At safepoint: 6542 ns, Total: 337750 ns
[2022-09-21T08:33:28.426+0000][7][safepoint    ] Safepoint "Cleanup", Time since last: 1007471209 ns, Reaching safepoint: 350458 ns, At safepoint: 9084 ns, Total: 359542 ns
[2022-09-21T08:33:29.433+0000][7][safepoint    ] Safepoint "Cleanup", Time since last: 1006803833 ns, Reaching safepoint: 413500 ns, At safepoint: 8834 ns, Total: 422334 ns
[2022-09-21T08:33:30.443+0000][7][safepoint    ] Safepoint "Cleanup", Time since last: 1008961583 ns, Reaching safepoint: 536667 ns, At safepoint: 23083 ns, Total: 559750 ns
[2022-09-21T08:33:31.447+0000][7][safepoint    ] Safepoint "Cleanup", Time since last: 1004025459 ns, Reaching safepoint: 427500 ns, At safepoint: 6167 ns, Total: 433667 ns
[2022-09-21T08:33:32.453+0000][7][safepoint    ] Safepoint "Cleanup", Time since last: 1005045167 ns, Reaching safepoint: 604792 ns, At safepoint: 8500 ns, Total: 613292 ns
[2022-09-21T08:33:33.457+0000][7][safepoint    ] Safepoint "Cleanup", Time since last: 1003620750 ns, Reaching safepoint: 460209 ns, At safepoint: 9166 ns, Total: 469375 ns
[2022-09-21T08:33:34.462+0000][7][safepoint    ] Safepoint "Cleanup", Time since last: 1004458001 ns, Reaching safepoint: 411833 ns, At safepoint: 6542 ns, Total: 418375 ns
[2022-09-21T08:33:35.467+0000][7][safepoint    ] Safepoint "Cleanup", Time since last: 1004975417 ns, Reaching safepoint: 136792 ns, At safepoint: 3083 ns, Total: 139875 ns
[2022-09-21T08:33:36.472+0000][7][safepoint    ] Safepoint "Cleanup", Time since last: 1004791667 ns, Reaching safepoint: 473375 ns, At safepoint: 9042 ns, Total: 482417 ns
[2022-09-21T08:33:37.476+0000][7][safepoint    ] Safepoint "Cleanup", Time since last: 1003619375 ns, Reaching safepoint: 221542 ns, At safepoint: 16166 ns, Total: 237708 ns
[2022-09-21T08:33:38.480+0000][7][safepoint    ] Safepoint "Cleanup", Time since last: 1003402751 ns, Reaching safepoint: 556792 ns, At safepoint: 10166 ns, Total: 566958 ns
[2022-09-21T08:33:39.487+0000][7][safepoint    ] Safepoint "Cleanup", Time since last: 1006063042 ns, Reaching safepoint: 637542 ns, At safepoint: 6250 ns, Total: 643792 ns
[2022-09-21T08:33:40.493+0000][7][safepoint    ] Safepoint "Cleanup", Time since last: 1005583542 ns, Reaching safepoint: 265084 ns, At safepoint: 13125 ns, Total: 278209 ns
[2022-09-21T08:33:41.500+0000][7][safepoint    ] Safepoint "Cleanup", Time since last: 1006566000 ns, Reaching safepoint: 657875 ns, At safepoint: 35083 ns, Total: 692958 ns
[2022-09-21T08:33:42.505+0000][7][safepoint    ] Safepoint "Cleanup", Time since last: 1004901418 ns, Reaching safepoint: 381916 ns, At safepoint: 9792 ns, Total: 391708 ns
[2022-09-21T08:33:43.509+0000][7][safepoint    ] Safepoint "Cleanup", Time since last: 1003779250 ns, Reaching safepoint: 172584 ns, At safepoint: 3166 ns, Total: 175750 ns
[2022-09-21T08:33:44.514+0000][7][safepoint    ] Safepoint "Cleanup", Time since last: 1003180375 ns, Reaching safepoint: 2043083 ns, At safepoint: 30209 ns, Total: 2073292 ns
[2022-09-21T08:33:45.523+0000][7][safepoint    ] Safepoint "Cleanup", Time since last: 1008179042 ns, Reaching safepoint: 509208 ns, At safepoint: 9083 ns, Total: 518291 ns
[2022-09-21T08:33:46.531+0000][7][safepoint    ] Safepoint "Cleanup", Time since last: 1007653209 ns, Reaching safepoint: 141750 ns, At safepoint: 3250 ns, Total: 145000 ns
[2022-09-21T08:33:47.534+0000][7][safepoint    ] Safepoint "Cleanup", Time since last: 1002504959 ns, Reaching safepoint: 376542 ns, At safepoint: 5541 ns, Total: 382083 ns
[2022-09-21T08:33:48.540+0000][7][safepoint    ] Safepoint "Cleanup", Time since last: 1005961792 ns, Reaching safepoint: 272917 ns, At safepoint: 4958 ns, Total: 277875 ns
[2022-09-21T08:33:49.547+0000][7][safepoint    ] Safepoint "Cleanup", Time since last: 1006599376 ns, Reaching safepoint: 318458 ns, At safepoint: 5750 ns, Total: 324208 ns
[2022-09-21T08:33:50.551+0000][7][safepoint    ] Safepoint "Cleanup", Time since last: 1004016917 ns, Reaching safepoint: 437500 ns, At safepoint: 9125 ns, Total: 446625 ns
[2022-09-21T08:33:51.558+0000][7][safepoint    ] Safepoint "Cleanup", Time since last: 1006628626 ns, Reaching safepoint: 429500 ns, At safepoint: 8833 ns, Total: 438333 ns
[2022-09-21T08:33:52.562+0000][7][safepoint    ] Safepoint "Cleanup", Time since last: 1002986251 ns, Reaching safepoint: 492166 ns, At safepoint: 3959 ns, Total: 496125 ns
[2022-09-21T08:33:53.574+0000][7][safepoint    ] Safepoint "Cleanup", Time since last: 1010793375 ns, Reaching safepoint: 1026667 ns, At safepoint: 21792 ns, Total: 1048459 ns
[2022-09-21T08:33:54.582+0000][7][safepoint    ] Safepoint "Cleanup", Time since last: 1008280583 ns, Reaching safepoint: 234084 ns, At safepoint: 4958 ns, Total: 239042 ns
[2022-09-21T08:33:55.589+0000][7][safepoint    ] Safepoint "Cleanup", Time since last: 1006307250 ns, Reaching safepoint: 291500 ns, At safepoint: 19917 ns, Total: 311417 ns
[2022-09-21T08:33:56.593+0000][7][safepoint    ] Safepoint "Cleanup", Time since last: 1003809626 ns, Reaching safepoint: 141666 ns, At safepoint: 1709 ns, Total: 143375 ns
[2022-09-21T08:33:57.596+0000][7][safepoint    ] Safepoint "Cleanup", Time since last: 1002758208 ns, Reaching safepoint: 358584 ns, At safepoint: 5166 ns, Total: 363750 ns
[2022-09-21T08:33:58.601+0000][7][safepoint    ] Safepoint "Cleanup", Time since last: 1004861959 ns, Reaching safepoint: 598000 ns, At safepoint: 35000 ns, Total: 633000 ns
[2022-09-21T08:33:59.608+0000][7][safepoint    ] Safepoint "Cleanup", Time since last: 1006439959 ns, Reaching safepoint: 358708 ns, At safepoint: 7709 ns, Total: 366417 ns
[2022-09-21T08:34:00.613+0000][7][safepoint    ] Safepoint "Cleanup", Time since last: 1005048834 ns, Reaching safepoint: 285958 ns, At safepoint: 5875 ns, Total: 291833 ns
[2022-09-21T08:34:01.617+0000][7][safepoint    ] Safepoint "Cleanup", Time since last: 1003154125 ns, Reaching safepoint: 365292 ns, At safepoint: 6875 ns, Total: 372167 ns
[2022-09-21T08:34:02.627+0000][7][safepoint    ] Safepoint "Cleanup", Time since last: 1009250792 ns, Reaching safepoint: 592375 ns, At safepoint: 42750 ns, Total: 635125 ns
[2022-09-21T08:34:03.637+0000][7][safepoint    ] Safepoint "Cleanup", Time since last: 1006436417 ns, Reaching safepoint: 3207834 ns, At safepoint: 30666 ns, Total: 3238500 ns
[2022-09-21T08:34:04.648+0000][7][safepoint    ] Safepoint "Cleanup", Time since last: 1010854584 ns, Reaching safepoint: 520917 ns, At safepoint: 4333 ns, Total: 525250 ns
[2022-09-21T08:34:05.655+0000][7][safepoint    ] Safepoint "Cleanup", Time since last: 1006372584 ns, Reaching safepoint: 906667 ns, At safepoint: 36875 ns, Total: 943542 ns
[2022-09-21T08:34:06.661+0000][7][safepoint    ] Safepoint "Cleanup", Time since last: 1005261292 ns, Reaching safepoint: 159291 ns, At safepoint: 2209 ns, Total: 161500 ns
[2022-09-21T08:34:07.663+0000][7][safepoint    ] Safepoint "Cleanup", Time since last: 1002000167 ns, Reaching safepoint: 372625 ns, At safepoint: 7292 ns, Total: 379917 ns
[2022-09-21T08:34:08.668+0000][7][safepoint    ] Safepoint "Cleanup", Time since last: 1004615667 ns, Reaching safepoint: 300875 ns, At safepoint: 8250 ns, Total: 309125 ns
[2022-09-21T08:34:09.687+0000][7][safepoint    ] Safepoint "Cleanup", Time since last: 1018819459 ns, Reaching safepoint: 488750 ns, At safepoint: 7958 ns, Total: 496708 ns
[2022-09-21T08:34:10.695+0000][7][safepoint    ] Safepoint "Cleanup", Time since last: 1007194750 ns, Reaching safepoint: 270500 ns, At safepoint: 4334 ns, Total: 274834 ns
[2022-09-21T08:34:11.699+0000][7][safepoint    ] Safepoint "Cleanup", Time since last: 1003535084 ns, Reaching safepoint: 480583 ns, At safepoint: 7083 ns, Total: 487666 ns
[2022-09-21T08:34:12.702+0000][7][safepoint    ] Safepoint "Cleanup", Time since last: 1002834251 ns, Reaching safepoint: 453791 ns, At safepoint: 7542 ns, Total: 461333 ns
[2022-09-21T08:34:13.706+0000][7][safepoint    ] Safepoint "Cleanup", Time since last: 1003009250 ns, Reaching safepoint: 722334 ns, At safepoint: 10750 ns, Total: 733084 ns
[2022-09-21T08:34:14.710+0000][7][safepoint    ] Safepoint "Cleanup", Time since last: 1003237124 ns, Reaching safepoint: 672500 ns, At safepoint: 14875 ns, Total: 687375 ns
[2022-09-21T08:34:15.719+0000][7][safepoint    ] Safepoint "Cleanup", Time since last: 1008251959 ns, Reaching safepoint: 666458 ns, At safepoint: 7959 ns, Total: 674417 ns
[2022-09-21T08:34:16.724+0000][7][safepoint    ] Safepoint "Cleanup", Time since last: 1005447292 ns, Reaching safepoint: 190458 ns, At safepoint: 2417 ns, Total: 192875 ns
[2022-09-21T08:34:17.730+0000][7][safepoint    ] Safepoint "Cleanup", Time since last: 1002785167 ns, Reaching safepoint: 3035625 ns, At safepoint: 14333 ns, Total: 3049958 ns
[2022-09-21T08:34:18.735+0000][7][safepoint    ] Safepoint "Cleanup", Time since last: 1004560251 ns, Reaching safepoint: 272625 ns, At safepoint: 5375 ns, Total: 278000 ns
[2022-09-21T08:34:19.744+0000][7][safepoint    ] Safepoint "Cleanup", Time since last: 1008624667 ns, Reaching safepoint: 177708 ns, At safepoint: 3375 ns, Total: 181083 ns
[2022-09-21T08:34:20.749+0000][7][safepoint    ] Safepoint "Cleanup", Time since last: 1004887043 ns, Reaching safepoint: 547666 ns, At safepoint: 9125 ns, Total: 556791 ns
[2022-09-21T08:34:21.754+0000][7][safepoint    ] Safepoint "Cleanup", Time since last: 1004455709 ns, Reaching safepoint: 287333 ns, At safepoint: 4250 ns, Total: 291583 ns
[2022-09-21T08:34:22.761+0000][7][safepoint    ] Safepoint "Cleanup", Time since last: 1004421917 ns, Reaching safepoint: 2235792 ns, At safepoint: 14167 ns, Total: 2249959 ns
[2022-09-21T08:34:23.766+0000][7][safepoint    ] Safepoint "Cleanup", Time since last: 1004773292 ns, Reaching safepoint: 202542 ns, At safepoint: 5458 ns, Total: 208000 ns
[2022-09-21T08:34:24.860+0000][7][safepoint    ] Safepoint "Cleanup", Time since last: 1093845167 ns, Reaching safepoint: 463208 ns, At safepoint: 3459 ns, Total: 466667 ns
[2022-09-21T08:34:25.886+0000][7][safepoint    ] Safepoint "Cleanup", Time since last: 1026215459 ns, Reaching safepoint: 130125 ns, At safepoint: 3291 ns, Total: 133416 ns
[2022-09-21T08:34:26.976+0000][7][safepoint    ] Safepoint "Cleanup", Time since last: 1089738459 ns, Reaching safepoint: 233583 ns, At safepoint: 2584 ns, Total: 236167 ns
[2022-09-21T08:34:27.554+0000][7][safepoint    ] Safepoint "BulkRevokeBias", Time since last: 577544833 ns, Reaching safepoint: 92750 ns, At safepoint: 136875 ns, Total: 229625 ns
[2022-09-21T08:34:28.678+0000][7][safepoint    ] Safepoint "Cleanup", Time since last: 1123381918 ns, Reaching safepoint: 259750 ns, At safepoint: 3916 ns, Total: 263666 ns
[2022-09-21T08:34:29.685+0000][7][safepoint    ] Safepoint "Cleanup", Time since last: 1006597709 ns, Reaching safepoint: 305375 ns, At safepoint: 5292 ns, Total: 310667 ns
[2022-09-21T08:34:30.695+0000][7][safepoint    ] Safepoint "Cleanup", Time since last: 1010230084 ns, Reaching safepoint: 260833 ns, At safepoint: 4000 ns, Total: 264833 ns
[2022-09-21T08:34:31.698+0000][7][safepoint    ] Safepoint "Cleanup", Time since last: 1003214292 ns, Reaching safepoint: 207167 ns, At safepoint: 3666 ns, Total: 210833 ns
[2022-09-21T08:34:33.684+0000][7][safepoint    ] Safepoint "Cleanup", Time since last: 1985474793 ns, Reaching safepoint: 438333 ns, At safepoint: 17209 ns, Total: 455542 ns
[2022-09-21T08:34:34.692+0000][7][safepoint    ] Safepoint "Cleanup", Time since last: 1006705333 ns, Reaching safepoint: 502750 ns, At safepoint: 7959 ns, Total: 510709 ns
[2022-09-21T08:34:35.697+0000][7][safepoint    ] Safepoint "Cleanup", Time since last: 1004982334 ns, Reaching safepoint: 538791 ns, At safepoint: 9292 ns, Total: 548083 ns
[2022-09-21T08:34:36.702+0000][7][safepoint    ] Safepoint "Cleanup", Time since last: 1004245125 ns, Reaching safepoint: 259292 ns, At safepoint: 4417 ns, Total: 263709 ns
[2022-09-21T08:34:37.707+0000][7][safepoint    ] Safepoint "Cleanup", Time since last: 1004430917 ns, Reaching safepoint: 396708 ns, At safepoint: 9167 ns, Total: 405875 ns
[2022-09-21T08:34:38.710+0000][7][safepoint    ] Safepoint "Cleanup", Time since last: 1003165250 ns, Reaching safepoint: 382959 ns, At safepoint: 7000 ns, Total: 389959 ns
[2022-09-21T08:34:39.716+0000][7][safepoint    ] Safepoint "Cleanup", Time since last: 1005127250 ns, Reaching safepoint: 536709 ns, At safepoint: 11166 ns, Total: 547875 ns
[2022-09-21T08:34:40.723+0000][7][safepoint    ] Safepoint "Cleanup", Time since last: 1004944167 ns, Reaching safepoint: 1958042 ns, At safepoint: 20833 ns, Total: 1978875 ns
[2022-09-21T08:34:41.734+0000][7][safepoint    ] Safepoint "Cleanup", Time since last: 1010630959 ns, Reaching safepoint: 370292 ns, At safepoint: 6417 ns, Total: 376709 ns
[2022-09-21T08:34:42.740+0000][7][safepoint    ] Safepoint "Cleanup", Time since last: 1005263833 ns, Reaching safepoint: 1155209 ns, At safepoint: 18083 ns, Total: 1173292 ns
[2022-09-21T08:34:43.745+0000][7][safepoint    ] Safepoint "Cleanup", Time since last: 1004753667 ns, Reaching safepoint: 296708 ns, At safepoint: 4792 ns, Total: 301500 ns
[2022-09-21T08:34:44.752+0000][7][safepoint    ] Safepoint "Cleanup", Time since last: 1005298041 ns, Reaching safepoint: 420334 ns, At safepoint: 7000 ns, Total: 427334 ns
[2022-09-21T08:34:45.755+0000][7][safepoint    ] Safepoint "Cleanup", Time since last: 1002504167 ns, Reaching safepoint: 366083 ns, At safepoint: 7167 ns, Total: 373250 ns
[2022-09-21T08:34:46.761+0000][7][safepoint    ] Safepoint "Cleanup", Time since last: 1005982584 ns, Reaching safepoint: 351708 ns, At safepoint: 6542 ns, Total: 358250 ns
[2022-09-21T08:34:47.769+0000][7][safepoint    ] Safepoint "Cleanup", Time since last: 1005506708 ns, Reaching safepoint: 2264792 ns, At safepoint: 13833 ns, Total: 2278625 ns
[2022-09-21T08:34:48.773+0000][7][safepoint    ] Safepoint "Cleanup", Time since last: 1003489834 ns, Reaching safepoint: 280417 ns, At safepoint: 4750 ns, Total: 285167 ns
[2022-09-21T08:34:49.777+0000][7][safepoint    ] Safepoint "Cleanup", Time since last: 1004014000 ns, Reaching safepoint: 473875 ns, At safepoint: 30959 ns, Total: 504834 ns
[2022-09-21T08:34:50.784+0000][7][safepoint    ] Safepoint "Cleanup", Time since last: 1004466459 ns, Reaching safepoint: 495666 ns, At safepoint: 8125 ns, Total: 503791 ns
[2022-09-21T08:34:51.792+0000][7][safepoint    ] Safepoint "Cleanup", Time since last: 1009416084 ns, Reaching safepoint: 397625 ns, At safepoint: 9250 ns, Total: 406875 ns
[2022-09-21T08:34:52.801+0000][7][safepoint    ] Safepoint "Cleanup", Time since last: 1007846584 ns, Reaching safepoint: 923166 ns, At safepoint: 16709 ns, Total: 939875 ns
[2022-09-21T08:34:53.808+0000][7][safepoint    ] Safepoint "Cleanup", Time since last: 1006439792 ns, Reaching safepoint: 680750 ns, At safepoint: 10500 ns, Total: 691250 ns
[2022-09-21T08:34:54.818+0000][7][safepoint    ] Safepoint "Cleanup", Time since last: 1009650709 ns, Reaching safepoint: 124500 ns, At safepoint: 3250 ns, Total: 127750 ns
[2022-09-21T08:34:55.823+0000][7][safepoint    ] Safepoint "Cleanup", Time since last: 1005051167 ns, Reaching safepoint: 368208 ns, At safepoint: 7875 ns, Total: 376083 ns
[2022-09-21T08:34:56.829+0000][7][safepoint    ] Safepoint "Cleanup", Time since last: 1004961501 ns, Reaching safepoint: 647291 ns, At safepoint: 8292 ns, Total: 655583 ns
[2022-09-21T08:34:57.838+0000][7][safepoint    ] Safepoint "Cleanup", Time since last: 1008303292 ns, Reaching safepoint: 599084 ns, At safepoint: 8541 ns, Total: 607625 ns
[2022-09-21T08:34:58.847+0000][7][safepoint    ] Safepoint "Cleanup", Time since last: 1008576042 ns, Reaching safepoint: 326459 ns, At safepoint: 3500 ns, Total: 329959 ns
[2022-09-21T08:34:59.849+0000][7][safepoint    ] Safepoint "Cleanup", Time since last: 1002396875 ns, Reaching safepoint: 383209 ns, At safepoint: 7833 ns, Total: 391042 ns
[2022-09-21T08:35:00.859+0000][7][safepoint    ] Safepoint "Cleanup", Time since last: 1009437375 ns, Reaching safepoint: 625500 ns, At safepoint: 12959 ns, Total: 638459 ns
[2022-09-21T08:35:01.870+0000][7][safepoint    ] Safepoint "Cleanup", Time since last: 1009736792 ns, Reaching safepoint: 622791 ns, At safepoint: 9709 ns, Total: 632500 ns
[2022-09-21T08:35:02.873+0000][7][safepoint    ] Safepoint "Cleanup", Time since last: 1002841209 ns, Reaching safepoint: 542625 ns, At safepoint: 9208 ns, Total: 551833 ns
[2022-09-21T08:35:03.879+0000][7][safepoint    ] Safepoint "Cleanup", Time since last: 1005509209 ns, Reaching safepoint: 132958 ns, At safepoint: 1667 ns, Total: 134625 ns
[2022-09-21T08:35:04.885+0000][7][safepoint    ] Safepoint "Cleanup", Time since last: 1005804542 ns, Reaching safepoint: 346542 ns, At safepoint: 6416 ns, Total: 352958 ns
[2022-09-21T08:35:05.895+0000][7][safepoint    ] Safepoint "Cleanup", Time since last: 1009688334 ns, Reaching safepoint: 361125 ns, At safepoint: 5292 ns, Total: 366417 ns
[2022-09-21T08:35:06.899+0000][7][safepoint    ] Safepoint "Cleanup", Time since last: 1003417792 ns, Reaching safepoint: 331167 ns, At safepoint: 8208 ns, Total: 339375 ns
[2022-09-21T08:35:07.905+0000][7][safepoint    ] Safepoint "Cleanup", Time since last: 1005784167 ns, Reaching safepoint: 327625 ns, At safepoint: 5500 ns, Total: 333125 ns
[2022-09-21T08:35:08.908+0000][7][safepoint    ] Safepoint "Cleanup", Time since last: 1003289209 ns, Reaching safepoint: 111541 ns, At safepoint: 2167 ns, Total: 113708 ns
[2022-09-21T08:35:09.912+0000][7][safepoint    ] Safepoint "Cleanup", Time since last: 1002538417 ns, Reaching safepoint: 924417 ns, At safepoint: 14167 ns, Total: 938584 ns
[2022-09-21T08:35:10.917+0000][7][safepoint    ] Safepoint "Cleanup", Time since last: 1004484375 ns, Reaching safepoint: 298167 ns, At safepoint: 5375 ns, Total: 303542 ns
[2022-09-21T08:35:11.921+0000][7][safepoint    ] Safepoint "Cleanup", Time since last: 1004584500 ns, Reaching safepoint: 322500 ns, At safepoint: 5417 ns, Total: 327917 ns
[2022-09-21T08:35:12.779+0000][7][safepoint    ] Safepoint "ICBufferFull", Time since last: 857146875 ns, Reaching safepoint: 226084 ns, At safepoint: 4500 ns, Total: 230584 ns
[2022-09-21T08:35:13.508+0000][7][safepoint    ] Safepoint "ICBufferFull", Time since last: 728833125 ns, Reaching safepoint: 268167 ns, At safepoint: 4750 ns, Total: 272917 ns
[2022-09-21T08:35:14.508+0000][7][safepoint    ] Safepoint "Cleanup", Time since last: 1001156250 ns, Reaching safepoint: 503542 ns, At safepoint: 7458 ns, Total: 511000 ns
[2022-09-21T08:35:15.511+0000][7][safepoint    ] Safepoint "Cleanup", Time since last: 1002594584 ns, Reaching safepoint: 171916 ns, At safepoint: 2542 ns, Total: 174458 ns
[2022-09-21T08:35:16.519+0000][7][safepoint    ] Safepoint "Cleanup", Time since last: 1007555667 ns, Reaching safepoint: 183083 ns, At safepoint: 8542 ns, Total: 191625 ns
[2022-09-21T08:35:17.521+0000][7][safepoint    ] Safepoint "Cleanup", Time since last: 1001745917 ns, Reaching safepoint: 790042 ns, At safepoint: 8833 ns, Total: 798875 ns
[2022-09-21T08:35:18.527+0000][7][safepoint    ] Safepoint "Cleanup", Time since last: 1005265501 ns, Reaching safepoint: 542458 ns, At safepoint: 8708 ns, Total: 551166 ns
[2022-09-21T08:35:19.531+0000][7][safepoint    ] Safepoint "Cleanup", Time since last: 1003905918 ns, Reaching safepoint: 383958 ns, At safepoint: 10083 ns, Total: 394041 ns
[2022-09-21T08:35:20.537+0000][7][safepoint    ] Safepoint "Cleanup", Time since last: 1004961876 ns, Reaching safepoint: 837083 ns, At safepoint: 6542 ns, Total: 843625 ns
[2022-09-21T08:35:21.559+0000][7][safepoint    ] Safepoint "Cleanup", Time since last: 1021840125 ns, Reaching safepoint: 335917 ns, At safepoint: 4583 ns, Total: 340500 ns
[2022-09-21T08:35:22.243+0000][7][gc,start     ] GC(21) Pause Young (Normal) (G1 Evacuation Pause)
[2022-09-21T08:35:22.247+0000][7][gc,task      ] GC(21) Using 4 workers of 4 for evacuation
[2022-09-21T08:35:22.249+0000][7][gc,age       ] GC(21) Desired survivor size 19922944 bytes, new threshold 15 (max threshold 15)
[2022-09-21T08:35:22.300+0000][7][gc,age       ] GC(21) Age table with threshold 15 (max threshold 15)
[2022-09-21T08:35:22.301+0000][7][gc,age       ] GC(21) - age   1:    1033048 bytes,    1033048 total
[2022-09-21T08:35:22.303+0000][7][gc,age       ] GC(21) - age   2:    2920344 bytes,    3953392 total
[2022-09-21T08:35:22.304+0000][7][gc,age       ] GC(21) - age   3:    1914384 bytes,    5867776 total
[2022-09-21T08:35:22.305+0000][7][gc,age       ] GC(21) - age   4:    2257048 bytes,    8124824 total
[2022-09-21T08:35:22.305+0000][7][gc,age       ] GC(21) - age   5:     448560 bytes,    8573384 total
[2022-09-21T08:35:22.306+0000][7][gc,age       ] GC(21) - age   6:    4198384 bytes,   12771768 total
[2022-09-21T08:35:22.307+0000][7][gc,phases    ] GC(21)   Pre Evacuate Collection Set: 0.6ms
[2022-09-21T08:35:22.310+0000][7][gc,phases    ] GC(21)   Merge Heap Roots: 0.7ms
[2022-09-21T08:35:22.310+0000][7][gc,phases    ] GC(21)   Evacuate Collection Set: 45.9ms
[2022-09-21T08:35:22.311+0000][7][gc,phases    ] GC(21)   Post Evacuate Collection Set: 2.1ms
[2022-09-21T08:35:22.312+0000][7][gc,phases    ] GC(21)   Other: 15.2ms
[2022-09-21T08:35:22.312+0000][7][gc,heap      ] GC(21) Eden regions: 286->0(289)
[2022-09-21T08:35:22.313+0000][7][gc,heap      ] GC(21) Survivor regions: 13->13(38)
[2022-09-21T08:35:22.314+0000][7][gc,heap      ] GC(21) Old regions: 60->60
[2022-09-21T08:35:22.315+0000][7][gc,heap      ] GC(21) Archive regions: 0->0
[2022-09-21T08:35:22.315+0000][7][gc,heap      ] GC(21) Humongous regions: 7->7
[2022-09-21T08:35:22.316+0000][7][gc,metaspace ] GC(21) Metaspace: 106692K(114856K)->106692K(114856K) NonClass: 92902K(97756K)->92902K(97756K) Class: 13789K(17100K)->13789K(17100K)
[2022-09-21T08:35:22.317+0000][7][gc           ] GC(21) Pause Young (Normal) (G1 Evacuation Pause) 365M->79M(512M) 74.424ms
[2022-09-21T08:35:22.318+0000][7][gc,cpu       ] GC(21) User=0.15s Sys=0.00s Real=0.07s
[2022-09-21T08:35:22.319+0000][7][safepoint    ] Safepoint "G1CollectForAllocation", Time since last: 683012959 ns, Reaching safepoint: 282833 ns, At safepoint: 76963792 ns, Total: 77246625 ns
[2022-09-21T08:35:23.692+0000][7][safepoint    ] Safepoint "Cleanup", Time since last: 1371724417 ns, Reaching safepoint: 826625 ns, At safepoint: 12459 ns, Total: 839084 ns
[2022-09-21T08:35:24.697+0000][7][safepoint    ] Safepoint "Cleanup", Time since last: 1004254250 ns, Reaching safepoint: 374583 ns, At safepoint: 5417 ns, Total: 380000 ns
[2022-09-21T08:35:25.702+0000][7][safepoint    ] Safepoint "Cleanup", Time since last: 1004438084 ns, Reaching safepoint: 477625 ns, At safepoint: 6750 ns, Total: 484375 ns
[2022-09-21T08:35:26.707+0000][7][safepoint    ] Safepoint "Cleanup", Time since last: 1005407375 ns, Reaching safepoint: 358000 ns, At safepoint: 8375 ns, Total: 366375 ns
[2022-09-21T08:35:27.837+0000][7][safepoint    ] Safepoint "Cleanup", Time since last: 1129074626 ns, Reaching safepoint: 974375 ns, At safepoint: 7375 ns, Total: 981750 ns
[2022-09-21T08:35:28.842+0000][7][safepoint    ] Safepoint "Cleanup", Time since last: 1004591959 ns, Reaching safepoint: 170333 ns, At safepoint: 2417 ns, Total: 172750 ns
[2022-09-21T08:35:29.846+0000][7][safepoint    ] Safepoint "Cleanup", Time since last: 1003487167 ns, Reaching safepoint: 372708 ns, At safepoint: 16750 ns, Total: 389458 ns
[2022-09-21T08:35:30.849+0000][7][safepoint    ] Safepoint "Cleanup", Time since last: 1003133751 ns, Reaching safepoint: 320541 ns, At safepoint: 6459 ns, Total: 327000 ns
[2022-09-21T08:35:31.854+0000][7][safepoint    ] Safepoint "Cleanup", Time since last: 1004778458 ns, Reaching safepoint: 96125 ns, At safepoint: 2375 ns, Total: 98500 ns
[2022-09-21T08:35:32.856+0000][7][safepoint    ] Safepoint "Cleanup", Time since last: 1001242084 ns, Reaching safepoint: 353000 ns, At safepoint: 21125 ns, Total: 374125 ns
[2022-09-21T08:35:33.860+0000][7][safepoint    ] Safepoint "Cleanup", Time since last: 1003814376 ns, Reaching safepoint: 255333 ns, At safepoint: 5208 ns, Total: 260541 ns
[2022-09-21T08:35:34.863+0000][7][safepoint    ] Safepoint "Cleanup", Time since last: 1002968376 ns, Reaching safepoint: 386208 ns, At safepoint: 8125 ns, Total: 394333 ns
[2022-09-21T08:35:35.869+0000][7][safepoint    ] Safepoint "Cleanup", Time since last: 1005042917 ns, Reaching safepoint: 141459 ns, At safepoint: 8375 ns, Total: 149834 ns
[2022-09-21T08:35:36.874+0000][7][safepoint    ] Safepoint "Cleanup", Time since last: 1002363542 ns, Reaching safepoint: 2642875 ns, At safepoint: 16375 ns, Total: 2659250 ns
[2022-09-21T08:35:38.680+0000][7][safepoint    ] Safepoint "Cleanup", Time since last: 1805722584 ns, Reaching safepoint: 903500 ns, At safepoint: 13083 ns, Total: 916583 ns
[2022-09-21T08:35:39.687+0000][7][safepoint    ] Safepoint "Cleanup", Time since last: 1006533709 ns, Reaching safepoint: 405417 ns, At safepoint: 21167 ns, Total: 426584 ns
[2022-09-21T08:35:40.927+0000][7][safepoint    ] Safepoint "Cleanup", Time since last: 1239074625 ns, Reaching safepoint: 316500 ns, At safepoint: 11167 ns, Total: 327667 ns
[2022-09-21T08:35:41.932+0000][7][safepoint    ] Safepoint "Cleanup", Time since last: 1004886334 ns, Reaching safepoint: 737750 ns, At safepoint: 6583 ns, Total: 744333 ns
[2022-09-21T08:35:42.951+0000][7][safepoint    ] Safepoint "Cleanup", Time since last: 1013801542 ns, Reaching safepoint: 1897708 ns, At safepoint: 1234084 ns, Total: 3131792 ns
[2022-09-21T08:35:43.967+0000][7][safepoint    ] Safepoint "Cleanup", Time since last: 1015343250 ns, Reaching safepoint: 2740584 ns, At safepoint: 24416 ns, Total: 2765000 ns
[2022-09-21T08:35:44.984+0000][7][safepoint    ] Safepoint "Cleanup", Time since last: 1016769542 ns, Reaching safepoint: 512750 ns, At safepoint: 11291 ns, Total: 524041 ns
[2022-09-21T08:35:45.996+0000][7][safepoint    ] Safepoint "Cleanup", Time since last: 1008447751 ns, Reaching safepoint: 2734167 ns, At safepoint: 28916 ns, Total: 2763083 ns
[2022-09-21T08:35:47.010+0000][7][safepoint    ] Safepoint "Cleanup", Time since last: 1014442292 ns, Reaching safepoint: 260500 ns, At safepoint: 4167 ns, Total: 264667 ns
[2022-09-21T08:35:48.018+0000][7][safepoint    ] Safepoint "Cleanup", Time since last: 1007284126 ns, Reaching safepoint: 245333 ns, At safepoint: 4208 ns, Total: 249541 ns
[2022-09-21T08:35:49.024+0000][7][safepoint    ] Safepoint "Cleanup", Time since last: 1005278584 ns, Reaching safepoint: 347542 ns, At safepoint: 6458 ns, Total: 354000 ns
[2022-09-21T08:35:50.956+0000][7][safepoint    ] Safepoint "Cleanup", Time since last: 1931954376 ns, Reaching safepoint: 588292 ns, At safepoint: 30541 ns, Total: 618833 ns
[2022-09-21T08:35:51.962+0000][7][safepoint    ] Safepoint "Cleanup", Time since last: 1005575917 ns, Reaching safepoint: 374292 ns, At safepoint: 7042 ns, Total: 381334 ns
[2022-09-21T08:35:52.966+0000][7][safepoint    ] Safepoint "Cleanup", Time since last: 1003930209 ns, Reaching safepoint: 494666 ns, At safepoint: 12459 ns, Total: 507125 ns
[2022-09-21T08:35:53.972+0000][7][safepoint    ] Safepoint "Cleanup", Time since last: 1005570500 ns, Reaching safepoint: 460333 ns, At safepoint: 23125 ns, Total: 483458 ns
[2022-09-21T08:35:54.978+0000][7][safepoint    ] Safepoint "Cleanup", Time since last: 1005077876 ns, Reaching safepoint: 621875 ns, At safepoint: 12250 ns, Total: 634125 ns
[2022-09-21T08:35:55.987+0000][7][safepoint    ] Safepoint "Cleanup", Time since last: 1008481542 ns, Reaching safepoint: 340458 ns, At safepoint: 5834 ns, Total: 346292 ns
[2022-09-21T08:35:56.992+0000][7][safepoint    ] Safepoint "Cleanup", Time since last: 1004289625 ns, Reaching safepoint: 395708 ns, At safepoint: 6917 ns, Total: 402625 ns
[2022-09-21T08:35:57.998+0000][7][safepoint    ] Safepoint "Cleanup", Time since last: 1006011917 ns, Reaching safepoint: 472917 ns, At safepoint: 9292 ns, Total: 482209 ns
[2022-09-21T08:35:59.004+0000][7][safepoint    ] Safepoint "Cleanup", Time since last: 1004926167 ns, Reaching safepoint: 949416 ns, At safepoint: 8084 ns, Total: 957500 ns
[2022-09-21T08:36:00.018+0000][7][safepoint    ] Safepoint "Cleanup", Time since last: 1013496917 ns, Reaching safepoint: 254750 ns, At safepoint: 16125 ns, Total: 270875 ns
[2022-09-21T08:36:01.022+0000][7][safepoint    ] Safepoint "Cleanup", Time since last: 1003997209 ns, Reaching safepoint: 427208 ns, At safepoint: 12583 ns, Total: 439791 ns
[2022-09-21T08:36:02.028+0000][7][safepoint    ] Safepoint "Cleanup", Time since last: 1004937084 ns, Reaching safepoint: 516500 ns, At safepoint: 7709 ns, Total: 524209 ns
[2022-09-21T08:36:03.032+0000][7][safepoint    ] Safepoint "Cleanup", Time since last: 1003646500 ns, Reaching safepoint: 634708 ns, At safepoint: 9667 ns, Total: 644375 ns
[2022-09-21T08:36:04.036+0000][7][safepoint    ] Safepoint "Cleanup", Time since last: 1003347709 ns, Reaching safepoint: 349333 ns, At safepoint: 4875 ns, Total: 354208 ns
[2022-09-21T08:36:05.041+0000][7][safepoint    ] Safepoint "Cleanup", Time since last: 1004397167 ns, Reaching safepoint: 546167 ns, At safepoint: 9625 ns, Total: 555792 ns
[2022-09-21T08:36:06.055+0000][7][safepoint    ] Safepoint "Cleanup", Time since last: 1014022250 ns, Reaching safepoint: 595417 ns, At safepoint: 10333 ns, Total: 605750 ns
[2022-09-21T08:36:07.062+0000][7][safepoint    ] Safepoint "Cleanup", Time since last: 1006028959 ns, Reaching safepoint: 459709 ns, At safepoint: 8375 ns, Total: 468084 ns
[2022-09-21T08:36:08.071+0000][7][safepoint    ] Safepoint "Cleanup", Time since last: 1008266458 ns, Reaching safepoint: 1022750 ns, At safepoint: 16917 ns, Total: 1039667 ns
[2022-09-21T08:36:09.076+0000][7][safepoint    ] Safepoint "Cleanup", Time since last: 1005168876 ns, Reaching safepoint: 125375 ns, At safepoint: 2750 ns, Total: 128125 ns
[2022-09-21T08:36:10.080+0000][7][safepoint    ] Safepoint "Cleanup", Time since last: 1002636125 ns, Reaching safepoint: 843125 ns, At safepoint: 11000 ns, Total: 854125 ns
[2022-09-21T08:36:11.090+0000][7][safepoint    ] Safepoint "Cleanup", Time since last: 1008075876 ns, Reaching safepoint: 1928583 ns, At safepoint: 21583 ns, Total: 1950166 ns
[2022-09-21T08:36:12.117+0000][7][safepoint    ] Safepoint "Cleanup", Time since last: 1012077209 ns, Reaching safepoint: 14737875 ns, At safepoint: 15333 ns, Total: 14753208 ns
[2022-09-21T08:36:13.162+0000][7][safepoint    ] Safepoint "Cleanup", Time since last: 1040271126 ns, Reaching safepoint: 5000292 ns, At safepoint: 26625 ns, Total: 5026917 ns
[2022-09-21T08:36:14.928+0000][7][safepoint    ] Safepoint "Cleanup", Time since last: 1757864708 ns, Reaching safepoint: 8447042 ns, At safepoint: 34083 ns, Total: 8481125 ns
[2022-09-21T08:36:15.936+0000][7][safepoint    ] Safepoint "Cleanup", Time since last: 1007943334 ns, Reaching safepoint: 517500 ns, At safepoint: 6542 ns, Total: 524042 ns
[2022-09-21T08:36:16.944+0000][7][safepoint    ] Safepoint "Cleanup", Time since last: 1006901292 ns, Reaching safepoint: 366208 ns, At safepoint: 11250 ns, Total: 377458 ns
[2022-09-21T08:36:17.952+0000][7][safepoint    ] Safepoint "Cleanup", Time since last: 1008539167 ns, Reaching safepoint: 204125 ns, At safepoint: 5084 ns, Total: 209209 ns
[2022-09-21T08:36:18.957+0000][7][safepoint    ] Safepoint "Cleanup", Time since last: 1004207000 ns, Reaching safepoint: 180500 ns, At safepoint: 3084 ns, Total: 183584 ns
[2022-09-21T08:36:19.960+0000][7][safepoint    ] Safepoint "Cleanup", Time since last: 1002493625 ns, Reaching safepoint: 335625 ns, At safepoint: 8542 ns, Total: 344167 ns
[2022-09-21T08:36:20.967+0000][7][safepoint    ] Safepoint "Cleanup", Time since last: 1007091000 ns, Reaching safepoint: 486917 ns, At safepoint: 6083 ns, Total: 493000 ns
[2022-09-21T08:36:21.973+0000][7][safepoint    ] Safepoint "Cleanup", Time since last: 1005161792 ns, Reaching safepoint: 411750 ns, At safepoint: 9084 ns, Total: 420834 ns
[2022-09-21T08:36:22.978+0000][7][safepoint    ] Safepoint "Cleanup", Time since last: 1005338917 ns, Reaching safepoint: 360583 ns, At safepoint: 8584 ns, Total: 369167 ns
[2022-09-21T08:36:23.982+0000][7][safepoint    ] Safepoint "Cleanup", Time since last: 1003140792 ns, Reaching safepoint: 766625 ns, At safepoint: 9625 ns, Total: 776250 ns
[2022-09-21T08:36:24.988+0000][7][safepoint    ] Safepoint "Cleanup", Time since last: 1004898375 ns, Reaching safepoint: 337125 ns, At safepoint: 6042 ns, Total: 343167 ns
[2022-09-21T08:36:25.994+0000][7][safepoint    ] Safepoint "Cleanup", Time since last: 1006085667 ns, Reaching safepoint: 384750 ns, At safepoint: 6458 ns, Total: 391208 ns
[2022-09-21T08:36:27.000+0000][7][safepoint    ] Safepoint "Cleanup", Time since last: 1005368751 ns, Reaching safepoint: 248750 ns, At safepoint: 4750 ns, Total: 253500 ns
[2022-09-21T08:36:28.003+0000][7][safepoint    ] Safepoint "Cleanup", Time since last: 1002656542 ns, Reaching safepoint: 519458 ns, At safepoint: 53417 ns, Total: 572875 ns
[2022-09-21T08:36:29.010+0000][7][safepoint    ] Safepoint "Cleanup", Time since last: 1006659125 ns, Reaching safepoint: 673542 ns, At safepoint: 12333 ns, Total: 685875 ns
[2022-09-21T08:36:30.019+0000][7][safepoint    ] Safepoint "Cleanup", Time since last: 1007957751 ns, Reaching safepoint: 458958 ns, At safepoint: 8584 ns, Total: 467542 ns
[2022-09-21T08:36:31.024+0000][7][safepoint    ] Safepoint "Cleanup", Time since last: 1003654375 ns, Reaching safepoint: 1765625 ns, At safepoint: 26542 ns, Total: 1792167 ns
[2022-09-21T08:36:32.035+0000][7][safepoint    ] Safepoint "Cleanup", Time since last: 1010831209 ns, Reaching safepoint: 272333 ns, At safepoint: 3417 ns, Total: 275750 ns
[2022-09-21T08:36:33.050+0000][7][safepoint    ] Safepoint "Cleanup", Time since last: 1011995917 ns, Reaching safepoint: 2486291 ns, At safepoint: 31542 ns, Total: 2517833 ns
[2022-09-21T08:36:34.067+0000][7][safepoint    ] Safepoint "Cleanup", Time since last: 1016743834 ns, Reaching safepoint: 678208 ns, At safepoint: 9084 ns, Total: 687292 ns
[2022-09-21T08:36:35.073+0000][7][safepoint    ] Safepoint "Cleanup", Time since last: 1005580875 ns, Reaching safepoint: 200708 ns, At safepoint: 2917 ns, Total: 203625 ns
[2022-09-21T08:36:36.076+0000][7][safepoint    ] Safepoint "Cleanup", Time since last: 1002078167 ns, Reaching safepoint: 687542 ns, At safepoint: 11166 ns, Total: 698708 ns
[2022-09-21T08:36:37.084+0000][7][safepoint    ] Safepoint "Cleanup", Time since last: 1005627626 ns, Reaching safepoint: 2304792 ns, At safepoint: 21291 ns, Total: 2326083 ns
[2022-09-21T08:36:38.099+0000][7][safepoint    ] Safepoint "Cleanup", Time since last: 1015285209 ns, Reaching safepoint: 494167 ns, At safepoint: 9875 ns, Total: 504042 ns
[2022-09-21T08:36:39.105+0000][7][safepoint    ] Safepoint "Cleanup", Time since last: 1004980375 ns, Reaching safepoint: 337375 ns, At safepoint: 7042 ns, Total: 344417 ns
[2022-09-21T08:36:40.119+0000][7][safepoint    ] Safepoint "Cleanup", Time since last: 1013639167 ns, Reaching safepoint: 224583 ns, At safepoint: 4792 ns, Total: 229375 ns
[2022-09-21T08:36:41.122+0000][7][safepoint    ] Safepoint "Cleanup", Time since last: 1002986459 ns, Reaching safepoint: 765500 ns, At safepoint: 9583 ns, Total: 775083 ns
[2022-09-21T08:36:42.146+0000][7][safepoint    ] Safepoint "Cleanup", Time since last: 1012258042 ns, Reaching safepoint: 1721542 ns, At safepoint: 17875 ns, Total: 1739417 ns
[2022-09-21T08:36:43.160+0000][7][safepoint    ] Safepoint "Cleanup", Time since last: 1023522126 ns, Reaching safepoint: 403291 ns, At safepoint: 8709 ns, Total: 412000 ns
[2022-09-21T08:36:44.168+0000][7][safepoint    ] Safepoint "Cleanup", Time since last: 1006886083 ns, Reaching safepoint: 472542 ns, At safepoint: 8458 ns, Total: 481000 ns
[2022-09-21T08:36:45.176+0000][7][safepoint    ] Safepoint "Cleanup", Time since last: 1006083167 ns, Reaching safepoint: 727666 ns, At safepoint: 12334 ns, Total: 740000 ns
[2022-09-21T08:36:46.181+0000][7][safepoint    ] Safepoint "Cleanup", Time since last: 1004599334 ns, Reaching safepoint: 399166 ns, At safepoint: 6250 ns, Total: 405416 ns
[2022-09-21T08:36:47.717+0000][7][safepoint    ] Safepoint "Cleanup", Time since last: 1534728543 ns, Reaching safepoint: 1429458 ns, At safepoint: 20208 ns, Total: 1449666 ns
[2022-09-21T08:36:49.275+0000][7][safepoint    ] Safepoint "Cleanup", Time since last: 1554594918 ns, Reaching safepoint: 3298125 ns, At safepoint: 32791 ns, Total: 3330916 ns
[2022-09-21T08:36:50.296+0000][7][safepoint    ] Safepoint "Cleanup", Time since last: 1020880084 ns, Reaching safepoint: 302167 ns, At safepoint: 5125 ns, Total: 307292 ns
[2022-09-21T08:36:51.299+0000][7][safepoint    ] Safepoint "Cleanup", Time since last: 1003113125 ns, Reaching safepoint: 342709 ns, At safepoint: 5250 ns, Total: 347959 ns
[2022-09-21T08:36:52.302+0000][7][safepoint    ] Safepoint "Cleanup", Time since last: 1002792625 ns, Reaching safepoint: 303292 ns, At safepoint: 7333 ns, Total: 310625 ns
[2022-09-21T08:36:53.318+0000][7][safepoint    ] Safepoint "Cleanup", Time since last: 1015551126 ns, Reaching safepoint: 479041 ns, At safepoint: 6417 ns, Total: 485458 ns
[2022-09-21T08:36:54.327+0000][7][safepoint    ] Safepoint "Cleanup", Time since last: 1003661167 ns, Reaching safepoint: 4199250 ns, At safepoint: 40625 ns, Total: 4239875 ns
[2022-09-21T08:36:55.343+0000][7][safepoint    ] Safepoint "Cleanup", Time since last: 1013569459 ns, Reaching safepoint: 3211958 ns, At safepoint: 15667 ns, Total: 3227625 ns
[2022-09-21T08:36:56.349+0000][7][safepoint    ] Safepoint "Cleanup", Time since last: 1005066167 ns, Reaching safepoint: 388833 ns, At safepoint: 8625 ns, Total: 397458 ns
[2022-09-21T08:36:57.353+0000][7][safepoint    ] Safepoint "Cleanup", Time since last: 1004358293 ns, Reaching safepoint: 422416 ns, At safepoint: 7709 ns, Total: 430125 ns
[2022-09-21T08:36:58.360+0000][7][safepoint    ] Safepoint "Cleanup", Time since last: 1006764917 ns, Reaching safepoint: 218583 ns, At safepoint: 5250 ns, Total: 223833 ns
[2022-09-21T08:36:59.364+0000][7][safepoint    ] Safepoint "Cleanup", Time since last: 1002976626 ns, Reaching safepoint: 642083 ns, At safepoint: 9750 ns, Total: 651833 ns
[2022-09-21T08:37:00.367+0000][7][safepoint    ] Safepoint "Cleanup", Time since last: 1002601792 ns, Reaching safepoint: 546875 ns, At safepoint: 7042 ns, Total: 553917 ns
[2022-09-21T08:37:01.379+0000][7][safepoint    ] Safepoint "Cleanup", Time since last: 1009096000 ns, Reaching safepoint: 2586042 ns, At safepoint: 58792 ns, Total: 2644834 ns
[2022-09-21T08:37:02.398+0000][7][safepoint    ] Safepoint "Cleanup", Time since last: 1018562042 ns, Reaching safepoint: 356375 ns, At safepoint: 5416 ns, Total: 361791 ns
[2022-09-21T08:37:03.408+0000][7][safepoint    ] Safepoint "Cleanup", Time since last: 1005612543 ns, Reaching safepoint: 4264791 ns, At safepoint: 43375 ns, Total: 4308166 ns
[2022-09-21T08:37:04.438+0000][7][safepoint    ] Safepoint "Cleanup", Time since last: 1029737876 ns, Reaching safepoint: 129416 ns, At safepoint: 2542 ns, Total: 131958 ns
[2022-09-21T08:37:05.443+0000][7][safepoint    ] Safepoint "Cleanup", Time since last: 1003428125 ns, Reaching safepoint: 1597667 ns, At safepoint: 22750 ns, Total: 1620417 ns
[2022-09-21T08:37:06.450+0000][7][safepoint    ] Safepoint "Cleanup", Time since last: 1006055876 ns, Reaching safepoint: 1256375 ns, At safepoint: 21708 ns, Total: 1278083 ns
[2022-09-21T08:37:07.459+0000][7][safepoint    ] Safepoint "Cleanup", Time since last: 1008158000 ns, Reaching safepoint: 317834 ns, At safepoint: 6375 ns, Total: 324209 ns
[2022-09-21T08:37:08.462+0000][7][safepoint    ] Safepoint "Cleanup", Time since last: 1002794417 ns, Reaching safepoint: 429417 ns, At safepoint: 9833 ns, Total: 439250 ns
[2022-09-21T08:37:09.467+0000][7][safepoint    ] Safepoint "Cleanup", Time since last: 1004883125 ns, Reaching safepoint: 243667 ns, At safepoint: 128042 ns, Total: 371709 ns
[2022-09-21T08:37:10.478+0000][7][safepoint    ] Safepoint "Cleanup", Time since last: 1007364167 ns, Reaching safepoint: 3956542 ns, At safepoint: 22833 ns, Total: 3979375 ns
[2022-09-21T08:37:11.504+0000][7][safepoint    ] Safepoint "Cleanup", Time since last: 1025054459 ns, Reaching safepoint: 441583 ns, At safepoint: 9833 ns, Total: 451416 ns
[2022-09-21T08:37:12.518+0000][7][safepoint    ] Safepoint "Cleanup", Time since last: 1008702043 ns, Reaching safepoint: 5844791 ns, At safepoint: 18709 ns, Total: 5863500 ns
[2022-09-21T08:37:13.811+0000][7][safepoint    ] Safepoint "Cleanup", Time since last: 1291757875 ns, Reaching safepoint: 424208 ns, At safepoint: 61667 ns, Total: 485875 ns
[2022-09-21T08:37:15.423+0000][7][safepoint    ] Safepoint "Cleanup", Time since last: 1612782292 ns, Reaching safepoint: 1400292 ns, At safepoint: 17041 ns, Total: 1417333 ns
[2022-09-21T08:37:16.434+0000][7][safepoint    ] Safepoint "Cleanup", Time since last: 1010873209 ns, Reaching safepoint: 682167 ns, At safepoint: 19875 ns, Total: 702042 ns
[2022-09-21T08:37:17.638+0000][7][safepoint    ] Safepoint "Cleanup", Time since last: 1203305250 ns, Reaching safepoint: 399375 ns, At safepoint: 2875 ns, Total: 402250 ns
[2022-09-21T08:37:17.911+0000][7][safepoint    ] Safepoint "BulkRevokeBias", Time since last: 272354084 ns, Reaching safepoint: 170958 ns, At safepoint: 168083 ns, Total: 339041 ns
[2022-09-21T08:37:19.311+0000][7][safepoint    ] Safepoint "Cleanup", Time since last: 1398658293 ns, Reaching safepoint: 1893375 ns, At safepoint: 25500 ns, Total: 1918875 ns
[2022-09-21T08:37:20.333+0000][7][safepoint    ] Safepoint "Cleanup", Time since last: 1017633459 ns, Reaching safepoint: 3712875 ns, At safepoint: 14583 ns, Total: 3727458 ns
[2022-09-21T08:37:21.341+0000][7][safepoint    ] Safepoint "Cleanup", Time since last: 1007525417 ns, Reaching safepoint: 832542 ns, At safepoint: 18708 ns, Total: 851250 ns
[2022-09-21T08:37:22.397+0000][7][safepoint    ] Safepoint "Cleanup", Time since last: 1055660751 ns, Reaching safepoint: 501250 ns, At safepoint: 8000 ns, Total: 509250 ns
[2022-09-21T08:37:22.398+0000][7][safepoint    ] Safepoint "BulkRevokeBias", Time since last: 990791 ns, Reaching safepoint: 176084 ns, At safepoint: 189791 ns, Total: 365875 ns
[2022-09-21T08:37:22.410+0000][7][safepoint    ] Safepoint "BulkRevokeBias", Time since last: 10697875 ns, Reaching safepoint: 451500 ns, At safepoint: 282542 ns, Total: 734042 ns
[2022-09-21T08:37:22.414+0000][7][safepoint    ] Safepoint "BulkRevokeBias", Time since last: 4071500 ns, Reaching safepoint: 131542 ns, At safepoint: 101250 ns, Total: 232792 ns
[2022-09-21T08:37:22.615+0000][7][safepoint    ] Safepoint "BulkRevokeBias", Time since last: 200424916 ns, Reaching safepoint: 215375 ns, At safepoint: 555417 ns, Total: 770792 ns
[2022-09-21T08:37:22.672+0000][7][gc,start     ] GC(22) Pause Young (Normal) (G1 Evacuation Pause)
[2022-09-21T08:37:22.673+0000][7][gc,task      ] GC(22) Using 4 workers of 4 for evacuation
[2022-09-21T08:37:22.674+0000][7][gc,age       ] GC(22) Desired survivor size 19922944 bytes, new threshold 15 (max threshold 15)
[2022-09-21T08:37:22.714+0000][7][gc,age       ] GC(22) Age table with threshold 15 (max threshold 15)
[2022-09-21T08:37:22.715+0000][7][gc,age       ] GC(22) - age   1:    2529816 bytes,    2529816 total
[2022-09-21T08:37:22.715+0000][7][gc,age       ] GC(22) - age   2:     653344 bytes,    3183160 total
[2022-09-21T08:37:22.716+0000][7][gc,age       ] GC(22) - age   3:    2376696 bytes,    5559856 total
[2022-09-21T08:37:22.717+0000][7][gc,age       ] GC(22) - age   4:    1843984 bytes,    7403840 total
[2022-09-21T08:37:22.717+0000][7][gc,age       ] GC(22) - age   5:    2173160 bytes,    9577000 total
[2022-09-21T08:37:22.718+0000][7][gc,age       ] GC(22) - age   6:     434640 bytes,   10011640 total
[2022-09-21T08:37:22.719+0000][7][gc,age       ] GC(22) - age   7:    4020696 bytes,   14032336 total
[2022-09-21T08:37:22.719+0000][7][gc,phases    ] GC(22)   Pre Evacuate Collection Set: 0.3ms
[2022-09-21T08:37:22.720+0000][7][gc,phases    ] GC(22)   Merge Heap Roots: 0.2ms
[2022-09-21T08:37:22.721+0000][7][gc,phases    ] GC(22)   Evacuate Collection Set: 36.8ms
[2022-09-21T08:37:22.723+0000][7][gc,phases    ] GC(22)   Post Evacuate Collection Set: 2.2ms
[2022-09-21T08:37:22.724+0000][7][gc,phases    ] GC(22)   Other: 7.7ms
[2022-09-21T08:37:22.725+0000][7][gc,heap      ] GC(22) Eden regions: 289->0(287)
[2022-09-21T08:37:22.725+0000][7][gc,heap      ] GC(22) Survivor regions: 13->15(38)
[2022-09-21T08:37:22.727+0000][7][gc,heap      ] GC(22) Old regions: 60->60
[2022-09-21T08:37:22.728+0000][7][gc,heap      ] GC(22) Archive regions: 0->0
[2022-09-21T08:37:22.730+0000][7][gc,heap      ] GC(22) Humongous regions: 7->7
[2022-09-21T08:37:22.732+0000][7][gc,metaspace ] GC(22) Metaspace: 107522K(115624K)->107522K(115624K) NonClass: 93674K(98524K)->93674K(98524K) Class: 13847K(17100K)->13847K(17100K)
[2022-09-21T08:37:22.734+0000][7][gc           ] GC(22) Pause Young (Normal) (G1 Evacuation Pause) 368M->81M(512M) 60.948ms
[2022-09-21T08:37:22.737+0000][7][gc,cpu       ] GC(22) User=0.15s Sys=0.00s Real=0.06s
[2022-09-21T08:37:22.738+0000][7][safepoint    ] Safepoint "G1CollectForAllocation", Time since last: 56572875 ns, Reaching safepoint: 191458 ns, At safepoint: 66010209 ns, Total: 66201667 ns
[2022-09-21T08:37:23.421+0000][7][safepoint    ] Safepoint "ICBufferFull", Time since last: 682122083 ns, Reaching safepoint: 289917 ns, At safepoint: 4833 ns, Total: 294750 ns
[2022-09-21T08:37:25.131+0000][7][safepoint    ] Safepoint "Cleanup", Time since last: 1708219418 ns, Reaching safepoint: 2479208 ns, At safepoint: 15209 ns, Total: 2494417 ns
[2022-09-21T08:37:26.134+0000][7][safepoint    ] Safepoint "Cleanup", Time since last: 1001780250 ns, Reaching safepoint: 1125458 ns, At safepoint: 29167 ns, Total: 1154625 ns
[2022-09-21T08:37:27.148+0000][7][safepoint    ] Safepoint "Cleanup", Time since last: 1005125876 ns, Reaching safepoint: 8410625 ns, At safepoint: 76666 ns, Total: 8487291 ns
[2022-09-21T08:37:28.235+0000][7][safepoint    ] Safepoint "Cleanup", Time since last: 1026545626 ns, Reaching safepoint: 59674625 ns, At safepoint: 53458 ns, Total: 59728083 ns
[2022-09-21T08:37:29.318+0000][7][safepoint    ] Safepoint "Cleanup", Time since last: 1082586709 ns, Reaching safepoint: 1509875 ns, At safepoint: 25875 ns, Total: 1535750 ns
[2022-09-21T08:37:30.336+0000][7][safepoint    ] Safepoint "Cleanup", Time since last: 1017453625 ns, Reaching safepoint: 591292 ns, At safepoint: 20333 ns, Total: 611625 ns
[2022-09-21T08:37:31.347+0000][7][safepoint    ] Safepoint "Cleanup", Time since last: 1006291459 ns, Reaching safepoint: 4208792 ns, At safepoint: 26583 ns, Total: 4235375 ns
[2022-09-21T08:37:32.351+0000][7][safepoint    ] Safepoint "Cleanup", Time since last: 1003594376 ns, Reaching safepoint: 400000 ns, At safepoint: 5708 ns, Total: 405708 ns
[2022-09-21T08:37:33.354+0000][7][safepoint    ] Safepoint "Cleanup", Time since last: 1002292417 ns, Reaching safepoint: 1212375 ns, At safepoint: 18125 ns, Total: 1230500 ns
[2022-09-21T08:37:34.372+0000][7][safepoint    ] Safepoint "Cleanup", Time since last: 1015981751 ns, Reaching safepoint: 1533833 ns, At safepoint: 29333 ns, Total: 1563166 ns
[2022-09-21T08:37:35.379+0000][7][safepoint    ] Safepoint "Cleanup", Time since last: 1006418834 ns, Reaching safepoint: 293958 ns, At safepoint: 4250 ns, Total: 298208 ns
[2022-09-21T08:37:36.386+0000][7][safepoint    ] Safepoint "Cleanup", Time since last: 1006307168 ns, Reaching safepoint: 661000 ns, At safepoint: 11000 ns, Total: 672000 ns
[2022-09-21T08:37:37.393+0000][7][safepoint    ] Safepoint "Cleanup", Time since last: 1006691417 ns, Reaching safepoint: 793958 ns, At safepoint: 14083 ns, Total: 808041 ns
[2022-09-21T08:37:38.401+0000][7][safepoint    ] Safepoint "Cleanup", Time since last: 1004969959 ns, Reaching safepoint: 3253959 ns, At safepoint: 45041 ns, Total: 3299000 ns
[2022-09-21T08:37:39.411+0000][7][safepoint    ] Safepoint "Cleanup", Time since last: 1009675251 ns, Reaching safepoint: 312541 ns, At safepoint: 5500 ns, Total: 318041 ns
[2022-09-21T08:37:40.422+0000][7][safepoint    ] Safepoint "Cleanup", Time since last: 1009848293 ns, Reaching safepoint: 776583 ns, At safepoint: 8208 ns, Total: 784791 ns
[2022-09-21T08:37:41.463+0000][7][safepoint    ] Safepoint "Cleanup", Time since last: 1039253209 ns, Reaching safepoint: 1458917 ns, At safepoint: 22375 ns, Total: 1481292 ns
[2022-09-21T08:37:42.469+0000][7][safepoint    ] Safepoint "Cleanup", Time since last: 1005801500 ns, Reaching safepoint: 960708 ns, At safepoint: 8334 ns, Total: 969042 ns
[2022-09-21T08:37:43.474+0000][7][safepoint    ] Safepoint "Cleanup", Time since last: 1004628875 ns, Reaching safepoint: 386000 ns, At safepoint: 6209 ns, Total: 392209 ns
[2022-09-21T08:37:44.479+0000][7][safepoint    ] Safepoint "Cleanup", Time since last: 1003608000 ns, Reaching safepoint: 434417 ns, At safepoint: 16750 ns, Total: 451167 ns
[2022-09-21T08:37:45.486+0000][7][safepoint    ] Safepoint "Cleanup", Time since last: 1006655583 ns, Reaching safepoint: 493959 ns, At safepoint: 11166 ns, Total: 505125 ns
[2022-09-21T08:37:46.495+0000][7][safepoint    ] Safepoint "Cleanup", Time since last: 1004023959 ns, Reaching safepoint: 5316417 ns, At safepoint: 41083 ns, Total: 5357500 ns
[2022-09-21T08:37:47.538+0000][7][safepoint    ] Safepoint "Cleanup", Time since last: 1027040334 ns, Reaching safepoint: 8470417 ns, At safepoint: 7395625 ns, Total: 15866042 ns
[2022-09-21T08:37:48.794+0000][7][safepoint    ] Safepoint "Cleanup", Time since last: 1236892959 ns, Reaching safepoint: 19391208 ns, At safepoint: 11625 ns, Total: 19402833 ns
[2022-09-21T08:37:49.823+0000][7][safepoint    ] Safepoint "Cleanup", Time since last: 1028511792 ns, Reaching safepoint: 393292 ns, At safepoint: 62583 ns, Total: 455875 ns
[2022-09-21T08:37:49.827+0000][7][safepoint    ] Safepoint "BulkRevokeBias", Time since last: 2524083 ns, Reaching safepoint: 1010792 ns, At safepoint: 225667 ns, Total: 1236459 ns
[2022-09-21T08:37:51.022+0000][7][safepoint    ] Safepoint "Cleanup", Time since last: 1193892750 ns, Reaching safepoint: 941834 ns, At safepoint: 22666 ns, Total: 964500 ns
[2022-09-21T08:37:52.314+0000][7][safepoint    ] Safepoint "Cleanup", Time since last: 1291709834 ns, Reaching safepoint: 372709 ns, At safepoint: 16083 ns, Total: 388792 ns
[2022-09-21T08:37:53.342+0000][7][safepoint    ] Safepoint "Cleanup", Time since last: 1026716292 ns, Reaching safepoint: 645250 ns, At safepoint: 11833 ns, Total: 657083 ns
[2022-09-21T08:37:54.348+0000][7][safepoint    ] Safepoint "Cleanup", Time since last: 1005962418 ns, Reaching safepoint: 534708 ns, At safepoint: 19875 ns, Total: 554583 ns
[2022-09-21T08:37:55.352+0000][7][safepoint    ] Safepoint "Cleanup", Time since last: 1003429000 ns, Reaching safepoint: 414084 ns, At safepoint: 66708 ns, Total: 480792 ns
[2022-09-21T08:37:56.358+0000][7][safepoint    ] Safepoint "Cleanup", Time since last: 1005965209 ns, Reaching safepoint: 416875 ns, At safepoint: 10083 ns, Total: 426958 ns
[2022-09-21T08:37:57.362+0000][7][safepoint    ] Safepoint "Cleanup", Time since last: 1003576501 ns, Reaching safepoint: 310791 ns, At safepoint: 7584 ns, Total: 318375 ns
[2022-09-21T08:37:58.367+0000][7][safepoint    ] Safepoint "Cleanup", Time since last: 1004213000 ns, Reaching safepoint: 530292 ns, At safepoint: 8875 ns, Total: 539167 ns
[2022-09-21T08:37:59.371+0000][7][safepoint    ] Safepoint "Cleanup", Time since last: 1003461750 ns, Reaching safepoint: 954334 ns, At safepoint: 15500 ns, Total: 969834 ns
[2022-09-21T08:38:00.377+0000][7][safepoint    ] Safepoint "Cleanup", Time since last: 1005437083 ns, Reaching safepoint: 346209 ns, At safepoint: 7250 ns, Total: 353459 ns
[2022-09-21T08:38:01.382+0000][7][safepoint    ] Safepoint "Cleanup", Time since last: 1004322875 ns, Reaching safepoint: 437209 ns, At safepoint: 9083 ns, Total: 446292 ns
[2022-09-21T08:38:02.388+0000][7][safepoint    ] Safepoint "Cleanup", Time since last: 1005672709 ns, Reaching safepoint: 457333 ns, At safepoint: 8125 ns, Total: 465458 ns
[2022-09-21T08:38:03.392+0000][7][safepoint    ] Safepoint "Cleanup", Time since last: 1003144084 ns, Reaching safepoint: 443958 ns, At safepoint: 6542 ns, Total: 450500 ns
[2022-09-21T08:38:04.397+0000][7][safepoint    ] Safepoint "Cleanup", Time since last: 1004523417 ns, Reaching safepoint: 423875 ns, At safepoint: 9292 ns, Total: 433167 ns
[2022-09-21T08:38:05.401+0000][7][safepoint    ] Safepoint "Cleanup", Time since last: 1004579500 ns, Reaching safepoint: 117583 ns, At safepoint: 3000 ns, Total: 120583 ns
[2022-09-21T08:38:06.406+0000][7][safepoint    ] Safepoint "Cleanup", Time since last: 1003864709 ns, Reaching safepoint: 476875 ns, At safepoint: 18167 ns, Total: 495042 ns
[2022-09-21T08:38:07.412+0000][7][safepoint    ] Safepoint "Cleanup", Time since last: 1005418625 ns, Reaching safepoint: 338667 ns, At safepoint: 7125 ns, Total: 345792 ns
[2022-09-21T08:38:08.415+0000][7][safepoint    ] Safepoint "Cleanup", Time since last: 1003397417 ns, Reaching safepoint: 371459 ns, At safepoint: 4208 ns, Total: 375667 ns
[2022-09-21T08:38:09.420+0000][7][safepoint    ] Safepoint "Cleanup", Time since last: 1004105667 ns, Reaching safepoint: 291458 ns, At safepoint: 5000 ns, Total: 296458 ns
[2022-09-21T08:38:10.424+0000][7][safepoint    ] Safepoint "Cleanup", Time since last: 1003784793 ns, Reaching safepoint: 209166 ns, At safepoint: 4750 ns, Total: 213916 ns
[2022-09-21T08:38:11.428+0000][7][safepoint    ] Safepoint "Cleanup", Time since last: 1003417167 ns, Reaching safepoint: 638334 ns, At safepoint: 15333 ns, Total: 653667 ns
[2022-09-21T08:38:12.439+0000][7][safepoint    ] Safepoint "Cleanup", Time since last: 1010518500 ns, Reaching safepoint: 628584 ns, At safepoint: 7833 ns, Total: 636417 ns
[2022-09-21T08:38:13.443+0000][7][safepoint    ] Safepoint "Cleanup", Time since last: 1003942917 ns, Reaching safepoint: 319417 ns, At safepoint: 4625 ns, Total: 324042 ns
[2022-09-21T08:38:15.122+0000][7][safepoint    ] Safepoint "Cleanup", Time since last: 1678708500 ns, Reaching safepoint: 459625 ns, At safepoint: 6292 ns, Total: 465917 ns
[2022-09-21T08:38:16.128+0000][7][safepoint    ] Safepoint "Cleanup", Time since last: 1004971917 ns, Reaching safepoint: 439500 ns, At safepoint: 7542 ns, Total: 447042 ns
[2022-09-21T08:38:17.135+0000][7][safepoint    ] Safepoint "Cleanup", Time since last: 1006325000 ns, Reaching safepoint: 579917 ns, At safepoint: 12541 ns, Total: 592458 ns
[2022-09-21T08:38:18.143+0000][7][safepoint    ] Safepoint "Cleanup", Time since last: 1007737334 ns, Reaching safepoint: 639375 ns, At safepoint: 13375 ns, Total: 652750 ns
[2022-09-21T08:38:19.147+0000][7][safepoint    ] Safepoint "Cleanup", Time since last: 1003428334 ns, Reaching safepoint: 778042 ns, At safepoint: 16500 ns, Total: 794542 ns
[2022-09-21T08:38:20.909+0000][7][safepoint    ] Safepoint "Cleanup", Time since last: 1761410209 ns, Reaching safepoint: 379083 ns, At safepoint: 5875 ns, Total: 384958 ns
[2022-09-21T08:38:21.913+0000][7][safepoint    ] Safepoint "Cleanup", Time since last: 1003656084 ns, Reaching safepoint: 402750 ns, At safepoint: 7042 ns, Total: 409792 ns
[2022-09-21T08:38:22.919+0000][7][safepoint    ] Safepoint "Cleanup", Time since last: 1006002083 ns, Reaching safepoint: 302375 ns, At safepoint: 6625 ns, Total: 309000 ns
[2022-09-21T08:38:23.921+0000][7][safepoint    ] Safepoint "Cleanup", Time since last: 1001448626 ns, Reaching safepoint: 299917 ns, At safepoint: 5583 ns, Total: 305500 ns
[2022-09-21T08:38:24.926+0000][7][safepoint    ] Safepoint "Cleanup", Time since last: 1004147417 ns, Reaching safepoint: 347583 ns, At safepoint: 10125 ns, Total: 357708 ns
[2022-09-21T08:38:25.933+0000][7][safepoint    ] Safepoint "Cleanup", Time since last: 1006667418 ns, Reaching safepoint: 799708 ns, At safepoint: 11083 ns, Total: 810791 ns
[2022-09-21T08:38:26.940+0000][7][safepoint    ] Safepoint "Cleanup", Time since last: 1006025126 ns, Reaching safepoint: 496666 ns, At safepoint: 10375 ns, Total: 507041 ns
[2022-09-21T08:38:27.943+0000][7][safepoint    ] Safepoint "Cleanup", Time since last: 1003286376 ns, Reaching safepoint: 323917 ns, At safepoint: 10583 ns, Total: 334500 ns
[2022-09-21T08:38:28.948+0000][7][safepoint    ] Safepoint "Cleanup", Time since last: 1004174542 ns, Reaching safepoint: 458583 ns, At safepoint: 9042 ns, Total: 467625 ns
[2022-09-21T08:38:29.953+0000][7][safepoint    ] Safepoint "Cleanup", Time since last: 1004687792 ns, Reaching safepoint: 629959 ns, At safepoint: 10791 ns, Total: 640750 ns
[2022-09-21T08:38:30.960+0000][7][safepoint    ] Safepoint "Cleanup", Time since last: 1006482376 ns, Reaching safepoint: 323500 ns, At safepoint: 5291 ns, Total: 328791 ns
[2022-09-21T08:38:31.963+0000][7][safepoint    ] Safepoint "Cleanup", Time since last: 1002434292 ns, Reaching safepoint: 609000 ns, At safepoint: 9834 ns, Total: 618834 ns
[2022-09-21T08:38:32.977+0000][7][safepoint    ] Safepoint "Cleanup", Time since last: 1013227875 ns, Reaching safepoint: 540000 ns, At safepoint: 12459 ns, Total: 552459 ns
[2022-09-21T08:38:33.980+0000][7][safepoint    ] Safepoint "Cleanup", Time since last: 1002940583 ns, Reaching safepoint: 239000 ns, At safepoint: 4917 ns, Total: 243917 ns
[2022-09-21T08:38:34.986+0000][7][safepoint    ] Safepoint "Cleanup", Time since last: 1004850459 ns, Reaching safepoint: 1285458 ns, At safepoint: 13750 ns, Total: 1299208 ns
[2022-09-21T08:38:35.988+0000][7][safepoint    ] Safepoint "Cleanup", Time since last: 1001663084 ns, Reaching safepoint: 129625 ns, At safepoint: 3125 ns, Total: 132750 ns
[2022-09-21T08:38:36.572+0000][7][safepoint    ] Safepoint "ICBufferFull", Time since last: 583521209 ns, Reaching safepoint: 372458 ns, At safepoint: 4917 ns, Total: 377375 ns
[2022-09-21T08:38:37.709+0000][7][gc,start     ] GC(23) Pause Young (Normal) (G1 Evacuation Pause)
[2022-09-21T08:38:37.710+0000][7][gc,task      ] GC(23) Using 4 workers of 4 for evacuation
[2022-09-21T08:38:37.710+0000][7][gc,age       ] GC(23) Desired survivor size 19922944 bytes, new threshold 15 (max threshold 15)
[2022-09-21T08:38:37.742+0000][7][gc,age       ] GC(23) Age table with threshold 15 (max threshold 15)
[2022-09-21T08:38:37.743+0000][7][gc,age       ] GC(23) - age   1:    1673048 bytes,    1673048 total
[2022-09-21T08:38:37.744+0000][7][gc,age       ] GC(23) - age   2:    1914096 bytes,    3587144 total
[2022-09-21T08:38:37.745+0000][7][gc,age       ] GC(23) - age   3:     224264 bytes,    3811408 total
[2022-09-21T08:38:37.746+0000][7][gc,age       ] GC(23) - age   4:    2372392 bytes,    6183800 total
[2022-09-21T08:38:37.747+0000][7][gc,age       ] GC(23) - age   5:    1842544 bytes,    8026344 total
[2022-09-21T08:38:37.747+0000][7][gc,age       ] GC(23) - age   6:    2172360 bytes,   10198704 total
[2022-09-21T08:38:37.748+0000][7][gc,age       ] GC(23) - age   7:     434480 bytes,   10633184 total
[2022-09-21T08:38:37.748+0000][7][gc,age       ] GC(23) - age   8:    4020640 bytes,   14653824 total
[2022-09-21T08:38:37.749+0000][7][gc,phases    ] GC(23)   Pre Evacuate Collection Set: 0.2ms
[2022-09-21T08:38:37.750+0000][7][gc,phases    ] GC(23)   Merge Heap Roots: 0.2ms
[2022-09-21T08:38:37.750+0000][7][gc,phases    ] GC(23)   Evacuate Collection Set: 28.8ms
[2022-09-21T08:38:37.750+0000][7][gc,phases    ] GC(23)   Post Evacuate Collection Set: 1.7ms
[2022-09-21T08:38:37.751+0000][7][gc,phases    ] GC(23)   Other: 9.1ms
[2022-09-21T08:38:37.752+0000][7][gc,heap      ] GC(23) Eden regions: 287->0(287)
[2022-09-21T08:38:37.752+0000][7][gc,heap      ] GC(23) Survivor regions: 15->15(38)
[2022-09-21T08:38:37.753+0000][7][gc,heap      ] GC(23) Old regions: 60->60
[2022-09-21T08:38:37.753+0000][7][gc,heap      ] GC(23) Archive regions: 0->0
[2022-09-21T08:38:37.754+0000][7][gc,heap      ] GC(23) Humongous regions: 7->7
[2022-09-21T08:38:37.754+0000][7][gc,metaspace ] GC(23) Metaspace: 108234K(116520K)->108234K(116520K) NonClass: 94357K(99292K)->94357K(99292K) Class: 13877K(17228K)->13877K(17228K)
[2022-09-21T08:38:37.755+0000][7][gc           ] GC(23) Pause Young (Normal) (G1 Evacuation Pause) 368M->81M(512M) 45.685ms
[2022-09-21T08:38:37.755+0000][7][gc,cpu       ] GC(23) User=0.11s Sys=0.00s Real=0.05s
[2022-09-21T08:38:37.756+0000][7][safepoint    ] Safepoint "G1CollectForAllocation", Time since last: 1136931084 ns, Reaching safepoint: 212458 ns, At safepoint: 46987333 ns, Total: 47199791 ns
[2022-09-21T08:38:38.213+0000][7][safepoint    ] Safepoint "ICBufferFull", Time since last: 456976459 ns, Reaching safepoint: 252583 ns, At safepoint: 3958 ns, Total: 256541 ns
[2022-09-21T08:38:40.079+0000][7][safepoint    ] Safepoint "Cleanup", Time since last: 1865310668 ns, Reaching safepoint: 587917 ns, At safepoint: 6000 ns, Total: 593917 ns
[2022-09-21T08:38:41.082+0000][7][safepoint    ] Safepoint "Cleanup", Time since last: 1002541250 ns, Reaching safepoint: 145875 ns, At safepoint: 2917 ns, Total: 148792 ns
[2022-09-21T08:38:42.083+0000][7][safepoint    ] Safepoint "Cleanup", Time since last: 1001255917 ns, Reaching safepoint: 288125 ns, At safepoint: 6625 ns, Total: 294750 ns
[2022-09-21T08:38:43.088+0000][7][safepoint    ] Safepoint "Cleanup", Time since last: 1003842917 ns, Reaching safepoint: 604833 ns, At safepoint: 11750 ns, Total: 616583 ns
[2022-09-21T08:38:44.093+0000][7][safepoint    ] Safepoint "Cleanup", Time since last: 1004605876 ns, Reaching safepoint: 406958 ns, At safepoint: 5750 ns, Total: 412708 ns
[2022-09-21T08:38:45.098+0000][7][safepoint    ] Safepoint "Cleanup", Time since last: 1003925375 ns, Reaching safepoint: 280625 ns, At safepoint: 7958 ns, Total: 288583 ns
[2022-09-21T08:38:46.105+0000][7][safepoint    ] Safepoint "Cleanup", Time since last: 1007225001 ns, Reaching safepoint: 149500 ns, At safepoint: 5042 ns, Total: 154542 ns
[2022-09-21T08:38:47.110+0000][7][safepoint    ] Safepoint "Cleanup", Time since last: 1004493083 ns, Reaching safepoint: 290584 ns, At safepoint: 6750 ns, Total: 297334 ns
[2022-09-21T08:38:48.116+0000][7][safepoint    ] Safepoint "Cleanup", Time since last: 1005048375 ns, Reaching safepoint: 788250 ns, At safepoint: 13792 ns, Total: 802042 ns
[2022-09-21T08:38:49.125+0000][7][safepoint    ] Safepoint "Cleanup", Time since last: 1008996875 ns, Reaching safepoint: 245417 ns, At safepoint: 10000 ns, Total: 255417 ns
[2022-09-21T08:38:50.519+0000][7][safepoint    ] Safepoint "Cleanup", Time since last: 1392886626 ns, Reaching safepoint: 767583 ns, At safepoint: 10042 ns, Total: 777625 ns
[2022-09-21T08:38:51.524+0000][7][safepoint    ] Safepoint "Cleanup", Time since last: 1004887375 ns, Reaching safepoint: 275708 ns, At safepoint: 5459 ns, Total: 281167 ns
[2022-09-21T08:38:52.528+0000][7][safepoint    ] Safepoint "Cleanup", Time since last: 1003563375 ns, Reaching safepoint: 242334 ns, At safepoint: 4500 ns, Total: 246834 ns
[2022-09-21T08:38:53.536+0000][7][safepoint    ] Safepoint "Cleanup", Time since last: 1008201625 ns, Reaching safepoint: 444417 ns, At safepoint: 7958 ns, Total: 452375 ns
[2022-09-21T08:38:54.909+0000][7][safepoint    ] Safepoint "Cleanup", Time since last: 1372288126 ns, Reaching safepoint: 428416 ns, At safepoint: 9292 ns, Total: 437708 ns
[2022-09-21T08:38:55.919+0000][7][safepoint    ] Safepoint "Cleanup", Time since last: 1008994084 ns, Reaching safepoint: 513583 ns, At safepoint: 7042 ns, Total: 520625 ns
[2022-09-21T08:38:56.925+0000][7][safepoint    ] Safepoint "Cleanup", Time since last: 1005729584 ns, Reaching safepoint: 423791 ns, At safepoint: 7542 ns, Total: 431333 ns
[2022-09-21T08:38:57.934+0000][7][safepoint    ] Safepoint "Cleanup", Time since last: 1007441876 ns, Reaching safepoint: 1259916 ns, At safepoint: 11667 ns, Total: 1271583 ns
[2022-09-21T08:38:58.937+0000][7][safepoint    ] Safepoint "Cleanup", Time since last: 1002884584 ns, Reaching safepoint: 287625 ns, At safepoint: 16333 ns, Total: 303958 ns
[2022-09-21T08:38:59.940+0000][7][safepoint    ] Safepoint "Cleanup", Time since last: 1002500501 ns, Reaching safepoint: 509250 ns, At safepoint: 8875 ns, Total: 518125 ns
[2022-09-21T08:39:00.951+0000][7][safepoint    ] Safepoint "Cleanup", Time since last: 1011196875 ns, Reaching safepoint: 252208 ns, At safepoint: 6209 ns, Total: 258417 ns
[2022-09-21T08:39:01.955+0000][7][safepoint    ] Safepoint "Cleanup", Time since last: 1003477375 ns, Reaching safepoint: 267458 ns, At safepoint: 5209 ns, Total: 272667 ns
[2022-09-21T08:39:02.967+0000][7][safepoint    ] Safepoint "Cleanup", Time since last: 1011151625 ns, Reaching safepoint: 570750 ns, At safepoint: 12334 ns, Total: 583084 ns
[2022-09-21T08:39:03.975+0000][7][safepoint    ] Safepoint "Cleanup", Time since last: 1008039583 ns, Reaching safepoint: 447917 ns, At safepoint: 6083 ns, Total: 454000 ns
[2022-09-21T08:39:04.980+0000][7][safepoint    ] Safepoint "Cleanup", Time since last: 1004148626 ns, Reaching safepoint: 556333 ns, At safepoint: 7875 ns, Total: 564208 ns
[2022-09-21T08:39:06.726+0000][7][safepoint    ] Safepoint "Cleanup", Time since last: 1745003001 ns, Reaching safepoint: 858625 ns, At safepoint: 10375 ns, Total: 869000 ns
[2022-09-21T08:39:08.363+0000][7][safepoint    ] Safepoint "Cleanup", Time since last: 1637021334 ns, Reaching safepoint: 388959 ns, At safepoint: 17625 ns, Total: 406584 ns
[2022-09-21T08:39:09.847+0000][7][safepoint    ] Safepoint "Cleanup", Time since last: 1483532084 ns, Reaching safepoint: 513041 ns, At safepoint: 7500 ns, Total: 520541 ns
[2022-09-21T08:39:10.853+0000][7][safepoint    ] Safepoint "Cleanup", Time since last: 1003290209 ns, Reaching safepoint: 2203167 ns, At safepoint: 15375 ns, Total: 2218542 ns
[2022-09-21T08:39:11.859+0000][7][safepoint    ] Safepoint "Cleanup", Time since last: 1005641834 ns, Reaching safepoint: 788750 ns, At safepoint: 12458 ns, Total: 801208 ns
[2022-09-21T08:39:12.889+0000][7][safepoint    ] Safepoint "Cleanup", Time since last: 1027808209 ns, Reaching safepoint: 2021333 ns, At safepoint: 24542 ns, Total: 2045875 ns
[2022-09-21T08:39:13.901+0000][7][safepoint    ] Safepoint "Cleanup", Time since last: 1006274667 ns, Reaching safepoint: 5174666 ns, At safepoint: 23250 ns, Total: 5197916 ns
[2022-09-21T08:39:14.917+0000][7][safepoint    ] Safepoint "Cleanup", Time since last: 1008821833 ns, Reaching safepoint: 1066042 ns, At safepoint: 11792 ns, Total: 1077834 ns
[2022-09-21T08:39:15.936+0000][7][safepoint    ] Safepoint "Cleanup", Time since last: 1017288042 ns, Reaching safepoint: 1289833 ns, At safepoint: 18833 ns, Total: 1308666 ns
[2022-09-21T08:39:16.943+0000][7][safepoint    ] Safepoint "Cleanup", Time since last: 1007586043 ns, Reaching safepoint: 231708 ns, At safepoint: 3958 ns, Total: 235666 ns
[2022-09-21T08:39:17.948+0000][7][safepoint    ] Safepoint "Cleanup", Time since last: 1003850709 ns, Reaching safepoint: 678875 ns, At safepoint: 25000 ns, Total: 703875 ns
[2022-09-21T08:39:18.956+0000][7][safepoint    ] Safepoint "Cleanup", Time since last: 1007877709 ns, Reaching safepoint: 104167 ns, At safepoint: 2041 ns, Total: 106208 ns
[2022-09-21T08:39:19.960+0000][7][safepoint    ] Safepoint "Cleanup", Time since last: 1003785751 ns, Reaching safepoint: 437291 ns, At safepoint: 4584 ns, Total: 441875 ns
[2022-09-21T08:39:20.967+0000][7][safepoint    ] Safepoint "Cleanup", Time since last: 1006217959 ns, Reaching safepoint: 291000 ns, At safepoint: 6333 ns, Total: 297333 ns
[2022-09-21T08:39:22.238+0000][7][safepoint    ] Safepoint "Cleanup", Time since last: 1270856459 ns, Reaching safepoint: 302666 ns, At safepoint: 6250 ns, Total: 308916 ns
[2022-09-21T08:39:23.280+0000][7][safepoint    ] Safepoint "Cleanup", Time since last: 1041523834 ns, Reaching safepoint: 432750 ns, At safepoint: 41792 ns, Total: 474542 ns
[2022-09-21T08:39:24.290+0000][7][safepoint    ] Safepoint "Cleanup", Time since last: 1004763209 ns, Reaching safepoint: 5498791 ns, At safepoint: 34709 ns, Total: 5533500 ns
[2022-09-21T08:39:25.319+0000][7][safepoint    ] Safepoint "Cleanup", Time since last: 1027729875 ns, Reaching safepoint: 1019042 ns, At safepoint: 3708 ns, Total: 1022750 ns
[2022-09-21T08:39:26.335+0000][7][safepoint    ] Safepoint "Cleanup", Time since last: 1014281334 ns, Reaching safepoint: 1336917 ns, At safepoint: 11166 ns, Total: 1348083 ns
[2022-09-21T08:39:27.348+0000][7][safepoint    ] Safepoint "Cleanup", Time since last: 1013236918 ns, Reaching safepoint: 323541 ns, At safepoint: 6584 ns, Total: 330125 ns
[2022-09-21T08:39:28.351+0000][7][safepoint    ] Safepoint "Cleanup", Time since last: 1002812583 ns, Reaching safepoint: 300625 ns, At safepoint: 5500 ns, Total: 306125 ns
[2022-09-21T08:39:29.355+0000][7][safepoint    ] Safepoint "Cleanup", Time since last: 1003482918 ns, Reaching safepoint: 609333 ns, At safepoint: 23500 ns, Total: 632833 ns
[2022-09-21T08:39:30.361+0000][7][safepoint    ] Safepoint "Cleanup", Time since last: 1005847000 ns, Reaching safepoint: 131500 ns, At safepoint: 3209 ns, Total: 134709 ns
[2022-09-21T08:39:31.365+0000][7][safepoint    ] Safepoint "Cleanup", Time since last: 1003017917 ns, Reaching safepoint: 957208 ns, At safepoint: 13333 ns, Total: 970541 ns
[2022-09-21T08:39:32.372+0000][7][safepoint    ] Safepoint "Cleanup", Time since last: 1006484834 ns, Reaching safepoint: 550750 ns, At safepoint: 22917 ns, Total: 573667 ns
[2022-09-21T08:39:33.378+0000][7][safepoint    ] Safepoint "Cleanup", Time since last: 1004721125 ns, Reaching safepoint: 481292 ns, At safepoint: 11792 ns, Total: 493084 ns
[2022-09-21T08:39:34.387+0000][7][safepoint    ] Safepoint "Cleanup", Time since last: 1008789417 ns, Reaching safepoint: 320417 ns, At safepoint: 4541 ns, Total: 324958 ns
[2022-09-21T08:39:35.392+0000][7][safepoint    ] Safepoint "Cleanup", Time since last: 1004723501 ns, Reaching safepoint: 222166 ns, At safepoint: 4959 ns, Total: 227125 ns
[2022-09-21T08:39:36.396+0000][7][safepoint    ] Safepoint "Cleanup", Time since last: 1003469209 ns, Reaching safepoint: 466333 ns, At safepoint: 7250 ns, Total: 473583 ns
[2022-09-21T08:39:37.404+0000][7][safepoint    ] Safepoint "Cleanup", Time since last: 1007584000 ns, Reaching safepoint: 781042 ns, At safepoint: 8292 ns, Total: 789334 ns
[2022-09-21T08:39:38.408+0000][7][safepoint    ] Safepoint "Cleanup", Time since last: 1003446792 ns, Reaching safepoint: 290792 ns, At safepoint: 5541 ns, Total: 296333 ns
[2022-09-21T08:39:39.411+0000][7][safepoint    ] Safepoint "Cleanup", Time since last: 1003377417 ns, Reaching safepoint: 330167 ns, At safepoint: 7167 ns, Total: 337334 ns
[2022-09-21T08:39:40.416+0000][7][safepoint    ] Safepoint "Cleanup", Time since last: 1004517167 ns, Reaching safepoint: 234625 ns, At safepoint: 3208 ns, Total: 237833 ns
[2022-09-21T08:39:41.425+0000][7][safepoint    ] Safepoint "Cleanup", Time since last: 1008560292 ns, Reaching safepoint: 416750 ns, At safepoint: 7500 ns, Total: 424250 ns
[2022-09-21T08:39:42.434+0000][7][safepoint    ] Safepoint "Cleanup", Time since last: 1008010459 ns, Reaching safepoint: 301750 ns, At safepoint: 7250 ns, Total: 309000 ns
[2022-09-21T08:39:43.438+0000][7][safepoint    ] Safepoint "Cleanup", Time since last: 1004009667 ns, Reaching safepoint: 202792 ns, At safepoint: 4333 ns, Total: 207125 ns
[2022-09-21T08:39:44.445+0000][7][safepoint    ] Safepoint "Cleanup", Time since last: 1006417834 ns, Reaching safepoint: 566500 ns, At safepoint: 8958 ns, Total: 575458 ns
[2022-09-21T08:39:45.444+0000][7][safepoint    ] Safepoint "Cleanup", Time since last: 1007665209 ns, Reaching safepoint: 187917 ns, At safepoint: 9875 ns, Total: 197792 ns
[2022-09-21T08:39:46.448+0000][7][safepoint    ] Safepoint "Cleanup", Time since last: 1003579750 ns, Reaching safepoint: 427792 ns, At safepoint: 9666 ns, Total: 437458 ns
[2022-09-21T08:39:47.453+0000][7][safepoint    ] Safepoint "Cleanup", Time since last: 1004214584 ns, Reaching safepoint: 201792 ns, At safepoint: 3458 ns, Total: 205250 ns
[2022-09-21T08:39:48.457+0000][7][safepoint    ] Safepoint "Cleanup", Time since last: 1003355959 ns, Reaching safepoint: 908833 ns, At safepoint: 13584 ns, Total: 922417 ns
[2022-09-21T08:39:49.462+0000][7][safepoint    ] Safepoint "Cleanup", Time since last: 1004205292 ns, Reaching safepoint: 405625 ns, At safepoint: 6041 ns, Total: 411666 ns
[2022-09-21T08:39:50.465+0000][7][safepoint    ] Safepoint "Cleanup", Time since last: 1003472084 ns, Reaching safepoint: 123417 ns, At safepoint: 6917 ns, Total: 130334 ns
[2022-09-21T08:39:51.468+0000][7][safepoint    ] Safepoint "Cleanup", Time since last: 1002613667 ns, Reaching safepoint: 429458 ns, At safepoint: 26042 ns, Total: 455500 ns
[2022-09-21T08:39:52.474+0000][7][safepoint    ] Safepoint "Cleanup", Time since last: 1005026250 ns, Reaching safepoint: 676417 ns, At safepoint: 9625 ns, Total: 686042 ns
[2022-09-21T08:39:53.482+0000][7][safepoint    ] Safepoint "Cleanup", Time since last: 1007276625 ns, Reaching safepoint: 387292 ns, At safepoint: 8792 ns, Total: 396084 ns
[2022-09-21T08:39:54.487+0000][7][safepoint    ] Safepoint "Cleanup", Time since last: 1005166125 ns, Reaching safepoint: 307709 ns, At safepoint: 5291 ns, Total: 313000 ns
[2022-09-21T08:39:55.492+0000][7][safepoint    ] Safepoint "Cleanup", Time since last: 1004735959 ns, Reaching safepoint: 494667 ns, At safepoint: 6083 ns, Total: 500750 ns
[2022-09-21T08:39:56.496+0000][7][safepoint    ] Safepoint "Cleanup", Time since last: 1003447167 ns, Reaching safepoint: 502417 ns, At safepoint: 10125 ns, Total: 512542 ns
[2022-09-21T08:39:57.501+0000][7][safepoint    ] Safepoint "Cleanup", Time since last: 1004262375 ns, Reaching safepoint: 393625 ns, At safepoint: 9042 ns, Total: 402667 ns
[2022-09-21T08:39:58.507+0000][7][safepoint    ] Safepoint "Cleanup", Time since last: 1005714042 ns, Reaching safepoint: 349417 ns, At safepoint: 6541 ns, Total: 355958 ns
[2022-09-21T08:39:59.511+0000][7][safepoint    ] Safepoint "Cleanup", Time since last: 1003598959 ns, Reaching safepoint: 405500 ns, At safepoint: 6417 ns, Total: 411917 ns
[2022-09-21T08:40:00.516+0000][7][safepoint    ] Safepoint "Cleanup", Time since last: 1005069500 ns, Reaching safepoint: 335917 ns, At safepoint: 70708 ns, Total: 406625 ns
[2022-09-21T08:40:01.522+0000][7][safepoint    ] Safepoint "Cleanup", Time since last: 1005645501 ns, Reaching safepoint: 282042 ns, At safepoint: 5875 ns, Total: 287917 ns
[2022-09-21T08:40:02.529+0000][7][safepoint    ] Safepoint "Cleanup", Time since last: 1006551708 ns, Reaching safepoint: 281792 ns, At safepoint: 6000 ns, Total: 287792 ns
[2022-09-21T08:40:03.535+0000][7][safepoint    ] Safepoint "Cleanup", Time since last: 1004655209 ns, Reaching safepoint: 576042 ns, At safepoint: 13833 ns, Total: 589875 ns
[2022-09-21T08:40:04.544+0000][7][safepoint    ] Safepoint "Cleanup", Time since last: 1009137459 ns, Reaching safepoint: 415041 ns, At safepoint: 6000 ns, Total: 421041 ns
[2022-09-21T08:40:05.548+0000][7][safepoint    ] Safepoint "Cleanup", Time since last: 1003915501 ns, Reaching safepoint: 154500 ns, At safepoint: 3208 ns, Total: 157708 ns
[2022-09-21T08:40:06.553+0000][7][safepoint    ] Safepoint "Cleanup", Time since last: 1004348709 ns, Reaching safepoint: 362875 ns, At safepoint: 6167 ns, Total: 369042 ns
[2022-09-21T08:40:07.560+0000][7][safepoint    ] Safepoint "Cleanup", Time since last: 1006335250 ns, Reaching safepoint: 319958 ns, At safepoint: 6459 ns, Total: 326417 ns
[2022-09-21T08:40:08.568+0000][7][safepoint    ] Safepoint "Cleanup", Time since last: 1008082375 ns, Reaching safepoint: 549792 ns, At safepoint: 9667 ns, Total: 559459 ns
[2022-09-21T08:40:09.580+0000][7][safepoint    ] Safepoint "Cleanup", Time since last: 1010267667 ns, Reaching safepoint: 1873083 ns, At safepoint: 24125 ns, Total: 1897208 ns
[2022-09-21T08:40:10.601+0000][7][safepoint    ] Safepoint "Cleanup", Time since last: 1020501001 ns, Reaching safepoint: 282916 ns, At safepoint: 6250 ns, Total: 289166 ns
[2022-09-21T08:40:11.607+0000][7][safepoint    ] Safepoint "Cleanup", Time since last: 1005065001 ns, Reaching safepoint: 431125 ns, At safepoint: 10750 ns, Total: 441875 ns
[2022-09-21T08:40:12.611+0000][7][safepoint    ] Safepoint "Cleanup", Time since last: 1003484084 ns, Reaching safepoint: 957833 ns, At safepoint: 20167 ns, Total: 978000 ns
[2022-09-21T08:40:13.617+0000][7][safepoint    ] Safepoint "Cleanup", Time since last: 1005565625 ns, Reaching safepoint: 573375 ns, At safepoint: 6792 ns, Total: 580167 ns
[2022-09-21T08:40:14.623+0000][7][safepoint    ] Safepoint "Cleanup", Time since last: 1003663875 ns, Reaching safepoint: 383625 ns, At safepoint: 6708 ns, Total: 390333 ns
[2022-09-21T08:40:15.628+0000][7][safepoint    ] Safepoint "Cleanup", Time since last: 1004382126 ns, Reaching safepoint: 360500 ns, At safepoint: 5875 ns, Total: 366375 ns
[2022-09-21T08:40:16.634+0000][7][safepoint    ] Safepoint "Cleanup", Time since last: 1005354458 ns, Reaching safepoint: 494500 ns, At safepoint: 7709 ns, Total: 502209 ns
[2022-09-21T08:40:17.639+0000][7][safepoint    ] Safepoint "Cleanup", Time since last: 1005241125 ns, Reaching safepoint: 369209 ns, At safepoint: 6875 ns, Total: 376084 ns
[2022-09-21T08:40:18.647+0000][7][safepoint    ] Safepoint "Cleanup", Time since last: 1007427542 ns, Reaching safepoint: 331000 ns, At safepoint: 4750 ns, Total: 335750 ns
[2022-09-21T08:40:19.653+0000][7][safepoint    ] Safepoint "Cleanup", Time since last: 1005201584 ns, Reaching safepoint: 804583 ns, At safepoint: 16792 ns, Total: 821375 ns
[2022-09-21T08:40:20.658+0000][7][safepoint    ] Safepoint "Cleanup", Time since last: 1004973125 ns, Reaching safepoint: 262667 ns, At safepoint: 5458 ns, Total: 268125 ns
[2022-09-21T08:40:21.667+0000][7][safepoint    ] Safepoint "Cleanup", Time since last: 1008750501 ns, Reaching safepoint: 279708 ns, At safepoint: 4583 ns, Total: 284291 ns
[2022-09-21T08:40:22.672+0000][7][safepoint    ] Safepoint "Cleanup", Time since last: 1004559542 ns, Reaching safepoint: 516750 ns, At safepoint: 10917 ns, Total: 527667 ns
[2022-09-21T08:40:23.681+0000][7][safepoint    ] Safepoint "Cleanup", Time since last: 1007343834 ns, Reaching safepoint: 1081708 ns, At safepoint: 24375 ns, Total: 1106083 ns
[2022-09-21T08:40:24.692+0000][7][safepoint    ] Safepoint "Cleanup", Time since last: 1010973667 ns, Reaching safepoint: 343542 ns, At safepoint: 8208 ns, Total: 351750 ns
[2022-09-21T08:40:25.697+0000][7][safepoint    ] Safepoint "Cleanup", Time since last: 1004540584 ns, Reaching safepoint: 485417 ns, At safepoint: 8000 ns, Total: 493417 ns
[2022-09-21T08:40:26.703+0000][7][safepoint    ] Safepoint "Cleanup", Time since last: 1005127084 ns, Reaching safepoint: 259458 ns, At safepoint: 4167 ns, Total: 263625 ns
[2022-09-21T08:40:27.711+0000][7][safepoint    ] Safepoint "Cleanup", Time since last: 1003698000 ns, Reaching safepoint: 4308167 ns, At safepoint: 13583 ns, Total: 4321750 ns
[2022-09-21T08:40:28.715+0000][7][safepoint    ] Safepoint "Cleanup", Time since last: 1004233626 ns, Reaching safepoint: 499166 ns, At safepoint: 14375 ns, Total: 513541 ns
[2022-09-21T08:40:29.721+0000][7][safepoint    ] Safepoint "Cleanup", Time since last: 1005433959 ns, Reaching safepoint: 398750 ns, At safepoint: 6042 ns, Total: 404792 ns
[2022-09-21T08:40:30.725+0000][7][safepoint    ] Safepoint "Cleanup", Time since last: 1002881125 ns, Reaching safepoint: 578625 ns, At safepoint: 7500 ns, Total: 586125 ns
[2022-09-21T08:40:31.729+0000][7][safepoint    ] Safepoint "Cleanup", Time since last: 1003675167 ns, Reaching safepoint: 1022542 ns, At safepoint: 12708 ns, Total: 1035250 ns
[2022-09-21T08:40:32.740+0000][7][safepoint    ] Safepoint "Cleanup", Time since last: 1009782626 ns, Reaching safepoint: 496250 ns, At safepoint: 5458 ns, Total: 501708 ns
[2022-09-21T08:40:33.744+0000][7][safepoint    ] Safepoint "Cleanup", Time since last: 1003995751 ns, Reaching safepoint: 413833 ns, At safepoint: 6917 ns, Total: 420750 ns
[2022-09-21T08:40:34.751+0000][7][safepoint    ] Safepoint "Cleanup", Time since last: 1006289417 ns, Reaching safepoint: 393500 ns, At safepoint: 4916 ns, Total: 398416 ns
[2022-09-21T08:40:35.765+0000][7][safepoint    ] Safepoint "Cleanup", Time since last: 1013325834 ns, Reaching safepoint: 1129959 ns, At safepoint: 13625 ns, Total: 1143584 ns
[2022-09-21T08:40:36.779+0000][7][safepoint    ] Safepoint "Cleanup", Time since last: 1009174458 ns, Reaching safepoint: 4296375 ns, At safepoint: 19542 ns, Total: 4315917 ns
[2022-09-21T08:40:38.216+0000][7][safepoint    ] Safepoint "Cleanup", Time since last: 1433476417 ns, Reaching safepoint: 3826500 ns, At safepoint: 23584 ns, Total: 3850084 ns
[2022-09-21T08:40:39.547+0000][7][safepoint    ] Safepoint "Cleanup", Time since last: 1324689834 ns, Reaching safepoint: 6127041 ns, At safepoint: 62667 ns, Total: 6189708 ns
[2022-09-21T08:40:40.577+0000][7][safepoint    ] Safepoint "Cleanup", Time since last: 1026696167 ns, Reaching safepoint: 3520834 ns, At safepoint: 29125 ns, Total: 3549959 ns
[2022-09-21T08:40:41.589+0000][7][safepoint    ] Safepoint "Cleanup", Time since last: 1009652917 ns, Reaching safepoint: 2576791 ns, At safepoint: 15417 ns, Total: 2592208 ns
[2022-09-21T08:40:43.548+0000][7][safepoint    ] Safepoint "Cleanup", Time since last: 1954100834 ns, Reaching safepoint: 4684375 ns, At safepoint: 46875 ns, Total: 4731250 ns
[2022-09-21T08:40:45.277+0000][7][safepoint    ] Safepoint "Cleanup", Time since last: 1730387083 ns, Reaching safepoint: 534209 ns, At safepoint: 6958 ns, Total: 541167 ns
[2022-09-21T08:40:46.287+0000][7][safepoint    ] Safepoint "Cleanup", Time since last: 1009311417 ns, Reaching safepoint: 1259417 ns, At safepoint: 12292 ns, Total: 1271709 ns
[2022-09-21T08:40:47.293+0000][7][safepoint    ] Safepoint "Cleanup", Time since last: 1005209250 ns, Reaching safepoint: 368417 ns, At safepoint: 7291 ns, Total: 375708 ns
[2022-09-21T08:40:48.299+0000][7][safepoint    ] Safepoint "Cleanup", Time since last: 1006278793 ns, Reaching safepoint: 279958 ns, At safepoint: 5333 ns, Total: 285291 ns
[2022-09-21T08:40:49.308+0000][7][safepoint    ] Safepoint "Cleanup", Time since last: 1008180626 ns, Reaching safepoint: 142500 ns, At safepoint: 3125 ns, Total: 145625 ns
[2022-09-21T08:40:50.972+0000][7][safepoint    ] Safepoint "Cleanup", Time since last: 1664184292 ns, Reaching safepoint: 237292 ns, At safepoint: 4333 ns, Total: 241625 ns
[2022-09-21T08:40:51.978+0000][7][safepoint    ] Safepoint "Cleanup", Time since last: 1005047751 ns, Reaching safepoint: 353125 ns, At safepoint: 18333 ns, Total: 371458 ns
[2022-09-21T08:40:53.011+0000][7][safepoint    ] Safepoint "Cleanup", Time since last: 1032755876 ns, Reaching safepoint: 500458 ns, At safepoint: 19083 ns, Total: 519541 ns
[2022-09-21T08:40:54.023+0000][7][safepoint    ] Safepoint "Cleanup", Time since last: 1008486376 ns, Reaching safepoint: 3730083 ns, At safepoint: 33458 ns, Total: 3763541 ns
[2022-09-21T08:40:55.050+0000][7][safepoint    ] Safepoint "Cleanup", Time since last: 1024113126 ns, Reaching safepoint: 2372333 ns, At safepoint: 7583 ns, Total: 2379916 ns
[2022-09-21T08:40:56.057+0000][7][safepoint    ] Safepoint "Cleanup", Time since last: 1005675126 ns, Reaching safepoint: 1541542 ns, At safepoint: 16916 ns, Total: 1558458 ns
[2022-09-21T08:40:57.068+0000][7][safepoint    ] Safepoint "Cleanup", Time since last: 1010359792 ns, Reaching safepoint: 443084 ns, At safepoint: 37875 ns, Total: 480959 ns
[2022-09-21T08:40:58.072+0000][7][safepoint    ] Safepoint "Cleanup", Time since last: 1003928334 ns, Reaching safepoint: 216750 ns, At safepoint: 4625 ns, Total: 221375 ns
[2022-09-21T08:40:59.077+0000][7][safepoint    ] Safepoint "Cleanup", Time since last: 1004458708 ns, Reaching safepoint: 306209 ns, At safepoint: 4083 ns, Total: 310292 ns
[2022-09-21T08:41:00.084+0000][7][safepoint    ] Safepoint "Cleanup", Time since last: 1006974917 ns, Reaching safepoint: 601750 ns, At safepoint: 11125 ns, Total: 612875 ns
[2022-09-21T08:41:01.089+0000][7][safepoint    ] Safepoint "Cleanup", Time since last: 1004185376 ns, Reaching safepoint: 740666 ns, At safepoint: 35792 ns, Total: 776458 ns
[2022-09-21T08:41:02.092+0000][7][safepoint    ] Safepoint "Cleanup", Time since last: 1002838459 ns, Reaching safepoint: 325375 ns, At safepoint: 6042 ns, Total: 331417 ns
[2022-09-21T08:41:03.097+0000][7][safepoint    ] Safepoint "Cleanup", Time since last: 1004079292 ns, Reaching safepoint: 362791 ns, At safepoint: 7667 ns, Total: 370458 ns
[2022-09-21T08:41:04.102+0000][7][safepoint    ] Safepoint "Cleanup", Time since last: 1004526542 ns, Reaching safepoint: 870042 ns, At safepoint: 7250 ns, Total: 877292 ns
[2022-09-21T08:41:05.111+0000][7][safepoint    ] Safepoint "Cleanup", Time since last: 1008146250 ns, Reaching safepoint: 233417 ns, At safepoint: 5417 ns, Total: 238834 ns
[2022-09-21T08:41:06.116+0000][7][safepoint    ] Safepoint "Cleanup", Time since last: 1004605000 ns, Reaching safepoint: 733333 ns, At safepoint: 254792 ns, Total: 988125 ns
[2022-09-21T08:41:07.123+0000][7][safepoint    ] Safepoint "Cleanup", Time since last: 1006470126 ns, Reaching safepoint: 617875 ns, At safepoint: 9791 ns, Total: 627666 ns
[2022-09-21T08:41:08.127+0000][7][safepoint    ] Safepoint "Cleanup", Time since last: 1003350751 ns, Reaching safepoint: 502958 ns, At safepoint: 8542 ns, Total: 511500 ns
[2022-09-21T08:41:09.132+0000][7][safepoint    ] Safepoint "Cleanup", Time since last: 1004880959 ns, Reaching safepoint: 239083 ns, At safepoint: 5875 ns, Total: 244958 ns
[2022-09-21T08:41:10.138+0000][7][safepoint    ] Safepoint "Cleanup", Time since last: 1004492917 ns, Reaching safepoint: 910083 ns, At safepoint: 32959 ns, Total: 943042 ns
[2022-09-21T08:41:11.144+0000][7][safepoint    ] Safepoint "Cleanup", Time since last: 1005475375 ns, Reaching safepoint: 420250 ns, At safepoint: 8625 ns, Total: 428875 ns
[2022-09-21T08:41:12.149+0000][7][safepoint    ] Safepoint "Cleanup", Time since last: 1005273792 ns, Reaching safepoint: 450250 ns, At safepoint: 6834 ns, Total: 457084 ns
[2022-09-21T08:41:13.156+0000][7][safepoint    ] Safepoint "Cleanup", Time since last: 1006559042 ns, Reaching safepoint: 403041 ns, At safepoint: 7459 ns, Total: 410500 ns
[2022-09-21T08:41:14.162+0000][7][safepoint    ] Safepoint "Cleanup", Time since last: 1005159792 ns, Reaching safepoint: 242708 ns, At safepoint: 19750 ns, Total: 262458 ns
[2022-09-21T08:41:15.173+0000][7][safepoint    ] Safepoint "Cleanup", Time since last: 1010287042 ns, Reaching safepoint: 425583 ns, At safepoint: 7667 ns, Total: 433250 ns
[2022-09-21T08:41:16.185+0000][7][safepoint    ] Safepoint "Cleanup", Time since last: 1012030542 ns, Reaching safepoint: 309250 ns, At safepoint: 5875 ns, Total: 315125 ns
[2022-09-21T08:41:17.190+0000][7][safepoint    ] Safepoint "Cleanup", Time since last: 1003949792 ns, Reaching safepoint: 623375 ns, At safepoint: 7042 ns, Total: 630417 ns
[2022-09-21T08:41:18.194+0000][7][safepoint    ] Safepoint "Cleanup", Time since last: 1004017667 ns, Reaching safepoint: 279250 ns, At safepoint: 5584 ns, Total: 284834 ns
[2022-09-21T08:41:19.198+0000][7][safepoint    ] Safepoint "Cleanup", Time since last: 1002912167 ns, Reaching safepoint: 1167541 ns, At safepoint: 19750 ns, Total: 1187291 ns
[2022-09-21T08:41:20.203+0000][7][safepoint    ] Safepoint "Cleanup", Time since last: 1004709751 ns, Reaching safepoint: 292583 ns, At safepoint: 5250 ns, Total: 297833 ns
[2022-09-21T08:41:21.209+0000][7][safepoint    ] Safepoint "Cleanup", Time since last: 1005402542 ns, Reaching safepoint: 381500 ns, At safepoint: 11125 ns, Total: 392625 ns
[2022-09-21T08:41:22.214+0000][7][safepoint    ] Safepoint "Cleanup", Time since last: 1004843626 ns, Reaching safepoint: 382500 ns, At safepoint: 8166 ns, Total: 390666 ns
[2022-09-21T08:41:23.219+0000][7][safepoint    ] Safepoint "Cleanup", Time since last: 1004446501 ns, Reaching safepoint: 210708 ns, At safepoint: 3959 ns, Total: 214667 ns
[2022-09-21T08:41:24.226+0000][7][safepoint    ] Safepoint "Cleanup", Time since last: 1006127708 ns, Reaching safepoint: 603209 ns, At safepoint: 6791 ns, Total: 610000 ns
[2022-09-21T08:41:25.236+0000][7][safepoint    ] Safepoint "Cleanup", Time since last: 1006955459 ns, Reaching safepoint: 3208792 ns, At safepoint: 81958 ns, Total: 3290750 ns
[2022-09-21T08:41:26.250+0000][7][safepoint    ] Safepoint "Cleanup", Time since last: 1014028376 ns, Reaching safepoint: 629958 ns, At safepoint: 7333 ns, Total: 637291 ns
[2022-09-21T08:41:27.251+0000][7][gc,start     ] GC(24) Pause Young (Normal) (G1 Evacuation Pause)
[2022-09-21T08:41:27.252+0000][7][gc,task      ] GC(24) Using 4 workers of 4 for evacuation
[2022-09-21T08:41:27.252+0000][7][gc,age       ] GC(24) Desired survivor size 19922944 bytes, new threshold 15 (max threshold 15)
[2022-09-21T08:41:27.296+0000][7][gc,age       ] GC(24) Age table with threshold 15 (max threshold 15)
[2022-09-21T08:41:27.297+0000][7][gc,age       ] GC(24) - age   1:    1354584 bytes,    1354584 total
[2022-09-21T08:41:27.297+0000][7][gc,age       ] GC(24) - age   2:     898088 bytes,    2252672 total
[2022-09-21T08:41:27.298+0000][7][gc,age       ] GC(24) - age   3:    1430064 bytes,    3682736 total
[2022-09-21T08:41:27.299+0000][7][gc,age       ] GC(24) - age   4:      83848 bytes,    3766584 total
[2022-09-21T08:41:27.299+0000][7][gc,age       ] GC(24) - age   5:    2061944 bytes,    5828528 total
[2022-09-21T08:41:27.300+0000][7][gc,age       ] GC(24) - age   6:    1660800 bytes,    7489328 total
[2022-09-21T08:41:27.301+0000][7][gc,age       ] GC(24) - age   7:    2168816 bytes,    9658144 total
[2022-09-21T08:41:27.301+0000][7][gc,age       ] GC(24) - age   8:     420136 bytes,   10078280 total
[2022-09-21T08:41:27.302+0000][7][gc,age       ] GC(24) - age   9:    4013792 bytes,   14092072 total
[2022-09-21T08:41:27.303+0000][7][gc,phases    ] GC(24)   Pre Evacuate Collection Set: 0.3ms
[2022-09-21T08:41:27.303+0000][7][gc,phases    ] GC(24)   Merge Heap Roots: 0.3ms
[2022-09-21T08:41:27.304+0000][7][gc,phases    ] GC(24)   Evacuate Collection Set: 40.0ms
[2022-09-21T08:41:27.304+0000][7][gc,phases    ] GC(24)   Post Evacuate Collection Set: 2.1ms
[2022-09-21T08:41:27.305+0000][7][gc,phases    ] GC(24)   Other: 9.2ms
[2022-09-21T08:41:27.305+0000][7][gc,heap      ] GC(24) Eden regions: 287->0(287)
[2022-09-21T08:41:27.306+0000][7][gc,heap      ] GC(24) Survivor regions: 15->15(38)
[2022-09-21T08:41:27.306+0000][7][gc,heap      ] GC(24) Old regions: 60->60
[2022-09-21T08:41:27.308+0000][7][gc,heap      ] GC(24) Archive regions: 0->0
[2022-09-21T08:41:27.308+0000][7][gc,heap      ] GC(24) Humongous regions: 7->7
[2022-09-21T08:41:27.309+0000][7][gc,metaspace ] GC(24) Metaspace: 109054K(117288K)->109054K(117288K) NonClass: 95134K(100060K)->95134K(100060K) Class: 13920K(17228K)->13920K(17228K)
[2022-09-21T08:41:27.309+0000][7][gc           ] GC(24) Pause Young (Normal) (G1 Evacuation Pause) 368M->81M(512M) 58.485ms
[2022-09-21T08:41:27.310+0000][7][gc,cpu       ] GC(24) User=0.14s Sys=0.00s Real=0.06s
[2022-09-21T08:41:27.311+0000][7][safepoint    ] Safepoint "G1CollectForAllocation", Time since last: 999588168 ns, Reaching safepoint: 648625 ns, At safepoint: 59951291 ns, Total: 60599916 ns
[2022-09-21T08:41:27.482+0000][7][safepoint    ] Safepoint "BulkRevokeBias", Time since last: 171119875 ns, Reaching safepoint: 210292 ns, At safepoint: 262125 ns, Total: 472417 ns
[2022-09-21T08:41:28.532+0000][7][safepoint    ] Safepoint "Cleanup", Time since last: 1049519459 ns, Reaching safepoint: 254041 ns, At safepoint: 3084 ns, Total: 257125 ns
[2022-09-21T08:41:28.534+0000][7][safepoint    ] Safepoint "BulkRevokeBias", Time since last: 1608875 ns, Reaching safepoint: 162500 ns, At safepoint: 111250 ns, Total: 273750 ns
[2022-09-21T08:41:28.537+0000][7][safepoint    ] Safepoint "BulkRevokeBias", Time since last: 2249208 ns, Reaching safepoint: 415667 ns, At safepoint: 270000 ns, Total: 685667 ns
[2022-09-21T08:41:29.539+0000][7][safepoint    ] Safepoint "Cleanup", Time since last: 1001351292 ns, Reaching safepoint: 390292 ns, At safepoint: 12291 ns, Total: 402583 ns
[2022-09-21T08:41:30.547+0000][7][safepoint    ] Safepoint "Cleanup", Time since last: 1007622501 ns, Reaching safepoint: 860083 ns, At safepoint: 14000 ns, Total: 874083 ns
[2022-09-21T08:41:31.552+0000][7][safepoint    ] Safepoint "Cleanup", Time since last: 1004639876 ns, Reaching safepoint: 557541 ns, At safepoint: 9709 ns, Total: 567250 ns
[2022-09-21T08:41:32.559+0000][7][safepoint    ] Safepoint "Cleanup", Time since last: 1006587250 ns, Reaching safepoint: 107583 ns, At safepoint: 2792 ns, Total: 110375 ns
[2022-09-21T08:41:33.560+0000][7][safepoint    ] Safepoint "Cleanup", Time since last: 1000874709 ns, Reaching safepoint: 487042 ns, At safepoint: 12041 ns, Total: 499083 ns
[2022-09-21T08:41:34.672+0000][7][safepoint    ] Safepoint "Cleanup", Time since last: 1110982459 ns, Reaching safepoint: 559958 ns, At safepoint: 9542 ns, Total: 569500 ns
[2022-09-21T08:41:35.738+0000][7][safepoint    ] Safepoint "Cleanup", Time since last: 1065357584 ns, Reaching safepoint: 321708 ns, At safepoint: 19250 ns, Total: 340958 ns
[2022-09-21T08:41:36.746+0000][7][safepoint    ] Safepoint "Cleanup", Time since last: 1007848167 ns, Reaching safepoint: 372667 ns, At safepoint: 6375 ns, Total: 379042 ns
[2022-09-21T08:41:38.232+0000][7][safepoint    ] Safepoint "Cleanup", Time since last: 1485271751 ns, Reaching safepoint: 487000 ns, At safepoint: 6875 ns, Total: 493875 ns
[2022-09-21T08:41:39.246+0000][7][safepoint    ] Safepoint "Cleanup", Time since last: 1013307834 ns, Reaching safepoint: 657000 ns, At safepoint: 12416 ns, Total: 669416 ns
[2022-09-21T08:41:40.687+0000][7][safepoint    ] Safepoint "Cleanup", Time since last: 1441393334 ns, Reaching safepoint: 207125 ns, At safepoint: 6459 ns, Total: 213584 ns
[2022-09-21T08:41:41.695+0000][7][safepoint    ] Safepoint "Cleanup", Time since last: 1007270500 ns, Reaching safepoint: 386500 ns, At safepoint: 8708 ns, Total: 395208 ns
[2022-09-21T08:41:42.701+0000][7][safepoint    ] Safepoint "Cleanup", Time since last: 1004922626 ns, Reaching safepoint: 928708 ns, At safepoint: 8125 ns, Total: 936833 ns
[2022-09-21T08:41:44.368+0000][7][safepoint    ] Safepoint "Cleanup", Time since last: 1666296126 ns, Reaching safepoint: 612583 ns, At safepoint: 8125 ns, Total: 620708 ns
[2022-09-21T08:41:46.377+0000][7][safepoint    ] Safepoint "Cleanup", Time since last: 2009509709 ns, Reaching safepoint: 473334 ns, At safepoint: 9000 ns, Total: 482334 ns
[2022-09-21T08:41:47.383+0000][7][safepoint    ] Safepoint "Cleanup", Time since last: 1006024417 ns, Reaching safepoint: 504208 ns, At safepoint: 10417 ns, Total: 514625 ns
[2022-09-21T08:41:50.397+0000][7][safepoint    ] Safepoint "Cleanup", Time since last: 3012931751 ns, Reaching safepoint: 517625 ns, At safepoint: 11167 ns, Total: 528792 ns
[2022-09-21T08:41:56.415+0000][7][safepoint    ] Safepoint "Cleanup", Time since last: 6017250336 ns, Reaching safepoint: 1234083 ns, At safepoint: 17584 ns, Total: 1251667 ns
[2022-09-21T08:41:59.424+0000][7][safepoint    ] Safepoint "Cleanup", Time since last: 3008404835 ns, Reaching safepoint: 471666 ns, At safepoint: 7834 ns, Total: 479500 ns
[2022-09-21T08:42:05.438+0000][7][safepoint    ] Safepoint "Cleanup", Time since last: 6013660252 ns, Reaching safepoint: 324875 ns, At safepoint: 9625 ns, Total: 334500 ns
[2022-09-21T08:42:10.488+0000][7][safepoint    ] Safepoint "Cleanup", Time since last: 5026446378 ns, Reaching safepoint: 22558166 ns, At safepoint: 135459 ns, Total: 22693625 ns
[2022-09-21T08:42:13.755+0000][7][safepoint    ] Safepoint "Cleanup", Time since last: 3266849918 ns, Reaching safepoint: 844167 ns, At safepoint: 9583 ns, Total: 853750 ns
[2022-09-21T08:42:15.107+0000][7][safepoint    ] Safepoint "Cleanup", Time since last: 1355294625 ns, Reaching safepoint: 947208 ns, At safepoint: 12917 ns, Total: 960125 ns
[2022-09-21T08:42:25.934+0000][7][safepoint    ] Safepoint "BulkRevokeBias", Time since last: 10826536255 ns, Reaching safepoint: 241917 ns, At safepoint: 143458 ns, Total: 385375 ns
[2022-09-21T08:42:26.938+0000][7][safepoint    ] Safepoint "Cleanup", Time since last: 1003624792 ns, Reaching safepoint: 410833 ns, At safepoint: 34250 ns, Total: 445083 ns
[2022-09-21T08:42:27.943+0000][7][safepoint    ] Safepoint "Cleanup", Time since last: 1004824584 ns, Reaching safepoint: 465542 ns, At safepoint: 10458 ns, Total: 476000 ns
[2022-09-21T08:42:28.950+0000][7][safepoint    ] Safepoint "Cleanup", Time since last: 1006762917 ns, Reaching safepoint: 327667 ns, At safepoint: 4625 ns, Total: 332292 ns
[2022-09-21T08:42:29.957+0000][7][safepoint    ] Safepoint "Cleanup", Time since last: 1006106542 ns, Reaching safepoint: 259833 ns, At safepoint: 4792 ns, Total: 264625 ns
[2022-09-21T08:42:30.962+0000][7][safepoint    ] Safepoint "Cleanup", Time since last: 1004543792 ns, Reaching safepoint: 534792 ns, At safepoint: 7542 ns, Total: 542334 ns
[2022-09-21T08:42:31.971+0000][7][safepoint    ] Safepoint "Cleanup", Time since last: 1008888542 ns, Reaching safepoint: 298375 ns, At safepoint: 4916 ns, Total: 303291 ns
[2022-09-21T08:42:33.009+0000][7][safepoint    ] Safepoint "Cleanup", Time since last: 1032856126 ns, Reaching safepoint: 5012208 ns, At safepoint: 40250 ns, Total: 5052458 ns
[2022-09-21T08:42:34.026+0000][7][safepoint    ] Safepoint "Cleanup", Time since last: 1013842917 ns, Reaching safepoint: 3242542 ns, At safepoint: 14542 ns, Total: 3257084 ns
[2022-09-21T08:42:35.044+0000][7][safepoint    ] Safepoint "Cleanup", Time since last: 1016545834 ns, Reaching safepoint: 940958 ns, At safepoint: 21417 ns, Total: 962375 ns
[2022-09-21T08:42:36.057+0000][7][safepoint    ] Safepoint "Cleanup", Time since last: 1009889833 ns, Reaching safepoint: 2631959 ns, At safepoint: 54416 ns, Total: 2686375 ns
[2022-09-21T08:42:37.072+0000][7][safepoint    ] Safepoint "Cleanup", Time since last: 1015199751 ns, Reaching safepoint: 620708 ns, At safepoint: 15084 ns, Total: 635792 ns
[2022-09-21T08:42:38.087+0000][7][safepoint    ] Safepoint "Cleanup", Time since last: 1013766542 ns, Reaching safepoint: 1078458 ns, At safepoint: 10333 ns, Total: 1088791 ns
[2022-09-21T08:42:39.096+0000][7][safepoint    ] Safepoint "Cleanup", Time since last: 1008475876 ns, Reaching safepoint: 254958 ns, At safepoint: 4250 ns, Total: 259208 ns
[2022-09-21T08:42:40.099+0000][7][safepoint    ] Safepoint "Cleanup", Time since last: 1002868751 ns, Reaching safepoint: 344750 ns, At safepoint: 11416 ns, Total: 356166 ns
[2022-09-21T08:42:41.107+0000][7][safepoint    ] Safepoint "Cleanup", Time since last: 1007356334 ns, Reaching safepoint: 904125 ns, At safepoint: 8167 ns, Total: 912292 ns
[2022-09-21T08:42:42.118+0000][7][safepoint    ] Safepoint "Cleanup", Time since last: 1009264834 ns, Reaching safepoint: 1452500 ns, At safepoint: 26208 ns, Total: 1478708 ns
[2022-09-21T08:42:43.137+0000][7][safepoint    ] Safepoint "Cleanup", Time since last: 1018663584 ns, Reaching safepoint: 989166 ns, At safepoint: 15375 ns, Total: 1004541 ns
[2022-09-21T08:42:44.157+0000][7][safepoint    ] Safepoint "Cleanup", Time since last: 1017142876 ns, Reaching safepoint: 1885625 ns, At safepoint: 21458 ns, Total: 1907083 ns
[2022-09-21T08:42:45.418+0000][7][safepoint    ] Safepoint "Cleanup", Time since last: 1256303917 ns, Reaching safepoint: 1057667 ns, At safepoint: 20166 ns, Total: 1077833 ns
[2022-09-21T08:42:46.432+0000][7][safepoint    ] Safepoint "Cleanup", Time since last: 1014165709 ns, Reaching safepoint: 322500 ns, At safepoint: 4000 ns, Total: 326500 ns
[2022-09-21T08:42:47.436+0000][7][safepoint    ] Safepoint "Cleanup", Time since last: 1003853750 ns, Reaching safepoint: 377125 ns, At safepoint: 5792 ns, Total: 382917 ns
[2022-09-21T08:42:48.441+0000][7][safepoint    ] Safepoint "Cleanup", Time since last: 1003654917 ns, Reaching safepoint: 607334 ns, At safepoint: 12291 ns, Total: 619625 ns
[2022-09-21T08:42:49.451+0000][7][safepoint    ] Safepoint "Cleanup", Time since last: 1010259584 ns, Reaching safepoint: 389292 ns, At safepoint: 5625 ns, Total: 394917 ns
[2022-09-21T08:42:50.458+0000][7][safepoint    ] Safepoint "Cleanup", Time since last: 1005890459 ns, Reaching safepoint: 459875 ns, At safepoint: 7833 ns, Total: 467708 ns
[2022-09-21T08:42:51.468+0000][7][safepoint    ] Safepoint "Cleanup", Time since last: 1006027917 ns, Reaching safepoint: 3950208 ns, At safepoint: 63417 ns, Total: 4013625 ns
[2022-09-21T08:42:52.479+0000][7][safepoint    ] Safepoint "Cleanup", Time since last: 1011397709 ns, Reaching safepoint: 288792 ns, At safepoint: 9250 ns, Total: 298042 ns
[2022-09-21T08:42:53.487+0000][7][safepoint    ] Safepoint "Cleanup", Time since last: 1007022083 ns, Reaching safepoint: 715667 ns, At safepoint: 13625 ns, Total: 729292 ns
[2022-09-21T08:42:54.493+0000][7][safepoint    ] Safepoint "Cleanup", Time since last: 1005400667 ns, Reaching safepoint: 327042 ns, At safepoint: 8042 ns, Total: 335084 ns
[2022-09-21T08:42:55.503+0000][7][safepoint    ] Safepoint "Cleanup", Time since last: 1009915417 ns, Reaching safepoint: 347291 ns, At safepoint: 5709 ns, Total: 353000 ns
[2022-09-21T08:42:56.508+0000][7][safepoint    ] Safepoint "Cleanup", Time since last: 1004202500 ns, Reaching safepoint: 527042 ns, At safepoint: 10583 ns, Total: 537625 ns
[2022-09-21T08:42:57.512+0000][7][safepoint    ] Safepoint "Cleanup", Time since last: 1004037834 ns, Reaching safepoint: 503833 ns, At safepoint: 7375 ns, Total: 511208 ns
[2022-09-21T08:42:58.519+0000][7][safepoint    ] Safepoint "Cleanup", Time since last: 1005728001 ns, Reaching safepoint: 436958 ns, At safepoint: 6250 ns, Total: 443208 ns
[2022-09-21T08:42:59.524+0000][7][safepoint    ] Safepoint "Cleanup", Time since last: 1004886417 ns, Reaching safepoint: 292334 ns, At safepoint: 7791 ns, Total: 300125 ns
[2022-09-21T08:43:00.533+0000][7][safepoint    ] Safepoint "Cleanup", Time since last: 1008092459 ns, Reaching safepoint: 672000 ns, At safepoint: 11042 ns, Total: 683042 ns
[2022-09-21T08:43:01.540+0000][7][safepoint    ] Safepoint "Cleanup", Time since last: 1007091709 ns, Reaching safepoint: 497958 ns, At safepoint: 8375 ns, Total: 506333 ns
[2022-09-21T08:43:02.544+0000][7][safepoint    ] Safepoint "Cleanup", Time since last: 1003630834 ns, Reaching safepoint: 434333 ns, At safepoint: 9375 ns, Total: 443708 ns
[2022-09-21T08:43:03.549+0000][7][safepoint    ] Safepoint "Cleanup", Time since last: 1004573042 ns, Reaching safepoint: 607875 ns, At safepoint: 6292 ns, Total: 614167 ns
[2022-09-21T08:43:04.556+0000][7][safepoint    ] Safepoint "Cleanup", Time since last: 1006475000 ns, Reaching safepoint: 394875 ns, At safepoint: 4959 ns, Total: 399834 ns
[2022-09-21T08:43:05.565+0000][7][safepoint    ] Safepoint "Cleanup", Time since last: 1008990500 ns, Reaching safepoint: 121208 ns, At safepoint: 3084 ns, Total: 124292 ns
[2022-09-21T08:43:06.568+0000][7][safepoint    ] Safepoint "Cleanup", Time since last: 1001886959 ns, Reaching safepoint: 626125 ns, At safepoint: 51208 ns, Total: 677333 ns
[2022-09-21T08:43:07.580+0000][7][safepoint    ] Safepoint "Cleanup", Time since last: 1009727084 ns, Reaching safepoint: 1997208 ns, At safepoint: 42542 ns, Total: 2039750 ns
[2022-09-21T08:43:08.592+0000][7][safepoint    ] Safepoint "Cleanup", Time since last: 1011332959 ns, Reaching safepoint: 830458 ns, At safepoint: 10583 ns, Total: 841041 ns
[2022-09-21T08:43:09.697+0000][7][safepoint    ] Safepoint "Cleanup", Time since last: 1008731667 ns, Reaching safepoint: 86635250 ns, At safepoint: 114959 ns, Total: 86750209 ns
[2022-09-21T08:43:10.713+0000][7][safepoint    ] Safepoint "Cleanup", Time since last: 1024766750 ns, Reaching safepoint: 528292 ns, At safepoint: 7292 ns, Total: 535584 ns
[2022-09-21T08:43:11.721+0000][7][safepoint    ] Safepoint "Cleanup", Time since last: 1008018375 ns, Reaching safepoint: 791500 ns, At safepoint: 18000 ns, Total: 809500 ns
[2022-09-21T08:43:12.726+0000][7][safepoint    ] Safepoint "Cleanup", Time since last: 1003477501 ns, Reaching safepoint: 424666 ns, At safepoint: 7667 ns, Total: 432333 ns
[2022-09-21T08:43:13.731+0000][7][safepoint    ] Safepoint "Cleanup", Time since last: 1005463334 ns, Reaching safepoint: 305666 ns, At safepoint: 7959 ns, Total: 313625 ns
[2022-09-21T08:43:14.740+0000][7][safepoint    ] Safepoint "Cleanup", Time since last: 1008410416 ns, Reaching safepoint: 737750 ns, At safepoint: 6625 ns, Total: 744375 ns
[2022-09-21T08:43:15.748+0000][7][safepoint    ] Safepoint "Cleanup", Time since last: 1008063792 ns, Reaching safepoint: 434750 ns, At safepoint: 7917 ns, Total: 442667 ns
[2022-09-21T08:43:16.754+0000][7][safepoint    ] Safepoint "Cleanup", Time since last: 1005480001 ns, Reaching safepoint: 535666 ns, At safepoint: 7084 ns, Total: 542750 ns
[2022-09-21T08:43:17.759+0000][7][safepoint    ] Safepoint "Cleanup", Time since last: 1004765000 ns, Reaching safepoint: 257542 ns, At safepoint: 40208 ns, Total: 297750 ns
[2022-09-21T08:43:18.763+0000][7][safepoint    ] Safepoint "Cleanup", Time since last: 1002506917 ns, Reaching safepoint: 1088042 ns, At safepoint: 20250 ns, Total: 1108292 ns
[2022-09-21T08:43:19.771+0000][7][safepoint    ] Safepoint "Cleanup", Time since last: 1006980584 ns, Reaching safepoint: 623458 ns, At safepoint: 34375 ns, Total: 657833 ns
[2022-09-21T08:43:20.777+0000][7][safepoint    ] Safepoint "Cleanup", Time since last: 1005821000 ns, Reaching safepoint: 490667 ns, At safepoint: 6083 ns, Total: 496750 ns
[2022-09-21T08:43:21.782+0000][7][safepoint    ] Safepoint "Cleanup", Time since last: 1004959126 ns, Reaching safepoint: 300625 ns, At safepoint: 17750 ns, Total: 318375 ns
[2022-09-21T08:43:22.789+0000][7][safepoint    ] Safepoint "Cleanup", Time since last: 1005996542 ns, Reaching safepoint: 747292 ns, At safepoint: 9166 ns, Total: 756458 ns
[2022-09-21T08:43:23.795+0000][7][safepoint    ] Safepoint "Cleanup", Time since last: 1005022751 ns, Reaching safepoint: 513542 ns, At safepoint: 8875 ns, Total: 522417 ns
[2022-09-21T08:43:24.802+0000][7][safepoint    ] Safepoint "Cleanup", Time since last: 1006481500 ns, Reaching safepoint: 851292 ns, At safepoint: 9125 ns, Total: 860417 ns
[2022-09-21T08:43:25.805+0000][7][safepoint    ] Safepoint "Cleanup", Time since last: 1002647875 ns, Reaching safepoint: 279333 ns, At safepoint: 7209 ns, Total: 286542 ns
[2022-09-21T08:43:26.809+0000][7][safepoint    ] Safepoint "Cleanup", Time since last: 1003526584 ns, Reaching safepoint: 476583 ns, At safepoint: 7458 ns, Total: 484041 ns
[2022-09-21T08:43:27.815+0000][7][safepoint    ] Safepoint "Cleanup", Time since last: 1005372084 ns, Reaching safepoint: 421042 ns, At safepoint: 6000 ns, Total: 427042 ns
[2022-09-21T08:43:28.821+0000][7][safepoint    ] Safepoint "Cleanup", Time since last: 1005486125 ns, Reaching safepoint: 497042 ns, At safepoint: 10583 ns, Total: 507625 ns
[2022-09-21T08:43:29.838+0000][7][safepoint    ] Safepoint "Cleanup", Time since last: 1016535126 ns, Reaching safepoint: 857375 ns, At safepoint: 14125 ns, Total: 871500 ns
[2022-09-21T08:43:30.844+0000][7][safepoint    ] Safepoint "Cleanup", Time since last: 1005207625 ns, Reaching safepoint: 545459 ns, At safepoint: 7458 ns, Total: 552917 ns
[2022-09-21T08:43:31.856+0000][7][safepoint    ] Safepoint "Cleanup", Time since last: 1010036750 ns, Reaching safepoint: 1820084 ns, At safepoint: 23958 ns, Total: 1844042 ns
[2022-09-21T08:43:32.864+0000][7][safepoint    ] Safepoint "Cleanup", Time since last: 1007251334 ns, Reaching safepoint: 430042 ns, At safepoint: 7000 ns, Total: 437042 ns
[2022-09-21T08:43:33.868+0000][7][safepoint    ] Safepoint "Cleanup", Time since last: 1004663750 ns, Reaching safepoint: 131042 ns, At safepoint: 2458 ns, Total: 133500 ns
[2022-09-21T08:43:34.871+0000][7][safepoint    ] Safepoint "Cleanup", Time since last: 1002859459 ns, Reaching safepoint: 209416 ns, At safepoint: 4209 ns, Total: 213625 ns
[2022-09-21T08:43:35.877+0000][7][safepoint    ] Safepoint "Cleanup", Time since last: 1005052000 ns, Reaching safepoint: 366500 ns, At safepoint: 7375 ns, Total: 373875 ns
[2022-09-21T08:43:36.883+0000][7][safepoint    ] Safepoint "Cleanup", Time since last: 1005968084 ns, Reaching safepoint: 162000 ns, At safepoint: 3792 ns, Total: 165792 ns
[2022-09-21T08:43:37.894+0000][7][safepoint    ] Safepoint "Cleanup", Time since last: 1010895584 ns, Reaching safepoint: 590666 ns, At safepoint: 8167 ns, Total: 598833 ns
[2022-09-21T08:43:38.898+0000][7][safepoint    ] Safepoint "Cleanup", Time since last: 1003454459 ns, Reaching safepoint: 152250 ns, At safepoint: 3000 ns, Total: 155250 ns
[2022-09-21T08:43:39.901+0000][7][safepoint    ] Safepoint "Cleanup", Time since last: 1002192000 ns, Reaching safepoint: 689125 ns, At safepoint: 16792 ns, Total: 705917 ns
[2022-09-21T08:43:40.912+0000][7][safepoint    ] Safepoint "Cleanup", Time since last: 1010611000 ns, Reaching safepoint: 363459 ns, At safepoint: 6000 ns, Total: 369459 ns
[2022-09-21T08:43:41.915+0000][7][safepoint    ] Safepoint "Cleanup", Time since last: 1003315792 ns, Reaching safepoint: 268208 ns, At safepoint: 36833 ns, Total: 305041 ns
[2022-09-21T08:43:42.919+0000][7][safepoint    ] Safepoint "Cleanup", Time since last: 1003064834 ns, Reaching safepoint: 578000 ns, At safepoint: 7959 ns, Total: 585959 ns
[2022-09-21T08:43:43.927+0000][7][safepoint    ] Safepoint "Cleanup", Time since last: 1007286458 ns, Reaching safepoint: 944334 ns, At safepoint: 29083 ns, Total: 973417 ns
[2022-09-21T08:43:44.936+0000][7][safepoint    ] Safepoint "Cleanup", Time since last: 1008604959 ns, Reaching safepoint: 3438041 ns, At safepoint: 102917 ns, Total: 3540958 ns
[2022-09-21T08:43:45.959+0000][7][safepoint    ] Safepoint "Cleanup", Time since last: 1021070834 ns, Reaching safepoint: 1398416 ns, At safepoint: 12834 ns, Total: 1411250 ns
[2022-09-21T08:43:46.971+0000][7][safepoint    ] Safepoint "Cleanup", Time since last: 1008898667 ns, Reaching safepoint: 3030208 ns, At safepoint: 18334 ns, Total: 3048542 ns
[2022-09-21T08:43:47.988+0000][7][safepoint    ] Safepoint "Cleanup", Time since last: 1016574167 ns, Reaching safepoint: 612583 ns, At safepoint: 13167 ns, Total: 625750 ns
[2022-09-21T08:43:49.011+0000][7][safepoint    ] Safepoint "Cleanup", Time since last: 1020517625 ns, Reaching safepoint: 2388500 ns, At safepoint: 32875 ns, Total: 2421375 ns
[2022-09-21T08:43:50.021+0000][7][safepoint    ] Safepoint "Cleanup", Time since last: 1010398292 ns, Reaching safepoint: 122792 ns, At safepoint: 1667 ns, Total: 124459 ns
[2022-09-21T08:43:51.032+0000][7][safepoint    ] Safepoint "Cleanup", Time since last: 1010088084 ns, Reaching safepoint: 297583 ns, At safepoint: 6333 ns, Total: 303916 ns
[2022-09-21T08:43:52.039+0000][7][safepoint    ] Safepoint "Cleanup", Time since last: 1006024834 ns, Reaching safepoint: 699875 ns, At safepoint: 19583 ns, Total: 719458 ns
[2022-09-21T08:43:53.045+0000][7][safepoint    ] Safepoint "Cleanup", Time since last: 1005195334 ns, Reaching safepoint: 979833 ns, At safepoint: 9459 ns, Total: 989292 ns
[2022-09-21T08:43:54.060+0000][7][safepoint    ] Safepoint "Cleanup", Time since last: 1014246084 ns, Reaching safepoint: 533916 ns, At safepoint: 8209 ns, Total: 542125 ns
[2022-09-21T08:43:55.066+0000][7][safepoint    ] Safepoint "Cleanup", Time since last: 1005953792 ns, Reaching safepoint: 378833 ns, At safepoint: 7583 ns, Total: 386416 ns
[2022-09-21T08:43:56.071+0000][7][safepoint    ] Safepoint "Cleanup", Time since last: 1004845751 ns, Reaching safepoint: 409708 ns, At safepoint: 10750 ns, Total: 420458 ns
[2022-09-21T08:43:57.076+0000][7][safepoint    ] Safepoint "Cleanup", Time since last: 1003725667 ns, Reaching safepoint: 810625 ns, At safepoint: 14459 ns, Total: 825084 ns
[2022-09-21T08:43:58.084+0000][7][safepoint    ] Safepoint "Cleanup", Time since last: 1005675917 ns, Reaching safepoint: 2252125 ns, At safepoint: 23833 ns, Total: 2275958 ns
[2022-09-21T08:43:59.087+0000][7][safepoint    ] Safepoint "Cleanup", Time since last: 1002873876 ns, Reaching safepoint: 276125 ns, At safepoint: 4791 ns, Total: 280916 ns
[2022-09-21T08:44:00.089+0000][7][safepoint    ] Safepoint "Cleanup", Time since last: 1002259501 ns, Reaching safepoint: 186750 ns, At safepoint: 29250 ns, Total: 216000 ns
[2022-09-21T08:44:01.092+0000][7][safepoint    ] Safepoint "Cleanup", Time since last: 1002145084 ns, Reaching safepoint: 527333 ns, At safepoint: 7250 ns, Total: 534583 ns
[2022-09-21T08:44:02.110+0000][7][safepoint    ] Safepoint "Cleanup", Time since last: 1015287834 ns, Reaching safepoint: 2323583 ns, At safepoint: 29333 ns, Total: 2352916 ns
[2022-09-21T08:44:03.127+0000][7][safepoint    ] Safepoint "Cleanup", Time since last: 1009920209 ns, Reaching safepoint: 7495292 ns, At safepoint: 19708 ns, Total: 7515000 ns
[2022-09-21T08:44:04.137+0000][7][safepoint    ] Safepoint "Cleanup", Time since last: 1009142084 ns, Reaching safepoint: 395125 ns, At safepoint: 7292 ns, Total: 402417 ns
[2022-09-21T08:44:05.145+0000][7][safepoint    ] Safepoint "Cleanup", Time since last: 1007364084 ns, Reaching safepoint: 686625 ns, At safepoint: 13375 ns, Total: 700000 ns
[2022-09-21T08:44:06.149+0000][7][safepoint    ] Safepoint "Cleanup", Time since last: 1003473583 ns, Reaching safepoint: 431959 ns, At safepoint: 5791 ns, Total: 437750 ns
[2022-09-21T08:44:07.158+0000][7][safepoint    ] Safepoint "Cleanup", Time since last: 1008446001 ns, Reaching safepoint: 467417 ns, At safepoint: 6000 ns, Total: 473417 ns
[2022-09-21T08:44:08.165+0000][7][safepoint    ] Safepoint "Cleanup", Time since last: 1007072375 ns, Reaching safepoint: 304000 ns, At safepoint: 12208 ns, Total: 316208 ns
[2022-09-21T08:44:09.179+0000][7][safepoint    ] Safepoint "Cleanup", Time since last: 1005479084 ns, Reaching safepoint: 8117334 ns, At safepoint: 24666 ns, Total: 8142000 ns
[2022-09-21T08:44:10.188+0000][7][safepoint    ] Safepoint "Cleanup", Time since last: 1008720667 ns, Reaching safepoint: 749667 ns, At safepoint: 6833 ns, Total: 756500 ns
[2022-09-21T08:44:11.201+0000][7][safepoint    ] Safepoint "Cleanup", Time since last: 1012373667 ns, Reaching safepoint: 580625 ns, At safepoint: 10959 ns, Total: 591584 ns
[2022-09-21T08:44:12.207+0000][7][safepoint    ] Safepoint "Cleanup", Time since last: 1004517334 ns, Reaching safepoint: 1564500 ns, At safepoint: 27750 ns, Total: 1592250 ns
[2022-09-21T08:44:13.216+0000][7][safepoint    ] Safepoint "Cleanup", Time since last: 1008362208 ns, Reaching safepoint: 506000 ns, At safepoint: 23625 ns, Total: 529625 ns
[2022-09-21T08:44:14.222+0000][7][safepoint    ] Safepoint "Cleanup", Time since last: 1005390793 ns, Reaching safepoint: 267333 ns, At safepoint: 6125 ns, Total: 273458 ns
[2022-09-21T08:44:15.232+0000][7][safepoint    ] Safepoint "Cleanup", Time since last: 1006772124 ns, Reaching safepoint: 312917 ns, At safepoint: 7583 ns, Total: 320500 ns
[2022-09-21T08:44:16.236+0000][7][safepoint    ] Safepoint "Cleanup", Time since last: 1003087584 ns, Reaching safepoint: 1068625 ns, At safepoint: 7709 ns, Total: 1076334 ns
[2022-09-21T08:44:17.245+0000][7][safepoint    ] Safepoint "Cleanup", Time since last: 1008681750 ns, Reaching safepoint: 379708 ns, At safepoint: 5917 ns, Total: 385625 ns
[2022-09-21T08:44:18.252+0000][7][safepoint    ] Safepoint "Cleanup", Time since last: 1006062917 ns, Reaching safepoint: 518667 ns, At safepoint: 8375 ns, Total: 527042 ns
[2022-09-21T08:44:19.260+0000][7][safepoint    ] Safepoint "Cleanup", Time since last: 1007376959 ns, Reaching safepoint: 701416 ns, At safepoint: 14084 ns, Total: 715500 ns
[2022-09-21T08:44:20.264+0000][7][safepoint    ] Safepoint "Cleanup", Time since last: 1004046292 ns, Reaching safepoint: 269958 ns, At safepoint: 5500 ns, Total: 275458 ns
[2022-09-21T08:44:21.270+0000][7][safepoint    ] Safepoint "Cleanup", Time since last: 1004826084 ns, Reaching safepoint: 995000 ns, At safepoint: 19375 ns, Total: 1014375 ns
[2022-09-21T08:44:22.279+0000][7][safepoint    ] Safepoint "Cleanup", Time since last: 1008430042 ns, Reaching safepoint: 495917 ns, At safepoint: 6166 ns, Total: 502083 ns
[2022-09-21T08:44:23.283+0000][7][safepoint    ] Safepoint "Cleanup", Time since last: 1003482959 ns, Reaching safepoint: 250500 ns, At safepoint: 4709 ns, Total: 255209 ns
[2022-09-21T08:44:24.289+0000][7][safepoint    ] Safepoint "Cleanup", Time since last: 1005392375 ns, Reaching safepoint: 261875 ns, At safepoint: 5917 ns, Total: 267792 ns
[2022-09-21T08:44:25.291+0000][7][safepoint    ] Safepoint "Cleanup", Time since last: 1002366250 ns, Reaching safepoint: 265792 ns, At safepoint: 4917 ns, Total: 270709 ns
[2022-09-21T08:44:26.298+0000][7][safepoint    ] Safepoint "Cleanup", Time since last: 1006407333 ns, Reaching safepoint: 444334 ns, At safepoint: 6750 ns, Total: 451084 ns
[2022-09-21T08:44:27.315+0000][7][safepoint    ] Safepoint "Cleanup", Time since last: 1008583959 ns, Reaching safepoint: 8153875 ns, At safepoint: 30958 ns, Total: 8184833 ns
[2022-09-21T08:44:28.707+0000][7][safepoint    ] Safepoint "Cleanup", Time since last: 1391146084 ns, Reaching safepoint: 596375 ns, At safepoint: 11208 ns, Total: 607583 ns
[2022-09-21T08:44:29.774+0000][7][safepoint    ] Safepoint "Cleanup", Time since last: 1008246667 ns, Reaching safepoint: 57645459 ns, At safepoint: 104708 ns, Total: 57750167 ns
[2022-09-21T08:44:30.918+0000][7][safepoint    ] Safepoint "Cleanup", Time since last: 1142563751 ns, Reaching safepoint: 2530041 ns, At safepoint: 91792 ns, Total: 2621833 ns
[2022-09-21T08:44:31.948+0000][7][safepoint    ] Safepoint "Cleanup", Time since last: 1027918584 ns, Reaching safepoint: 571333 ns, At safepoint: 11458 ns, Total: 582791 ns
[2022-09-21T08:44:32.954+0000][7][safepoint    ] Safepoint "Cleanup", Time since last: 1007244834 ns, Reaching safepoint: 618959 ns, At safepoint: 12666 ns, Total: 631625 ns
[2022-09-21T08:44:33.962+0000][7][safepoint    ] Safepoint "Cleanup", Time since last: 1007254376 ns, Reaching safepoint: 804250 ns, At safepoint: 12250 ns, Total: 816500 ns
[2022-09-21T08:44:34.975+0000][7][safepoint    ] Safepoint "Cleanup", Time since last: 1012310375 ns, Reaching safepoint: 462125 ns, At safepoint: 7375 ns, Total: 469500 ns
[2022-09-21T08:44:35.978+0000][7][safepoint    ] Safepoint "Cleanup", Time since last: 1002530876 ns, Reaching safepoint: 672625 ns, At safepoint: 10916 ns, Total: 683541 ns
[2022-09-21T08:44:36.988+0000][7][safepoint    ] Safepoint "Cleanup", Time since last: 1008430292 ns, Reaching safepoint: 864417 ns, At safepoint: 10958 ns, Total: 875375 ns
[2022-09-21T08:44:37.993+0000][7][safepoint    ] Safepoint "Cleanup", Time since last: 1004512418 ns, Reaching safepoint: 691083 ns, At safepoint: 173750 ns, Total: 864833 ns
[2022-09-21T08:44:39.022+0000][7][safepoint    ] Safepoint "Cleanup", Time since last: 1023753459 ns, Reaching safepoint: 5262916 ns, At safepoint: 5084 ns, Total: 5268000 ns
[2022-09-21T08:44:40.071+0000][7][safepoint    ] Safepoint "Cleanup", Time since last: 1047365417 ns, Reaching safepoint: 1299667 ns, At safepoint: 15750 ns, Total: 1315417 ns
[2022-09-21T08:44:41.077+0000][7][safepoint    ] Safepoint "Cleanup", Time since last: 1005807042 ns, Reaching safepoint: 240541 ns, At safepoint: 4542 ns, Total: 245083 ns
[2022-09-21T08:44:42.082+0000][7][safepoint    ] Safepoint "Cleanup", Time since last: 1005039334 ns, Reaching safepoint: 580083 ns, At safepoint: 6917 ns, Total: 587000 ns
[2022-09-21T08:44:43.086+0000][7][safepoint    ] Safepoint "Cleanup", Time since last: 1003044250 ns, Reaching safepoint: 717250 ns, At safepoint: 6167 ns, Total: 723417 ns
[2022-09-21T08:44:44.092+0000][7][safepoint    ] Safepoint "Cleanup", Time since last: 1003224584 ns, Reaching safepoint: 2421458 ns, At safepoint: 13625 ns, Total: 2435083 ns
[2022-09-21T08:44:45.099+0000][7][safepoint    ] Safepoint "Cleanup", Time since last: 1007448834 ns, Reaching safepoint: 505291 ns, At safepoint: 36000 ns, Total: 541291 ns
[2022-09-21T08:44:46.104+0000][7][safepoint    ] Safepoint "Cleanup", Time since last: 1005182043 ns, Reaching safepoint: 311916 ns, At safepoint: 6834 ns, Total: 318750 ns
[2022-09-21T08:44:47.114+0000][7][safepoint    ] Safepoint "Cleanup", Time since last: 1009665542 ns, Reaching safepoint: 267791 ns, At safepoint: 4625 ns, Total: 272416 ns
[2022-09-21T08:44:48.123+0000][7][safepoint    ] Safepoint "Cleanup", Time since last: 1008492626 ns, Reaching safepoint: 666083 ns, At safepoint: 9458 ns, Total: 675541 ns
[2022-09-21T08:44:49.129+0000][7][safepoint    ] Safepoint "Cleanup", Time since last: 1004852126 ns, Reaching safepoint: 345250 ns, At safepoint: 7083 ns, Total: 352333 ns
[2022-09-21T08:44:50.134+0000][7][safepoint    ] Safepoint "Cleanup", Time since last: 1005303042 ns, Reaching safepoint: 367000 ns, At safepoint: 6209 ns, Total: 373209 ns
[2022-09-21T08:44:51.141+0000][7][safepoint    ] Safepoint "Cleanup", Time since last: 1006683875 ns, Reaching safepoint: 302917 ns, At safepoint: 5625 ns, Total: 308542 ns
[2022-09-21T08:44:52.146+0000][7][safepoint    ] Safepoint "Cleanup", Time since last: 1002667417 ns, Reaching safepoint: 1623792 ns, At safepoint: 36250 ns, Total: 1660042 ns
[2022-09-21T08:44:53.151+0000][7][safepoint    ] Safepoint "Cleanup", Time since last: 1004914542 ns, Reaching safepoint: 793250 ns, At safepoint: 10000 ns, Total: 803250 ns
[2022-09-21T08:44:54.156+0000][7][safepoint    ] Safepoint "Cleanup", Time since last: 1004567000 ns, Reaching safepoint: 473875 ns, At safepoint: 8209 ns, Total: 482084 ns
[2022-09-21T08:44:55.160+0000][7][safepoint    ] Safepoint "Cleanup", Time since last: 1003028625 ns, Reaching safepoint: 613042 ns, At safepoint: 7000 ns, Total: 620042 ns
[2022-09-21T08:44:56.165+0000][7][safepoint    ] Safepoint "Cleanup", Time since last: 1004580500 ns, Reaching safepoint: 674042 ns, At safepoint: 6542 ns, Total: 680584 ns
[2022-09-21T08:44:57.171+0000][7][safepoint    ] Safepoint "Cleanup", Time since last: 1005376875 ns, Reaching safepoint: 547583 ns, At safepoint: 8584 ns, Total: 556167 ns
[2022-09-21T08:44:58.179+0000][7][safepoint    ] Safepoint "Cleanup", Time since last: 1007532125 ns, Reaching safepoint: 502625 ns, At safepoint: 16959 ns, Total: 519584 ns
[2022-09-21T08:44:59.186+0000][7][safepoint    ] Safepoint "Cleanup", Time since last: 1004611000 ns, Reaching safepoint: 2327375 ns, At safepoint: 11333 ns, Total: 2338708 ns
[2022-09-21T08:45:00.192+0000][7][safepoint    ] Safepoint "Cleanup", Time since last: 1004207293 ns, Reaching safepoint: 913791 ns, At safepoint: 203084 ns, Total: 1116875 ns
[2022-09-21T08:45:01.201+0000][7][safepoint    ] Safepoint "Cleanup", Time since last: 1008958042 ns, Reaching safepoint: 659333 ns, At safepoint: 7042 ns, Total: 666375 ns
[2022-09-21T08:45:02.221+0000][7][safepoint    ] Safepoint "Cleanup", Time since last: 1019312042 ns, Reaching safepoint: 257583 ns, At safepoint: 4000 ns, Total: 261583 ns
[2022-09-21T08:45:03.225+0000][7][safepoint    ] Safepoint "Cleanup", Time since last: 1003427501 ns, Reaching safepoint: 606000 ns, At safepoint: 9541 ns, Total: 615541 ns
[2022-09-21T08:45:04.230+0000][7][safepoint    ] Safepoint "Cleanup", Time since last: 1005045376 ns, Reaching safepoint: 272791 ns, At safepoint: 4834 ns, Total: 277625 ns
[2022-09-21T08:45:05.238+0000][7][safepoint    ] Safepoint "Cleanup", Time since last: 1007955834 ns, Reaching safepoint: 161708 ns, At safepoint: 3542 ns, Total: 165250 ns
[2022-09-21T08:45:05.501+0000][7][gc,start     ] GC(25) Pause Young (Normal) (G1 Evacuation Pause)
[2022-09-21T08:45:05.502+0000][7][gc,task      ] GC(25) Using 4 workers of 4 for evacuation
[2022-09-21T08:45:05.504+0000][7][gc,age       ] GC(25) Desired survivor size 19922944 bytes, new threshold 15 (max threshold 15)
[2022-09-21T08:45:05.559+0000][7][gc,age       ] GC(25) Age table with threshold 15 (max threshold 15)
[2022-09-21T08:45:05.563+0000][7][gc,age       ] GC(25) - age   1:    3038752 bytes,    3038752 total
[2022-09-21T08:45:05.564+0000][7][gc,age       ] GC(25) - age   2:     733912 bytes,    3772664 total
[2022-09-21T08:45:05.565+0000][7][gc,age       ] GC(25) - age   3:     629176 bytes,    4401840 total
[2022-09-21T08:45:05.566+0000][7][gc,age       ] GC(25) - age   4:     576712 bytes,    4978552 total
[2022-09-21T08:45:05.567+0000][7][gc,age       ] GC(25) - age   5:      82152 bytes,    5060704 total
[2022-09-21T08:45:05.568+0000][7][gc,age       ] GC(25) - age   6:    2061656 bytes,    7122360 total
[2022-09-21T08:45:05.569+0000][7][gc,age       ] GC(25) - age   7:    1659168 bytes,    8781528 total
[2022-09-21T08:45:05.569+0000][7][gc,age       ] GC(25) - age   8:    2168816 bytes,   10950344 total
[2022-09-21T08:45:05.570+0000][7][gc,age       ] GC(25) - age   9:     420136 bytes,   11370480 total
[2022-09-21T08:45:05.571+0000][7][gc,age       ] GC(25) - age  10:    4013488 bytes,   15383968 total
[2022-09-21T08:45:05.572+0000][7][gc,phases    ] GC(25)   Pre Evacuate Collection Set: 0.3ms
[2022-09-21T08:45:05.572+0000][7][gc,phases    ] GC(25)   Merge Heap Roots: 0.2ms
[2022-09-21T08:45:05.573+0000][7][gc,phases    ] GC(25)   Evacuate Collection Set: 51.3ms
[2022-09-21T08:45:05.573+0000][7][gc,phases    ] GC(25)   Post Evacuate Collection Set: 2.1ms
[2022-09-21T08:45:05.575+0000][7][gc,phases    ] GC(25)   Other: 16.9ms
[2022-09-21T08:45:05.576+0000][7][gc,heap      ] GC(25) Eden regions: 287->0(285)
[2022-09-21T08:45:05.576+0000][7][gc,heap      ] GC(25) Survivor regions: 15->16(38)
[2022-09-21T08:45:05.577+0000][7][gc,heap      ] GC(25) Old regions: 60->60
[2022-09-21T08:45:05.577+0000][7][gc,heap      ] GC(25) Archive regions: 0->0
[2022-09-21T08:45:05.578+0000][7][gc,heap      ] GC(25) Humongous regions: 7->7
[2022-09-21T08:45:05.578+0000][7][gc,metaspace ] GC(25) Metaspace: 109529K(117800K)->109529K(117800K) NonClass: 95601K(100572K)->95601K(100572K) Class: 13927K(17228K)->13927K(17228K)
[2022-09-21T08:45:05.579+0000][7][gc           ] GC(25) Pause Young (Normal) (G1 Evacuation Pause) 368M->82M(512M) 78.012ms
[2022-09-21T08:45:05.580+0000][7][gc,cpu       ] GC(25) User=0.21s Sys=0.00s Real=0.08s
[2022-09-21T08:45:05.580+0000][7][safepoint    ] Safepoint "G1CollectForAllocation", Time since last: 261945791 ns, Reaching safepoint: 473375 ns, At safepoint: 79522875 ns, Total: 79996250 ns
[2022-09-21T08:45:06.582+0000][7][safepoint    ] Safepoint "Cleanup", Time since last: 1001605834 ns, Reaching safepoint: 347500 ns, At safepoint: 5542 ns, Total: 353042 ns
[2022-09-21T08:45:07.586+0000][7][safepoint    ] Safepoint "Cleanup", Time since last: 1003303625 ns, Reaching safepoint: 586292 ns, At safepoint: 11333 ns, Total: 597625 ns
[2022-09-21T08:45:08.591+0000][7][safepoint    ] Safepoint "Cleanup", Time since last: 1004412376 ns, Reaching safepoint: 270125 ns, At safepoint: 6125 ns, Total: 276250 ns
[2022-09-21T08:45:09.596+0000][7][safepoint    ] Safepoint "Cleanup", Time since last: 1004636792 ns, Reaching safepoint: 992458 ns, At safepoint: 22250 ns, Total: 1014708 ns
[2022-09-21T08:45:10.601+0000][7][safepoint    ] Safepoint "Cleanup", Time since last: 1004536501 ns, Reaching safepoint: 373417 ns, At safepoint: 6166 ns, Total: 379583 ns
[2022-09-21T08:45:11.607+0000][7][safepoint    ] Safepoint "Cleanup", Time since last: 1004954292 ns, Reaching safepoint: 842209 ns, At safepoint: 3541 ns, Total: 845750 ns
[2022-09-21T08:45:12.610+0000][7][safepoint    ] Safepoint "Cleanup", Time since last: 1002325084 ns, Reaching safepoint: 343542 ns, At safepoint: 7041 ns, Total: 350583 ns
[2022-09-21T08:45:13.613+0000][7][safepoint    ] Safepoint "Cleanup", Time since last: 1002615001 ns, Reaching safepoint: 371208 ns, At safepoint: 7125 ns, Total: 378333 ns
[2022-09-21T08:45:14.617+0000][7][safepoint    ] Safepoint "Cleanup", Time since last: 1003306751 ns, Reaching safepoint: 526375 ns, At safepoint: 11333 ns, Total: 537708 ns
[2022-09-21T08:45:15.623+0000][7][safepoint    ] Safepoint "Cleanup", Time since last: 1005425125 ns, Reaching safepoint: 246958 ns, At safepoint: 4875 ns, Total: 251833 ns
[2022-09-21T08:45:16.625+0000][7][safepoint    ] Safepoint "Cleanup", Time since last: 1001979376 ns, Reaching safepoint: 426791 ns, At safepoint: 8625 ns, Total: 435416 ns
[2022-09-21T08:45:17.630+0000][7][safepoint    ] Safepoint "Cleanup", Time since last: 1003986626 ns, Reaching safepoint: 458375 ns, At safepoint: 7125 ns, Total: 465500 ns
[2022-09-21T08:45:18.634+0000][7][safepoint    ] Safepoint "Cleanup", Time since last: 1004314875 ns, Reaching safepoint: 248417 ns, At safepoint: 5125 ns, Total: 253542 ns
[2022-09-21T08:45:19.639+0000][7][safepoint    ] Safepoint "Cleanup", Time since last: 1003688209 ns, Reaching safepoint: 895417 ns, At safepoint: 18083 ns, Total: 913500 ns
[2022-09-21T08:45:20.644+0000][7][safepoint    ] Safepoint "Cleanup", Time since last: 1005138042 ns, Reaching safepoint: 277625 ns, At safepoint: 9917 ns, Total: 287542 ns
[2022-09-21T08:45:21.656+0000][7][safepoint    ] Safepoint "Cleanup", Time since last: 1010765833 ns, Reaching safepoint: 880625 ns, At safepoint: 13584 ns, Total: 894209 ns
[2022-09-21T08:45:22.660+0000][7][safepoint    ] Safepoint "Cleanup", Time since last: 1003283750 ns, Reaching safepoint: 396834 ns, At safepoint: 7166 ns, Total: 404000 ns
[2022-09-21T08:45:23.663+0000][7][safepoint    ] Safepoint "Cleanup", Time since last: 1002904209 ns, Reaching safepoint: 155208 ns, At safepoint: 3375 ns, Total: 158583 ns
[2022-09-21T08:45:24.668+0000][7][safepoint    ] Safepoint "Cleanup", Time since last: 1005055876 ns, Reaching safepoint: 404583 ns, At safepoint: 8917 ns, Total: 413500 ns
[2022-09-21T08:45:25.677+0000][7][safepoint    ] Safepoint "Cleanup", Time since last: 1006706500 ns, Reaching safepoint: 1867584 ns, At safepoint: 11375 ns, Total: 1878959 ns
[2022-09-21T08:45:26.679+0000][7][safepoint    ] Safepoint "Cleanup", Time since last: 1002345792 ns, Reaching safepoint: 205875 ns, At safepoint: 5000 ns, Total: 210875 ns
[2022-09-21T08:45:27.685+0000][7][safepoint    ] Safepoint "Cleanup", Time since last: 1005720584 ns, Reaching safepoint: 298250 ns, At safepoint: 5000 ns, Total: 303250 ns
[2022-09-21T08:45:28.690+0000][7][safepoint    ] Safepoint "Cleanup", Time since last: 1004637792 ns, Reaching safepoint: 355792 ns, At safepoint: 7250 ns, Total: 363042 ns
[2022-09-21T08:45:29.695+0000][7][safepoint    ] Safepoint "Cleanup", Time since last: 1004454792 ns, Reaching safepoint: 328916 ns, At safepoint: 6959 ns, Total: 335875 ns
[2022-09-21T08:45:30.704+0000][7][safepoint    ] Safepoint "Cleanup", Time since last: 1007955833 ns, Reaching safepoint: 608792 ns, At safepoint: 6875 ns, Total: 615667 ns
[2022-09-21T08:45:31.709+0000][7][safepoint    ] Safepoint "Cleanup", Time since last: 1003641542 ns, Reaching safepoint: 1194625 ns, At safepoint: 21459 ns, Total: 1216084 ns
[2022-09-21T08:45:32.716+0000][7][safepoint    ] Safepoint "Cleanup", Time since last: 1006683333 ns, Reaching safepoint: 840500 ns, At safepoint: 10292 ns, Total: 850792 ns
[2022-09-21T08:45:33.723+0000][7][safepoint    ] Safepoint "Cleanup", Time since last: 1007003959 ns, Reaching safepoint: 233917 ns, At safepoint: 4291 ns, Total: 238208 ns
[2022-09-21T08:45:34.730+0000][7][safepoint    ] Safepoint "Cleanup", Time since last: 1006270334 ns, Reaching safepoint: 503917 ns, At safepoint: 12083 ns, Total: 516000 ns
[2022-09-21T08:45:35.743+0000][7][safepoint    ] Safepoint "Cleanup", Time since last: 1012566751 ns, Reaching safepoint: 288250 ns, At safepoint: 4750 ns, Total: 293000 ns
[2022-09-21T08:45:36.748+0000][7][safepoint    ] Safepoint "Cleanup", Time since last: 1004807750 ns, Reaching safepoint: 553125 ns, At safepoint: 6667 ns, Total: 559792 ns
[2022-09-21T08:45:37.753+0000][7][safepoint    ] Safepoint "Cleanup", Time since last: 1004457958 ns, Reaching safepoint: 309750 ns, At safepoint: 4625 ns, Total: 314375 ns
[2022-09-21T08:45:38.758+0000][7][safepoint    ] Safepoint "Cleanup", Time since last: 1004979584 ns, Reaching safepoint: 160125 ns, At safepoint: 3125 ns, Total: 163250 ns
[2022-09-21T08:45:39.762+0000][7][safepoint    ] Safepoint "Cleanup", Time since last: 1003498626 ns, Reaching safepoint: 515583 ns, At safepoint: 12958 ns, Total: 528541 ns
[2022-09-21T08:45:40.768+0000][7][safepoint    ] Safepoint "Cleanup", Time since last: 1004535501 ns, Reaching safepoint: 904167 ns, At safepoint: 7583 ns, Total: 911750 ns
[2022-09-21T08:45:41.774+0000][7][safepoint    ] Safepoint "Cleanup", Time since last: 1006141000 ns, Reaching safepoint: 237750 ns, At safepoint: 3875 ns, Total: 241625 ns
[2022-09-21T08:45:42.777+0000][7][safepoint    ] Safepoint "Cleanup", Time since last: 1002540501 ns, Reaching safepoint: 400375 ns, At safepoint: 7542 ns, Total: 407917 ns
[2022-09-21T08:45:43.784+0000][7][safepoint    ] Safepoint "Cleanup", Time since last: 1005427208 ns, Reaching safepoint: 1535084 ns, At safepoint: 13291 ns, Total: 1548375 ns
[2022-09-21T08:45:44.791+0000][7][safepoint    ] Safepoint "Cleanup", Time since last: 1008331667 ns, Reaching safepoint: 444375 ns, At safepoint: 6458 ns, Total: 450833 ns
[2022-09-21T08:45:45.797+0000][7][safepoint    ] Safepoint "Cleanup", Time since last: 1004993959 ns, Reaching safepoint: 344583 ns, At safepoint: 6208 ns, Total: 350791 ns
[2022-09-21T08:45:46.807+0000][7][safepoint    ] Safepoint "Cleanup", Time since last: 1008197084 ns, Reaching safepoint: 1636959 ns, At safepoint: 30166 ns, Total: 1667125 ns
[2022-09-21T08:45:47.841+0000][7][safepoint    ] Safepoint "Cleanup", Time since last: 1032546751 ns, Reaching safepoint: 1355291 ns, At safepoint: 24750 ns, Total: 1380041 ns
[2022-09-21T08:45:48.852+0000][7][safepoint    ] Safepoint "Cleanup", Time since last: 1009514667 ns, Reaching safepoint: 1240209 ns, At safepoint: 12625 ns, Total: 1252834 ns
[2022-09-21T08:45:49.870+0000][7][safepoint    ] Safepoint "Cleanup", Time since last: 1015597584 ns, Reaching safepoint: 2674166 ns, At safepoint: 33084 ns, Total: 2707250 ns
[2022-09-21T08:45:50.891+0000][7][safepoint    ] Safepoint "Cleanup", Time since last: 1020252958 ns, Reaching safepoint: 894500 ns, At safepoint: 8750 ns, Total: 903250 ns
[2022-09-21T08:45:51.897+0000][7][safepoint    ] Safepoint "Cleanup", Time since last: 1006183709 ns, Reaching safepoint: 337709 ns, At safepoint: 4666 ns, Total: 342375 ns
[2022-09-21T08:45:52.905+0000][7][safepoint    ] Safepoint "Cleanup", Time since last: 1007204042 ns, Reaching safepoint: 773792 ns, At safepoint: 14542 ns, Total: 788334 ns
[2022-09-21T08:45:53.911+0000][7][safepoint    ] Safepoint "Cleanup", Time since last: 1004080167 ns, Reaching safepoint: 1168667 ns, At safepoint: 4708 ns, Total: 1173375 ns
[2022-09-21T08:45:54.917+0000][7][safepoint    ] Safepoint "Cleanup", Time since last: 1005936000 ns, Reaching safepoint: 357042 ns, At safepoint: 4708 ns, Total: 361750 ns
[2022-09-21T08:45:55.922+0000][7][safepoint    ] Safepoint "Cleanup", Time since last: 1004793793 ns, Reaching safepoint: 645791 ns, At safepoint: 13625 ns, Total: 659416 ns
[2022-09-21T08:45:56.929+0000][7][safepoint    ] Safepoint "Cleanup", Time since last: 1006096876 ns, Reaching safepoint: 177541 ns, At safepoint: 2375 ns, Total: 179916 ns
[2022-09-21T08:45:57.937+0000][7][safepoint    ] Safepoint "Cleanup", Time since last: 1007698001 ns, Reaching safepoint: 340541 ns, At safepoint: 6375 ns, Total: 346916 ns
[2022-09-21T08:45:58.947+0000][7][safepoint    ] Safepoint "Cleanup", Time since last: 1009516918 ns, Reaching safepoint: 1176625 ns, At safepoint: 20750 ns, Total: 1197375 ns
[2022-09-21T08:45:59.958+0000][7][safepoint    ] Safepoint "Cleanup", Time since last: 1010037083 ns, Reaching safepoint: 238167 ns, At safepoint: 4292 ns, Total: 242459 ns
[2022-09-21T08:46:00.963+0000][7][safepoint    ] Safepoint "Cleanup", Time since last: 1004839584 ns, Reaching safepoint: 216250 ns, At safepoint: 9833 ns, Total: 226083 ns
[2022-09-21T08:46:01.969+0000][7][safepoint    ] Safepoint "Cleanup", Time since last: 1003963209 ns, Reaching safepoint: 2545291 ns, At safepoint: 15000 ns, Total: 2560291 ns
[2022-09-21T08:46:02.979+0000][7][safepoint    ] Safepoint "Cleanup", Time since last: 1008108918 ns, Reaching safepoint: 1226000 ns, At safepoint: 27583 ns, Total: 1253583 ns
[2022-09-21T08:46:03.995+0000][7][safepoint    ] Safepoint "Cleanup", Time since last: 1009830792 ns, Reaching safepoint: 6012833 ns, At safepoint: 14417 ns, Total: 6027250 ns
[2022-09-21T08:46:05.001+0000][7][safepoint    ] Safepoint "Cleanup", Time since last: 1006684376 ns, Reaching safepoint: 329666 ns, At safepoint: 4292 ns, Total: 333958 ns
[2022-09-21T08:46:06.010+0000][7][safepoint    ] Safepoint "Cleanup", Time since last: 1007851834 ns, Reaching safepoint: 273000 ns, At safepoint: 4750 ns, Total: 277750 ns
[2022-09-21T08:46:07.014+0000][7][safepoint    ] Safepoint "Cleanup", Time since last: 1004030167 ns, Reaching safepoint: 365000 ns, At safepoint: 23041 ns, Total: 388041 ns
[2022-09-21T08:46:08.018+0000][7][safepoint    ] Safepoint "Cleanup", Time since last: 1003925918 ns, Reaching safepoint: 495541 ns, At safepoint: 12584 ns, Total: 508125 ns
[2022-09-21T08:46:09.028+0000][7][safepoint    ] Safepoint "Cleanup", Time since last: 1009163250 ns, Reaching safepoint: 553417 ns, At safepoint: 6750 ns, Total: 560167 ns
[2022-09-21T08:46:10.035+0000][7][safepoint    ] Safepoint "Cleanup", Time since last: 1005973959 ns, Reaching safepoint: 781583 ns, At safepoint: 10833 ns, Total: 792416 ns
[2022-09-21T08:46:11.041+0000][7][safepoint    ] Safepoint "Cleanup", Time since last: 1005345667 ns, Reaching safepoint: 277584 ns, At safepoint: 5291 ns, Total: 282875 ns
[2022-09-21T08:46:12.045+0000][7][safepoint    ] Safepoint "Cleanup", Time since last: 1003697668 ns, Reaching safepoint: 354750 ns, At safepoint: 5125 ns, Total: 359875 ns
[2022-09-21T08:46:13.052+0000][7][safepoint    ] Safepoint "Cleanup", Time since last: 1006499042 ns, Reaching safepoint: 472541 ns, At safepoint: 5459 ns, Total: 478000 ns
[2022-09-21T08:46:14.062+0000][7][safepoint    ] Safepoint "Cleanup", Time since last: 1009446500 ns, Reaching safepoint: 494959 ns, At safepoint: 6291 ns, Total: 501250 ns
[2022-09-21T08:46:15.070+0000][7][safepoint    ] Safepoint "Cleanup", Time since last: 1005177417 ns, Reaching safepoint: 3657125 ns, At safepoint: 14167 ns, Total: 3671292 ns
[2022-09-21T08:46:16.078+0000][7][safepoint    ] Safepoint "Cleanup", Time since last: 1007928875 ns, Reaching safepoint: 372917 ns, At safepoint: 8333 ns, Total: 381250 ns
[2022-09-21T08:46:17.083+0000][7][safepoint    ] Safepoint "Cleanup", Time since last: 1004166542 ns, Reaching safepoint: 382042 ns, At safepoint: 6542 ns, Total: 388584 ns
[2022-09-21T08:46:18.090+0000][7][safepoint    ] Safepoint "Cleanup", Time since last: 1006625875 ns, Reaching safepoint: 680875 ns, At safepoint: 14833 ns, Total: 695708 ns
[2022-09-21T08:46:19.096+0000][7][safepoint    ] Safepoint "Cleanup", Time since last: 1005686126 ns, Reaching safepoint: 387875 ns, At safepoint: 7833 ns, Total: 395708 ns
[2022-09-21T08:46:20.102+0000][7][safepoint    ] Safepoint "Cleanup", Time since last: 1005309751 ns, Reaching safepoint: 502416 ns, At safepoint: 14959 ns, Total: 517375 ns
[2022-09-21T08:46:21.108+0000][7][safepoint    ] Safepoint "Cleanup", Time since last: 1004840042 ns, Reaching safepoint: 440625 ns, At safepoint: 7917 ns, Total: 448542 ns
[2022-09-21T08:46:22.111+0000][7][safepoint    ] Safepoint "Cleanup", Time since last: 1003610083 ns, Reaching safepoint: 221500 ns, At safepoint: 5250 ns, Total: 226750 ns
[2022-09-21T08:46:23.117+0000][7][safepoint    ] Safepoint "Cleanup", Time since last: 1003729459 ns, Reaching safepoint: 1779000 ns, At safepoint: 24334 ns, Total: 1803334 ns
[2022-09-21T08:46:24.123+0000][7][safepoint    ] Safepoint "Cleanup", Time since last: 1006143458 ns, Reaching safepoint: 328334 ns, At safepoint: 6500 ns, Total: 334834 ns
[2022-09-21T08:46:25.131+0000][7][safepoint    ] Safepoint "Cleanup", Time since last: 1006471833 ns, Reaching safepoint: 660875 ns, At safepoint: 11917 ns, Total: 672792 ns
[2022-09-21T08:46:26.138+0000][7][safepoint    ] Safepoint "Cleanup", Time since last: 1007324042 ns, Reaching safepoint: 301667 ns, At safepoint: 6167 ns, Total: 307834 ns
[2022-09-21T08:46:27.153+0000][7][safepoint    ] Safepoint "Cleanup", Time since last: 1013798458 ns, Reaching safepoint: 537667 ns, At safepoint: 9583 ns, Total: 547250 ns
[2022-09-21T08:46:28.158+0000][7][safepoint    ] Safepoint "Cleanup", Time since last: 1005171043 ns, Reaching safepoint: 287416 ns, At safepoint: 4375 ns, Total: 291791 ns
[2022-09-21T08:46:29.163+0000][7][safepoint    ] Safepoint "Cleanup", Time since last: 1004854542 ns, Reaching safepoint: 399917 ns, At safepoint: 5542 ns, Total: 405459 ns
[2022-09-21T08:46:30.176+0000][7][safepoint    ] Safepoint "Cleanup", Time since last: 1011854250 ns, Reaching safepoint: 479042 ns, At safepoint: 6875 ns, Total: 485917 ns
[2022-09-21T08:46:31.183+0000][7][safepoint    ] Safepoint "Cleanup", Time since last: 1005979625 ns, Reaching safepoint: 1256959 ns, At safepoint: 14250 ns, Total: 1271209 ns
[2022-09-21T08:46:32.187+0000][7][safepoint    ] Safepoint "Cleanup", Time since last: 1003888125 ns, Reaching safepoint: 669084 ns, At safepoint: 9208 ns, Total: 678292 ns
[2022-09-21T08:46:33.194+0000][7][safepoint    ] Safepoint "Cleanup", Time since last: 1005583500 ns, Reaching safepoint: 639417 ns, At safepoint: 18208 ns, Total: 657625 ns
[2022-09-21T08:46:34.203+0000][7][safepoint    ] Safepoint "Cleanup", Time since last: 1008997709 ns, Reaching safepoint: 564250 ns, At safepoint: 10333 ns, Total: 574583 ns
[2022-09-21T08:46:35.210+0000][7][safepoint    ] Safepoint "Cleanup", Time since last: 1005082668 ns, Reaching safepoint: 2092916 ns, At safepoint: 14209 ns, Total: 2107125 ns
[2022-09-21T08:46:36.219+0000][7][safepoint    ] Safepoint "Cleanup", Time since last: 1007141167 ns, Reaching safepoint: 977250 ns, At safepoint: 11250 ns, Total: 988500 ns
[2022-09-21T08:46:37.225+0000][7][safepoint    ] Safepoint "Cleanup", Time since last: 1006567375 ns, Reaching safepoint: 246709 ns, At safepoint: 4208 ns, Total: 250917 ns
[2022-09-21T08:46:38.232+0000][7][safepoint    ] Safepoint "Cleanup", Time since last: 1006024042 ns, Reaching safepoint: 297000 ns, At safepoint: 6583 ns, Total: 303583 ns
[2022-09-21T08:46:39.237+0000][7][safepoint    ] Safepoint "Cleanup", Time since last: 1005327459 ns, Reaching safepoint: 347959 ns, At safepoint: 5708 ns, Total: 353667 ns
[2022-09-21T08:46:40.243+0000][7][safepoint    ] Safepoint "Cleanup", Time since last: 1003764834 ns, Reaching safepoint: 1462041 ns, At safepoint: 18584 ns, Total: 1480625 ns
[2022-09-21T08:46:41.251+0000][7][safepoint    ] Safepoint "Cleanup", Time since last: 1006940042 ns, Reaching safepoint: 1150666 ns, At safepoint: 9834 ns, Total: 1160500 ns
[2022-09-21T08:46:42.262+0000][7][safepoint    ] Safepoint "Cleanup", Time since last: 1010512959 ns, Reaching safepoint: 856208 ns, At safepoint: 17167 ns, Total: 873375 ns
[2022-09-21T08:46:43.277+0000][7][safepoint    ] Safepoint "Cleanup", Time since last: 1014867625 ns, Reaching safepoint: 260000 ns, At safepoint: 4708 ns, Total: 264708 ns
[2022-09-21T08:46:44.286+0000][7][safepoint    ] Safepoint "Cleanup", Time since last: 1007936709 ns, Reaching safepoint: 769792 ns, At safepoint: 8458 ns, Total: 778250 ns
[2022-09-21T08:46:45.297+0000][7][safepoint    ] Safepoint "Cleanup", Time since last: 1011094291 ns, Reaching safepoint: 171584 ns, At safepoint: 3250 ns, Total: 174834 ns
[2022-09-21T08:46:46.299+0000][7][safepoint    ] Safepoint "Cleanup", Time since last: 1001733542 ns, Reaching safepoint: 281417 ns, At safepoint: 5541 ns, Total: 286958 ns
[2022-09-21T08:46:47.304+0000][7][safepoint    ] Safepoint "Cleanup", Time since last: 1005523542 ns, Reaching safepoint: 341500 ns, At safepoint: 5250 ns, Total: 346750 ns
[2022-09-21T08:46:48.313+0000][7][safepoint    ] Safepoint "Cleanup", Time since last: 1007729834 ns, Reaching safepoint: 420875 ns, At safepoint: 8834 ns, Total: 429709 ns
[2022-09-21T08:46:49.320+0000][7][safepoint    ] Safepoint "Cleanup", Time since last: 1006807083 ns, Reaching safepoint: 232584 ns, At safepoint: 4791 ns, Total: 237375 ns
[2022-09-21T08:46:50.323+0000][7][safepoint    ] Safepoint "Cleanup", Time since last: 1003164043 ns, Reaching safepoint: 190375 ns, At safepoint: 3875 ns, Total: 194250 ns
[2022-09-21T08:46:51.326+0000][7][safepoint    ] Safepoint "Cleanup", Time since last: 1002555917 ns, Reaching safepoint: 513416 ns, At safepoint: 12917 ns, Total: 526333 ns
[2022-09-21T08:46:52.330+0000][7][safepoint    ] Safepoint "Cleanup", Time since last: 1003540834 ns, Reaching safepoint: 462208 ns, At safepoint: 9125 ns, Total: 471333 ns
[2022-09-21T08:46:53.339+0000][7][safepoint    ] Safepoint "Cleanup", Time since last: 1008430751 ns, Reaching safepoint: 391791 ns, At safepoint: 32417 ns, Total: 424208 ns
[2022-09-21T08:46:54.346+0000][7][safepoint    ] Safepoint "Cleanup", Time since last: 1007221000 ns, Reaching safepoint: 208709 ns, At safepoint: 3583 ns, Total: 212292 ns
[2022-09-21T08:46:55.350+0000][7][safepoint    ] Safepoint "Cleanup", Time since last: 1002942876 ns, Reaching safepoint: 385125 ns, At safepoint: 6916 ns, Total: 392041 ns
[2022-09-21T08:46:56.353+0000][7][safepoint    ] Safepoint "Cleanup", Time since last: 1002865542 ns, Reaching safepoint: 300084 ns, At safepoint: 19708 ns, Total: 319792 ns
[2022-09-21T08:46:57.358+0000][7][safepoint    ] Safepoint "Cleanup", Time since last: 1004176001 ns, Reaching safepoint: 570375 ns, At safepoint: 8625 ns, Total: 579000 ns
[2022-09-21T08:46:58.365+0000][7][safepoint    ] Safepoint "Cleanup", Time since last: 1007492833 ns, Reaching safepoint: 270709 ns, At safepoint: 5375 ns, Total: 276084 ns
[2022-09-21T08:46:59.370+0000][7][safepoint    ] Safepoint "Cleanup", Time since last: 1004343167 ns, Reaching safepoint: 277000 ns, At safepoint: 4791 ns, Total: 281791 ns
[2022-09-21T08:47:00.373+0000][7][safepoint    ] Safepoint "Cleanup", Time since last: 1002913001 ns, Reaching safepoint: 411375 ns, At safepoint: 10917 ns, Total: 422292 ns
[2022-09-21T08:47:01.376+0000][7][safepoint    ] Safepoint "Cleanup", Time since last: 1002103208 ns, Reaching safepoint: 159542 ns, At safepoint: 3083 ns, Total: 162625 ns
[2022-09-21T08:47:02.379+0000][7][safepoint    ] Safepoint "Cleanup", Time since last: 1003362126 ns, Reaching safepoint: 476000 ns, At safepoint: 6708 ns, Total: 482708 ns
[2022-09-21T08:47:03.385+0000][7][safepoint    ] Safepoint "Cleanup", Time since last: 1004809001 ns, Reaching safepoint: 391250 ns, At safepoint: 7916 ns, Total: 399166 ns
[2022-09-21T08:47:04.388+0000][7][safepoint    ] Safepoint "Cleanup", Time since last: 1002341126 ns, Reaching safepoint: 591000 ns, At safepoint: 6833 ns, Total: 597833 ns
[2022-09-21T08:47:05.391+0000][7][safepoint    ] Safepoint "Cleanup", Time since last: 1003183376 ns, Reaching safepoint: 577916 ns, At safepoint: 9292 ns, Total: 587208 ns
[2022-09-21T08:47:06.396+0000][7][safepoint    ] Safepoint "Cleanup", Time since last: 1004616167 ns, Reaching safepoint: 258792 ns, At safepoint: 4042 ns, Total: 262834 ns
[2022-09-21T08:47:07.403+0000][7][safepoint    ] Safepoint "Cleanup", Time since last: 1006435792 ns, Reaching safepoint: 370375 ns, At safepoint: 74541 ns, Total: 444916 ns
[2022-09-21T08:47:08.410+0000][7][safepoint    ] Safepoint "Cleanup", Time since last: 1006881709 ns, Reaching safepoint: 401083 ns, At safepoint: 9459 ns, Total: 410542 ns
[2022-09-21T08:47:09.415+0000][7][safepoint    ] Safepoint "Cleanup", Time since last: 1004160042 ns, Reaching safepoint: 190125 ns, At safepoint: 3792 ns, Total: 193917 ns
[2022-09-21T08:47:10.418+0000][7][safepoint    ] Safepoint "Cleanup", Time since last: 1002574333 ns, Reaching safepoint: 157750 ns, At safepoint: 3375 ns, Total: 161125 ns
[2022-09-21T08:47:11.420+0000][7][safepoint    ] Safepoint "Cleanup", Time since last: 1002592001 ns, Reaching safepoint: 300667 ns, At safepoint: 8166 ns, Total: 308833 ns
[2022-09-21T08:47:12.423+0000][7][safepoint    ] Safepoint "Cleanup", Time since last: 1002704084 ns, Reaching safepoint: 157833 ns, At safepoint: 8584 ns, Total: 166417 ns
[2022-09-21T08:47:13.047+0000][7][safepoint    ] Safepoint "BulkRevokeBias", Time since last: 622558583 ns, Reaching safepoint: 366375 ns, At safepoint: 339209 ns, Total: 705584 ns
[2022-09-21T08:47:14.049+0000][7][safepoint    ] Safepoint "Cleanup", Time since last: 1002431750 ns, Reaching safepoint: 302042 ns, At safepoint: 9583 ns, Total: 311625 ns
[2022-09-21T08:47:15.058+0000][7][safepoint    ] Safepoint "Cleanup", Time since last: 1004393667 ns, Reaching safepoint: 611583 ns, At safepoint: 6667 ns, Total: 618250 ns
[2022-09-21T08:47:16.062+0000][7][safepoint    ] Safepoint "Cleanup", Time since last: 1003843125 ns, Reaching safepoint: 383334 ns, At safepoint: 7041 ns, Total: 390375 ns
[2022-09-21T08:47:17.491+0000][7][safepoint    ] Safepoint "Cleanup", Time since last: 1427938793 ns, Reaching safepoint: 471750 ns, At safepoint: 9166 ns, Total: 480916 ns
[2022-09-21T08:47:18.495+0000][7][safepoint    ] Safepoint "Cleanup", Time since last: 1003797834 ns, Reaching safepoint: 535417 ns, At safepoint: 7167 ns, Total: 542584 ns
[2022-09-21T08:47:19.500+0000][7][safepoint    ] Safepoint "Cleanup", Time since last: 1004748625 ns, Reaching safepoint: 462125 ns, At safepoint: 6750 ns, Total: 468875 ns
[2022-09-21T08:47:20.509+0000][7][safepoint    ] Safepoint "Cleanup", Time since last: 1008492626 ns, Reaching safepoint: 266166 ns, At safepoint: 5459 ns, Total: 271625 ns
[2022-09-21T08:47:21.512+0000][7][safepoint    ] Safepoint "Cleanup", Time since last: 1003061750 ns, Reaching safepoint: 142583 ns, At safepoint: 3542 ns, Total: 146125 ns
[2022-09-21T08:47:23.342+0000][7][safepoint    ] Safepoint "Cleanup", Time since last: 1828689793 ns, Reaching safepoint: 666416 ns, At safepoint: 12042 ns, Total: 678458 ns
[2022-09-21T08:47:24.350+0000][7][safepoint    ] Safepoint "Cleanup", Time since last: 1008127917 ns, Reaching safepoint: 675167 ns, At safepoint: 7833 ns, Total: 683000 ns
[2022-09-21T08:47:25.356+0000][7][safepoint    ] Safepoint "Cleanup", Time since last: 1005474876 ns, Reaching safepoint: 144666 ns, At safepoint: 3000 ns, Total: 147666 ns
[2022-09-21T08:47:26.359+0000][7][safepoint    ] Safepoint "Cleanup", Time since last: 1002819001 ns, Reaching safepoint: 404250 ns, At safepoint: 7666 ns, Total: 411916 ns
[2022-09-21T08:47:27.366+0000][7][safepoint    ] Safepoint "Cleanup", Time since last: 1006860876 ns, Reaching safepoint: 269458 ns, At safepoint: 5125 ns, Total: 274583 ns
[2022-09-21T08:47:28.370+0000][7][safepoint    ] Safepoint "Cleanup", Time since last: 1002908876 ns, Reaching safepoint: 443875 ns, At safepoint: 8125 ns, Total: 452000 ns
[2022-09-21T08:47:29.379+0000][7][safepoint    ] Safepoint "Cleanup", Time since last: 1008341167 ns, Reaching safepoint: 437166 ns, At safepoint: 7084 ns, Total: 444250 ns
[2022-09-21T08:47:30.385+0000][7][safepoint    ] Safepoint "Cleanup", Time since last: 1005598584 ns, Reaching safepoint: 478208 ns, At safepoint: 5792 ns, Total: 484000 ns
[2022-09-21T08:47:31.388+0000][7][safepoint    ] Safepoint "Cleanup", Time since last: 1003073542 ns, Reaching safepoint: 293916 ns, At safepoint: 4500 ns, Total: 298416 ns
[2022-09-21T08:47:32.399+0000][7][safepoint    ] Safepoint "Cleanup", Time since last: 1010353668 ns, Reaching safepoint: 813000 ns, At safepoint: 10208 ns, Total: 823208 ns
[2022-09-21T08:47:33.409+0000][7][safepoint    ] Safepoint "Cleanup", Time since last: 1009668750 ns, Reaching safepoint: 335125 ns, At safepoint: 4917 ns, Total: 340042 ns
[2022-09-21T08:47:34.416+0000][7][safepoint    ] Safepoint "Cleanup", Time since last: 1006547751 ns, Reaching safepoint: 437416 ns, At safepoint: 6875 ns, Total: 444291 ns
[2022-09-21T08:47:35.420+0000][7][safepoint    ] Safepoint "Cleanup", Time since last: 1003209001 ns, Reaching safepoint: 791625 ns, At safepoint: 13375 ns, Total: 805000 ns
[2022-09-21T08:47:36.436+0000][7][safepoint    ] Safepoint "Cleanup", Time since last: 1010883000 ns, Reaching safepoint: 1838042 ns, At safepoint: 21833 ns, Total: 1859875 ns
[2022-09-21T08:47:37.447+0000][7][safepoint    ] Safepoint "Cleanup", Time since last: 1012006751 ns, Reaching safepoint: 2049333 ns, At safepoint: 32917 ns, Total: 2082250 ns
[2022-09-21T08:47:38.462+0000][7][safepoint    ] Safepoint "Cleanup", Time since last: 1013746625 ns, Reaching safepoint: 763333 ns, At safepoint: 7834 ns, Total: 771167 ns
[2022-09-21T08:47:39.469+0000][7][safepoint    ] Safepoint "Cleanup", Time since last: 1007448709 ns, Reaching safepoint: 326291 ns, At safepoint: 5125 ns, Total: 331416 ns
[2022-09-21T08:47:40.475+0000][7][safepoint    ] Safepoint "Cleanup", Time since last: 1005036417 ns, Reaching safepoint: 341375 ns, At safepoint: 5667 ns, Total: 347042 ns
[2022-09-21T08:47:41.479+0000][7][safepoint    ] Safepoint "Cleanup", Time since last: 1003211126 ns, Reaching safepoint: 1094750 ns, At safepoint: 15125 ns, Total: 1109875 ns
[2022-09-21T08:47:42.485+0000][7][safepoint    ] Safepoint "Cleanup", Time since last: 1006009792 ns, Reaching safepoint: 262916 ns, At safepoint: 5459 ns, Total: 268375 ns
[2022-09-21T08:47:43.491+0000][7][safepoint    ] Safepoint "Cleanup", Time since last: 1005532875 ns, Reaching safepoint: 262667 ns, At safepoint: 4875 ns, Total: 267542 ns
[2022-09-21T08:47:44.494+0000][7][safepoint    ] Safepoint "Cleanup", Time since last: 1002384375 ns, Reaching safepoint: 549750 ns, At safepoint: 30417 ns, Total: 580167 ns
[2022-09-21T08:47:45.498+0000][7][safepoint    ] Safepoint "Cleanup", Time since last: 1004299875 ns, Reaching safepoint: 823167 ns, At safepoint: 14458 ns, Total: 837625 ns
[2022-09-21T08:47:46.505+0000][7][safepoint    ] Safepoint "Cleanup", Time since last: 1005418417 ns, Reaching safepoint: 1648834 ns, At safepoint: 10750 ns, Total: 1659584 ns
[2022-09-21T08:47:47.515+0000][7][safepoint    ] Safepoint "Cleanup", Time since last: 1009604792 ns, Reaching safepoint: 359958 ns, At safepoint: 4917 ns, Total: 364875 ns
[2022-09-21T08:47:48.517+0000][7][safepoint    ] Safepoint "Cleanup", Time since last: 1002219542 ns, Reaching safepoint: 168875 ns, At safepoint: 3500 ns, Total: 172375 ns
[2022-09-21T08:47:49.522+0000][7][safepoint    ] Safepoint "Cleanup", Time since last: 1004715000 ns, Reaching safepoint: 372334 ns, At safepoint: 7000 ns, Total: 379334 ns
[2022-09-21T08:47:50.527+0000][7][safepoint    ] Safepoint "Cleanup", Time since last: 1004428667 ns, Reaching safepoint: 402958 ns, At safepoint: 6292 ns, Total: 409250 ns
[2022-09-21T08:47:51.532+0000][7][safepoint    ] Safepoint "Cleanup", Time since last: 1005241625 ns, Reaching safepoint: 151959 ns, At safepoint: 2375 ns, Total: 154334 ns
[2022-09-21T08:47:52.537+0000][7][safepoint    ] Safepoint "Cleanup", Time since last: 1004140334 ns, Reaching safepoint: 479583 ns, At safepoint: 8042 ns, Total: 487625 ns
[2022-09-21T08:47:53.541+0000][7][safepoint    ] Safepoint "Cleanup", Time since last: 1003745083 ns, Reaching safepoint: 275125 ns, At safepoint: 5042 ns, Total: 280167 ns
[2022-09-21T08:47:54.550+0000][7][safepoint    ] Safepoint "Cleanup", Time since last: 1008516001 ns, Reaching safepoint: 501500 ns, At safepoint: 7166 ns, Total: 508666 ns
[2022-09-21T08:47:55.557+0000][7][safepoint    ] Safepoint "Cleanup", Time since last: 1006272001 ns, Reaching safepoint: 348166 ns, At safepoint: 7250 ns, Total: 355416 ns
[2022-09-21T08:47:56.561+0000][7][safepoint    ] Safepoint "Cleanup", Time since last: 1003492084 ns, Reaching safepoint: 555083 ns, At safepoint: 8959 ns, Total: 564042 ns
[2022-09-21T08:47:57.567+0000][7][safepoint    ] Safepoint "Cleanup", Time since last: 1004922459 ns, Reaching safepoint: 974708 ns, At safepoint: 12375 ns, Total: 987083 ns
[2022-09-21T08:47:58.574+0000][7][safepoint    ] Safepoint "Cleanup", Time since last: 1006881500 ns, Reaching safepoint: 916584 ns, At safepoint: 16375 ns, Total: 932959 ns
[2022-09-21T08:47:59.588+0000][7][safepoint    ] Safepoint "Cleanup", Time since last: 1013053334 ns, Reaching safepoint: 530041 ns, At safepoint: 7542 ns, Total: 537583 ns
[2022-09-21T08:48:00.596+0000][7][safepoint    ] Safepoint "Cleanup", Time since last: 1007934334 ns, Reaching safepoint: 528041 ns, At safepoint: 8500 ns, Total: 536541 ns
[2022-09-21T08:48:01.607+0000][7][safepoint    ] Safepoint "Cleanup", Time since last: 1010499501 ns, Reaching safepoint: 448417 ns, At safepoint: 7125 ns, Total: 455542 ns
[2022-09-21T08:48:02.612+0000][7][safepoint    ] Safepoint "Cleanup", Time since last: 1004366125 ns, Reaching safepoint: 323417 ns, At safepoint: 8000 ns, Total: 331417 ns
[2022-09-21T08:48:03.617+0000][7][safepoint    ] Safepoint "Cleanup", Time since last: 1004263625 ns, Reaching safepoint: 275959 ns, At safepoint: 5208 ns, Total: 281167 ns
[2022-09-21T08:48:04.621+0000][7][safepoint    ] Safepoint "Cleanup", Time since last: 1003860459 ns, Reaching safepoint: 476291 ns, At safepoint: 6750 ns, Total: 483041 ns
[2022-09-21T08:48:05.624+0000][7][safepoint    ] Safepoint "Cleanup", Time since last: 1003108167 ns, Reaching safepoint: 160625 ns, At safepoint: 2792 ns, Total: 163417 ns
[2022-09-21T08:48:06.630+0000][7][safepoint    ] Safepoint "Cleanup", Time since last: 1003424792 ns, Reaching safepoint: 1818709 ns, At safepoint: 13958 ns, Total: 1832667 ns
[2022-09-21T08:48:07.636+0000][7][safepoint    ] Safepoint "Cleanup", Time since last: 1005782709 ns, Reaching safepoint: 282333 ns, At safepoint: 4583 ns, Total: 286916 ns
[2022-09-21T08:48:08.641+0000][7][safepoint    ] Safepoint "Cleanup", Time since last: 1005135459 ns, Reaching safepoint: 328959 ns, At safepoint: 5458 ns, Total: 334417 ns
[2022-09-21T08:48:09.646+0000][7][safepoint    ] Safepoint "Cleanup", Time since last: 1004053584 ns, Reaching safepoint: 394583 ns, At safepoint: 5833 ns, Total: 400416 ns
[2022-09-21T08:48:10.651+0000][7][safepoint    ] Safepoint "Cleanup", Time since last: 1004760501 ns, Reaching safepoint: 531417 ns, At safepoint: 9125 ns, Total: 540542 ns
[2022-09-21T08:48:11.655+0000][7][safepoint    ] Safepoint "Cleanup", Time since last: 1003258375 ns, Reaching safepoint: 459292 ns, At safepoint: 4666 ns, Total: 463958 ns
[2022-09-21T08:48:12.659+0000][7][safepoint    ] Safepoint "Cleanup", Time since last: 1004429334 ns, Reaching safepoint: 364875 ns, At safepoint: 6667 ns, Total: 371542 ns
[2022-09-21T08:48:13.665+0000][7][safepoint    ] Safepoint "Cleanup", Time since last: 1004557084 ns, Reaching safepoint: 1148916 ns, At safepoint: 17917 ns, Total: 1166833 ns
[2022-09-21T08:48:14.675+0000][7][safepoint    ] Safepoint "Cleanup", Time since last: 1009192125 ns, Reaching safepoint: 323625 ns, At safepoint: 7917 ns, Total: 331542 ns
[2022-09-21T08:48:15.677+0000][7][safepoint    ] Safepoint "Cleanup", Time since last: 1004778083 ns, Reaching safepoint: 363375 ns, At safepoint: 6500 ns, Total: 369875 ns
[2022-09-21T08:48:16.686+0000][7][safepoint    ] Safepoint "Cleanup", Time since last: 1008043126 ns, Reaching safepoint: 477291 ns, At safepoint: 5834 ns, Total: 483125 ns
[2022-09-21T08:48:17.692+0000][7][safepoint    ] Safepoint "Cleanup", Time since last: 1005482042 ns, Reaching safepoint: 895667 ns, At safepoint: 10583 ns, Total: 906250 ns
[2022-09-21T08:48:18.705+0000][7][safepoint    ] Safepoint "Cleanup", Time since last: 1012715250 ns, Reaching safepoint: 433625 ns, At safepoint: 6667 ns, Total: 440292 ns
[2022-09-21T08:48:19.712+0000][7][safepoint    ] Safepoint "Cleanup", Time since last: 1006144667 ns, Reaching safepoint: 600709 ns, At safepoint: 6208 ns, Total: 606917 ns
[2022-09-21T08:48:20.718+0000][7][safepoint    ] Safepoint "Cleanup", Time since last: 1004795542 ns, Reaching safepoint: 1433792 ns, At safepoint: 31208 ns, Total: 1465000 ns
[2022-09-21T08:48:21.725+0000][7][safepoint    ] Safepoint "Cleanup", Time since last: 1006367750 ns, Reaching safepoint: 591459 ns, At safepoint: 7625 ns, Total: 599084 ns
[2022-09-21T08:48:22.733+0000][7][safepoint    ] Safepoint "Cleanup", Time since last: 1005621042 ns, Reaching safepoint: 1809917 ns, At safepoint: 19875 ns, Total: 1829792 ns
[2022-09-21T08:48:23.759+0000][7][safepoint    ] Safepoint "Cleanup", Time since last: 1020429167 ns, Reaching safepoint: 6270458 ns, At safepoint: 25042 ns, Total: 6295500 ns
[2022-09-21T08:48:24.782+0000][7][safepoint    ] Safepoint "Cleanup", Time since last: 1022264750 ns, Reaching safepoint: 493542 ns, At safepoint: 54708 ns, Total: 548250 ns
[2022-09-21T08:48:25.788+0000][7][safepoint    ] Safepoint "Cleanup", Time since last: 1005954709 ns, Reaching safepoint: 383583 ns, At safepoint: 9042 ns, Total: 392625 ns
[2022-09-21T08:48:26.795+0000][7][safepoint    ] Safepoint "Cleanup", Time since last: 1006186042 ns, Reaching safepoint: 493000 ns, At safepoint: 8417 ns, Total: 501417 ns
[2022-09-21T08:48:27.808+0000][7][safepoint    ] Safepoint "Cleanup", Time since last: 1009505500 ns, Reaching safepoint: 2425334 ns, At safepoint: 94708 ns, Total: 2520042 ns
[2022-09-21T08:48:28.820+0000][7][safepoint    ] Safepoint "Cleanup", Time since last: 1012344001 ns, Reaching safepoint: 181291 ns, At safepoint: 3459 ns, Total: 184750 ns
[2022-09-21T08:48:29.823+0000][7][safepoint    ] Safepoint "Cleanup", Time since last: 1003047167 ns, Reaching safepoint: 647458 ns, At safepoint: 12458 ns, Total: 659916 ns
[2022-09-21T08:48:30.830+0000][7][safepoint    ] Safepoint "Cleanup", Time since last: 1006008584 ns, Reaching safepoint: 406084 ns, At safepoint: 5708 ns, Total: 411792 ns
[2022-09-21T08:48:31.838+0000][7][safepoint    ] Safepoint "Cleanup", Time since last: 1007869584 ns, Reaching safepoint: 384041 ns, At safepoint: 4542 ns, Total: 388583 ns
[2022-09-21T08:48:32.843+0000][7][safepoint    ] Safepoint "Cleanup", Time since last: 1003964750 ns, Reaching safepoint: 672334 ns, At safepoint: 9208 ns, Total: 681542 ns
[2022-09-21T08:48:33.848+0000][7][safepoint    ] Safepoint "Cleanup", Time since last: 1005296334 ns, Reaching safepoint: 299750 ns, At safepoint: 3542 ns, Total: 303292 ns
[2022-09-21T08:48:34.856+0000][7][safepoint    ] Safepoint "Cleanup", Time since last: 1004701500 ns, Reaching safepoint: 2509500 ns, At safepoint: 10667 ns, Total: 2520167 ns
[2022-09-21T08:48:35.860+0000][7][safepoint    ] Safepoint "Cleanup", Time since last: 1003604250 ns, Reaching safepoint: 634250 ns, At safepoint: 9209 ns, Total: 643459 ns
[2022-09-21T08:48:36.867+0000][7][safepoint    ] Safepoint "Cleanup", Time since last: 1006559583 ns, Reaching safepoint: 1068917 ns, At safepoint: 7667 ns, Total: 1076584 ns
[2022-09-21T08:48:37.870+0000][7][safepoint    ] Safepoint "Cleanup", Time since last: 1001989459 ns, Reaching safepoint: 333625 ns, At safepoint: 6000 ns, Total: 339625 ns
[2022-09-21T08:48:38.876+0000][7][safepoint    ] Safepoint "Cleanup", Time since last: 1004523917 ns, Reaching safepoint: 1318875 ns, At safepoint: 32500 ns, Total: 1351375 ns
[2022-09-21T08:48:39.891+0000][7][safepoint    ] Safepoint "Cleanup", Time since last: 1014973292 ns, Reaching safepoint: 287416 ns, At safepoint: 5459 ns, Total: 292875 ns
[2022-09-21T08:48:40.899+0000][7][safepoint    ] Safepoint "Cleanup", Time since last: 1006806417 ns, Reaching safepoint: 945875 ns, At safepoint: 13292 ns, Total: 959167 ns
[2022-09-21T08:48:41.905+0000][7][safepoint    ] Safepoint "Cleanup", Time since last: 1005788625 ns, Reaching safepoint: 290917 ns, At safepoint: 3416 ns, Total: 294333 ns
[2022-09-21T08:48:42.906+0000][7][safepoint    ] Safepoint "Cleanup", Time since last: 1001399168 ns, Reaching safepoint: 271000 ns, At safepoint: 4750 ns, Total: 275750 ns
[2022-09-21T08:48:43.910+0000][7][safepoint    ] Safepoint "Cleanup", Time since last: 1003470417 ns, Reaching safepoint: 118875 ns, At safepoint: 2541 ns, Total: 121416 ns
[2022-09-21T08:48:44.912+0000][7][safepoint    ] Safepoint "Cleanup", Time since last: 1001246375 ns, Reaching safepoint: 494542 ns, At safepoint: 9667 ns, Total: 504209 ns
[2022-09-21T08:48:45.920+0000][7][safepoint    ] Safepoint "Cleanup", Time since last: 1007975000 ns, Reaching safepoint: 336375 ns, At safepoint: 6458 ns, Total: 342833 ns
[2022-09-21T08:48:46.926+0000][7][safepoint    ] Safepoint "Cleanup", Time since last: 1005035084 ns, Reaching safepoint: 581625 ns, At safepoint: 8917 ns, Total: 590542 ns
[2022-09-21T08:48:47.935+0000][7][safepoint    ] Safepoint "Cleanup", Time since last: 1009617042 ns, Reaching safepoint: 84958 ns, At safepoint: 1959 ns, Total: 86917 ns
[2022-09-21T08:48:48.937+0000][7][safepoint    ] Safepoint "Cleanup", Time since last: 1001276958 ns, Reaching safepoint: 449959 ns, At safepoint: 16000 ns, Total: 465959 ns
[2022-09-21T08:48:49.943+0000][7][safepoint    ] Safepoint "Cleanup", Time since last: 1005108334 ns, Reaching safepoint: 485791 ns, At safepoint: 9584 ns, Total: 495375 ns
[2022-09-21T08:48:50.949+0000][7][safepoint    ] Safepoint "Cleanup", Time since last: 1005312750 ns, Reaching safepoint: 671917 ns, At safepoint: 10291 ns, Total: 682208 ns
[2022-09-21T08:48:51.955+0000][7][safepoint    ] Safepoint "Cleanup", Time since last: 1005855876 ns, Reaching safepoint: 407083 ns, At safepoint: 32084 ns, Total: 439167 ns
[2022-09-21T08:48:52.966+0000][7][safepoint    ] Safepoint "Cleanup", Time since last: 1008860625 ns, Reaching safepoint: 2151375 ns, At safepoint: 8000 ns, Total: 2159375 ns
[2022-09-21T08:48:53.969+0000][7][safepoint    ] Safepoint "Cleanup", Time since last: 1002995501 ns, Reaching safepoint: 121291 ns, At safepoint: 2959 ns, Total: 124250 ns
[2022-09-21T08:48:54.973+0000][7][safepoint    ] Safepoint "Cleanup", Time since last: 1002983375 ns, Reaching safepoint: 428333 ns, At safepoint: 26292 ns, Total: 454625 ns
[2022-09-21T08:48:55.977+0000][7][safepoint    ] Safepoint "Cleanup", Time since last: 1003079501 ns, Reaching safepoint: 981041 ns, At safepoint: 18500 ns, Total: 999541 ns
[2022-09-21T08:48:56.986+0000][7][safepoint    ] Safepoint "Cleanup", Time since last: 1008952959 ns, Reaching safepoint: 299958 ns, At safepoint: 27792 ns, Total: 327750 ns
[2022-09-21T08:48:57.991+0000][7][safepoint    ] Safepoint "Cleanup", Time since last: 1003530917 ns, Reaching safepoint: 853292 ns, At safepoint: 44541 ns, Total: 897833 ns
[2022-09-21T08:48:58.997+0000][7][safepoint    ] Safepoint "Cleanup", Time since last: 1006666001 ns, Reaching safepoint: 269375 ns, At safepoint: 5917 ns, Total: 275292 ns
[2022-09-21T08:49:00.004+0000][7][safepoint    ] Safepoint "Cleanup", Time since last: 1006163000 ns, Reaching safepoint: 509458 ns, At safepoint: 8542 ns, Total: 518000 ns
[2022-09-21T08:49:01.020+0000][7][safepoint    ] Safepoint "Cleanup", Time since last: 1015973209 ns, Reaching safepoint: 333417 ns, At safepoint: 5500 ns, Total: 338917 ns
[2022-09-21T08:49:02.033+0000][7][safepoint    ] Safepoint "Cleanup", Time since last: 1004800667 ns, Reaching safepoint: 7638291 ns, At safepoint: 29875 ns, Total: 7668166 ns
[2022-09-21T08:49:03.042+0000][7][safepoint    ] Safepoint "Cleanup", Time since last: 1007768334 ns, Reaching safepoint: 1330209 ns, At safepoint: 33000 ns, Total: 1363209 ns
[2022-09-21T08:49:04.054+0000][7][safepoint    ] Safepoint "Cleanup", Time since last: 1011562625 ns, Reaching safepoint: 225042 ns, At safepoint: 4875 ns, Total: 229917 ns
[2022-09-21T08:49:05.062+0000][7][safepoint    ] Safepoint "Cleanup", Time since last: 1007549625 ns, Reaching safepoint: 434542 ns, At safepoint: 6583 ns, Total: 441125 ns
[2022-09-21T08:49:07.025+0000][7][safepoint    ] Safepoint "Cleanup", Time since last: 1962217751 ns, Reaching safepoint: 572583 ns, At safepoint: 7334 ns, Total: 579917 ns
[2022-09-21T08:49:08.032+0000][7][safepoint    ] Safepoint "Cleanup", Time since last: 1006675792 ns, Reaching safepoint: 441458 ns, At safepoint: 5500 ns, Total: 446958 ns
[2022-09-21T08:49:09.038+0000][7][safepoint    ] Safepoint "Cleanup", Time since last: 1005735876 ns, Reaching safepoint: 211291 ns, At safepoint: 2792 ns, Total: 214083 ns
[2022-09-21T08:49:09.761+0000][7][gc,start     ] GC(26) Pause Young (Normal) (G1 Evacuation Pause)
[2022-09-21T08:49:09.762+0000][7][gc,task      ] GC(26) Using 4 workers of 4 for evacuation
[2022-09-21T08:49:09.763+0000][7][gc,age       ] GC(26) Desired survivor size 19922944 bytes, new threshold 15 (max threshold 15)
[2022-09-21T08:49:09.804+0000][7][gc,age       ] GC(26) Age table with threshold 15 (max threshold 15)
[2022-09-21T08:49:09.805+0000][7][gc,age       ] GC(26) - age   1:     521768 bytes,     521768 total
[2022-09-21T08:49:09.806+0000][7][gc,age       ] GC(26) - age   2:    2401184 bytes,    2922952 total
[2022-09-21T08:49:09.807+0000][7][gc,age       ] GC(26) - age   3:     599088 bytes,    3522040 total
[2022-09-21T08:49:09.808+0000][7][gc,age       ] GC(26) - age   4:     601632 bytes,    4123672 total
[2022-09-21T08:49:09.808+0000][7][gc,age       ] GC(26) - age   5:     521320 bytes,    4644992 total
[2022-09-21T08:49:09.809+0000][7][gc,age       ] GC(26) - age   6:      82088 bytes,    4727080 total
[2022-09-21T08:49:09.810+0000][7][gc,age       ] GC(26) - age   7:    2061656 bytes,    6788736 total
[2022-09-21T08:49:09.810+0000][7][gc,age       ] GC(26) - age   8:    1658256 bytes,    8446992 total
[2022-09-21T08:49:09.811+0000][7][gc,age       ] GC(26) - age   9:    2155432 bytes,   10602424 total
[2022-09-21T08:49:09.812+0000][7][gc,age       ] GC(26) - age  10:     413384 bytes,   11015808 total
[2022-09-21T08:49:09.813+0000][7][gc,age       ] GC(26) - age  11:    4008184 bytes,   15023992 total
[2022-09-21T08:49:09.813+0000][7][gc,phases    ] GC(26)   Pre Evacuate Collection Set: 0.3ms
[2022-09-21T08:49:09.814+0000][7][gc,phases    ] GC(26)   Merge Heap Roots: 0.1ms
[2022-09-21T08:49:09.815+0000][7][gc,phases    ] GC(26)   Evacuate Collection Set: 37.8ms
[2022-09-21T08:49:09.815+0000][7][gc,phases    ] GC(26)   Post Evacuate Collection Set: 2.4ms
[2022-09-21T08:49:09.816+0000][7][gc,phases    ] GC(26)   Other: 11.9ms
[2022-09-21T08:49:09.817+0000][7][gc,heap      ] GC(26) Eden regions: 285->0(285)
[2022-09-21T08:49:09.817+0000][7][gc,heap      ] GC(26) Survivor regions: 16->16(38)
[2022-09-21T08:49:09.818+0000][7][gc,heap      ] GC(26) Old regions: 60->60
[2022-09-21T08:49:09.818+0000][7][gc,heap      ] GC(26) Archive regions: 0->0
[2022-09-21T08:49:09.819+0000][7][gc,heap      ] GC(26) Humongous regions: 7->7
[2022-09-21T08:49:09.819+0000][7][gc,metaspace ] GC(26) Metaspace: 109778K(118056K)->109778K(118056K) NonClass: 95830K(100828K)->95830K(100828K) Class: 13948K(17228K)->13948K(17228K)
[2022-09-21T08:49:09.820+0000][7][gc           ] GC(26) Pause Young (Normal) (G1 Evacuation Pause) 367M->82M(512M) 58.688ms
[2022-09-21T08:49:09.820+0000][7][gc,cpu       ] GC(26) User=0.16s Sys=0.00s Real=0.06s
[2022-09-21T08:49:09.821+0000][7][safepoint    ] Safepoint "G1CollectForAllocation", Time since last: 723137417 ns, Reaching safepoint: 153500 ns, At safepoint: 60073458 ns, Total: 60226958 ns
[2022-09-21T08:49:10.531+0000][7][safepoint    ] Safepoint "ICBufferFull", Time since last: 709854084 ns, Reaching safepoint: 315417 ns, At safepoint: 9666 ns, Total: 325083 ns
[2022-09-21T08:49:12.450+0000][7][safepoint    ] Safepoint "Cleanup", Time since last: 1917675293 ns, Reaching safepoint: 894792 ns, At safepoint: 47166 ns, Total: 941958 ns
[2022-09-21T08:49:13.460+0000][7][safepoint    ] Safepoint "Cleanup", Time since last: 1005562043 ns, Reaching safepoint: 4358750 ns, At safepoint: 27125 ns, Total: 4385875 ns
[2022-09-21T08:49:14.471+0000][7][safepoint    ] Safepoint "Cleanup", Time since last: 1010602833 ns, Reaching safepoint: 445709 ns, At safepoint: 5875 ns, Total: 451584 ns
[2022-09-21T08:49:16.470+0000][7][safepoint    ] Safepoint "Cleanup", Time since last: 1984813875 ns, Reaching safepoint: 9526083 ns, At safepoint: 31375 ns, Total: 9557458 ns
[2022-09-21T08:49:17.511+0000][7][safepoint    ] Safepoint "Cleanup", Time since last: 1036168500 ns, Reaching safepoint: 2666209 ns, At safepoint: 28500 ns, Total: 2694709 ns
[2022-09-21T08:49:18.526+0000][7][safepoint    ] Safepoint "Cleanup", Time since last: 1014916209 ns, Reaching safepoint: 1397625 ns, At safepoint: 17291 ns, Total: 1414916 ns
[2022-09-21T08:49:19.537+0000][7][safepoint    ] Safepoint "Cleanup", Time since last: 1010121126 ns, Reaching safepoint: 1220375 ns, At safepoint: 14916 ns, Total: 1235291 ns
[2022-09-21T08:49:20.548+0000][7][safepoint    ] Safepoint "Cleanup", Time since last: 1010413793 ns, Reaching safepoint: 770666 ns, At safepoint: 18459 ns, Total: 789125 ns
[2022-09-21T08:49:21.562+0000][7][safepoint    ] Safepoint "Cleanup", Time since last: 1012825083 ns, Reaching safepoint: 789334 ns, At safepoint: 12291 ns, Total: 801625 ns
[2022-09-21T08:49:22.566+0000][7][safepoint    ] Safepoint "Cleanup", Time since last: 1003618876 ns, Reaching safepoint: 484625 ns, At safepoint: 4750 ns, Total: 489375 ns
[2022-09-21T08:49:23.581+0000][7][safepoint    ] Safepoint "Cleanup", Time since last: 1013919292 ns, Reaching safepoint: 1021083 ns, At safepoint: 14500 ns, Total: 1035583 ns
[2022-09-21T08:49:24.601+0000][7][safepoint    ] Safepoint "Cleanup", Time since last: 1020263543 ns, Reaching safepoint: 242333 ns, At safepoint: 4625 ns, Total: 246958 ns
[2022-09-21T08:49:25.605+0000][7][safepoint    ] Safepoint "Cleanup", Time since last: 1003075625 ns, Reaching safepoint: 610542 ns, At safepoint: 12958 ns, Total: 623500 ns
[2022-09-21T08:49:26.608+0000][7][safepoint    ] Safepoint "Cleanup", Time since last: 1002800834 ns, Reaching safepoint: 438750 ns, At safepoint: 8417 ns, Total: 447167 ns
[2022-09-21T08:49:27.618+0000][7][safepoint    ] Safepoint "Cleanup", Time since last: 1009335125 ns, Reaching safepoint: 455500 ns, At safepoint: 6917 ns, Total: 462417 ns
[2022-09-21T08:49:28.629+0000][7][safepoint    ] Safepoint "Cleanup", Time since last: 1008079834 ns, Reaching safepoint: 2338458 ns, At safepoint: 21750 ns, Total: 2360208 ns
[2022-09-21T08:49:29.646+0000][7][safepoint    ] Safepoint "Cleanup", Time since last: 1017383667 ns, Reaching safepoint: 544875 ns, At safepoint: 9917 ns, Total: 554792 ns
[2022-09-21T08:49:30.653+0000][7][safepoint    ] Safepoint "Cleanup", Time since last: 1004346000 ns, Reaching safepoint: 2474750 ns, At safepoint: 32250 ns, Total: 2507000 ns
[2022-09-21T08:49:31.675+0000][7][safepoint    ] Safepoint "Cleanup", Time since last: 1017795293 ns, Reaching safepoint: 4022500 ns, At safepoint: 30000 ns, Total: 4052500 ns
[2022-09-21T08:49:32.761+0000][7][safepoint    ] Safepoint "Cleanup", Time since last: 1085302708 ns, Reaching safepoint: 299125 ns, At safepoint: 7709 ns, Total: 306834 ns
[2022-09-21T08:49:33.780+0000][7][safepoint    ] Safepoint "Cleanup", Time since last: 1018519709 ns, Reaching safepoint: 875208 ns, At safepoint: 5625 ns, Total: 880833 ns
[2022-09-21T08:49:34.785+0000][7][safepoint    ] Safepoint "Cleanup", Time since last: 1004294500 ns, Reaching safepoint: 505417 ns, At safepoint: 7833 ns, Total: 513250 ns
[2022-09-21T08:49:35.794+0000][7][safepoint    ] Safepoint "Cleanup", Time since last: 1008424418 ns, Reaching safepoint: 290083 ns, At safepoint: 6458 ns, Total: 296541 ns
[2022-09-21T08:49:37.242+0000][7][safepoint    ] Safepoint "Cleanup", Time since last: 1448509709 ns, Reaching safepoint: 311125 ns, At safepoint: 4542 ns, Total: 315667 ns
[2022-09-21T08:49:38.273+0000][7][safepoint    ] Safepoint "Cleanup", Time since last: 1028964750 ns, Reaching safepoint: 1152292 ns, At safepoint: 12250 ns, Total: 1164542 ns
[2022-09-21T08:49:39.278+0000][7][safepoint    ] Safepoint "Cleanup", Time since last: 1005126584 ns, Reaching safepoint: 507333 ns, At safepoint: 6084 ns, Total: 513417 ns
[2022-09-21T08:49:40.285+0000][7][safepoint    ] Safepoint "Cleanup", Time since last: 1006090708 ns, Reaching safepoint: 314000 ns, At safepoint: 5000 ns, Total: 319000 ns
[2022-09-21T08:49:41.305+0000][7][safepoint    ] Safepoint "Cleanup", Time since last: 1018103001 ns, Reaching safepoint: 2193958 ns, At safepoint: 25625 ns, Total: 2219583 ns
[2022-09-21T08:49:42.318+0000][7][safepoint    ] Safepoint "Cleanup", Time since last: 1012722334 ns, Reaching safepoint: 404333 ns, At safepoint: 6709 ns, Total: 411042 ns
[2022-09-21T08:49:43.755+0000][7][safepoint    ] Safepoint "Cleanup", Time since last: 1436111750 ns, Reaching safepoint: 592417 ns, At safepoint: 9167 ns, Total: 601584 ns
[2022-09-21T08:49:44.761+0000][7][safepoint    ] Safepoint "Cleanup", Time since last: 1004651208 ns, Reaching safepoint: 1939000 ns, At safepoint: 8584 ns, Total: 1947584 ns
[2022-09-21T08:49:45.084+0000][7][safepoint    ] Safepoint "ICBufferFull", Time since last: 322917958 ns, Reaching safepoint: 304125 ns, At safepoint: 6583 ns, Total: 310708 ns
[2022-09-21T08:49:46.868+0000][7][safepoint    ] Safepoint "Cleanup", Time since last: 1784722334 ns, Reaching safepoint: 199375 ns, At safepoint: 14000 ns, Total: 213375 ns
[2022-09-21T08:49:48.471+0000][7][safepoint    ] Safepoint "Cleanup", Time since last: 1601585376 ns, Reaching safepoint: 857209 ns, At safepoint: 14083 ns, Total: 871292 ns
[2022-09-21T08:49:49.475+0000][7][safepoint    ] Safepoint "Cleanup", Time since last: 1003984584 ns, Reaching safepoint: 400750 ns, At safepoint: 7541 ns, Total: 408291 ns
[2022-09-21T08:49:50.485+0000][7][safepoint    ] Safepoint "Cleanup", Time since last: 1007591001 ns, Reaching safepoint: 1924833 ns, At safepoint: 7709 ns, Total: 1932542 ns
[2022-09-21T08:49:51.507+0000][7][safepoint    ] Safepoint "Cleanup", Time since last: 1020632958 ns, Reaching safepoint: 1821959 ns, At safepoint: 23333 ns, Total: 1845292 ns
[2022-09-21T08:49:52.527+0000][7][safepoint    ] Safepoint "Cleanup", Time since last: 1019119959 ns, Reaching safepoint: 448583 ns, At safepoint: 12917 ns, Total: 461500 ns
[2022-09-21T08:49:53.536+0000][7][safepoint    ] Safepoint "Cleanup", Time since last: 1007092750 ns, Reaching safepoint: 1808042 ns, At safepoint: 25417 ns, Total: 1833459 ns
[2022-09-21T08:49:54.549+0000][7][safepoint    ] Safepoint "Cleanup", Time since last: 1012086792 ns, Reaching safepoint: 622625 ns, At safepoint: 72708 ns, Total: 695333 ns
[2022-09-21T08:49:55.563+0000][7][safepoint    ] Safepoint "Cleanup", Time since last: 1013984792 ns, Reaching safepoint: 270000 ns, At safepoint: 4875 ns, Total: 274875 ns
[2022-09-21T08:49:56.569+0000][7][safepoint    ] Safepoint "Cleanup", Time since last: 1006004167 ns, Reaching safepoint: 364750 ns, At safepoint: 5125 ns, Total: 369875 ns
[2022-09-21T08:49:57.576+0000][7][safepoint    ] Safepoint "Cleanup", Time since last: 1006519793 ns, Reaching safepoint: 251583 ns, At safepoint: 5458 ns, Total: 257041 ns
[2022-09-21T08:49:58.580+0000][7][safepoint    ] Safepoint "Cleanup", Time since last: 1003753334 ns, Reaching safepoint: 254375 ns, At safepoint: 4583 ns, Total: 258958 ns
[2022-09-21T08:49:59.598+0000][7][safepoint    ] Safepoint "Cleanup", Time since last: 1017640584 ns, Reaching safepoint: 312000 ns, At safepoint: 6042 ns, Total: 318042 ns
[2022-09-21T08:50:00.610+0000][7][safepoint    ] Safepoint "Cleanup", Time since last: 1010694875 ns, Reaching safepoint: 1368334 ns, At safepoint: 27708 ns, Total: 1396042 ns
[2022-09-21T08:50:01.621+0000][7][safepoint    ] Safepoint "Cleanup", Time since last: 1008295084 ns, Reaching safepoint: 2833583 ns, At safepoint: 9667 ns, Total: 2843250 ns
[2022-09-21T08:50:02.634+0000][7][safepoint    ] Safepoint "Cleanup", Time since last: 1012576875 ns, Reaching safepoint: 300209 ns, At safepoint: 7125 ns, Total: 307334 ns
[2022-09-21T08:50:03.705+0000][7][safepoint    ] Safepoint "Cleanup", Time since last: 1068419917 ns, Reaching safepoint: 2379875 ns, At safepoint: 36667 ns, Total: 2416542 ns
[2022-09-21T08:50:04.725+0000][7][safepoint    ] Safepoint "Cleanup", Time since last: 1019863500 ns, Reaching safepoint: 560292 ns, At safepoint: 7666 ns, Total: 567958 ns
[2022-09-21T08:50:05.734+0000][7][safepoint    ] Safepoint "Cleanup", Time since last: 1006576251 ns, Reaching safepoint: 2311458 ns, At safepoint: 22250 ns, Total: 2333708 ns
[2022-09-21T08:50:06.755+0000][7][safepoint    ] Safepoint "Cleanup", Time since last: 1019635126 ns, Reaching safepoint: 1036250 ns, At safepoint: 22000 ns, Total: 1058250 ns
[2022-09-21T08:50:07.761+0000][7][safepoint    ] Safepoint "Cleanup", Time since last: 1005621833 ns, Reaching safepoint: 369959 ns, At safepoint: 5833 ns, Total: 375792 ns
[2022-09-21T08:50:08.771+0000][7][safepoint    ] Safepoint "Cleanup", Time since last: 1007750834 ns, Reaching safepoint: 2265833 ns, At safepoint: 13292 ns, Total: 2279125 ns
[2022-09-21T08:50:09.776+0000][7][safepoint    ] Safepoint "Cleanup", Time since last: 1004256959 ns, Reaching safepoint: 518791 ns, At safepoint: 7625 ns, Total: 526416 ns
[2022-09-21T08:50:10.784+0000][7][safepoint    ] Safepoint "Cleanup", Time since last: 1007663168 ns, Reaching safepoint: 549208 ns, At safepoint: 8792 ns, Total: 558000 ns
[2022-09-21T08:50:11.789+0000][7][safepoint    ] Safepoint "Cleanup", Time since last: 1004599583 ns, Reaching safepoint: 417667 ns, At safepoint: 6875 ns, Total: 424542 ns
[2022-09-21T08:50:12.796+0000][7][safepoint    ] Safepoint "Cleanup", Time since last: 1004806584 ns, Reaching safepoint: 1514375 ns, At safepoint: 1113458 ns, Total: 2627833 ns
[2022-09-21T08:50:13.805+0000][7][safepoint    ] Safepoint "Cleanup", Time since last: 1007947876 ns, Reaching safepoint: 390458 ns, At safepoint: 5667 ns, Total: 396125 ns
[2022-09-21T08:50:14.809+0000][7][safepoint    ] Safepoint "Cleanup", Time since last: 1003932917 ns, Reaching safepoint: 587000 ns, At safepoint: 9750 ns, Total: 596750 ns
[2022-09-21T08:50:15.812+0000][7][safepoint    ] Safepoint "Cleanup", Time since last: 1010897125 ns, Reaching safepoint: 845625 ns, At safepoint: 17833 ns, Total: 863458 ns
[2022-09-21T08:50:16.819+0000][7][safepoint    ] Safepoint "Cleanup", Time since last: 1007013875 ns, Reaching safepoint: 311250 ns, At safepoint: 5750 ns, Total: 317000 ns
[2022-09-21T08:50:18.190+0000][7][safepoint    ] Safepoint "Cleanup", Time since last: 1370242959 ns, Reaching safepoint: 402959 ns, At safepoint: 26625 ns, Total: 429584 ns
[2022-09-21T08:50:19.201+0000][7][safepoint    ] Safepoint "Cleanup", Time since last: 1010059584 ns, Reaching safepoint: 1609291 ns, At safepoint: 13334 ns, Total: 1622625 ns
[2022-09-21T08:50:20.208+0000][7][safepoint    ] Safepoint "Cleanup", Time since last: 1005621875 ns, Reaching safepoint: 440125 ns, At safepoint: 6958 ns, Total: 447083 ns
[2022-09-21T08:50:21.214+0000][7][safepoint    ] Safepoint "Cleanup", Time since last: 1005539459 ns, Reaching safepoint: 432792 ns, At safepoint: 7250 ns, Total: 440042 ns
[2022-09-21T08:50:22.221+0000][7][safepoint    ] Safepoint "Cleanup", Time since last: 1006955959 ns, Reaching safepoint: 388791 ns, At safepoint: 7917 ns, Total: 396708 ns
[2022-09-21T08:50:23.226+0000][7][safepoint    ] Safepoint "Cleanup", Time since last: 1004263042 ns, Reaching safepoint: 384459 ns, At safepoint: 7791 ns, Total: 392250 ns
[2022-09-21T08:50:24.233+0000][7][safepoint    ] Safepoint "Cleanup", Time since last: 1006745209 ns, Reaching safepoint: 395750 ns, At safepoint: 8125 ns, Total: 403875 ns
[2022-09-21T08:50:25.239+0000][7][safepoint    ] Safepoint "Cleanup", Time since last: 1005892042 ns, Reaching safepoint: 260083 ns, At safepoint: 4834 ns, Total: 264917 ns
[2022-09-21T08:50:26.242+0000][7][safepoint    ] Safepoint "Cleanup", Time since last: 1003270542 ns, Reaching safepoint: 194625 ns, At safepoint: 3208 ns, Total: 197833 ns
[2022-09-21T08:50:27.247+0000][7][safepoint    ] Safepoint "Cleanup", Time since last: 1004293501 ns, Reaching safepoint: 446041 ns, At safepoint: 9334 ns, Total: 455375 ns
[2022-09-21T08:50:28.258+0000][7][safepoint    ] Safepoint "Cleanup", Time since last: 1010426292 ns, Reaching safepoint: 672292 ns, At safepoint: 9750 ns, Total: 682042 ns
[2022-09-21T08:50:29.266+0000][7][safepoint    ] Safepoint "Cleanup", Time since last: 1007821375 ns, Reaching safepoint: 476333 ns, At safepoint: 7959 ns, Total: 484292 ns
[2022-09-21T08:50:30.273+0000][7][safepoint    ] Safepoint "Cleanup", Time since last: 1005123125 ns, Reaching safepoint: 1053750 ns, At safepoint: 19125 ns, Total: 1072875 ns
[2022-09-21T08:50:31.288+0000][7][safepoint    ] Safepoint "Cleanup", Time since last: 1015142167 ns, Reaching safepoint: 630584 ns, At safepoint: 11500 ns, Total: 642084 ns
[2022-09-21T08:50:32.296+0000][7][safepoint    ] Safepoint "Cleanup", Time since last: 1006876417 ns, Reaching safepoint: 360333 ns, At safepoint: 6542 ns, Total: 366875 ns
[2022-09-21T08:50:33.302+0000][7][safepoint    ] Safepoint "Cleanup", Time since last: 1006322667 ns, Reaching safepoint: 435125 ns, At safepoint: 7042 ns, Total: 442167 ns
[2022-09-21T08:50:34.312+0000][7][safepoint    ] Safepoint "Cleanup", Time since last: 1009405625 ns, Reaching safepoint: 543833 ns, At safepoint: 12459 ns, Total: 556292 ns
[2022-09-21T08:50:35.321+0000][7][safepoint    ] Safepoint "Cleanup", Time since last: 1008191375 ns, Reaching safepoint: 841542 ns, At safepoint: 17042 ns, Total: 858584 ns
[2022-09-21T08:50:36.329+0000][7][safepoint    ] Safepoint "Cleanup", Time since last: 1006515375 ns, Reaching safepoint: 535125 ns, At safepoint: 7667 ns, Total: 542792 ns
[2022-09-21T08:50:37.335+0000][7][safepoint    ] Safepoint "Cleanup", Time since last: 1006085500 ns, Reaching safepoint: 308167 ns, At safepoint: 5792 ns, Total: 313959 ns
[2022-09-21T08:50:38.344+0000][7][safepoint    ] Safepoint "Cleanup", Time since last: 1008514167 ns, Reaching safepoint: 704708 ns, At safepoint: 10208 ns, Total: 714916 ns
[2022-09-21T08:50:39.349+0000][7][safepoint    ] Safepoint "Cleanup", Time since last: 1004152668 ns, Reaching safepoint: 350458 ns, At safepoint: 6917 ns, Total: 357375 ns
[2022-09-21T08:50:40.354+0000][7][safepoint    ] Safepoint "Cleanup", Time since last: 1004940250 ns, Reaching safepoint: 292458 ns, At safepoint: 4709 ns, Total: 297167 ns
[2022-09-21T08:50:41.357+0000][7][safepoint    ] Safepoint "Cleanup", Time since last: 1003062542 ns, Reaching safepoint: 486750 ns, At safepoint: 6166 ns, Total: 492916 ns
[2022-09-21T08:50:42.369+0000][7][safepoint    ] Safepoint "Cleanup", Time since last: 1008210626 ns, Reaching safepoint: 2856167 ns, At safepoint: 12416 ns, Total: 2868583 ns
[2022-09-21T08:50:43.372+0000][7][safepoint    ] Safepoint "Cleanup", Time since last: 1002976501 ns, Reaching safepoint: 209916 ns, At safepoint: 5209 ns, Total: 215125 ns
[2022-09-21T08:50:44.382+0000][7][safepoint    ] Safepoint "Cleanup", Time since last: 1009886000 ns, Reaching safepoint: 251334 ns, At safepoint: 4583 ns, Total: 255917 ns
[2022-09-21T08:50:45.388+0000][7][safepoint    ] Safepoint "Cleanup", Time since last: 1002717458 ns, Reaching safepoint: 268708 ns, At safepoint: 5334 ns, Total: 274042 ns
[2022-09-21T08:50:46.391+0000][7][safepoint    ] Safepoint "Cleanup", Time since last: 1002201709 ns, Reaching safepoint: 416833 ns, At safepoint: 6000 ns, Total: 422833 ns
[2022-09-21T08:50:47.400+0000][7][safepoint    ] Safepoint "Cleanup", Time since last: 1007989834 ns, Reaching safepoint: 1340625 ns, At safepoint: 24458 ns, Total: 1365083 ns
[2022-09-21T08:50:48.087+0000][7][gc,start     ] GC(27) Pause Young (Normal) (G1 Evacuation Pause)
[2022-09-21T08:50:48.089+0000][7][gc,task      ] GC(27) Using 4 workers of 4 for evacuation
[2022-09-21T08:50:48.090+0000][7][gc,age       ] GC(27) Desired survivor size 19922944 bytes, new threshold 15 (max threshold 15)
[2022-09-21T08:50:48.144+0000][7][gc,age       ] GC(27) Age table with threshold 15 (max threshold 15)
[2022-09-21T08:50:48.145+0000][7][gc,age       ] GC(27) - age   1:    1213632 bytes,    1213632 total
[2022-09-21T08:50:48.146+0000][7][gc,age       ] GC(27) - age   2:     152960 bytes,    1366592 total
[2022-09-21T08:50:48.147+0000][7][gc,age       ] GC(27) - age   3:     436160 bytes,    1802752 total
[2022-09-21T08:50:48.147+0000][7][gc,age       ] GC(27) - age   4:     488048 bytes,    2290800 total
[2022-09-21T08:50:48.148+0000][7][gc,age       ] GC(27) - age   5:     537664 bytes,    2828464 total
[2022-09-21T08:50:48.149+0000][7][gc,age       ] GC(27) - age   6:     495400 bytes,    3323864 total
[2022-09-21T08:50:48.149+0000][7][gc,age       ] GC(27) - age   7:      81256 bytes,    3405120 total
[2022-09-21T08:50:48.150+0000][7][gc,age       ] GC(27) - age   8:    2061048 bytes,    5466168 total
[2022-09-21T08:50:48.151+0000][7][gc,age       ] GC(27) - age   9:    1645560 bytes,    7111728 total
[2022-09-21T08:50:48.151+0000][7][gc,age       ] GC(27) - age  10:    2135152 bytes,    9246880 total
[2022-09-21T08:50:48.152+0000][7][gc,age       ] GC(27) - age  11:     413384 bytes,    9660264 total
[2022-09-21T08:50:48.153+0000][7][gc,age       ] GC(27) - age  12:    4007248 bytes,   13667512 total
[2022-09-21T08:50:48.154+0000][7][gc,phases    ] GC(27)   Pre Evacuate Collection Set: 0.5ms
[2022-09-21T08:50:48.154+0000][7][gc,phases    ] GC(27)   Merge Heap Roots: 0.3ms
[2022-09-21T08:50:48.155+0000][7][gc,phases    ] GC(27)   Evacuate Collection Set: 47.1ms
[2022-09-21T08:50:48.156+0000][7][gc,phases    ] GC(27)   Post Evacuate Collection Set: 5.5ms
[2022-09-21T08:50:48.156+0000][7][gc,phases    ] GC(27)   Other: 13.6ms
[2022-09-21T08:50:48.157+0000][7][gc,heap      ] GC(27) Eden regions: 285->0(289)
[2022-09-21T08:50:48.157+0000][7][gc,heap      ] GC(27) Survivor regions: 16->14(38)
[2022-09-21T08:50:48.158+0000][7][gc,heap      ] GC(27) Old regions: 60->60
[2022-09-21T08:50:48.158+0000][7][gc,heap      ] GC(27) Archive regions: 0->0
[2022-09-21T08:50:48.159+0000][7][gc,heap      ] GC(27) Humongous regions: 7->7
[2022-09-21T08:50:48.159+0000][7][gc,metaspace ] GC(27) Metaspace: 110350K(118696K)->110350K(118696K) NonClass: 96380K(101340K)->96380K(101340K) Class: 13970K(17356K)->13970K(17356K)
[2022-09-21T08:50:48.160+0000][7][gc           ] GC(27) Pause Young (Normal) (G1 Evacuation Pause) 367M->80M(512M) 72.651ms
[2022-09-21T08:50:48.161+0000][7][gc,cpu       ] GC(27) User=0.20s Sys=0.00s Real=0.07s
[2022-09-21T08:50:48.161+0000][7][safepoint    ] Safepoint "G1CollectForAllocation", Time since last: 686423000 ns, Reaching safepoint: 328042 ns, At safepoint: 74285417 ns, Total: 74613459 ns
[2022-09-21T08:50:49.165+0000][7][safepoint    ] Safepoint "Cleanup", Time since last: 1002970375 ns, Reaching safepoint: 607292 ns, At safepoint: 8167 ns, Total: 615459 ns
[2022-09-21T08:50:50.175+0000][7][safepoint    ] Safepoint "Cleanup", Time since last: 1009202542 ns, Reaching safepoint: 518291 ns, At safepoint: 9834 ns, Total: 528125 ns
[2022-09-21T08:50:51.182+0000][7][safepoint    ] Safepoint "Cleanup", Time since last: 1005960625 ns, Reaching safepoint: 1324125 ns, At safepoint: 8375 ns, Total: 1332500 ns
[2022-09-21T08:50:52.191+0000][7][safepoint    ] Safepoint "Cleanup", Time since last: 1009050792 ns, Reaching safepoint: 545542 ns, At safepoint: 8083 ns, Total: 553625 ns
[2022-09-21T08:50:53.199+0000][7][safepoint    ] Safepoint "Cleanup", Time since last: 1005091459 ns, Reaching safepoint: 2830083 ns, At safepoint: 14875 ns, Total: 2844958 ns
[2022-09-21T08:50:54.204+0000][7][safepoint    ] Safepoint "Cleanup", Time since last: 1003855001 ns, Reaching safepoint: 667750 ns, At safepoint: 9958 ns, Total: 677708 ns
[2022-09-21T08:50:55.211+0000][7][safepoint    ] Safepoint "Cleanup", Time since last: 1006538209 ns, Reaching safepoint: 574333 ns, At safepoint: 8625 ns, Total: 582958 ns
[2022-09-21T08:50:56.217+0000][7][safepoint    ] Safepoint "Cleanup", Time since last: 1005523459 ns, Reaching safepoint: 228042 ns, At safepoint: 3292 ns, Total: 231334 ns
[2022-09-21T08:50:57.222+0000][7][safepoint    ] Safepoint "Cleanup", Time since last: 1004591792 ns, Reaching safepoint: 345791 ns, At safepoint: 7709 ns, Total: 353500 ns
[2022-09-21T08:50:58.226+0000][7][safepoint    ] Safepoint "Cleanup", Time since last: 1004140250 ns, Reaching safepoint: 311584 ns, At safepoint: 7208 ns, Total: 318792 ns
[2022-09-21T08:50:59.235+0000][7][safepoint    ] Safepoint "Cleanup", Time since last: 1008382667 ns, Reaching safepoint: 385625 ns, At safepoint: 5333 ns, Total: 390958 ns
[2022-09-21T08:51:00.239+0000][7][safepoint    ] Safepoint "Cleanup", Time since last: 1003650376 ns, Reaching safepoint: 281125 ns, At safepoint: 23750 ns, Total: 304875 ns
[2022-09-21T08:51:01.246+0000][7][safepoint    ] Safepoint "Cleanup", Time since last: 1005827875 ns, Reaching safepoint: 1218375 ns, At safepoint: 16875 ns, Total: 1235250 ns
[2022-09-21T08:51:02.259+0000][7][safepoint    ] Safepoint "Cleanup", Time since last: 1005851167 ns, Reaching safepoint: 6965792 ns, At safepoint: 17958 ns, Total: 6983750 ns
[2022-09-21T08:51:03.263+0000][7][safepoint    ] Safepoint "Cleanup", Time since last: 1003791293 ns, Reaching safepoint: 369583 ns, At safepoint: 7250 ns, Total: 376833 ns
[2022-09-21T08:51:04.269+0000][7][safepoint    ] Safepoint "Cleanup", Time since last: 1005316250 ns, Reaching safepoint: 522209 ns, At safepoint: 6083 ns, Total: 528292 ns
[2022-09-21T08:51:05.278+0000][7][safepoint    ] Safepoint "Cleanup", Time since last: 1008964292 ns, Reaching safepoint: 321084 ns, At safepoint: 6458 ns, Total: 327542 ns
[2022-09-21T08:51:06.284+0000][7][safepoint    ] Safepoint "Cleanup", Time since last: 1003701875 ns, Reaching safepoint: 746125 ns, At safepoint: 968209 ns, Total: 1714334 ns
[2022-09-21T08:51:07.293+0000][7][safepoint    ] Safepoint "Cleanup", Time since last: 1008531125 ns, Reaching safepoint: 961250 ns, At safepoint: 21250 ns, Total: 982500 ns
[2022-09-21T08:51:08.507+0000][7][safepoint    ] Safepoint "Cleanup", Time since last: 1212890584 ns, Reaching safepoint: 619583 ns, At safepoint: 13084 ns, Total: 632667 ns
[2022-09-21T08:51:09.511+0000][7][safepoint    ] Safepoint "Cleanup", Time since last: 1003538292 ns, Reaching safepoint: 504958 ns, At safepoint: 8209 ns, Total: 513167 ns
[2022-09-21T08:51:10.516+0000][7][safepoint    ] Safepoint "Cleanup", Time since last: 1005512917 ns, Reaching safepoint: 314041 ns, At safepoint: 5667 ns, Total: 319708 ns
[2022-09-21T08:51:11.520+0000][7][safepoint    ] Safepoint "Cleanup", Time since last: 1003510001 ns, Reaching safepoint: 327333 ns, At safepoint: 6833 ns, Total: 334166 ns
[2022-09-21T08:51:12.525+0000][7][safepoint    ] Safepoint "Cleanup", Time since last: 1003930459 ns, Reaching safepoint: 1211542 ns, At safepoint: 11125 ns, Total: 1222667 ns
[2022-09-21T08:51:13.539+0000][7][safepoint    ] Safepoint "Cleanup", Time since last: 1012921750 ns, Reaching safepoint: 691209 ns, At safepoint: 9458 ns, Total: 700667 ns
[2022-09-21T08:51:14.676+0000][7][safepoint    ] Safepoint "Cleanup", Time since last: 1136200125 ns, Reaching safepoint: 803000 ns, At safepoint: 9417 ns, Total: 812417 ns
[2022-09-21T08:51:15.682+0000][7][safepoint    ] Safepoint "Cleanup", Time since last: 1005417250 ns, Reaching safepoint: 555375 ns, At safepoint: 14166 ns, Total: 569541 ns
[2022-09-21T08:51:16.687+0000][7][safepoint    ] Safepoint "Cleanup", Time since last: 1004681834 ns, Reaching safepoint: 305125 ns, At safepoint: 5583 ns, Total: 310708 ns
[2022-09-21T08:51:17.691+0000][7][safepoint    ] Safepoint "Cleanup", Time since last: 1003652084 ns, Reaching safepoint: 210500 ns, At safepoint: 3959 ns, Total: 214459 ns
[2022-09-21T08:51:18.696+0000][7][safepoint    ] Safepoint "Cleanup", Time since last: 1003982208 ns, Reaching safepoint: 476250 ns, At safepoint: 8709 ns, Total: 484959 ns
[2022-09-21T08:51:19.700+0000][7][safepoint    ] Safepoint "Cleanup", Time since last: 1003567042 ns, Reaching safepoint: 905458 ns, At safepoint: 8875 ns, Total: 914333 ns
[2022-09-21T08:51:20.707+0000][7][safepoint    ] Safepoint "Cleanup", Time since last: 1005339667 ns, Reaching safepoint: 1694875 ns, At safepoint: 7792 ns, Total: 1702667 ns
[2022-09-21T08:51:21.712+0000][7][safepoint    ] Safepoint "Cleanup", Time since last: 1004091875 ns, Reaching safepoint: 381625 ns, At safepoint: 8167 ns, Total: 389792 ns
[2022-09-21T08:51:22.717+0000][7][safepoint    ] Safepoint "Cleanup", Time since last: 1004851917 ns, Reaching safepoint: 481042 ns, At safepoint: 5083 ns, Total: 486125 ns
[2022-09-21T08:51:23.234+0000][7][safepoint    ] Safepoint "BulkRevokeBias", Time since last: 516563126 ns, Reaching safepoint: 366041 ns, At safepoint: 196875 ns, Total: 562916 ns
[2022-09-21T08:51:24.241+0000][7][safepoint    ] Safepoint "Cleanup", Time since last: 1006580501 ns, Reaching safepoint: 448333 ns, At safepoint: 6042 ns, Total: 454375 ns
[2022-09-21T08:51:25.245+0000][7][safepoint    ] Safepoint "Cleanup", Time since last: 1003143417 ns, Reaching safepoint: 290333 ns, At safepoint: 5500 ns, Total: 295833 ns
[2022-09-21T08:51:26.260+0000][7][safepoint    ] Safepoint "Cleanup", Time since last: 1007195167 ns, Reaching safepoint: 7752167 ns, At safepoint: 21083 ns, Total: 7773250 ns
[2022-09-21T08:51:27.284+0000][7][safepoint    ] Safepoint "Cleanup", Time since last: 1024072084 ns, Reaching safepoint: 112417 ns, At safepoint: 3916 ns, Total: 116333 ns
[2022-09-21T08:51:28.286+0000][7][safepoint    ] Safepoint "Cleanup", Time since last: 1002199418 ns, Reaching safepoint: 117208 ns, At safepoint: 2208 ns, Total: 119416 ns
[2022-09-21T08:51:29.293+0000][7][safepoint    ] Safepoint "Cleanup", Time since last: 1006619751 ns, Reaching safepoint: 364541 ns, At safepoint: 5667 ns, Total: 370208 ns
[2022-09-21T08:51:30.304+0000][7][safepoint    ] Safepoint "Cleanup", Time since last: 1009742209 ns, Reaching safepoint: 1249875 ns, At safepoint: 17208 ns, Total: 1267083 ns
[2022-09-21T08:51:31.310+0000][7][safepoint    ] Safepoint "Cleanup", Time since last: 1005446542 ns, Reaching safepoint: 756125 ns, At safepoint: 15792 ns, Total: 771917 ns
[2022-09-21T08:51:32.344+0000][7][safepoint    ] Safepoint "Cleanup", Time since last: 1031504292 ns, Reaching safepoint: 1892417 ns, At safepoint: 18833 ns, Total: 1911250 ns
[2022-09-21T08:51:33.350+0000][7][safepoint    ] Safepoint "Cleanup", Time since last: 1005301417 ns, Reaching safepoint: 1421167 ns, At safepoint: 8125 ns, Total: 1429292 ns
[2022-09-21T08:51:34.372+0000][7][safepoint    ] Safepoint "Cleanup", Time since last: 1020349584 ns, Reaching safepoint: 1423375 ns, At safepoint: 11166 ns, Total: 1434541 ns
[2022-09-21T08:51:35.404+0000][7][safepoint    ] Safepoint "Cleanup", Time since last: 1009279626 ns, Reaching safepoint: 22367667 ns, At safepoint: 22000 ns, Total: 22389667 ns
[2022-09-21T08:51:36.418+0000][7][safepoint    ] Safepoint "Cleanup", Time since last: 1010739250 ns, Reaching safepoint: 3163458 ns, At safepoint: 16000 ns, Total: 3179458 ns
[2022-09-21T08:51:37.424+0000][7][safepoint    ] Safepoint "Cleanup", Time since last: 1005057584 ns, Reaching safepoint: 652750 ns, At safepoint: 6834 ns, Total: 659584 ns
[2022-09-21T08:51:38.435+0000][7][safepoint    ] Safepoint "Cleanup", Time since last: 1004137542 ns, Reaching safepoint: 6829416 ns, At safepoint: 27667 ns, Total: 6857083 ns
[2022-09-21T08:51:39.440+0000][7][safepoint    ] Safepoint "Cleanup", Time since last: 1004867959 ns, Reaching safepoint: 652667 ns, At safepoint: 17666 ns, Total: 670333 ns
[2022-09-21T08:51:40.718+0000][7][safepoint    ] Safepoint "Cleanup", Time since last: 1058967334 ns, Reaching safepoint: 136582458 ns, At safepoint: 43334 ns, Total: 136625792 ns
[2022-09-21T08:51:42.235+0000][7][safepoint    ] Safepoint "Cleanup", Time since last: 1598399792 ns, Reaching safepoint: 1246917 ns, At safepoint: 11917 ns, Total: 1258834 ns
[2022-09-21T08:51:43.244+0000][7][safepoint    ] Safepoint "Cleanup", Time since last: 1007558333 ns, Reaching safepoint: 325000 ns, At safepoint: 278417 ns, Total: 603417 ns
[2022-09-21T08:51:44.249+0000][7][safepoint    ] Safepoint "Cleanup", Time since last: 1004508792 ns, Reaching safepoint: 503209 ns, At safepoint: 19541 ns, Total: 522750 ns
[2022-09-21T08:51:45.253+0000][7][safepoint    ] Safepoint "Cleanup", Time since last: 1004500041 ns, Reaching safepoint: 410292 ns, At safepoint: 14083 ns, Total: 424375 ns
[2022-09-21T08:51:46.262+0000][7][safepoint    ] Safepoint "Cleanup", Time since last: 1009108834 ns, Reaching safepoint: 184167 ns, At safepoint: 3667 ns, Total: 187834 ns
[2022-09-21T08:51:47.268+0000][7][safepoint    ] Safepoint "Cleanup", Time since last: 1005852125 ns, Reaching safepoint: 726542 ns, At safepoint: 10791 ns, Total: 737333 ns
[2022-09-21T08:51:48.278+0000][7][safepoint    ] Safepoint "Cleanup", Time since last: 1009625792 ns, Reaching safepoint: 138084 ns, At safepoint: 3083 ns, Total: 141167 ns
[2022-09-21T08:51:49.283+0000][7][safepoint    ] Safepoint "Cleanup", Time since last: 1004730126 ns, Reaching safepoint: 346833 ns, At safepoint: 6125 ns, Total: 352958 ns
[2022-09-21T08:51:50.290+0000][7][safepoint    ] Safepoint "Cleanup", Time since last: 1006395167 ns, Reaching safepoint: 607958 ns, At safepoint: 12792 ns, Total: 620750 ns
[2022-09-21T08:51:51.297+0000][7][safepoint    ] Safepoint "Cleanup", Time since last: 1006579667 ns, Reaching safepoint: 527334 ns, At safepoint: 6083 ns, Total: 533417 ns
[2022-09-21T08:51:52.300+0000][7][safepoint    ] Safepoint "Cleanup", Time since last: 1002407542 ns, Reaching safepoint: 331000 ns, At safepoint: 5417 ns, Total: 336417 ns
[2022-09-21T08:51:53.306+0000][7][safepoint    ] Safepoint "Cleanup", Time since last: 1005170417 ns, Reaching safepoint: 305958 ns, At safepoint: 6584 ns, Total: 312542 ns
[2022-09-21T08:51:54.312+0000][7][safepoint    ] Safepoint "Cleanup", Time since last: 1005929625 ns, Reaching safepoint: 541292 ns, At safepoint: 8375 ns, Total: 549667 ns
[2022-09-21T08:51:55.318+0000][7][safepoint    ] Safepoint "Cleanup", Time since last: 1005738667 ns, Reaching safepoint: 291916 ns, At safepoint: 5375 ns, Total: 297291 ns
[2022-09-21T08:51:56.324+0000][7][safepoint    ] Safepoint "Cleanup", Time since last: 1005923876 ns, Reaching safepoint: 309208 ns, At safepoint: 6834 ns, Total: 316042 ns
[2022-09-21T08:51:57.331+0000][7][safepoint    ] Safepoint "Cleanup", Time since last: 1006740417 ns, Reaching safepoint: 226541 ns, At safepoint: 4542 ns, Total: 231083 ns
[2022-09-21T08:51:58.335+0000][7][safepoint    ] Safepoint "Cleanup", Time since last: 1002901959 ns, Reaching safepoint: 376125 ns, At safepoint: 7542 ns, Total: 383667 ns
[2022-09-21T08:51:59.340+0000][7][safepoint    ] Safepoint "Cleanup", Time since last: 1004777167 ns, Reaching safepoint: 508750 ns, At safepoint: 162416 ns, Total: 671166 ns
[2022-09-21T08:52:00.349+0000][7][safepoint    ] Safepoint "Cleanup", Time since last: 1007927709 ns, Reaching safepoint: 495750 ns, At safepoint: 18584 ns, Total: 514334 ns
[2022-09-21T08:52:01.353+0000][7][safepoint    ] Safepoint "Cleanup", Time since last: 1004226542 ns, Reaching safepoint: 620833 ns, At safepoint: 18458 ns, Total: 639291 ns
[2022-09-21T08:52:02.365+0000][7][safepoint    ] Safepoint "Cleanup", Time since last: 1008104876 ns, Reaching safepoint: 3350833 ns, At safepoint: 20875 ns, Total: 3371708 ns
[2022-09-21T08:52:03.385+0000][7][safepoint    ] Safepoint "Cleanup", Time since last: 1019894459 ns, Reaching safepoint: 308000 ns, At safepoint: 7625 ns, Total: 315625 ns
[2022-09-21T08:52:04.390+0000][7][safepoint    ] Safepoint "Cleanup", Time since last: 1002990584 ns, Reaching safepoint: 1662000 ns, At safepoint: 14125 ns, Total: 1676125 ns
[2022-09-21T08:52:05.402+0000][7][safepoint    ] Safepoint "Cleanup", Time since last: 1011649250 ns, Reaching safepoint: 315375 ns, At safepoint: 5000 ns, Total: 320375 ns
[2022-09-21T08:52:06.406+0000][7][safepoint    ] Safepoint "Cleanup", Time since last: 1003877042 ns, Reaching safepoint: 218542 ns, At safepoint: 5958 ns, Total: 224500 ns
[2022-09-21T08:52:07.409+0000][7][safepoint    ] Safepoint "Cleanup", Time since last: 1002855918 ns, Reaching safepoint: 138166 ns, At safepoint: 3167 ns, Total: 141333 ns
[2022-09-21T08:52:08.411+0000][7][safepoint    ] Safepoint "Cleanup", Time since last: 1001767542 ns, Reaching safepoint: 485958 ns, At safepoint: 7334 ns, Total: 493292 ns
[2022-09-21T08:52:09.414+0000][7][safepoint    ] Safepoint "Cleanup", Time since last: 1002555250 ns, Reaching safepoint: 178167 ns, At safepoint: 3167 ns, Total: 181334 ns
[2022-09-21T08:52:10.421+0000][7][safepoint    ] Safepoint "Cleanup", Time since last: 1002603000 ns, Reaching safepoint: 4493750 ns, At safepoint: 105417 ns, Total: 4599167 ns
[2022-09-21T08:52:11.459+0000][7][safepoint    ] Safepoint "Cleanup", Time since last: 1034914042 ns, Reaching safepoint: 2683333 ns, At safepoint: 26625 ns, Total: 2709958 ns
[2022-09-21T08:52:12.494+0000][7][safepoint    ] Safepoint "Cleanup", Time since last: 1033959792 ns, Reaching safepoint: 910959 ns, At safepoint: 9833 ns, Total: 920792 ns
[2022-09-21T08:52:13.566+0000][7][safepoint    ] Safepoint "Cleanup", Time since last: 1015311959 ns, Reaching safepoint: 53443042 ns, At safepoint: 93375 ns, Total: 53536417 ns
[2022-09-21T08:52:14.641+0000][7][safepoint    ] Safepoint "Cleanup", Time since last: 1077159792 ns, Reaching safepoint: 1065875 ns, At safepoint: 22666 ns, Total: 1088541 ns
[2022-09-21T08:52:15.645+0000][7][safepoint    ] Safepoint "Cleanup", Time since last: 1005244834 ns, Reaching safepoint: 3892166 ns, At safepoint: 26042 ns, Total: 3918208 ns
[2022-09-21T08:52:16.664+0000][7][safepoint    ] Safepoint "Cleanup", Time since last: 1018359750 ns, Reaching safepoint: 661625 ns, At safepoint: 7834 ns, Total: 669459 ns
[2022-09-21T08:52:17.671+0000][7][safepoint    ] Safepoint "Cleanup", Time since last: 1003957292 ns, Reaching safepoint: 3076417 ns, At safepoint: 23333 ns, Total: 3099750 ns
[2022-09-21T08:52:18.699+0000][7][safepoint    ] Safepoint "Cleanup", Time since last: 1027494709 ns, Reaching safepoint: 485750 ns, At safepoint: 9708 ns, Total: 495458 ns
[2022-09-21T08:52:19.708+0000][7][safepoint    ] Safepoint "Cleanup", Time since last: 1006585792 ns, Reaching safepoint: 1622125 ns, At safepoint: 19208 ns, Total: 1641333 ns
[2022-09-21T08:52:20.718+0000][7][safepoint    ] Safepoint "Cleanup", Time since last: 1009738043 ns, Reaching safepoint: 369750 ns, At safepoint: 6500 ns, Total: 376250 ns
[2022-09-21T08:52:22.111+0000][7][safepoint    ] Safepoint "Cleanup", Time since last: 1393039167 ns, Reaching safepoint: 784583 ns, At safepoint: 7709 ns, Total: 792292 ns
[2022-09-21T08:52:23.119+0000][7][safepoint    ] Safepoint "Cleanup", Time since last: 1007201750 ns, Reaching safepoint: 670750 ns, At safepoint: 15167 ns, Total: 685917 ns
[2022-09-21T08:52:24.126+0000][7][safepoint    ] Safepoint "Cleanup", Time since last: 1006094375 ns, Reaching safepoint: 384709 ns, At safepoint: 8625 ns, Total: 393334 ns
[2022-09-21T08:52:25.133+0000][7][safepoint    ] Safepoint "Cleanup", Time since last: 1006583917 ns, Reaching safepoint: 403875 ns, At safepoint: 7125 ns, Total: 411000 ns
[2022-09-21T08:52:26.136+0000][7][safepoint    ] Safepoint "Cleanup", Time since last: 1002942584 ns, Reaching safepoint: 433583 ns, At safepoint: 7500 ns, Total: 441083 ns
[2022-09-21T08:52:27.141+0000][7][safepoint    ] Safepoint "Cleanup", Time since last: 1004504292 ns, Reaching safepoint: 113083 ns, At safepoint: 2292 ns, Total: 115375 ns
[2022-09-21T08:52:28.195+0000][7][safepoint    ] Safepoint "Cleanup", Time since last: 1053873751 ns, Reaching safepoint: 761125 ns, At safepoint: 8875 ns, Total: 770000 ns
[2022-09-21T08:52:29.945+0000][7][safepoint    ] Safepoint "Cleanup", Time since last: 1748786459 ns, Reaching safepoint: 284125 ns, At safepoint: 8916 ns, Total: 293041 ns
[2022-09-21T08:52:31.025+0000][7][safepoint    ] Safepoint "Cleanup", Time since last: 1079736501 ns, Reaching safepoint: 872500 ns, At safepoint: 29250 ns, Total: 901750 ns
[2022-09-21T08:52:31.581+0000][7][safepoint    ] Safepoint "BulkRevokeBias", Time since last: 555671417 ns, Reaching safepoint: 178208 ns, At safepoint: 120125 ns, Total: 298333 ns
[2022-09-21T08:52:32.584+0000][7][safepoint    ] Safepoint "Cleanup", Time since last: 1002022126 ns, Reaching safepoint: 615458 ns, At safepoint: 7792 ns, Total: 623250 ns
[2022-09-21T08:52:33.588+0000][7][safepoint    ] Safepoint "Cleanup", Time since last: 1003434417 ns, Reaching safepoint: 363875 ns, At safepoint: 5875 ns, Total: 369750 ns
[2022-09-21T08:52:34.620+0000][7][safepoint    ] Safepoint "Cleanup", Time since last: 1032438375 ns, Reaching safepoint: 135667 ns, At safepoint: 9292 ns, Total: 144959 ns
[2022-09-21T08:52:35.710+0000][7][safepoint    ] Safepoint "Cleanup", Time since last: 1089149708 ns, Reaching safepoint: 415084 ns, At safepoint: 9291 ns, Total: 424375 ns
[2022-09-21T08:52:36.715+0000][7][safepoint    ] Safepoint "Cleanup", Time since last: 1004211376 ns, Reaching safepoint: 650875 ns, At safepoint: 15833 ns, Total: 666708 ns
[2022-09-21T08:52:37.126+0000][7][gc,start     ] GC(28) Pause Young (Normal) (G1 Evacuation Pause)
[2022-09-21T08:52:37.127+0000][7][gc,task      ] GC(28) Using 4 workers of 4 for evacuation
[2022-09-21T08:52:37.130+0000][7][gc,age       ] GC(28) Desired survivor size 19922944 bytes, new threshold 15 (max threshold 15)
[2022-09-21T08:52:37.180+0000][7][gc,age       ] GC(28) Age table with threshold 15 (max threshold 15)
[2022-09-21T08:52:37.181+0000][7][gc,age       ] GC(28) - age   1:    1225728 bytes,    1225728 total
[2022-09-21T08:52:37.182+0000][7][gc,age       ] GC(28) - age   2:     607952 bytes,    1833680 total
[2022-09-21T08:52:37.184+0000][7][gc,age       ] GC(28) - age   3:     151784 bytes,    1985464 total
[2022-09-21T08:52:37.185+0000][7][gc,age       ] GC(28) - age   4:     394112 bytes,    2379576 total
[2022-09-21T08:52:37.185+0000][7][gc,age       ] GC(28) - age   5:     463152 bytes,    2842728 total
[2022-09-21T08:52:37.186+0000][7][gc,age       ] GC(28) - age   6:     497464 bytes,    3340192 total
[2022-09-21T08:52:37.187+0000][7][gc,age       ] GC(28) - age   7:     327856 bytes,    3668048 total
[2022-09-21T08:52:37.188+0000][7][gc,age       ] GC(28) - age   8:      67584 bytes,    3735632 total
[2022-09-21T08:52:37.188+0000][7][gc,age       ] GC(28) - age   9:    2060448 bytes,    5796080 total
[2022-09-21T08:52:37.189+0000][7][gc,age       ] GC(28) - age  10:    1643344 bytes,    7439424 total
[2022-09-21T08:52:37.189+0000][7][gc,age       ] GC(28) - age  11:    2134928 bytes,    9574352 total
[2022-09-21T08:52:37.191+0000][7][gc,age       ] GC(28) - age  12:     413384 bytes,    9987736 total
[2022-09-21T08:52:37.191+0000][7][gc,age       ] GC(28) - age  13:    4007024 bytes,   13994760 total
[2022-09-21T08:52:37.192+0000][7][gc,phases    ] GC(28)   Pre Evacuate Collection Set: 0.4ms
[2022-09-21T08:52:37.193+0000][7][gc,phases    ] GC(28)   Merge Heap Roots: 0.2ms
[2022-09-21T08:52:37.193+0000][7][gc,phases    ] GC(28)   Evacuate Collection Set: 46.3ms
[2022-09-21T08:52:37.194+0000][7][gc,phases    ] GC(28)   Post Evacuate Collection Set: 2.2ms
[2022-09-21T08:52:37.194+0000][7][gc,phases    ] GC(28)   Other: 17.6ms
[2022-09-21T08:52:37.195+0000][7][gc,heap      ] GC(28) Eden regions: 289->0(289)
[2022-09-21T08:52:37.195+0000][7][gc,heap      ] GC(28) Survivor regions: 14->14(38)
[2022-09-21T08:52:37.196+0000][7][gc,heap      ] GC(28) Old regions: 60->60
[2022-09-21T08:52:37.197+0000][7][gc,heap      ] GC(28) Archive regions: 0->0
[2022-09-21T08:52:37.198+0000][7][gc,heap      ] GC(28) Humongous regions: 7->7
[2022-09-21T08:52:37.198+0000][7][gc,metaspace ] GC(28) Metaspace: 110831K(119208K)->110831K(119208K) NonClass: 96834K(101852K)->96834K(101852K) Class: 13996K(17356K)->13996K(17356K)
[2022-09-21T08:52:37.199+0000][7][gc           ] GC(28) Pause Young (Normal) (G1 Evacuation Pause) 369M->80M(512M) 73.150ms
[2022-09-21T08:52:37.199+0000][7][gc,cpu       ] GC(28) User=0.17s Sys=0.00s Real=0.08s
[2022-09-21T08:52:37.200+0000][7][safepoint    ] Safepoint "G1CollectForAllocation", Time since last: 410538334 ns, Reaching safepoint: 172083 ns, At safepoint: 74840875 ns, Total: 75012958 ns
[2022-09-21T08:52:38.204+0000][7][safepoint    ] Safepoint "Cleanup", Time since last: 1003112834 ns, Reaching safepoint: 391375 ns, At safepoint: 5917 ns, Total: 397292 ns
[2022-09-21T08:52:39.836+0000][7][safepoint    ] Safepoint "Cleanup", Time since last: 1631971292 ns, Reaching safepoint: 316500 ns, At safepoint: 7125 ns, Total: 323625 ns
[2022-09-21T08:52:40.840+0000][7][safepoint    ] Safepoint "Cleanup", Time since last: 1003602459 ns, Reaching safepoint: 149208 ns, At safepoint: 2459 ns, Total: 151667 ns
[2022-09-21T08:52:41.841+0000][7][safepoint    ] Safepoint "Cleanup", Time since last: 1001118000 ns, Reaching safepoint: 321542 ns, At safepoint: 6041 ns, Total: 327583 ns
[2022-09-21T08:52:42.846+0000][7][safepoint    ] Safepoint "Cleanup", Time since last: 1004027501 ns, Reaching safepoint: 669875 ns, At safepoint: 13042 ns, Total: 682917 ns
[2022-09-21T08:52:43.852+0000][7][safepoint    ] Safepoint "Cleanup", Time since last: 1005706167 ns, Reaching safepoint: 234833 ns, At safepoint: 5708 ns, Total: 240541 ns
[2022-09-21T08:52:44.857+0000][7][safepoint    ] Safepoint "Cleanup", Time since last: 1003287376 ns, Reaching safepoint: 1904166 ns, At safepoint: 15792 ns, Total: 1919958 ns
[2022-09-21T08:52:45.866+0000][7][safepoint    ] Safepoint "Cleanup", Time since last: 1004089208 ns, Reaching safepoint: 531459 ns, At safepoint: 15416 ns, Total: 546875 ns
[2022-09-21T08:52:46.884+0000][7][safepoint    ] Safepoint "Cleanup", Time since last: 1005249542 ns, Reaching safepoint: 13136917 ns, At safepoint: 15167 ns, Total: 13152084 ns
[2022-09-21T08:52:47.891+0000][7][safepoint    ] Safepoint "Cleanup", Time since last: 1006348667 ns, Reaching safepoint: 298917 ns, At safepoint: 5166 ns, Total: 304083 ns
[2022-09-21T08:52:48.895+0000][7][safepoint    ] Safepoint "Cleanup", Time since last: 1003721626 ns, Reaching safepoint: 177875 ns, At safepoint: 3250 ns, Total: 181125 ns
[2022-09-21T08:52:50.191+0000][7][safepoint    ] Safepoint "Cleanup", Time since last: 1295568834 ns, Reaching safepoint: 277708 ns, At safepoint: 3583 ns, Total: 281291 ns
[2022-09-21T08:52:51.194+0000][7][safepoint    ] Safepoint "Cleanup", Time since last: 1002386209 ns, Reaching safepoint: 836000 ns, At safepoint: 23042 ns, Total: 859042 ns
[2022-09-21T08:52:52.203+0000][7][safepoint    ] Safepoint "Cleanup", Time since last: 1008504292 ns, Reaching safepoint: 453292 ns, At safepoint: 9958 ns, Total: 463250 ns
[2022-09-21T08:52:53.207+0000][7][safepoint    ] Safepoint "Cleanup", Time since last: 1003499125 ns, Reaching safepoint: 626042 ns, At safepoint: 9083 ns, Total: 635125 ns
[2022-09-21T08:52:54.213+0000][7][safepoint    ] Safepoint "Cleanup", Time since last: 1005732751 ns, Reaching safepoint: 329125 ns, At safepoint: 6333 ns, Total: 335458 ns
[2022-09-21T08:52:55.218+0000][7][safepoint    ] Safepoint "Cleanup", Time since last: 1004587876 ns, Reaching safepoint: 550041 ns, At safepoint: 7250 ns, Total: 557291 ns
[2022-09-21T08:52:56.223+0000][7][safepoint    ] Safepoint "Cleanup", Time since last: 1004852459 ns, Reaching safepoint: 317542 ns, At safepoint: 6583 ns, Total: 324125 ns
[2022-09-21T08:52:57.232+0000][7][safepoint    ] Safepoint "Cleanup", Time since last: 1008455626 ns, Reaching safepoint: 281083 ns, At safepoint: 4417 ns, Total: 285500 ns
[2022-09-21T08:52:59.076+0000][7][safepoint    ] Safepoint "Cleanup", Time since last: 1843492959 ns, Reaching safepoint: 480958 ns, At safepoint: 7042 ns, Total: 488000 ns
[2022-09-21T08:53:00.081+0000][7][safepoint    ] Safepoint "Cleanup", Time since last: 1004762000 ns, Reaching safepoint: 468542 ns, At safepoint: 8500 ns, Total: 477042 ns
[2022-09-21T08:53:01.087+0000][7][safepoint    ] Safepoint "Cleanup", Time since last: 1005254417 ns, Reaching safepoint: 319334 ns, At safepoint: 6500 ns, Total: 325834 ns
[2022-09-21T08:53:02.094+0000][7][safepoint    ] Safepoint "Cleanup", Time since last: 1006385917 ns, Reaching safepoint: 638875 ns, At safepoint: 8791 ns, Total: 647666 ns
[2022-09-21T08:53:03.101+0000][7][safepoint    ] Safepoint "Cleanup", Time since last: 1006696584 ns, Reaching safepoint: 556000 ns, At safepoint: 9667 ns, Total: 565667 ns
[2022-09-21T08:53:04.110+0000][7][safepoint    ] Safepoint "Cleanup", Time since last: 1007774625 ns, Reaching safepoint: 721459 ns, At safepoint: 6500 ns, Total: 727959 ns
[2022-09-21T08:53:05.116+0000][7][safepoint    ] Safepoint "Cleanup", Time since last: 1005741125 ns, Reaching safepoint: 639750 ns, At safepoint: 8792 ns, Total: 648542 ns
[2022-09-21T08:53:06.121+0000][7][safepoint    ] Safepoint "Cleanup", Time since last: 1005060292 ns, Reaching safepoint: 282958 ns, At safepoint: 5959 ns, Total: 288917 ns
[2022-09-21T08:53:07.128+0000][7][safepoint    ] Safepoint "Cleanup", Time since last: 1004706750 ns, Reaching safepoint: 1759333 ns, At safepoint: 29459 ns, Total: 1788792 ns
[2022-09-21T08:53:08.140+0000][7][safepoint    ] Safepoint "Cleanup", Time since last: 1011936292 ns, Reaching safepoint: 421958 ns, At safepoint: 5584 ns, Total: 427542 ns
[2022-09-21T08:53:09.152+0000][7][safepoint    ] Safepoint "Cleanup", Time since last: 1006330333 ns, Reaching safepoint: 3131375 ns, At safepoint: 287000 ns, Total: 3418375 ns
[2022-09-21T08:53:10.169+0000][7][safepoint    ] Safepoint "Cleanup", Time since last: 1018344501 ns, Reaching safepoint: 500458 ns, At safepoint: 5792 ns, Total: 506250 ns
[2022-09-21T08:53:11.176+0000][7][safepoint    ] Safepoint "Cleanup", Time since last: 1004427542 ns, Reaching safepoint: 2949042 ns, At safepoint: 20375 ns, Total: 2969417 ns
[2022-09-21T08:53:12.183+0000][7][safepoint    ] Safepoint "Cleanup", Time since last: 1006847375 ns, Reaching safepoint: 252834 ns, At safepoint: 6291 ns, Total: 259125 ns
[2022-09-21T08:53:13.190+0000][7][safepoint    ] Safepoint "Cleanup", Time since last: 1006151459 ns, Reaching safepoint: 784708 ns, At safepoint: 13875 ns, Total: 798583 ns
[2022-09-21T08:53:14.200+0000][7][safepoint    ] Safepoint "Cleanup", Time since last: 1008019667 ns, Reaching safepoint: 1027875 ns, At safepoint: 18000 ns, Total: 1045875 ns
[2022-09-21T08:53:15.210+0000][7][safepoint    ] Safepoint "Cleanup", Time since last: 1009735542 ns, Reaching safepoint: 468875 ns, At safepoint: 21292 ns, Total: 490167 ns
[2022-09-21T08:53:16.214+0000][7][safepoint    ] Safepoint "Cleanup", Time since last: 1003876667 ns, Reaching safepoint: 627833 ns, At safepoint: 7167 ns, Total: 635000 ns
[2022-09-21T08:53:17.220+0000][7][safepoint    ] Safepoint "Cleanup", Time since last: 1005376251 ns, Reaching safepoint: 435000 ns, At safepoint: 7083 ns, Total: 442083 ns
[2022-09-21T08:53:18.229+0000][7][safepoint    ] Safepoint "Cleanup", Time since last: 1008577584 ns, Reaching safepoint: 382541 ns, At safepoint: 4792 ns, Total: 387333 ns
[2022-09-21T08:53:19.237+0000][7][safepoint    ] Safepoint "Cleanup", Time since last: 1007243709 ns, Reaching safepoint: 679833 ns, At safepoint: 12084 ns, Total: 691917 ns
[2022-09-21T08:53:20.246+0000][7][safepoint    ] Safepoint "Cleanup", Time since last: 1008286292 ns, Reaching safepoint: 775875 ns, At safepoint: 18041 ns, Total: 793916 ns
[2022-09-21T08:53:21.253+0000][7][safepoint    ] Safepoint "Cleanup", Time since last: 1006503751 ns, Reaching safepoint: 453667 ns, At safepoint: 7833 ns, Total: 461500 ns
[2022-09-21T08:53:22.261+0000][7][safepoint    ] Safepoint "Cleanup", Time since last: 1008189459 ns, Reaching safepoint: 123000 ns, At safepoint: 2375 ns, Total: 125375 ns
[2022-09-21T08:53:23.263+0000][7][safepoint    ] Safepoint "Cleanup", Time since last: 1001338042 ns, Reaching safepoint: 383625 ns, At safepoint: 6291 ns, Total: 389916 ns
[2022-09-21T08:53:24.269+0000][7][safepoint    ] Safepoint "Cleanup", Time since last: 1005777959 ns, Reaching safepoint: 361792 ns, At safepoint: 19083 ns, Total: 380875 ns
[2022-09-21T08:53:25.273+0000][7][safepoint    ] Safepoint "Cleanup", Time since last: 1003441001 ns, Reaching safepoint: 427416 ns, At safepoint: 8917 ns, Total: 436333 ns
[2022-09-21T08:53:26.282+0000][7][safepoint    ] Safepoint "Cleanup", Time since last: 1007656542 ns, Reaching safepoint: 1121167 ns, At safepoint: 10625 ns, Total: 1131792 ns
[2022-09-21T08:53:27.286+0000][7][safepoint    ] Safepoint "Cleanup", Time since last: 1003282375 ns, Reaching safepoint: 1247625 ns, At safepoint: 46042 ns, Total: 1293667 ns
[2022-09-21T08:53:28.302+0000][7][safepoint    ] Safepoint "Cleanup", Time since last: 1014701709 ns, Reaching safepoint: 1175167 ns, At safepoint: 13958 ns, Total: 1189125 ns
[2022-09-21T08:53:29.311+0000][7][safepoint    ] Safepoint "Cleanup", Time since last: 1006490792 ns, Reaching safepoint: 2420250 ns, At safepoint: 30917 ns, Total: 2451167 ns
[2022-09-21T08:53:30.323+0000][7][safepoint    ] Safepoint "Cleanup", Time since last: 1011411625 ns, Reaching safepoint: 289959 ns, At safepoint: 8166 ns, Total: 298125 ns
[2022-09-21T08:53:31.335+0000][7][safepoint    ] Safepoint "Cleanup", Time since last: 1010846709 ns, Reaching safepoint: 1363000 ns, At safepoint: 11167 ns, Total: 1374167 ns
[2022-09-21T08:53:32.340+0000][7][safepoint    ] Safepoint "Cleanup", Time since last: 1004717625 ns, Reaching safepoint: 429458 ns, At safepoint: 8792 ns, Total: 438250 ns
[2022-09-21T08:53:33.346+0000][7][safepoint    ] Safepoint "Cleanup", Time since last: 1005861417 ns, Reaching safepoint: 381917 ns, At safepoint: 6292 ns, Total: 388209 ns
[2022-09-21T08:53:34.353+0000][7][safepoint    ] Safepoint "Cleanup", Time since last: 1006041625 ns, Reaching safepoint: 288125 ns, At safepoint: 5833 ns, Total: 293958 ns
[2022-09-21T08:53:35.359+0000][7][safepoint    ] Safepoint "Cleanup", Time since last: 1005517001 ns, Reaching safepoint: 368125 ns, At safepoint: 6333 ns, Total: 374458 ns
[2022-09-21T08:53:36.365+0000][7][safepoint    ] Safepoint "Cleanup", Time since last: 1005160626 ns, Reaching safepoint: 1459708 ns, At safepoint: 17542 ns, Total: 1477250 ns
[2022-09-21T08:53:37.374+0000][7][safepoint    ] Safepoint "Cleanup", Time since last: 1007906584 ns, Reaching safepoint: 313416 ns, At safepoint: 5584 ns, Total: 319000 ns
[2022-09-21T08:53:38.702+0000][7][safepoint    ] Safepoint "Cleanup", Time since last: 1326716084 ns, Reaching safepoint: 1893458 ns, At safepoint: 2958 ns, Total: 1896416 ns
[2022-09-21T08:53:38.914+0000][7][safepoint    ] Safepoint "ICBufferFull", Time since last: 211879834 ns, Reaching safepoint: 291916 ns, At safepoint: 5292 ns, Total: 297208 ns
[2022-09-21T08:53:40.819+0000][7][safepoint    ] Safepoint "Cleanup", Time since last: 1903383834 ns, Reaching safepoint: 1107959 ns, At safepoint: 12625 ns, Total: 1120584 ns
[2022-09-21T08:53:41.823+0000][7][safepoint    ] Safepoint "Cleanup", Time since last: 1003500500 ns, Reaching safepoint: 311708 ns, At safepoint: 4584 ns, Total: 316292 ns
[2022-09-21T08:53:42.828+0000][7][safepoint    ] Safepoint "Cleanup", Time since last: 1004833250 ns, Reaching safepoint: 748708 ns, At safepoint: 14292 ns, Total: 763000 ns
[2022-09-21T08:53:43.835+0000][7][safepoint    ] Safepoint "Cleanup", Time since last: 1006239792 ns, Reaching safepoint: 206792 ns, At safepoint: 5375 ns, Total: 212167 ns
[2022-09-21T08:53:44.846+0000][7][safepoint    ] Safepoint "Cleanup", Time since last: 1010748792 ns, Reaching safepoint: 273875 ns, At safepoint: 3958 ns, Total: 277833 ns
[2022-09-21T08:53:45.847+0000][7][safepoint    ] Safepoint "Cleanup", Time since last: 1002268750 ns, Reaching safepoint: 311042 ns, At safepoint: 6250 ns, Total: 317292 ns
[2022-09-21T08:53:46.856+0000][7][safepoint    ] Safepoint "Cleanup", Time since last: 1008587792 ns, Reaching safepoint: 816375 ns, At safepoint: 28000 ns, Total: 844375 ns
[2022-09-21T08:53:47.874+0000][7][safepoint    ] Safepoint "Cleanup", Time since last: 1017423084 ns, Reaching safepoint: 769917 ns, At safepoint: 14416 ns, Total: 784333 ns
[2022-09-21T08:53:48.879+0000][7][safepoint    ] Safepoint "Cleanup", Time since last: 1004141334 ns, Reaching safepoint: 171458 ns, At safepoint: 3250 ns, Total: 174708 ns
[2022-09-21T08:53:49.886+0000][7][safepoint    ] Safepoint "Cleanup", Time since last: 1006390043 ns, Reaching safepoint: 657416 ns, At safepoint: 16917 ns, Total: 674333 ns
[2022-09-21T08:53:50.891+0000][7][safepoint    ] Safepoint "Cleanup", Time since last: 1004366084 ns, Reaching safepoint: 691166 ns, At safepoint: 46792 ns, Total: 737958 ns
[2022-09-21T08:53:51.899+0000][7][safepoint    ] Safepoint "Cleanup", Time since last: 1007832334 ns, Reaching safepoint: 367625 ns, At safepoint: 5750 ns, Total: 373375 ns
[2022-09-21T08:53:52.910+0000][7][safepoint    ] Safepoint "Cleanup", Time since last: 1010703042 ns, Reaching safepoint: 430750 ns, At safepoint: 10958 ns, Total: 441708 ns
[2022-09-21T08:53:54.569+0000][7][safepoint    ] Safepoint "Cleanup", Time since last: 1658746584 ns, Reaching safepoint: 439459 ns, At safepoint: 9708 ns, Total: 449167 ns
[2022-09-21T08:53:55.572+0000][7][safepoint    ] Safepoint "Cleanup", Time since last: 1002859792 ns, Reaching safepoint: 275792 ns, At safepoint: 5375 ns, Total: 281167 ns
[2022-09-21T08:53:56.576+0000][7][safepoint    ] Safepoint "Cleanup", Time since last: 1003257834 ns, Reaching safepoint: 304500 ns, At safepoint: 5375 ns, Total: 309875 ns
[2022-09-21T08:53:57.582+0000][7][safepoint    ] Safepoint "Cleanup", Time since last: 1006016209 ns, Reaching safepoint: 310000 ns, At safepoint: 6125 ns, Total: 316125 ns
[2022-09-21T08:53:58.593+0000][7][safepoint    ] Safepoint "Cleanup", Time since last: 1010210833 ns, Reaching safepoint: 668125 ns, At safepoint: 9459 ns, Total: 677584 ns
[2022-09-21T08:53:59.599+0000][7][safepoint    ] Safepoint "Cleanup", Time since last: 1004954959 ns, Reaching safepoint: 488208 ns, At safepoint: 8667 ns, Total: 496875 ns
[2022-09-21T08:54:00.604+0000][7][safepoint    ] Safepoint "Cleanup", Time since last: 1005103208 ns, Reaching safepoint: 366875 ns, At safepoint: 7500 ns, Total: 374375 ns
[2022-09-21T08:54:01.614+0000][7][safepoint    ] Safepoint "Cleanup", Time since last: 1009474084 ns, Reaching safepoint: 402958 ns, At safepoint: 6250 ns, Total: 409208 ns
[2022-09-21T08:54:02.622+0000][7][safepoint    ] Safepoint "Cleanup", Time since last: 1007351793 ns, Reaching safepoint: 293000 ns, At safepoint: 10791 ns, Total: 303791 ns
[2022-09-21T08:54:03.627+0000][7][safepoint    ] Safepoint "Cleanup", Time since last: 1004572001 ns, Reaching safepoint: 301583 ns, At safepoint: 4542 ns, Total: 306125 ns
[2022-09-21T08:54:04.636+0000][7][safepoint    ] Safepoint "Cleanup", Time since last: 1009312709 ns, Reaching safepoint: 365000 ns, At safepoint: 6333 ns, Total: 371333 ns
[2022-09-21T08:54:05.641+0000][7][safepoint    ] Safepoint "Cleanup", Time since last: 1004819042 ns, Reaching safepoint: 115333 ns, At safepoint: 1875 ns, Total: 117208 ns
[2022-09-21T08:54:06.643+0000][7][safepoint    ] Safepoint "Cleanup", Time since last: 1002064126 ns, Reaching safepoint: 144583 ns, At safepoint: 3209 ns, Total: 147792 ns
[2022-09-21T08:54:07.648+0000][7][safepoint    ] Safepoint "Cleanup", Time since last: 1003050167 ns, Reaching safepoint: 1445000 ns, At safepoint: 19833 ns, Total: 1464833 ns
[2022-09-21T08:54:08.652+0000][7][safepoint    ] Safepoint "Cleanup", Time since last: 1003861875 ns, Reaching safepoint: 578000 ns, At safepoint: 12792 ns, Total: 590792 ns
[2022-09-21T08:54:09.662+0000][7][safepoint    ] Safepoint "Cleanup", Time since last: 1009114792 ns, Reaching safepoint: 139959 ns, At safepoint: 3125 ns, Total: 143084 ns
[2022-09-21T08:54:10.665+0000][7][safepoint    ] Safepoint "Cleanup", Time since last: 1002704583 ns, Reaching safepoint: 617917 ns, At safepoint: 10208 ns, Total: 628125 ns
[2022-09-21T08:54:11.671+0000][7][safepoint    ] Safepoint "Cleanup", Time since last: 1005324168 ns, Reaching safepoint: 478041 ns, At safepoint: 6292 ns, Total: 484333 ns
[2022-09-21T08:54:13.044+0000][7][safepoint    ] Safepoint "Cleanup", Time since last: 1372375334 ns, Reaching safepoint: 549750 ns, At safepoint: 115958 ns, Total: 665708 ns
[2022-09-21T08:54:14.057+0000][7][safepoint    ] Safepoint "Cleanup", Time since last: 1011865167 ns, Reaching safepoint: 937500 ns, At safepoint: 77209 ns, Total: 1014709 ns
[2022-09-21T08:54:15.068+0000][7][safepoint    ] Safepoint "Cleanup", Time since last: 1006071083 ns, Reaching safepoint: 791667 ns, At safepoint: 14625 ns, Total: 806292 ns
[2022-09-21T08:54:16.074+0000][7][safepoint    ] Safepoint "Cleanup", Time since last: 1006498292 ns, Reaching safepoint: 295500 ns, At safepoint: 18333 ns, Total: 313833 ns
[2022-09-21T08:54:17.077+0000][7][safepoint    ] Safepoint "Cleanup", Time since last: 1002637709 ns, Reaching safepoint: 243875 ns, At safepoint: 5084 ns, Total: 248959 ns
[2022-09-21T08:54:18.082+0000][7][safepoint    ] Safepoint "Cleanup", Time since last: 1004535917 ns, Reaching safepoint: 310333 ns, At safepoint: 6333 ns, Total: 316666 ns
[2022-09-21T08:54:19.086+0000][7][safepoint    ] Safepoint "Cleanup", Time since last: 1003750751 ns, Reaching safepoint: 191500 ns, At safepoint: 3166 ns, Total: 194666 ns
[2022-09-21T08:54:20.087+0000][7][safepoint    ] Safepoint "Cleanup", Time since last: 1001326918 ns, Reaching safepoint: 110875 ns, At safepoint: 2375 ns, Total: 113250 ns
[2022-09-21T08:54:21.089+0000][7][safepoint    ] Safepoint "Cleanup", Time since last: 1001210125 ns, Reaching safepoint: 133042 ns, At safepoint: 3375 ns, Total: 136417 ns
[2022-09-21T08:54:22.090+0000][7][safepoint    ] Safepoint "Cleanup", Time since last: 1001248750 ns, Reaching safepoint: 189084 ns, At safepoint: 2666 ns, Total: 191750 ns
[2022-09-21T08:54:23.100+0000][7][safepoint    ] Safepoint "Cleanup", Time since last: 1005738126 ns, Reaching safepoint: 3939833 ns, At safepoint: 19667 ns, Total: 3959500 ns
[2022-09-21T08:54:24.125+0000][7][safepoint    ] Safepoint "Cleanup", Time since last: 1020965209 ns, Reaching safepoint: 3440500 ns, At safepoint: 55000 ns, Total: 3495500 ns
[2022-09-21T08:54:25.146+0000][7][safepoint    ] Safepoint "Cleanup", Time since last: 1018053375 ns, Reaching safepoint: 2955208 ns, At safepoint: 41042 ns, Total: 2996250 ns
[2022-09-21T08:54:26.184+0000][7][safepoint    ] Safepoint "Cleanup", Time since last: 1028629334 ns, Reaching safepoint: 9317042 ns, At safepoint: 29750 ns, Total: 9346792 ns
[2022-09-21T08:54:27.241+0000][7][safepoint    ] Safepoint "Cleanup", Time since last: 1056189917 ns, Reaching safepoint: 1403750 ns, At safepoint: 26416 ns, Total: 1430166 ns
[2022-09-21T08:54:28.247+0000][7][safepoint    ] Safepoint "Cleanup", Time since last: 1004081876 ns, Reaching safepoint: 1788292 ns, At safepoint: 14416 ns, Total: 1802708 ns
[2022-09-21T08:54:29.248+0000][7][safepoint    ] Safepoint "Cleanup", Time since last: 1000591251 ns, Reaching safepoint: 468750 ns, At safepoint: 6666 ns, Total: 475416 ns
[2022-09-21T08:54:29.271+0000][7][safepoint    ] Safepoint "BulkRevokeBias", Time since last: 22563459 ns, Reaching safepoint: 185125 ns, At safepoint: 229166 ns, Total: 414291 ns
[2022-09-21T08:54:29.803+0000][7][safepoint    ] Safepoint "BulkRevokeBias", Time since last: 531033584 ns, Reaching safepoint: 1118083 ns, At safepoint: 187084 ns, Total: 1305167 ns
[2022-09-21T08:54:29.831+0000][7][safepoint    ] Safepoint "BulkRevokeBias", Time since last: 26449000 ns, Reaching safepoint: 663083 ns, At safepoint: 704917 ns, Total: 1368000 ns
[2022-09-21T08:54:29.915+0000][7][gc,heap,exit ] Heap
[2022-09-21T08:54:29.918+0000][7][gc,heap,exit ]  garbage-first heap   total 524288K, used 322430K [0x00000000e0000000, 0x0000000100000000)
[2022-09-21T08:54:29.920+0000][7][gc,heap,exit ]   region size 1024K, 250 young (256000K), 14 survivors (14336K)
[2022-09-21T08:54:29.923+0000][7][gc,heap,exit ]  Metaspace       used 111149K, capacity 119227K, committed 119464K, reserved 1150976K
[2022-09-21T08:54:29.925+0000][7][gc,heap,exit ]   class space    used 14028K, capacity 17330K, committed 17356K, reserved 1048576K
